
[1m[46m RUN [49m[22m [36mv4.1.0 [39m[90mC:/Users/shiva/OneDrive/Documents/GitHub/QUIZ-[39m

 [31mΓ¥»[39m src/pages/Library.test.ts [2m([22m[2m19 tests[22m[2m | [22m[31m8 failed[39m[2m)[22m[32m 54[2mms[22m[39m
     [32mΓ£ô[39m validates that title is required before writing to Firestore[32m 3[2mms[22m[39m
     [32mΓ£ô[39m shows a title validation error element in the JSX[32m 0[2mms[22m[39m
     [32mΓ£ô[39m validates that content is required before writing to Firestore[32m 0[2mms[22m[39m
     [32mΓ£ô[39m shows a content validation error element in the JSX[32m 0[2mms[22m[39m
[31m     [31m├ù[31m blocks Firestore write when validation errors exist[39m[32m 7[2mms[22m[39m
[31m     [31m├ù[31m calls addDoc to write the note to Firestore[39m[32m 9[2mms[22m[39m
[31m     [31m├ù[31m writes note with published: false by default[39m[32m 5[2mms[22m[39m
     [32mΓ£ô[39m includes authorUid in the written document[32m 0[2mms[22m[39m
[31m     [31m├ù[31m includes createdAt and updatedAt timestamps[39m[32m 7[2mms[22m[39m
[31m     [31m├ù[31m imports addDoc from firebase/firestore[39m[32m 4[2mms[22m[39m
[31m     [31m├ù[31m calls updateDoc to flip the published field[39m[32m 4[2mms[22m[39m
[31m     [31m├ù[31m targets the correct Firestore document path[39m[32m 4[2mms[22m[39m
[31m     [31m├ù[31m imports updateDoc from firebase/firestore[39m[32m 4[2mms[22m[39m
     [32mΓ£ô[39m handlePublishToggle function is defined[32m 0[2mms[22m[39m
     [32mΓ£ô[39m calls useNotes with authorUid filter[32m 0[2mms[22m[39m
     [32mΓ£ô[39m uses useAuth to get the current user[32m 0[2mms[22m[39m
     [32mΓ£ô[39m renders the My Notes section[32m 2[2mms[22m[39m
     [32mΓ£ô[39m renders a New Note button to show the form[32m 0[2mms[22m[39m
     [32mΓ£ô[39m uses TeacherSidebar[32m 0[2mms[22m[39m
 [31mΓ¥»[39m src/utils/firestoreRules.test.ts [2m([22m[2m7 tests[22m[2m | [22m[31m7 failed[39m[2m)[22m[32m 48[2mms[22m[39m
[31m     [31m├ù[31m quizzes: contains auth.uid == resource.data.teacherId[39m[32m 21[2mms[22m[39m
[31m     [31m├ù[31m sessions: contains auth.uid == resource.data.hostId[39m[32m 7[2mms[22m[39m
[31m     [31m├ù[31m participants: contains auth.uid == resource.data.uid[39m[32m 4[2mms[22m[39m
[31m     [31m├ù[31m answers: contains auth.uid == resource.data.studentId[39m[32m 6[2mms[22m[39m
[31m     [31m├ù[31m Property 2: for any owner-write collection, the rules file contains the owner-check expression[39m[32m 5[2mms[22m[39m
[31m     [31m├ù[31m Property 2 (extended): for any owner-write collection, the rules file contains a match block for it[39m[32m 1[2mms[22m[39m
[31m     [31m├ù[31m Property 2 (scoped): owner-check expression appears within the correct collection block[39m[32m 1[2mms[22m[39m
 [31mΓ¥»[39m src/lib/adaptiveQuiz.test.ts [2m([22m[2m6 tests[22m[2m | [22m[31m2 failed[39m[2m)[22m[32m 64[2mms[22m[39m
     [32mΓ£ô[39m no scores ΓåÆ defaults to medium difficulty and empty weakTopics[32m 4[2mms[22m[39m
     [32mΓ£ô[39m all easy scores with low percentages ΓåÆ dominantWeakDifficulty is easy[32m 2[2mms[22m[39m
     [32mΓ£ô[39m mixed scores where hard has lowest average ΓåÆ dominantWeakDifficulty is hard[32m 0[2mms[22m[39m
     [32mΓ£ô[39m subject filtering: scores for different subjects are ignored[32m 0[2mms[22m[39m
[31m     [31m├ù[31m calls the Gemini API and returns the generated questions[39m[32m 45[2mms[22m[39m
[31m     [31m├ù[31m throws when API returns 400 (bad request)[39m[32m 10[2mms[22m[39m
 [32mΓ£ô[39m src/utils/noteFilter.property.test.ts [2m([22m[2m2 tests[22m[2m)[22m[32m 67[2mms[22m[39m
 [31mΓ¥»[39m src/components/StudentNavbar.test.ts [2m([22m[2m22 tests[22m[2m | [22m[31m9 failed[39m[2m)[22m[32m 80[2mms[22m[39m
     [32mΓ£ô[39m renders a Sign Out button[32m 3[2mms[22m[39m
     [32mΓ£ô[39m displays the student display name from userProfile[32m 0[2mms[22m[39m
     [32mΓ£ô[39m calls signOut on sign-out action[32m 0[2mms[22m[39m
     [32mΓ£ô[39m renders a Login link[32m 0[2mms[22m[39m
     [32mΓ£ô[39m renders a Sign Up link[32m 0[2mms[22m[39m
     [32mΓ£ô[39m conditionally renders auth links based on user state[32m 0[2mms[22m[39m
     [32mΓ£ô[39m derives logo href from auth state[32m 0[2mms[22m[39m
     [32mΓ£ô[39m uses logoHref for the logo Link[32m 0[2mms[22m[39m
     [32mΓ£ô[39m links to /student/dashboard when authenticated[32m 0[2mms[22m[39m
     [32mΓ£ô[39m links to / when unauthenticated[32m 0[2mms[22m[39m
[31m     [31m├ù[31m includes a Browse Quizzes link to /student[39m[32m 17[2mms[22m[39m
[31m     [31m├ù[31m includes a Join Live Game link to /join[39m[32m 12[2mms[22m[39m
     [32mΓ£ô[39m has hamburger menu state[32m 0[2mms[22m[39m
[31m     [31m├ù[31m renders a mobile menu when open[39m[32m 9[2mms[22m[39m
[31m     [31m├ù[31m renders a hamburger toggle button[39m[32m 8[2mms[22m[39m
[31m     [31m├ù[31m includes a Reports link to /student/reports in desktop nav[39m[32m 5[2mms[22m[39m
     [32mΓ£ô[39m accepts an optional activePage prop[32m 0[2mms[22m[39m
[31m     [31m├ù[31m applies active color when activePage is reports[39m[32m 6[2mms[22m[39m
[31m     [31m├ù[31m applies active border when activePage is reports[39m[32m 9[2mms[22m[39m
[31m     [31m├ù[31m includes Reports link in mobile menu[39m[32m 2[2mms[22m[39m
     [32mΓ£ô[39m navLinks array contains a Library entry pointing to /student/library[32m 0[2mms[22m[39m
[31m     [31m├ù[31m Library link uses the Library icon from lucide-react[39m[32m 3[2mms[22m[39m
 [31mΓ¥»[39m src/lib/adaptiveQuiz.property.test.ts [2m([22m[2m6 tests[22m[2m | [22m[31m4 failed[39m[2m)[22m[32m 83[2mms[22m[39m
[31m     [31m├ù[31m Property 5: adaptive question count bounds ΓÇö result length is between 5 and 20 for in-range numQuestions[39m[32m 21[2mms[22m[39m
[31m     [31m├ù[31m Property 5: adaptive question count bounds ΓÇö result length is at least 5 when numQuestions < 5 (clamped)[39m[32m 4[2mms[22m[39m
[31m     [31m├ù[31m Property 5: adaptive question count bounds ΓÇö result length is at most 20 when numQuestions > 20 (clamped)[39m[32m 3[2mms[22m[39m
[31m     [31m├ù[31m Property 6: adaptive difficulty weighting ΓÇö dominant weak difficulty tier has the highest question count[39m[32m 4[2mms[22m[39m
     [32mΓ£ô[39m Property 9: performance profile weak difficulty derivation ΓÇö dominantWeakDifficulty equals the tier with the lowest average percentage[32m 39[2mms[22m[39m
     [32mΓ£ô[39m Property 9: performance profile weak difficulty derivation ΓÇö defaults to medium when no scores match subject[32m 9[2mms[22m[39m
 [31mΓ¥»[39m src/contexts/AuthContext.test.ts [2m([22m[2m14 tests[22m[2m | [22m[31m7 failed[39m[2m)[22m[32m 58[2mms[22m[39m
[31m     [31m├ù[31m source calls localStorage.removeItem with userRole key on sign-out[39m[32m 15[2mms[22m[39m
     [32mΓ£ô[39m source sets user to null on sign-out[32m 0[2mms[22m[39m
     [32mΓ£ô[39m source sets userProfile to null on sign-out[32m 0[2mms[22m[39m
[31m     [31m├ù[31m source calls firebaseSignOut on sign-out[39m[32m 6[2mms[22m[39m
     [32mΓ£ô[39m signOut function is async[32m 0[2mms[22m[39m
[31m     [31m├ù[31m signOut awaits the Firebase sign-out call[39m[32m 5[2mms[22m[39m
[31m     [31m├ù[31m signOut is exposed in the AuthContext value[39m[32m 10[2mms[22m[39m
     [32mΓ£ô[39m Property ΓÇö signOut behavior: localStorage.removeItem is always called with userRole[32m 5[2mms[22m[39m
     [32mΓ£ô[39m Property ΓÇö signOut always clears role regardless of what was stored[32m 6[2mms[22m[39m
     [32mΓ£ô[39m exports AuthProvider[32m 0[2mms[22m[39m
     [32mΓ£ô[39m exports useAuth hook[32m 0[2mms[22m[39m
[31m     [31m├ù[31m reads userRole from localStorage in onAuthStateChanged[39m[32m 3[2mms[22m[39m
[31m     [31m├ù[31m populates userProfile after onAuthStateChanged fires[39m[32m 3[2mms[22m[39m
[31m     [31m├ù[31m populates userProfile after signIn resolves[39m[32m 2[2mms[22m[39m
 [31mΓ¥»[39m src/pages/SignupPage.test.ts [2m([22m[2m26 tests[22m[2m | [22m[31m1 failed[39m[2m)[22m[32m 36[2mms[22m[39m
     [32mΓ£ô[39m Property ΓÇô any password shorter than 6 chars is rejected with an error message[32m 13[2mms[22m[39m
     [32mΓ£ô[39m Property ΓÇô passwords of exactly 6 chars are accepted[32m 2[2mms[22m[39m
     [32mΓ£ô[39m Property ΓÇô passwords longer than 6 chars are accepted[32m 2[2mms[22m[39m
     [32mΓ£ô[39m renders a role toggle with student option[32m 1[2mms[22m[39m
     [32mΓ£ô[39m renders a role toggle with teacher option[32m 0[2mms[22m[39m
     [32mΓ£ô[39m renders both student and teacher role labels[32m 0[2mms[22m[39m
     [32mΓ£ô[39m uses role state to control the toggle[32m 0[2mms[22m[39m
     [32mΓ£ô[39m renders an error message container[32m 0[2mms[22m[39m
     [32mΓ£ô[39m displays the error state in the UI[32m 0[2mms[22m[39m
     [32mΓ£ô[39m keeps form fields populated on error (does not reset state on catch)[32m 1[2mms[22m[39m
     [32mΓ£ô[39m submit button has disabled attribute bound to loading state[32m 0[2mms[22m[39m
     [32mΓ£ô[39m renders a loading indicator element[32m 0[2mms[22m[39m
     [32mΓ£ô[39m shows loading text while submitting[32m 0[2mms[22m[39m
     [32mΓ£ô[39m submit button has a data-testid for testing[32m 0[2mms[22m[39m
     [32mΓ£ô[39m includes a link to /login[32m 0[2mms[22m[39m
     [32mΓ£ô[39m has a login link with a testid[32m 0[2mms[22m[39m
     [32mΓ£ô[39m uses React Router Link for navigation[32m 0[2mms[22m[39m
     [32mΓ£ô[39m validates password length before calling signUp[32m 0[2mms[22m[39m
     [32mΓ£ô[39m shows a password error element[32m 0[2mms[22m[39m
     [32mΓ£ô[39m checks password length < 6[32m 0[2mms[22m[39m
     [32mΓ£ô[39m renders a Google sign-in button[32m 0[2mms[22m[39m
[31m     [31m├ù[31m calls signInWithGoogle on click[39m[32m 11[2mms[22m[39m
     [32mΓ£ô[39m imports useAuth hook[32m 0[2mms[22m[39m
     [32mΓ£ô[39m imports useNavigate from react-router-dom[32m 0[2mms[22m[39m
     [32mΓ£ô[39m uses getRedirectPath for role-based redirect[32m 0[2mms[22m[39m
     [32mΓ£ô[39m exports SignupPage function[32m 0[2mms[22m[39m
 [31mΓ¥»[39m src/components/StudentRoute.test.ts [2m([22m[2m22 tests[22m[2m | [22m[31m2 failed[39m[2m)[22m[32m 75[2mms[22m[39m
     [32mΓ£ô[39m redirects to /login when user is not authenticated[32m 3[2mms[22m[39m
     [32mΓ£ô[39m uses Navigate for the redirect[32m 0[2mms[22m[39m
     [32mΓ£ô[39m checks for absence of user before redirecting to login[32m 0[2mms[22m[39m
     [32mΓ£ô[39m redirects to /teacher when role is teacher[32m 0[2mms[22m[39m
[31m     [31m├ù[31m checks userProfile role for teacher[39m[32m 14[2mms[22m[39m
     [32mΓ£ô[39m renders children for authenticated students[32m 0[2mms[22m[39m
     [32mΓ£ô[39m uses replace on Navigate redirects[32m 0[2mms[22m[39m
     [32mΓ£ô[39m handles loading state[32m 0[2mms[22m[39m
     [32mΓ£ô[39m imports useAuth hook[32m 0[2mms[22m[39m
     [32mΓ£ô[39m imports Navigate from react-router-dom[32m 0[2mms[22m[39m
     [32mΓ£ô[39m exports StudentRoute function[32m 0[2mms[22m[39m
     [32mΓ£ô[39m source contains Navigate redirect to /login[32m 0[2mms[22m[39m
     [32mΓ£ô[39m source checks !user before redirecting to /login[32m 0[2mms[22m[39m
     [32mΓ£ô[39m Property ΓÇö unauthenticated state always maps to /login redirect[32m 5[2mms[22m[39m
     [32mΓ£ô[39m source contains Navigate redirect to /teacher[32m 0[2mms[22m[39m
[31m     [31m├ù[31m source checks userProfile role for 'teacher'[39m[32m 4[2mms[22m[39m
     [32mΓ£ô[39m getRedirectPath maps teacher role to /teacher[32m 0[2mms[22m[39m
     [32mΓ£ô[39m Property ΓÇö teacher role always maps to /teacher redirect in StudentRoute[32m 36[2mms[22m[39m
     [32mΓ£ô[39m source renders children for authenticated students[32m 0[2mms[22m[39m
     [32mΓ£ô[39m source does not redirect students (no to="/student/dashboard" in StudentRoute)[32m 0[2mms[22m[39m
     [32mΓ£ô[39m source returns children as a fragment[32m 0[2mms[22m[39m
     [32mΓ£ô[39m Property ΓÇö student role passes through StudentRoute (no redirect)[32m 5[2mms[22m[39m
 [31mΓ¥»[39m src/components/ProtectedRoute.test.ts [2m([22m[2m17 tests[22m[2m | [22m[31m1 failed[39m[2m)[22m[32m 97[2mms[22m[39m
     [32mΓ£ô[39m source contains Navigate redirect to /auth[32m 3[2mms[22m[39m
     [32mΓ£ô[39m source checks for absence of user before redirecting to /auth[32m 0[2mms[22m[39m
     [32mΓ£ô[39m source uses Navigate component for the redirect[32m 0[2mms[22m[39m
     [32mΓ£ô[39m source uses replace on the /auth redirect[32m 0[2mms[22m[39m
     [32mΓ£ô[39m Property ΓÇö unauthenticated state always maps to /auth redirect[32m 5[2mms[22m[39m
     [32mΓ£ô[39m source contains Navigate redirect to /student/dashboard[32m 0[2mms[22m[39m
[31m     [31m├ù[31m source checks userProfile role for 'student'[39m[32m 14[2mms[22m[39m
     [32mΓ£ô[39m getRedirectPath maps student role to /student/dashboard[32m 1[2mms[22m[39m
     [32mΓ£ô[39m Property ΓÇö student role always maps to /student/dashboard[32m 63[2mms[22m[39m
     [32mΓ£ô[39m source renders children when user is authenticated and not a student[32m 0[2mms[22m[39m
     [32mΓ£ô[39m source does not redirect teachers (no to="/teacher" in ProtectedRoute)[32m 0[2mms[22m[39m
     [32mΓ£ô[39m source returns children as a fragment[32m 0[2mms[22m[39m
     [32mΓ£ô[39m Property ΓÇö teacher role passes through ProtectedRoute (no redirect)[32m 5[2mms[22m[39m
     [32mΓ£ô[39m imports useAuth hook[32m 0[2mms[22m[39m
     [32mΓ£ô[39m imports Navigate from react-router-dom[32m 0[2mms[22m[39m
     [32mΓ£ô[39m exports ProtectedRoute function[32m 0[2mms[22m[39m
     [32mΓ£ô[39m handles loading state[32m 0[2mms[22m[39m
 [31mΓ¥»[39m src/pages/PrivacyTerms.test.ts [2m([22m[2m8 tests[22m[2m | [22m[31m2 failed[39m[2m)[22m[32m 48[2mms[22m[39m
     [32mΓ£ô[39m does not import AuthContext (renders without authentication)[32m 3[2mms[22m[39m
     [32mΓ£ô[39m contains "Privacy Policy" heading text[32m 0[2mms[22m[39m
     [32mΓ£ô[39m has a Helmet title of "Privacy Policy ΓÇö Quizly"[32m 0[2mms[22m[39m
[31m     [31m├ù[31m has a unique meta description[39m[32m 21[2mms[22m[39m
     [32mΓ£ô[39m does not import AuthContext (renders without authentication)[32m 1[2mms[22m[39m
     [32mΓ£ô[39m contains "Terms of Service" heading text[32m 0[2mms[22m[39m
     [32mΓ£ô[39m has a Helmet title of "Terms of Service ΓÇö Quizly"[32m 0[2mms[22m[39m
[31m     [31m├ù[31m has a unique meta description[39m[32m 20[2mms[22m[39m
 [31mΓ¥»[39m src/pages/LoginPage.exploratory.test.ts [2m([22m[2m15 tests[22m[2m | [22m[31m1 failed[39m[2m)[22m[32m 87[2mms[22m[39m
     [32mΓ£ô[39m BUG: navigate is called with /student/dashboard when teacher uses student toggle[32m 4[2mms[22m[39m
     [32mΓ£ô[39m FIXED: source code no longer calls navigate(getRedirectPath(role)) using local toggle state[32m 1[2mms[22m[39m
     [32mΓ£ô[39m BUG: navigate is called with /teacher when student uses teacher toggle[32m 0[2mms[22m[39m
     [32mΓ£ô[39m BUG: Property ΓÇö for any mismatched (uiToggle, accountRole) pair, navigate uses the wrong path[32m 6[2mms[22m[39m
     [32mΓ£ô[39m BUG: Google sign-in also navigates using the UI toggle role, not account role[32m 0[2mms[22m[39m
     [32mΓ£ô[39m FIXED: source code no longer has navigate(getRedirectPath(role)) in handleGoogleSignIn[32m 0[2mms[22m[39m
     [32mΓ£ô[39m BUG: Property ΓÇö Google sign-in with any mismatched toggle produces wrong path[32m 2[2mms[22m[39m
     [32mΓ£ô[39m BUG: useEffect guard requires userProfile, which AuthContext never sets[32m 0[2mms[22m[39m
     [32mΓ£ô[39m FIXED: AuthContext now calls setUserProfile with a real value after sign-in[32m 1[2mms[22m[39m
[31m     [31m├ù[31m FIXED: userProfile is now populated after sign-in[39m[32m 22[2mms[22m[39m
     [32mΓ£ô[39m BUG: Property ΓÇö for any authenticated user, if userProfile is null, no redirect fires[32m 46[2mms[22m[39m
     [32mΓ£ô[39m FIXED: handleSubmit no longer navigates immediately using UI toggle role[32m 1[2mms[22m[39m
     [32mΓ£ô[39m FIXED: handleGoogleSignIn no longer navigates immediately using UI toggle role[32m 0[2mms[22m[39m
     [32mΓ£ô[39m FIXED: useEffect redirect guard now includes !loading check[32m 0[2mms[22m[39m
     [32mΓ£ô[39m FIXED: useEffect uses userProfile.role directly (non-null guaranteed by guard)[32m 0[2mms[22m[39m
 [31mΓ¥»[39m server/ai/adaptiveAgent.test.ts [2m([22m[2m3 tests[22m[2m | [22m[31m2 failed[39m[2m)[22m[32m 101[2mms[22m[39m
     [32mΓ£ô[39m Property 5: Weak topic threshold[32m 81[2mms[22m[39m
[31m     [31m├ù[31m Property 6: Adaptive quiz weak topic weighting[39m[32m 15[2mms[22m[39m
[31m     [31m├ù[31m Property 7: Difficulty override is respected[39m[32m 2[2mms[22m[39m
 [31mΓ¥»[39m src/pages/LoginPage.test.ts [2m([22m[2m29 tests[22m[2m | [22m[31m2 failed[39m[2m)[22m[32m 85[2mms[22m[39m
     [32mΓ£ô[39m student role navigates to /student/dashboard[32m 3[2mms[22m[39m
     [32mΓ£ô[39m teacher role navigates to /teacher[32m 0[2mms[22m[39m
     [32mΓ£ô[39m missing role (empty string) navigates to /student/dashboard[32m 0[2mms[22m[39m
     [32mΓ£ô[39m null-ish role (undefined coerced to empty string) navigates to /student/dashboard[32m 0[2mms[22m[39m
     [32mΓ£ô[39m unknown role navigates to /student/dashboard[32m 0[2mms[22m[39m
     [32mΓ£ô[39m uses getRedirectPath for role-based redirect[32m 0[2mms[22m[39m
     [32mΓ£ô[39m reads role from userProfile directly (non-null guaranteed by guard)[32m 0[2mms[22m[39m
     [32mΓ£ô[39m redirects inside a useEffect watching user and userProfile[32m 0[2mms[22m[39m
     [32mΓ£ô[39m includes a link to /signup for new users[32m 0[2mms[22m[39m
     [32mΓ£ô[39m is a login-only form (no signup toggle)[32m 1[2mms[22m[39m
[31m     [31m├ù[31m calls signIn on form submit[39m[32m 14[2mms[22m[39m
[31m     [31m├ù[31m disables submit button while loading[39m[32m 8[2mms[22m[39m
     [32mΓ£ô[39m exports LoginPage function[32m 0[2mms[22m[39m
     [32mΓ£ô[39m FIX: navigate is called with /teacher when teacher account signs in (regardless of toggle)[32m 1[2mms[22m[39m
     [32mΓ£ô[39m FIX: source no longer calls navigate(getRedirectPath(role)) with UI toggle in handleSubmit[32m 0[2mms[22m[39m
     [32mΓ£ô[39m FIX: Property ΓÇö teacher account always navigates to /teacher regardless of toggle[32m 4[2mms[22m[39m
     [32mΓ£ô[39m FIX: navigate is called with /student/dashboard when student account signs in (regardless of toggle)[32m 0[2mms[22m[39m
     [32mΓ£ô[39m FIX: Property ΓÇö student account always navigates to /student/dashboard regardless of toggle[32m 1[2mms[22m[39m
     [32mΓ£ô[39m FIX: Property ΓÇö for any mismatched (uiToggle, accountRole) pair, navigate uses the correct account path[32m 2[2mms[22m[39m
     [32mΓ£ô[39m FIX: Google sign-in with student toggle + teacher account ΓåÆ navigate called with /teacher[32m 0[2mms[22m[39m
     [32mΓ£ô[39m FIX: source no longer has navigate(getRedirectPath(role)) in handleGoogleSignIn[32m 0[2mms[22m[39m
     [32mΓ£ô[39m FIX: Property ΓÇö Google sign-in always navigates to actual account role path[32m 2[2mms[22m[39m
     [32mΓ£ô[39m FIX: useEffect fires when user, userProfile, and !loading are all set (teacher)[32m 0[2mms[22m[39m
     [32mΓ£ô[39m FIX: useEffect fires when user, userProfile, and !loading are all set (student)[32m 0[2mms[22m[39m
     [32mΓ£ô[39m FIX: useEffect does NOT fire while loading is true (prevents premature redirect)[32m 0[2mms[22m[39m
     [32mΓ£ô[39m FIX: useEffect does NOT fire when user is null (unauthenticated)[32m 0[2mms[22m[39m
     [32mΓ£ô[39m FIX: source useEffect guard includes !loading check[32m 0[2mms[22m[39m
     [32mΓ£ô[39m FIX: source useEffect navigates using userProfile.role (not UI toggle role)[32m 0[2mms[22m[39m
     [32mΓ£ô[39m FIX: Property ΓÇö useEffect fires for any authenticated user with userProfile and !loading[32m 41[2mms[22m[39m
 [31mΓ¥»[39m src/pages/StudentDashboard.test.ts [2m([22m[2m28 tests[22m[2m | [22m[31m2 failed[39m[2m)[22m[32m 164[2mms[22m[39m
     [32mΓ£ô[39m Property 3.6 ΓÇô result is sorted by completedAt descending[32m 83[2mms[22m[39m
     [32mΓ£ô[39m Property 3.6 ΓÇô result contains at most 3 records[32m 22[2mms[22m[39m
     [32mΓ£ô[39m Property 3.6 ΓÇô result is a subset of the input records[32m 22[2mms[22m[39m
     [32mΓ£ô[39m Property 3.6 ΓÇô does not mutate the original array[32m 9[2mms[22m[39m
     [32mΓ£ô[39m returns the 3 most recent records from a larger set[32m 2[2mms[22m[39m
     [32mΓ£ô[39m returns all records when fewer than 3 exist[32m 1[2mms[22m[39m
     [32mΓ£ô[39m returns empty array for empty input[32m 0[2mms[22m[39m
     [32mΓ£ô[39m renders empty state when records.length === 0[32m 0[2mms[22m[39m
     [32mΓ£ô[39m empty state encourages taking first quiz[32m 0[2mms[22m[39m
     [32mΓ£ô[39m renders a "Join Live Game" button linking to /join[32m 0[2mms[22m[39m
     [32mΓ£ô[39m renders stats row with streak, total completed, and average score[32m 1[2mms[22m[39m
     [32mΓ£ô[39m uses useStudentStats hook[32m 0[2mms[22m[39m
     [32mΓ£ô[39m uses getContinueLearning for the Continue Learning section[32m 0[2mms[22m[39m
     [32mΓ£ô[39m displays student display name[32m 0[2mms[22m[39m
     [32mΓ£ô[39m shows initials fallback when no avatar[32m 0[2mms[22m[39m
     [32mΓ£ô[39m renders Recommended Quizzes section[32m 0[2mms[22m[39m
     [32mΓ£ô[39m renders Continue Learning section[32m 0[2mms[22m[39m
     [32mΓ£ô[39m uses StudentNavbar[32m 0[2mms[22m[39m
     [32mΓ£ô[39m includes a link to /student (Quiz Browser)[32m 0[2mms[22m[39m
     [32mΓ£ô[39m navigates to quiz player when a continue-learning card is clicked[32m 0[2mms[22m[39m
     [32mΓ£ô[39m renders a "My Badges" section heading[32m 0[2mms[22m[39m
     [32mΓ£ô[39m calls useBadges hook[32m 0[2mms[22m[39m
[31m     [31m├ù[31m renders BadgeList component[39m[32m 12[2mms[22m[39m
     [32mΓ£ô[39m renders ToastNotification for new badges[32m 0[2mms[22m[39m
     [32mΓ£ô[39m dismisses toasts one at a time via slice(1)[32m 0[2mms[22m[39m
     [32mΓ£ô[39m calls evaluateBadges after score records update[32m 0[2mms[22m[39m
[31m     [31m├ù[31m passes loading prop to BadgeList[39m[32m 3[2mms[22m[39m
     [32mΓ£ô[39m evaluateBadges is called asynchronously (non-blocking)[32m 0[2mms[22m[39m
node.exe : 
[90mstderr[2m | src/lib/
badgeEngine.test.ts[2m > 
[22m[2mevaluateBadges 
ΓÇö retry logic[2m > 
[22m[2meventually 
writes badge after 
Firestore setDoc fails 
twice then succeeds
At line:1 char:1
+ & "C:\Program 
Files\nodejs/node.exe" "C:
\Users\shiva\AppData\Roami
ng\ ...
+ ~~~~~~~~~~~~~~~~~~~~~~~~
~~~~~~~~~~~~~~~~~~~~~~~~~~
~~~~~~~~~~~~~~~~~~~
    + CategoryInfo        
      : NotSpecified: (  
  [90mstderr[2m...e th   
 en succeeds:String) [    
], RemoteException
    + FullyQualifiedError 
   Id : NativeCommandErr  
  or
 
[22m[39m[badgeEngine] 
Error in evaluateBadges: 
ReferenceError: 
localStorage is not 
defined
    at getAuthToken (C:/Us
ers/shiva/OneDrive/Documen
ts/GitHub/QUIZ-/src/utils/
api.ts:2:22)
    at apiFetch (C:/Users/
shiva/OneDrive/Documents/G
itHub/QUIZ-/src/utils/api.
ts:13:19)
    at evaluateBadges (C:/
Users/shiva/OneDrive/Docum
ents/GitHub/QUIZ-/src/lib/
badgeEngine.ts:136:34)
    at C:/Users/shiva/OneD
rive/Documents/GitHub/QUIZ
-/src/lib/badgeEngine.test
.ts:196:26
[90m    at 
processTicksAndRejections 
(node:internal/process/tas
k_queues:103:5)[39m
    at [90mfile:///C:/Use
rs/shiva/OneDrive/Document
s/GitHub/QUIZ-/[39mnode_m
odules/[4m@vitest/runner
[24m/dist/index.js:1258:20

 [31mΓ¥»[39m src/utils/scoring.property.test.ts [2m([22m[2m1 test[22m[2m | [22m[31m1 failed[39m[2m)[22m[32m 24[2mms[22m[39m
[31m     [31m├ù[31m Property 7: score record round-trip ΓÇö saved ScoreRecord fields match what is read back from Firestore[39m[32m 21[2mms[22m[39m
 [31mΓ¥»[39m src/utils/firestoreIndexes.test.ts [2m([22m[2m4 tests[22m[2m | [22m[31m4 failed[39m[2m)[22m[32m 20[2mms[22m[39m
[31m     [31m├ù[31m contains exactly 3 index definitions[39m[32m 14[2mms[22m[39m
[31m     [31m├ù[31m sessions index has correct collectionGroup, queryScope, and fields[39m[32m 1[2mms[22m[39m
[31m     [31m├ù[31m answers index has correct collectionGroup, queryScope, and fields[39m[32m 1[2mms[22m[39m
[31m     [31m├ù[31m participants index has correct collectionGroup, queryScope, and fields[39m[32m 1[2mms[22m[39m
 [31mΓ¥»[39m src/lib/badgeEngine.test.ts [2m([22m[2m14 tests[22m[2m | [22m[31m1 failed[39m[2m)[22m[32m 30[2mms[22m[39m
       [32mΓ£ô[39m awards first_quiz when scores.length >= 1[32m 4[2mms[22m[39m
       [32mΓ£ô[39m does NOT award first_quiz when scores is empty[32m 0[2mms[22m[39m
       [32mΓ£ô[39m awards streak_3 when streak >= 3[32m 0[2mms[22m[39m
       [32mΓ£ô[39m does NOT award streak_3 when streak < 3[32m 0[2mms[22m[39m
       [32mΓ£ô[39m awards streak_7 when streak >= 7[32m 0[2mms[22m[39m
       [32mΓ£ô[39m does NOT award streak_7 when streak < 7[32m 0[2mms[22m[39m
       [32mΓ£ô[39m awards perfect_score when any score has percentage === 100[32m 0[2mms[22m[39m
       [32mΓ£ô[39m does NOT award perfect_score when no score is 100%[32m 0[2mms[22m[39m
       [32mΓ£ô[39m awards high_achiever when 10+ scores with avg >= 80[32m 1[2mms[22m[39m
       [32mΓ£ô[39m does NOT award high_achiever when fewer than 10 scores[32m 1[2mms[22m[39m
       [32mΓ£ô[39m awards improvement when same quizId appears 2+ times with latest - earliest >= 20[32m 0[2mms[22m[39m
       [32mΓ£ô[39m does NOT award improvement when improvement is less than 20 points[32m 0[2mms[22m[39m
       [32mΓ£ô[39m calling evaluateBadgeConditions twice with same scores produces no duplicate badges[32m 2[2mms[22m[39m
[31m     [31m├ù[31m eventually writes badge after Firestore setDoc fails twice then succeeds[39m[32m 16[2mms[22m[39m
 [31mΓ¥»[39m server/ai/teacherAgent.test.ts [2m([22m[2m3 tests[22m[2m | [22m[31m3 failed[39m[2m)[22m[32m 31[2mms[22m[39m
[31m     [31m├ù[31m Property 1: MCQ questions have required fields and exactly one correct answer[39m[32m 20[2mms[22m[39m
[31m     [31m├ù[31m Property 2: Subjective questions have model answer and rubric[39m[32m 4[2mms[22m[39m
[31m     [31m├ù[31m Property 3: Poll questions have 2-6 options and no correct answer[39m[32m 4[2mms[22m[39m
 [31mΓ¥»[39m src/pages/TeacherPages.layout.test.ts [2m([22m[2m15 tests[22m[2m | [22m[31m1 failed[39m[2m)[22m[32m 24[2mms[22m[39m
     [32mΓ£ô[39m imports TeacherSidebar[32m 3[2mms[22m[39m
     [32mΓ£ô[39m renders <TeacherSidebar />[32m 0[2mms[22m[39m
     [32mΓ£ô[39m main content area has responsive marginLeft (either Tailwind lg:ml-[240px] or inline)[32m 1[2mms[22m[39m
     [32mΓ£ô[39m outer wrapper has background #F5F5F5[32m 0[2mms[22m[39m
     [32mΓ£ô[39m main content area has responsive padding[32m 0[2mms[22m[39m
     [32mΓ£ô[39m imports TeacherSidebar[32m 0[2mms[22m[39m
     [32mΓ£ô[39m renders <TeacherSidebar />[32m 0[2mms[22m[39m
     [32mΓ£ô[39m main content area has responsive marginLeft (either Tailwind lg:ml-[240px] or inline)[32m 3[2mms[22m[39m
     [32mΓ£ô[39m outer wrapper has background #F5F5F5[32m 1[2mms[22m[39m
[31m     [31m├ù[31m main content area has responsive padding[39m[32m 11[2mms[22m[39m
     [32mΓ£ô[39m imports TeacherSidebar[32m 0[2mms[22m[39m
     [32mΓ£ô[39m renders <TeacherSidebar />[32m 0[2mms[22m[39m
     [32mΓ£ô[39m main content area has responsive marginLeft (either Tailwind lg:ml-[240px] or inline)[32m 0[2mms[22m[39m
     [32mΓ£ô[39m outer wrapper has background #F5F5F5[32m 0[2mms[22m[39m
     [32mΓ£ô[39m main content area has responsive padding[32m 0[2mms[22m[39m
 [31mΓ¥»[39m server/ai/studentAgent.test.ts [2m([22m[2m1 test[22m[2m | [22m[31m1 failed[39m[2m)[22m[32m 23[2mms[22m[39m
[31m     [31m├ù[31m Property 4: Student notes output schema invariant[39m[32m 21[2mms[22m[39m
 [31mΓ¥»[39m src/config/performance.test.ts [2m([22m[2m4 tests[22m[2m | [22m[31m1 failed[39m[2m)[22m[32m 17[2mms[22m[39m
     [32mΓ£ô[39m MAX_CONCURRENT_STUDENTS is 1000[32m 3[2mms[22m[39m
[31m     [31m├ù[31m retains all other original values[39m[32m 11[2mms[22m[39m
     [32mΓ£ô[39m retains all original values[32m 1[2mms[22m[39m
     [32mΓ£ô[39m retains all original values[32m 0[2mms[22m[39m
 [32mΓ£ô[39m src/lib/badgeEngine.property.test.ts [2m([22m[2m5 tests[22m[2m)[22m[32m 106[2mms[22m[39m
 [32mΓ£ô[39m src/utils/quizFilter.test.ts [2m([22m[2m8 tests[22m[2m)[22m[32m 83[2mms[22m[39m
 [32mΓ£ô[39m server/ai/openaiClient.test.ts [2m([22m[2m2 tests[22m[2m)[22m[32m 294[2mms[22m[39m
 [32mΓ£ô[39m src/utils/scoring.test.ts [2m([22m[2m26 tests[22m[2m)[22m[32m 79[2mms[22m[39m
 [32mΓ£ô[39m src/pages/QuizEditor.ai.test.ts [2m([22m[2m21 tests[22m[2m)[22m[32m 42[2mms[22m[39m
 [32mΓ£ô[39m src/pages/JoinGame.test.ts [2m([22m[2m3 tests[22m[2m)[22m[32m 27[2mms[22m[39m
 [32mΓ£ô[39m src/utils/sitemap.test.ts [2m([22m[2m12 tests[22m[2m)[22m[32m 17[2mms[22m[39m
 [32mΓ£ô[39m src/utils/queryCache.test.ts [2m([22m[2m4 tests[22m[2m)[22m[32m 35[2mms[22m[39m
 [32mΓ£ô[39m server/middleware/aiRateLimiter.test.ts [2m([22m[2m2 tests[22m[2m)[22m[32m 113[2mms[22m[39m
 [32mΓ£ô[39m src/utils/reportUtils.test.ts [2m([22m[2m46 tests[22m[2m)[22m[33m 611[2mms[22m[39m
 [32mΓ£ô[39m src/components/QuizResultsSummary.test.ts [2m([22m[2m19 tests[22m[2m)[22m[32m 21[2mms[22m[39m
 [32mΓ£ô[39m src/pages/StudentQuiz.test.ts [2m([22m[2m4 tests[22m[2m)[22m[32m 16[2mms[22m[39m
 [32mΓ£ô[39m src/pages/AdaptiveQuiz.test.ts [2m([22m[2m37 tests[22m[2m)[22m[32m 14[2mms[22m[39m
 [32mΓ£ô[39m src/utils/helmetTitles.test.ts [2m([22m[2m10 tests[22m[2m)[22m[32m 18[2mms[22m[39m
 [32mΓ£ô[39m src/utils/noteFilter.test.ts [2m([22m[2m10 tests[22m[2m)[22m[32m 13[2mms[22m[39m
 [32mΓ£ô[39m src/pages/LandingPage.schema.test.ts [2m([22m[2m20 tests[22m[2m)[22m[32m 11[2mms[22m[39m
 [31mΓ¥»[39m src/pages/MyQuizzes.test.ts [2m([22m[2m10 tests[22m[2m | [22m[31m7 failed[39m[2m)[22m[32m 83[2mms[22m[39m
[31m     [31m├ù[31m Property 1 ΓÇô every result title contains the query (case-insensitive)[39m[32m 17[2mms[22m[39m
[31m     [31m├ù[31m Property 2 ΓÇô every result matches the active status when filter is "active"[39m[32m 3[2mms[22m[39m
[31m     [31m├ù[31m Property 2 ΓÇô every result matches the draft status when filter is "draft"[39m[32m 3[2mms[22m[39m
[31m     [31m├ù[31m Property 2 ΓÇô "all" filter returns the full list unchanged[39m[32m 2[2mms[22m[39m
     [32mΓ£ô[39m Property 3 ΓÇô cancelling delete confirmation leaves the list unchanged[32m 26[2mms[22m[39m
[31m     [31m├ù[31m Property 4 ΓÇô filtered count Γëñ unfiltered count for "7d"[39m[32m 3[2mms[22m[39m
[31m     [31m├ù[31m Property 4 ΓÇô filtered count Γëñ unfiltered count for "30d"[39m[32m 2[2mms[22m[39m
[31m     [31m├ù[31m Property 4 ΓÇô "all" range returns the full list[39m[32m 2[2mms[22m[39m
     [32mΓ£ô[39m Property 5 ΓÇô every result title or subject contains the query (case-insensitive)[32m 10[2mms[22m[39m
     [32mΓ£ô[39m Property 6 ΓÇô every result subject matches the non-"all" filter[32m 11[2mms[22m[39m
 [32mΓ£ô[39m src/pages/TeacherLibraryRoute.test.ts [2m([22m[2m7 tests[22m[2m)[22m[32m 6[2mms[22m[39m
 [32mΓ£ô[39m src/pages/MyQuizzes.layout.test.ts [2m([22m[2m7 tests[22m[2m)[22m[32m 7[2mms[22m[39m
 [32mΓ£ô[39m src/utils/robots.test.ts [2m([22m[2m3 tests[22m[2m)[22m[32m 6[2mms[22m[39m
 [32mΓ£ô[39m src/pages/StudentLibrary.test.ts [2m([22m[2m9 tests[22m[2m)[22m[32m 7[2mms[22m[39m
 [31mΓ¥»[39m src/components/TeacherSidebar.test.ts [2m([22m[2m6 tests[22m[2m | [22m[31m6 failed[39m[2m)[22m[32m 16[2mms[22m[39m
[31m     [31m├ù[31m has exactly four nav items[39m[32m 9[2mms[22m[39m
[31m     [31m├ù[31m contains the correct labels in order[39m[32m 1[2mms[22m[39m
[31m     [31m├ù[31m does not contain a "Students" item[39m[32m 1[2mms[22m[39m
[31m     [31m├ù[31m Property 1 ΓÇô every label is one of the four expected labels[39m[32m 1[2mms[22m[39m
[31m     [31m├ù[31m each item links to the correct path[39m[32m 1[2mms[22m[39m
[31m     [31m├ù[31m Property 2 ΓÇô every item path matches its expected path[39m[32m 1[2mms[22m[39m
 [32mΓ£ô[39m src/pages/NoteDetail.test.ts [2m([22m[2m21 tests[22m[2m)[22m[32m 11[2mms[22m[39m
 [32mΓ£ô[39m server/ai/cacheKey.test.ts [2m([22m[2m2 tests[22m[2m)[22m[32m 8[2mms[22m[39m
 [32mΓ£ô[39m server/routes/agentRoutes.test.ts [2m([22m[2m8 tests[22m[2m)[22m[33m 422[2mms[22m[39m
 [32mΓ£ô[39m src/utils/queryClient.test.ts [2m([22m[2m2 tests[22m[2m)[22m[32m 4[2mms[22m[39m
 [32mΓ£ô[39m src/utils/queryRetry.test.ts [2m([22m[2m3 tests[22m[2m)[22m[33m 2888[2mms[22m[39m
     [33m[2mΓ£ô[22m[39m Property 7: fetchFn is called exactly 3 times (1 initial + 2 retries) before error state [33m 2830[2mms[22m[39m

[31mΓÄ»ΓÄ»ΓÄ»ΓÄ»ΓÄ»ΓÄ»[3
9m[1m[41m Failed Tests 
75 [49m[22m[31mΓÄ»ΓÄ»ΓÄ
»ΓÄ»ΓÄ»ΓÄ»ΓÄ»[39m

[41m[1m FAIL [22m[49m 
server/ai/adaptiveAgent.te
st.ts[2m > 
[22madaptiveAgent 
Property Tests[2m > 
[22mProperty 6: Adaptive 
quiz weak topic weighting
[31m[1mError[22m: 
Property failed after 1 
tests
{ seed: -1036207638, 
path: "0:0:0:0:0", 
endOnFailure: true }
Counterexample: [[" "],5]
Shrunk 4 time(s)

Hint: Enable verbose mode 
in order to have the list 
of all failing values 
encountered during the 
run[39m
[90m [2mΓ¥»[22m 
buildError server/node_mod
ules/fast-check/lib/fast-c
heck.js:[2m2434:16[22m[
39m
[90m [2mΓ¥»[22m 
asyncThrowIfFailed server/
node_modules/fast-check/li
b/fast-check.js:[2m2446:8
[22m[39m

[31m[1mCaused by: 
Error[22m: Error 
communicating with AI 
service[39m
[36m [2mΓ¥»[22m Module.
generateAdaptiveQuiz serve
r/ai/adaptiveAgent.ts:[2m
79:11[22m[39m
[90m [2mΓ¥»[22m server/
ai/adaptiveAgent.test.ts:
[2m99:24[22m[39m
[90m [2mΓ¥»[22m 
AsyncProperty.run server/n
ode_modules/fast-check/lib
/fast-check.js:[2m1193:19
[22m[39m
[90m [2mΓ¥»[22m 
asyncRunIt server/node_mod
ules/fast-check/lib/fast-c
heck.js:[2m2488:15[22m[
39m
[90m [2mΓ¥»[22m server/
ai/adaptiveAgent.test.ts:
[2m74:5[22m[39m

[31m[2mΓÄ»ΓÄ»ΓÄ»ΓÄ»ΓÄ»ΓÄ
»ΓÄ»ΓÄ»ΓÄ»ΓÄ»ΓÄ»ΓÄ»ΓÄ»ΓÄ»Γ
Ä»ΓÄ»ΓÄ»ΓÄ»ΓÄ»ΓÄ»ΓÄ»ΓÄ»ΓÄ»
[1/75]ΓÄ»[22m[39m

[41m[1m FAIL [22m[49m 
server/ai/adaptiveAgent.te
st.ts[2m > 
[22madaptiveAgent 
Property Tests[2m > 
[22mProperty 7: 
Difficulty override is 
respected
[31m[1mError[22m: 
Property failed after 1 
tests
{ seed: -896379220, path: 
"0", endOnFailure: true }
Counterexample: ["easy"]
Shrunk 0 time(s)

Hint: Enable verbose mode 
in order to have the list 
of all failing values 
encountered during the 
run[39m
[90m [2mΓ¥»[22m 
buildError server/node_mod
ules/fast-check/lib/fast-c
heck.js:[2m2434:16[22m[
39m
[90m [2mΓ¥»[22m 
asyncThrowIfFailed server/
node_modules/fast-check/li
b/fast-check.js:[2m2446:8
[22m[39m

[31m[1mCaused by: 
Error[22m: Error 
communicating with AI 
service[39m
[36m [2mΓ¥»[22m Module.
generateAdaptiveQuiz serve
r/ai/adaptiveAgent.ts:[2m
79:11[22m[39m
[90m [2mΓ¥»[22m server/
ai/adaptiveAgent.test.ts:
[2m136:24[22m[39m
[90m [2mΓ¥»[22m 
AsyncProperty.run server/n
ode_modules/fast-check/lib
/fast-check.js:[2m1193:19
[22m[39m
[90m [2mΓ¥»[22m 
asyncRunIt server/node_mod
ules/fast-check/lib/fast-c
heck.js:[2m2488:15[22m[
39m
[90m [2mΓ¥»[22m server/
ai/adaptiveAgent.test.ts:
[2m115:5[22m[39m

[31m[2mΓÄ»ΓÄ»ΓÄ»ΓÄ»ΓÄ»ΓÄ
»ΓÄ»ΓÄ»ΓÄ»ΓÄ»ΓÄ»ΓÄ»ΓÄ»ΓÄ»Γ
Ä»ΓÄ»ΓÄ»ΓÄ»ΓÄ»ΓÄ»ΓÄ»ΓÄ»ΓÄ»
[2/75]ΓÄ»[22m[39m

[41m[1m FAIL [22m[49m 
server/ai/studentAgent.tes
t.ts[2m > 
[22mstudentAgent 
Property Tests[2m > 
[22mProperty 4: Student 
notes output schema 
invariant
[31m[1mError[22m: 
Property failed after 1 
tests
{ seed: -1692397086, 
path: "0:0:0:0:0:0:0:0", 
endOnFailure: true }
Counterexample: [{"topic":
"!","noteText":null}]
Shrunk 7 time(s)

Hint: Enable verbose mode 
in order to have the list 
of all failing values 
encountered during the 
run[39m
[90m [2mΓ¥»[22m 
buildError server/node_mod
ules/fast-check/lib/fast-c
heck.js:[2m2434:16[22m[
39m
[90m [2mΓ¥»[22m 
asyncThrowIfFailed server/
node_modules/fast-check/li
b/fast-check.js:[2m2446:8
[22m[39m

[31m[1mCaused by: 
Error[22m: Error 
communicating with AI 
service[39m
[36m [2mΓ¥»[22m Module.
generateStudentNotes serve
r/ai/studentAgent.ts:[2m5
4:11[22m[39m
[90m [2mΓ¥»[22m server/
ai/studentAgent.test.ts:[
2m38:32[22m[39m
[90m [2mΓ¥»[22m 
AsyncProperty.predicate se
rver/node_modules/fast-che
ck/lib/fast-check.js:[2m1
257:104[22m[39m
[90m [2mΓ¥»[22m 
AsyncProperty.run server/n
ode_modules/fast-check/lib
/fast-check.js:[2m1193:30
[22m[39m
[90m [2mΓ¥»[22m 
asyncRunIt server/node_mod
ules/fast-check/lib/fast-c
heck.js:[2m2488:30[22m[
39m
[90m [2mΓ¥»[22m server/
ai/studentAgent.test.ts:[
2m21:5[22m[39m

[31m[2mΓÄ»ΓÄ»ΓÄ»ΓÄ»ΓÄ»ΓÄ
»ΓÄ»ΓÄ»ΓÄ»ΓÄ»ΓÄ»ΓÄ»ΓÄ»ΓÄ»Γ
Ä»ΓÄ»ΓÄ»ΓÄ»ΓÄ»ΓÄ»ΓÄ»ΓÄ»ΓÄ»
[3/75]ΓÄ»[22m[39m

[41m[1m FAIL [22m[49m 
server/ai/teacherAgent.tes
t.ts[2m > 
[22mteacherAgent 
Property Tests[2m > 
[22mProperty 1: MCQ 
questions have required 
fields and exactly one 
correct answer
[31m[1mError[22m: 
Property failed after 1 
tests
{ seed: 1366788425, path: 
"0:0:0", endOnFailure: 
true }
Counterexample: 
[{"topic":" ","difficulty"
:"easy","count":1}]
Shrunk 2 time(s)

Hint: Enable verbose mode 
in order to have the list 
of all failing values 
encountered during the 
run[39m
[90m [2mΓ¥»[22m 
buildError server/node_mod
ules/fast-check/lib/fast-c
heck.js:[2m2434:16[22m[
39m
[90m [2mΓ¥»[22m 
asyncThrowIfFailed server/
node_modules/fast-check/li
b/fast-check.js:[2m2446:8
[22m[39m

[31m[1mCaused by: 
Error[22m: Error 
communicating with AI 
service[39m
[36m [2mΓ¥»[22m Module.
generateTeacherQuiz server
/ai/teacherAgent.ts:[2m64
:11[22m[39m
[90m [2mΓ¥»[22m server/
ai/teacherAgent.test.ts:[
2m42:32[22m[39m
[90m [2mΓ¥»[22m 
AsyncProperty.predicate se
rver/node_modules/fast-che
ck/lib/fast-check.js:[2m1
257:104[22m[39m
[90m [2mΓ¥»[22m 
AsyncProperty.run server/n
ode_modules/fast-check/lib
/fast-check.js:[2m1193:30
[22m[39m
[90m [2mΓ¥»[22m 
asyncRunIt server/node_mod
ules/fast-check/lib/fast-c
heck.js:[2m2488:30[22m[
39m
[90m [2mΓ¥»[22m server/
ai/teacherAgent.test.ts:[
2m21:5[22m[39m

[31m[2mΓÄ»ΓÄ»ΓÄ»ΓÄ»ΓÄ»ΓÄ
»ΓÄ»ΓÄ»ΓÄ»ΓÄ»ΓÄ»ΓÄ»ΓÄ»ΓÄ»Γ
Ä»ΓÄ»ΓÄ»ΓÄ»ΓÄ»ΓÄ»ΓÄ»ΓÄ»ΓÄ»
[4/75]ΓÄ»[22m[39m

[41m[1m FAIL [22m[49m 
server/ai/teacherAgent.tes
t.ts[2m > 
[22mteacherAgent 
Property Tests[2m > 
[22mProperty 2: 
Subjective questions have 
model answer and rubric
[31m[1mError[22m: 
Property failed after 1 
tests
{ seed: 604859646, path: 
"0:0:0:0:0", 
endOnFailure: true }
Counterexample: 
[{"topic":" ","difficulty"
:"easy","count":1}]
Shrunk 4 time(s)

Hint: Enable verbose mode 
in order to have the list 
of all failing values 
encountered during the 
run[39m
[90m [2mΓ¥»[22m 
buildError server/node_mod
ules/fast-check/lib/fast-c
heck.js:[2m2434:16[22m[
39m
[90m [2mΓ¥»[22m 
asyncThrowIfFailed server/
node_modules/fast-check/li
b/fast-check.js:[2m2446:8
[22m[39m

[31m[1mCaused by: 
Error[22m: Error 
communicating with AI 
service[39m
[36m [2mΓ¥»[22m Module.
generateTeacherQuiz server
/ai/teacherAgent.ts:[2m64
:11[22m[39m
[90m [2mΓ¥»[22m server/
ai/teacherAgent.test.ts:[
2m83:32[22m[39m
[90m [2mΓ¥»[22m 
AsyncProperty.predicate se
rver/node_modules/fast-che
ck/lib/fast-check.js:[2m1
257:104[22m[39m
[90m [2mΓ¥»[22m 
AsyncProperty.run server/n
ode_modules/fast-check/lib
/fast-check.js:[2m1193:30
[22m[39m
[90m [2mΓ¥»[22m 
asyncRunIt server/node_mod
ules/fast-check/lib/fast-c
heck.js:[2m2488:30[22m[
39m
[90m [2mΓ¥»[22m server/
ai/teacherAgent.test.ts:[
2m63:5[22m[39m

[31m[2mΓÄ»ΓÄ»ΓÄ»ΓÄ»ΓÄ»ΓÄ
»ΓÄ»ΓÄ»ΓÄ»ΓÄ»ΓÄ»ΓÄ»ΓÄ»ΓÄ»Γ
Ä»ΓÄ»ΓÄ»ΓÄ»ΓÄ»ΓÄ»ΓÄ»ΓÄ»ΓÄ»
[5/75]ΓÄ»[22m[39m

[41m[1m FAIL [22m[49m 
server/ai/teacherAgent.tes
t.ts[2m > 
[22mteacherAgent 
Property Tests[2m > 
[22mProperty 3: Poll 
questions have 2-6 
options and no correct 
answer
[31m[1mError[22m: 
Property failed after 1 
tests
{ seed: 346319336, path: 
"0:0:0:0:0", 
endOnFailure: true }
Counterexample: 
[{"topic":" ","difficulty"
:"easy","count":1,"numOpti
ons":2}]
Shrunk 4 time(s)

Hint: Enable verbose mode 
in order to have the list 
of all failing values 
encountered during the 
run[39m
[90m [2mΓ¥»[22m 
buildError server/node_mod
ules/fast-check/lib/fast-c
heck.js:[2m2434:16[22m[
39m
[90m [2mΓ¥»[22m 
asyncThrowIfFailed server/
node_modules/fast-check/li
b/fast-check.js:[2m2446:8
[22m[39m

[31m[1mCaused by: 
Error[22m: Error 
communicating with AI 
service[39m
[36m [2mΓ¥»[22m Module.
generateTeacherQuiz server
/ai/teacherAgent.ts:[2m64
:11[22m[39m
[90m [2mΓ¥»[22m server/
ai/teacherAgent.test.ts:[
2m123:32[22m[39m
[90m [2mΓ¥»[22m 
AsyncProperty.predicate se
rver/node_modules/fast-che
ck/lib/fast-check.js:[2m1
257:104[22m[39m
[90m [2mΓ¥»[22m 
AsyncProperty.run server/n
ode_modules/fast-check/lib
/fast-check.js:[2m1193:30
[22m[39m
[90m [2mΓ¥»[22m 
asyncRunIt server/node_mod
ules/fast-check/lib/fast-c
heck.js:[2m2488:30[22m[
39m
[90m [2mΓ¥»[22m server/
ai/teacherAgent.test.ts:[
2m104:5[22m[39m

[31m[2mΓÄ»ΓÄ»ΓÄ»ΓÄ»ΓÄ»ΓÄ
»ΓÄ»ΓÄ»ΓÄ»ΓÄ»ΓÄ»ΓÄ»ΓÄ»ΓÄ»Γ
Ä»ΓÄ»ΓÄ»ΓÄ»ΓÄ»ΓÄ»ΓÄ»ΓÄ»ΓÄ»
[6/75]ΓÄ»[22m[39m

[41m[1m FAIL [22m[49m 
src/config/performance.tes
t.ts[2m > [22mPERFORMANC
E_CONFIG[2m > 
[22mretains all other 
original values
[31m[1mAssertionError[2
2m: expected 1000 to be 
500 // Object.is 
equality[39m

[32m- Expected[39m
[31m+ Received[39m

[32m- 500[39m
[31m+ 1000[39m

[36m [2mΓ¥»[22m src/con
fig/performance.test.ts:[
2m10:53[22m[39m
    [90m  8|[39m
    [90m  9|[39m   [34m
it[39m([32m'retains all 
other original 
values'[39m[33m,[39m 
() [33m=>[39m {
    [90m 10|[39m     [3
4mexpect[39m([33mPERFORM
ANCE_CONFIG[39m[33m.[39
m[33mREALTIME_THROTTLE_MS
[39m)[33m.[39m[34mtoBe
[39m([34m500[39m)[33m;
[39m
    [90m   |[39m        
                          
                   
[31m^[39m
    [90m 11|[39m     [3
4mexpect[39m([33mPERFORM
ANCE_CONFIG[39m[33m.[39
m[33mMAX_PARTICIPANTS_DIS
PLAY[39m)[33m.[39m[34m
toBe[39m([34m50[39m)[3
3m;[39m
    [90m 12|[39m     [3
4mexpect[39m([33mPERFORM
ANCE_CONFIG[39m[33m.[39
m[33mLEADERBOARD_TOP_N[3
9m)[33m.[39m[34mtoBe[3
9m([34m10[39m)[33m;[39
m

[31m[2mΓÄ»ΓÄ»ΓÄ»ΓÄ»ΓÄ»ΓÄ
»ΓÄ»ΓÄ»ΓÄ»ΓÄ»ΓÄ»ΓÄ»ΓÄ»ΓÄ»Γ
Ä»ΓÄ»ΓÄ»ΓÄ»ΓÄ»ΓÄ»ΓÄ»ΓÄ»ΓÄ»
[7/75]ΓÄ»[22m[39m

[41m[1m FAIL [22m[49m 
src/components/ProtectedRo
ute.test.ts[2m > 
[22mPRESERVATION 5.2 ΓÇö 
ProtectedRoute: student 
redirects to 
/student/dashboard[2m > 
[22msource checks 
userProfile role for 
'student'
[31m[1mAssertionError[2
2m: expected 'import { 
ReactNode } from 
\'react\';\ΓÇª' to 
contain 'role === 
\'student\''[39m

[32m- Expected[39m
[31m+ Received[39m

[32m- role === 
'student'[39m
[31m+ import { ReactNode 
} from 'react';
[39m
[31m+ import { Navigate 
} from 'react-router-dom';
[39m
[31m+ import { useAuth } 
from 
'../contexts/AuthContext';
[39m
[31m+ 
[39m
[31m+ interface 
ProtectedRouteProps {
[39m
[31m+     children: 
ReactNode;
[39m
[31m+ }
[39m
[31m+ 
[39m
[31m+ export function 
ProtectedRoute({ children 
}: ProtectedRouteProps) {
[39m
[31m+     const { user, 
userProfile, loading } = 
useAuth();
[39m
[31m+ 
[39m
[31m+     if (loading) {
[39m
[31m+         return (
[39m
[31m+             <div 
className="min-h-screen 
flex items-center 
justify-center">
[39m
[31m+                 
<div className="loading-sp
inner" />
[39m
[31m+             </div>
[39m
[31m+         );
[39m
[31m+     }
[39m
[31m+ 
[39m
[31m+     if (!user) {
[39m
[31m+         return 
<Navigate to="/auth" 
replace />;
[39m
[31m+     }
[39m
[31m+ 
[39m
[31m+     // Students 
should not access teacher 
routes
[39m
[31m+     if 
((userProfile?.role as 
any) !== 'teacher' && 
(userProfile?.role as 
any) !== 'admin') {
[39m
[31m+         return 
<Navigate 
to="/student/dashboard" 
replace />;
[39m
[31m+     }
[39m
[31m+ 
[39m
[31m+     return 
<>{children}</>;
[39m
[31m+ }
[39m
[31m+[39m

[36m [2mΓ¥»[22m src/com
ponents/ProtectedRoute.tes
t.ts:[2m68:24[22m[39m
    [90m 66|[39m
    [90m 67|[39m     
[34mit[39m([32m"source 
checks userProfile role 
for 'student'"[39m[33m,
[39m () [33m=>[39m {
    [90m 68|[39m        
 [34mexpect[39m(source)
[33m.[39m[34mtoContain[
39m([32m"role === 'studen
t'"[39m)[33m;[39m
    [90m   |[39m        
                
[31m^[39m
    [90m 69|[39m     
})[33m;[39m
    [90m 70|[39m

[31m[2mΓÄ»ΓÄ»ΓÄ»ΓÄ»ΓÄ»ΓÄ
»ΓÄ»ΓÄ»ΓÄ»ΓÄ»ΓÄ»ΓÄ»ΓÄ»ΓÄ»Γ
Ä»ΓÄ»ΓÄ»ΓÄ»ΓÄ»ΓÄ»ΓÄ»ΓÄ»ΓÄ»
[8/75]ΓÄ»[22m[39m

[41m[1m FAIL [22m[49m 
src/components/StudentNavb
ar.test.ts[2m > 
[22mStudentNavbar ΓÇô 
Browse Quizzes link 
(Requirement 8.3)[2m > 
[22mincludes a Browse 
Quizzes link to /student
[31m[1mAssertionError[2
2m: expected 'import { 
useState } from 
\'react\';\rΓÇª' to 
contain 
'to="/student"'[39m

[32m- Expected[39m
[31m+ Received[39m

[32m- to="/student"[39m
[31m+ import { useState 
} from 'react';
[39m
[31m+ import { Link, 
useLocation, useNavigate 
} from 'react-router-dom';
[39m
[31m+ import { Zap, 
LayoutDashboard, 
BookOpen, BarChart2, 
Gamepad2, LogOut, Menu, 
X, Library } from 
'lucide-react';
[39m
[31m+ import { motion, 
AnimatePresence } from 
'framer-motion';
[39m
[31m+ import { useAuth } 
from 
'../contexts/AuthContext';
[39m
[31m+ import { 
getInitials } from 
'../utils/scoring';
[39m
[31m+ 
[39m
[31m+ interface 
StudentNavbarProps {
[39m
[31m+     activePage?: 
string;
[39m
[31m+ }
[39m
[31m+ 
[39m
[31m+ export function 
StudentNavbar({ 
activePage }: 
StudentNavbarProps = {}) {
[39m
[31m+     const { user, 
userProfile, signOut } = 
useAuth();
[39m
[31m+     const navigate 
= useNavigate();
[39m
[31m+     const location 
= useLocation();
[39m
[31m+     const 
[menuOpen, setMenuOpen] = 
useState(false);
[39m
[31m+ 
[39m
[31m+     const logoHref 
= user ? 
'/student/dashboard' : 
'/';
[39m
[31m+ 
[39m
[31m+     const 
handleSignOut = async () 
=> {
[39m
[31m+         await 
signOut();
[39m
[31m+         
navigate('/');
[39m
[31m+     };
[39m
[31m+ 
[39m
[31m+     const isActive 
= (path: string) =>
[39m
[31m+         activePage
[39m
[31m+             ? 
activePage === path || 
activePage === 'reports' 
&& path === 
'/student/reports'
[39m
[31m+             : 
location.pathname === 
path || location.pathname.
startsWith(path + '/');
[39m
[31m+ 
[39m
[31m+     const navLinks 
= [
[39m
[31m+         { to: 
'/student/dashboard', 
label: 'Dashboard', icon: 
LayoutDashboard },
[39m
[31m+         { to: 
'/student', label: 
'Browse Quizzes', icon: 
BookOpen },
[39m
[31m+         { to: 
'/student/library', 
label: 'Library', icon: 
Library },
[39m
[31m+         { to: 
'/student/reports', 
label: 'Reports', icon: 
BarChart2 },
[39m
[31m+     ];
[39m
[31m+ 
[39m
[31m+     const 
displayName = 
userProfile?.displayName 
?? user?.email ?? '';
[39m
[31m+     const initials 
= 
getInitials(displayName);
[39m
[31m+ 
[39m
[31m+     return (
[39m
[31m+         <nav 
className="sticky top-0 
z-50 bg-[#0F0C29]/95 
backdrop-blur-xl border-b 
border-white/10 font-sans 
shadow-lg">
[39m
[31m+             <div 
className="max-w-7xl 
mx-auto px-4 sm:px-6 
lg:px-8 h-16 flex 
items-center 
justify-between">
[39m
[31m+ 
[39m
[31m+                 
{/* Logo Section */}
[39m
[31m+                 
<Link to={logoHref} 
className="flex 
items-center gap-2.5 
group">
[39m
[31m+                    
 <div className="w-9 h-9 
rounded-xl 
bg-gradient-to-br 
from-[#FF5C1A] 
to-[#FF8C42] flex 
items-center 
justify-center shadow-lg 
shadow-orange-600/30 
group-hover:scale-105 
transition-transform">
[39m
[31m+                    
     <Zap size={18} 
color="white" 
fill="white" />
[39m
[31m+                    
 </div>
[39m
[31m+                    
 <span 
className="text-white 
font-black text-xl 
tracking-tight">
[39m
[31m+                    
     Quizly
[39m
[31m+                    
 </span>
[39m
[31m+                 
</Link>
[39m
[31m+ 
[39m
[31m+                 
{/* Desktop Navigation 
Links */}
[39m
[31m+                 
<div className="hidden 
lg:flex items-center 
gap-1.5 flex-1 
justify-center px-8">
[39m
[31m+                    
 {navLinks.map(({ to, 
label, icon: Icon }) => {
[39m
[31m+                    
     const isReports = 
label === 'Reports';
[39m
[31m+                    
     const active = 
isActive(isReports ? 
'reports' : to);
[39m
[31m+                    
     return (
[39m
[31m+                    
         <Link
[39m
[31m+                    
             key={to}
[39m
[31m+                    
             to={to}
[39m
[31m+                    
             
className={`flex 
items-center gap-2 px-4 
py-2 rounded-xl text-sm 
font-bold transition-all 
duration-200 border-b-2 
${active
[39m
[31m+                    
                 ? 
'bg-indigo-500/10 
text-indigo-400 
border-indigo-500 
shadow-sm'
[39m
[31m+                    
                 : 
'text-white/60 
border-transparent 
hover:text-white 
hover:bg-white/5'
[39m
[31m+                    
                 }`}
[39m
[31m+                    
         >
[39m
[31m+                    
             <Icon 
size={16} />
[39m
[31m+                    
             {label}
[39m
[31m+                    
         </Link>
[39m
[31m+                    
     );
[39m
[31m+                    
 })}
[39m
[31m+                 
</div>
[39m
[31m+ 
[39m
[31m+                 
{/* Desktop Right Side 
Actions */}
[39m
[31m+                 
<div className="hidden 
lg:flex items-center 
gap-4">
[39m
[31m+                    
 <Link
[39m
[31m+                    
     to="/join"
[39m
[31m+                    
     className="flex 
items-center gap-2 px-5 
py-2.5 rounded-xl 
bg-gradient-to-r 
from-indigo-600 
to-indigo-500 text-white 
text-sm font-black 
shadow-lg 
shadow-indigo-600/30 
hover:opacity-90 
active:scale-95 
transition-all"
[39m
[31m+                    
 >
[39m
[31m+                    
     <Gamepad2 size={16} 
/>
[39m
[31m+                    
     Join Live
[39m
[31m+                    
 </Link>
[39m
[31m+ 
[39m
[31m+                    
 {user ? (
[39m
[31m+                    
     <div className="flex 
items-center gap-4 pl-4 
border-l border-white/10">
[39m
[31m+                    
         <div 
className="w-9 h-9 
rounded-full 
bg-gradient-to-br 
from-indigo-500 
to-purple-600 flex 
items-center 
justify-center text-xs 
font-black text-white 
ring-2 ring-white/10">
[39m
[31m+                    
             {initials}
[39m
[31m+                    
         </div>
[39m
[31m+                    
         <button
[39m
[31m+                    
             
onClick={handleSignOut}
[39m
[31m+                    
             
className="flex 
items-center gap-2 px-3 
py-2 rounded-lg 
bg-white/5 border 
border-white/10 
text-white/70 text-xs 
font-bold 
hover:bg-white/10 
hover:text-white 
transition-all 
cursor-pointer"
[39m
[31m+                    
         >
[39m
[31m+                    
             <LogOut 
size={14} />
[39m
[31m+                    
             Sign Out
[39m
[31m+                    
         </button>
[39m
[31m+                    
     </div>
[39m
[31m+                    
 ) : (
[39m
[31m+                    
     <div className="flex 
items-center gap-3">
[39m
[31m+                    
         <Link 
to="/login" 
className="text-white/70 
hover:text-white px-4 
py-2 text-sm font-bold 
transition-colors">
[39m
[31m+                    
             Login
[39m
[31m+                    
         </Link>
[39m
[31m+                    
         <Link
[39m
[31m+                    
             to="/signup"
[39m
[31m+                    
             
className="bg-white 
text-[#0F0C29] px-5 
py-2.5 rounded-xl text-sm 
font-black 
hover:bg-white/90 
transition-colors"
[39m
[31m+                    
         >
[39m
[31m+                    
             Get Started
[39m
[31m+                    
         </Link>
[39m
[31m+                    
     </div>
[39m
[31m+                    
 )}
[39m
[31m+                 
</div>
[39m
[31m+ 
[39m
[31m+                 
{/* Mobile & Split-Screen 
Hamburger Toggle */}
[39m
[31m+                 
<div className="lg:hidden 
flex items-center gap-3">
[39m
[31m+                    
 <Link
[39m
[31m+                    
     to="/join"
[39m
[31m+                    
     className="flex 
items-center 
justify-center w-10 h-10 
rounded-xl bg-indigo-500 
text-white shadow-lg 
shadow-indigo-600/30 
sm:w-auto sm:px-4 
sm:gap-2"
[39m
[31m+                    
 >
[39m
[31m+                    
     <Gamepad2 size={18} 
/>
[39m
[31m+                    
     <span 
className="hidden 
sm:inline text-xs 
font-black">Join</span>
[39m
[31m+                    
 </Link>
[39m
[31m+ 
[39m
[31m+                    
 <button
[39m
[31m+                    
     onClick={() => 
setMenuOpen(!menuOpen)}
[39m
[31m+                    
     className="w-10 h-10 
flex items-center 
justify-center rounded-xl 
bg-white/5 border 
border-white/10 
text-white 
active:bg-white/10 
transition-colors"
[39m
[31m+                    
     aria-label={menuOpen 
? 'Close menu' : 'Open 
menu'}
[39m
[31m+                    
 >
[39m
[31m+                    
     {menuOpen ? <X 
size={24} /> : <Menu 
size={24} />}
[39m
[31m+                    
 </button>
[39m
[31m+                 
</div>
[39m
[31m+             </div>
[39m
[31m+ 
[39m
[31m+             {/* 
Mobile / Split-Screen 
Menu Dropdown */}
[39m
[31m+             
<AnimatePresence>
[39m
[31m+                 
{menuOpen && (
[39m
[31m+                    
 <motion.div
[39m
[31m+                    
     initial={{ opacity: 
0, height: 0 }}
[39m
[31m+                    
     animate={{ opacity: 
1, height: 'auto' }}
[39m
[31m+                    
     exit={{ opacity: 0, 
height: 0 }}
[39m
[31m+                    
     className="lg:hidden 
border-t border-white/10 
bg-[#0F0C29] 
overflow-hidden"
[39m
[31m+                    
 >
[39m
[31m+                    
     <div className="px-4 
py-6 space-y-2">
[39m
[31m+                    
         {navLinks.map(({ 
to, label, icon: Icon }) 
=> (
[39m
[31m+                    
             <Link
[39m
[31m+                    
                 key={to}
[39m
[31m+                    
                 to={to}
[39m
[31m+                    
                 
onClick={() => 
setMenuOpen(false)}
[39m
[31m+                    
                 
className={`flex 
items-center gap-3 p-4 
rounded-2xl text-base 
font-bold transition-all 
${isActive(to)
[39m
[31m+                    
                     ? 
'bg-indigo-500/20 
text-indigo-400'
[39m
[31m+                    
                     : 
'text-white/60 
hover:text-white 
hover:bg-white/5'
[39m
[31m+                    
                     }`}
[39m
[31m+                    
             >
[39m
[31m+                    
                 <Icon 
size={20} />
[39m
[31m+                    
                 {label}
[39m
[31m+                    
             </Link>
[39m
[31m+                    
         ))}
[39m
[31m+                    
         <div 
className="pt-4 mt-4 
border-t border-white/10">
[39m
[31m+                    
             {user ? (
[39m
[31m+                    
                 <div 
className="flex 
items-center 
justify-between p-4 
bg-white/5 rounded-2xl">
[39m
[31m+                    
                     <div 
className="flex 
items-center gap-3">
[39m
[31m+                    
                         
<div className="w-10 h-10 
rounded-full 
bg-indigo-500 flex 
items-center 
justify-center font-black 
text-white">
[39m
[31m+                    
                          
   {initials}
[39m
[31m+                    
                         
</div>
[39m
[31m+                    
                         
<div className="text-sm">
[39m
[31m+                    
                          
   <div 
className="text-white 
font-bold truncate max-w-[
150px]">{displayName}</div
>
[39m
[31m+                    
                          
   <div 
className="text-white/40 
text-xs">Student 
Account</div>
[39m
[31m+                    
                         
</div>
[39m
[31m+                    
                     
</div>
[39m
[31m+                    
                     
<button
[39m
[31m+                    
                         
onClick={() => { 
setMenuOpen(false); 
handleSignOut(); }}
[39m
[31m+                    
                         
className="p-3 
text-rose-400 
hover:bg-rose-400/10 
rounded-xl 
transition-colors"
[39m
[31m+                    
                     >
[39m
[31m+                    
                         
<LogOut size={20} />
[39m
[31m+                    
                     
</button>
[39m
[31m+                    
                 </div>
[39m
[31m+                    
             ) : (
[39m
[31m+                    
                 <div 
className="grid 
grid-cols-2 gap-3">
[39m
[31m+                    
                     
<Link to="/login" 
className="flex 
items-center 
justify-center p-4 
rounded-2xl border 
border-white/10 
text-white/70 font-bold">
[39m
[31m+                    
                         
Login
[39m
[31m+                    
                     
</Link>
[39m
[31m+                    
                     
<Link to="/signup" 
className="flex 
items-center 
justify-center p-4 
rounded-2xl bg-indigo-500 
text-white font-black 
shadow-lg">
[39m
[31m+                    
                         
Sign Up
[39m
[31m+                    
                     
</Link>
[39m
[31m+                    
                 </div>
[39m
[31m+                    
             )}
[39m
[31m+                    
         </div>
[39m
[31m+                    
     </div>
[39m
[31m+                    
 </motion.div>
[39m
[31m+                 )}
[39m
[31m+             
</AnimatePresence>
[39m
[31m+         </nav>
[39m
[31m+     );
[39m
[31m+ }
[39m
[31m+[39m

[36m [2mΓ¥»[22m src/com
ponents/StudentNavbar.test
.ts:[2m71:24[22m[39m
    [90m 69|[39m     [3
4mit[39m([32m'includes 
a Browse Quizzes link to 
/student'[39m[33m,[39m 
() [33m=>[39m {
    [90m 70|[39m        
 [34mexpect[39m(source)
[33m.[39m[34mtoContain[
39m([32m'Browse 
Quizzes'[39m)[33m;[39m
    [90m 71|[39m        
 [34mexpect[39m(source)
[33m.[39m[34mtoContain[
39m([32m'to="/student"'[
39m)[33m;[39m
    [90m   |[39m        
                
[31m^[39m
    [90m 72|[39m     
})[33m;[39m
    [90m 73|[39m 
})[33m;[39m

[31m[2mΓÄ»ΓÄ»ΓÄ»ΓÄ»ΓÄ»ΓÄ
»ΓÄ»ΓÄ»ΓÄ»ΓÄ»ΓÄ»ΓÄ»ΓÄ»ΓÄ»Γ
Ä»ΓÄ»ΓÄ»ΓÄ»ΓÄ»ΓÄ»ΓÄ»ΓÄ»ΓÄ»
[9/75]ΓÄ»[22m[39m

[41m[1m FAIL [22m[49m 
src/components/StudentNavb
ar.test.ts[2m > 
[22mStudentNavbar ΓÇô 
Join Live Game button 
(Requirement 8.4)[2m > 
[22mincludes a Join Live 
Game link to /join
[31m[1mAssertionError[2
2m: expected 'import { 
useState } from 
\'react\';\rΓÇª' to 
contain 'Join Live 
Game'[39m

[32m- Expected[39m
[31m+ Received[39m

[32m- Join Live Game[39m
[31m+ import { useState 
} from 'react';
[39m
[31m+ import { Link, 
useLocation, useNavigate 
} from 'react-router-dom';
[39m
[31m+ import { Zap, 
LayoutDashboard, 
BookOpen, BarChart2, 
Gamepad2, LogOut, Menu, 
X, Library } from 
'lucide-react';
[39m
[31m+ import { motion, 
AnimatePresence } from 
'framer-motion';
[39m
[31m+ import { useAuth } 
from 
'../contexts/AuthContext';
[39m
[31m+ import { 
getInitials } from 
'../utils/scoring';
[39m
[31m+ 
[39m
[31m+ interface 
StudentNavbarProps {
[39m
[31m+     activePage?: 
string;
[39m
[31m+ }
[39m
[31m+ 
[39m
[31m+ export function 
StudentNavbar({ 
activePage }: 
StudentNavbarProps = {}) {
[39m
[31m+     const { user, 
userProfile, signOut } = 
useAuth();
[39m
[31m+     const navigate 
= useNavigate();
[39m
[31m+     const location 
= useLocation();
[39m
[31m+     const 
[menuOpen, setMenuOpen] = 
useState(false);
[39m
[31m+ 
[39m
[31m+     const logoHref 
= user ? 
'/student/dashboard' : 
'/';
[39m
[31m+ 
[39m
[31m+     const 
handleSignOut = async () 
=> {
[39m
[31m+         await 
signOut();
[39m
[31m+         
navigate('/');
[39m
[31m+     };
[39m
[31m+ 
[39m
[31m+     const isActive 
= (path: string) =>
[39m
[31m+         activePage
[39m
[31m+             ? 
activePage === path || 
activePage === 'reports' 
&& path === 
'/student/reports'
[39m
[31m+             : 
location.pathname === 
path || location.pathname.
startsWith(path + '/');
[39m
[31m+ 
[39m
[31m+     const navLinks 
= [
[39m
[31m+         { to: 
'/student/dashboard', 
label: 'Dashboard', icon: 
LayoutDashboard },
[39m
[31m+         { to: 
'/student', label: 
'Browse Quizzes', icon: 
BookOpen },
[39m
[31m+         { to: 
'/student/library', 
label: 'Library', icon: 
Library },
[39m
[31m+         { to: 
'/student/reports', 
label: 'Reports', icon: 
BarChart2 },
[39m
[31m+     ];
[39m
[31m+ 
[39m
[31m+     const 
displayName = 
userProfile?.displayName 
?? user?.email ?? '';
[39m
[31m+     const initials 
= 
getInitials(displayName);
[39m
[31m+ 
[39m
[31m+     return (
[39m
[31m+         <nav 
className="sticky top-0 
z-50 bg-[#0F0C29]/95 
backdrop-blur-xl border-b 
border-white/10 font-sans 
shadow-lg">
[39m
[31m+             <div 
className="max-w-7xl 
mx-auto px-4 sm:px-6 
lg:px-8 h-16 flex 
items-center 
justify-between">
[39m
[31m+ 
[39m
[31m+                 
{/* Logo Section */}
[39m
[31m+                 
<Link to={logoHref} 
className="flex 
items-center gap-2.5 
group">
[39m
[31m+                    
 <div className="w-9 h-9 
rounded-xl 
bg-gradient-to-br 
from-[#FF5C1A] 
to-[#FF8C42] flex 
items-center 
justify-center shadow-lg 
shadow-orange-600/30 
group-hover:scale-105 
transition-transform">
[39m
[31m+                    
     <Zap size={18} 
color="white" 
fill="white" />
[39m
[31m+                    
 </div>
[39m
[31m+                    
 <span 
className="text-white 
font-black text-xl 
tracking-tight">
[39m
[31m+                    
     Quizly
[39m
[31m+                    
 </span>
[39m
[31m+                 
</Link>
[39m
[31m+ 
[39m
[31m+                 
{/* Desktop Navigation 
Links */}
[39m
[31m+                 
<div className="hidden 
lg:flex items-center 
gap-1.5 flex-1 
justify-center px-8">
[39m
[31m+                    
 {navLinks.map(({ to, 
label, icon: Icon }) => {
[39m
[31m+                    
     const isReports = 
label === 'Reports';
[39m
[31m+                    
     const active = 
isActive(isReports ? 
'reports' : to);
[39m
[31m+                    
     return (
[39m
[31m+                    
         <Link
[39m
[31m+                    
             key={to}
[39m
[31m+                    
             to={to}
[39m
[31m+                    
             
className={`flex 
items-center gap-2 px-4 
py-2 rounded-xl text-sm 
font-bold transition-all 
duration-200 border-b-2 
${active
[39m
[31m+                    
                 ? 
'bg-indigo-500/10 
text-indigo-400 
border-indigo-500 
shadow-sm'
[39m
[31m+                    
                 : 
'text-white/60 
border-transparent 
hover:text-white 
hover:bg-white/5'
[39m
[31m+                    
                 }`}
[39m
[31m+                    
         >
[39m
[31m+                    
             <Icon 
size={16} />
[39m
[31m+                    
             {label}
[39m
[31m+                    
         </Link>
[39m
[31m+                    
     );
[39m
[31m+                    
 })}
[39m
[31m+                 
</div>
[39m
[31m+ 
[39m
[31m+                 
{/* Desktop Right Side 
Actions */}
[39m
[31m+                 
<div className="hidden 
lg:flex items-center 
gap-4">
[39m
[31m+                    
 <Link
[39m
[31m+                    
     to="/join"
[39m
[31m+                    
     className="flex 
items-center gap-2 px-5 
py-2.5 rounded-xl 
bg-gradient-to-r 
from-indigo-600 
to-indigo-500 text-white 
text-sm font-black 
shadow-lg 
shadow-indigo-600/30 
hover:opacity-90 
active:scale-95 
transition-all"
[39m
[31m+                    
 >
[39m
[31m+                    
     <Gamepad2 size={16} 
/>
[39m
[31m+                    
     Join Live
[39m
[31m+                    
 </Link>
[39m
[31m+ 
[39m
[31m+                    
 {user ? (
[39m
[31m+                    
     <div className="flex 
items-center gap-4 pl-4 
border-l border-white/10">
[39m
[31m+                    
         <div 
className="w-9 h-9 
rounded-full 
bg-gradient-to-br 
from-indigo-500 
to-purple-600 flex 
items-center 
justify-center text-xs 
font-black text-white 
ring-2 ring-white/10">
[39m
[31m+                    
             {initials}
[39m
[31m+                    
         </div>
[39m
[31m+                    
         <button
[39m
[31m+                    
             
onClick={handleSignOut}
[39m
[31m+                    
             
className="flex 
items-center gap-2 px-3 
py-2 rounded-lg 
bg-white/5 border 
border-white/10 
text-white/70 text-xs 
font-bold 
hover:bg-white/10 
hover:text-white 
transition-all 
cursor-pointer"
[39m
[31m+                    
         >
[39m
[31m+                    
             <LogOut 
size={14} />
[39m
[31m+                    
             Sign Out
[39m
[31m+                    
         </button>
[39m
[31m+                    
     </div>
[39m
[31m+                    
 ) : (
[39m
[31m+                    
     <div className="flex 
items-center gap-3">
[39m
[31m+                    
         <Link 
to="/login" 
className="text-white/70 
hover:text-white px-4 
py-2 text-sm font-bold 
transition-colors">
[39m
[31m+                    
             Login
[39m
[31m+                    
         </Link>
[39m
[31m+                    
         <Link
[39m
[31m+                    
             to="/signup"
[39m
[31m+                    
             
className="bg-white 
text-[#0F0C29] px-5 
py-2.5 rounded-xl text-sm 
font-black 
hover:bg-white/90 
transition-colors"
[39m
[31m+                    
         >
[39m
[31m+                    
             Get Started
[39m
[31m+                    
         </Link>
[39m
[31m+                    
     </div>
[39m
[31m+                    
 )}
[39m
[31m+                 
</div>
[39m
[31m+ 
[39m
[31m+                 
{/* Mobile & Split-Screen 
Hamburger Toggle */}
[39m
[31m+                 
<div className="lg:hidden 
flex items-center gap-3">
[39m
[31m+                    
 <Link
[39m
[31m+                    
     to="/join"
[39m
[31m+                    
     className="flex 
items-center 
justify-center w-10 h-10 
rounded-xl bg-indigo-500 
text-white shadow-lg 
shadow-indigo-600/30 
sm:w-auto sm:px-4 
sm:gap-2"
[39m
[31m+                    
 >
[39m
[31m+                    
     <Gamepad2 size={18} 
/>
[39m
[31m+                    
     <span 
className="hidden 
sm:inline text-xs 
font-black">Join</span>
[39m
[31m+                    
 </Link>
[39m
[31m+ 
[39m
[31m+                    
 <button
[39m
[31m+                    
     onClick={() => 
setMenuOpen(!menuOpen)}
[39m
[31m+                    
     className="w-10 h-10 
flex items-center 
justify-center rounded-xl 
bg-white/5 border 
border-white/10 
text-white 
active:bg-white/10 
transition-colors"
[39m
[31m+                    
     aria-label={menuOpen 
? 'Close menu' : 'Open 
menu'}
[39m
[31m+                    
 >
[39m
[31m+                    
     {menuOpen ? <X 
size={24} /> : <Menu 
size={24} />}
[39m
[31m+                    
 </button>
[39m
[31m+                 
</div>
[39m
[31m+             </div>
[39m
[31m+ 
[39m
[31m+             {/* 
Mobile / Split-Screen 
Menu Dropdown */}
[39m
[31m+             
<AnimatePresence>
[39m
[31m+                 
{menuOpen && (
[39m
[31m+                    
 <motion.div
[39m
[31m+                    
     initial={{ opacity: 
0, height: 0 }}
[39m
[31m+                    
     animate={{ opacity: 
1, height: 'auto' }}
[39m
[31m+                    
     exit={{ opacity: 0, 
height: 0 }}
[39m
[31m+                    
     className="lg:hidden 
border-t border-white/10 
bg-[#0F0C29] 
overflow-hidden"
[39m
[31m+                    
 >
[39m
[31m+                    
     <div className="px-4 
py-6 space-y-2">
[39m
[31m+                    
         {navLinks.map(({ 
to, label, icon: Icon }) 
=> (
[39m
[31m+                    
             <Link
[39m
[31m+                    
                 key={to}
[39m
[31m+                    
                 to={to}
[39m
[31m+                    
                 
onClick={() => 
setMenuOpen(false)}
[39m
[31m+                    
                 
className={`flex 
items-center gap-3 p-4 
rounded-2xl text-base 
font-bold transition-all 
${isActive(to)
[39m
[31m+                    
                     ? 
'bg-indigo-500/20 
text-indigo-400'
[39m
[31m+                    
                     : 
'text-white/60 
hover:text-white 
hover:bg-white/5'
[39m
[31m+                    
                     }`}
[39m
[31m+                    
             >
[39m
[31m+                    
                 <Icon 
size={20} />
[39m
[31m+                    
                 {label}
[39m
[31m+                    
             </Link>
[39m
[31m+                    
         ))}
[39m
[31m+                    
         <div 
className="pt-4 mt-4 
border-t border-white/10">
[39m
[31m+                    
             {user ? (
[39m
[31m+                    
                 <div 
className="flex 
items-center 
justify-between p-4 
bg-white/5 rounded-2xl">
[39m
[31m+                    
                     <div 
className="flex 
items-center gap-3">
[39m
[31m+                    
                         
<div className="w-10 h-10 
rounded-full 
bg-indigo-500 flex 
items-center 
justify-center font-black 
text-white">
[39m
[31m+                    
                          
   {initials}
[39m
[31m+                    
                         
</div>
[39m
[31m+                    
                         
<div className="text-sm">
[39m
[31m+                    
                          
   <div 
className="text-white 
font-bold truncate max-w-[
150px]">{displayName}</div
>
[39m
[31m+                    
                          
   <div 
className="text-white/40 
text-xs">Student 
Account</div>
[39m
[31m+                    
                         
</div>
[39m
[31m+                    
                     
</div>
[39m
[31m+                    
                     
<button
[39m
[31m+                    
                         
onClick={() => { 
setMenuOpen(false); 
handleSignOut(); }}
[39m
[31m+                    
                         
className="p-3 
text-rose-400 
hover:bg-rose-400/10 
rounded-xl 
transition-colors"
[39m
[31m+                    
                     >
[39m
[31m+                    
                         
<LogOut size={20} />
[39m
[31m+                    
                     
</button>
[39m
[31m+                    
                 </div>
[39m
[31m+                    
             ) : (
[39m
[31m+                    
                 <div 
className="grid 
grid-cols-2 gap-3">
[39m
[31m+                    
                     
<Link to="/login" 
className="flex 
items-center 
justify-center p-4 
rounded-2xl border 
border-white/10 
text-white/70 font-bold">
[39m
[31m+                    
                         
Login
[39m
[31m+                    
                     
</Link>
[39m
[31m+                    
                     
<Link to="/signup" 
className="flex 
items-center 
justify-center p-4 
rounded-2xl bg-indigo-500 
text-white font-black 
shadow-lg">
[39m
[31m+                    
                         
Sign Up
[39m
[31m+                    
                     
</Link>
[39m
[31m+                    
                 </div>
[39m
[31m+                    
             )}
[39m
[31m+                    
         </div>
[39m
[31m+                    
     </div>
[39m
[31m+                    
 </motion.div>
[39m
[31m+                 )}
[39m
[31m+             
</AnimatePresence>
[39m
[31m+         </nav>
[39m
[31m+     );
[39m
[31m+ }
[39m
[31m+[39m

[36m [2mΓ¥»[22m src/com
ponents/StudentNavbar.test
.ts:[2m78:24[22m[39m
    [90m 76|[39m 
describe('StudentNavbar 
ΓÇô Join Live Game button 
(Requirement 8.4)', ()ΓÇª
    [90m 77|[39m     [3
4mit[39m([32m'includes 
a Join Live Game link to 
/join'[39m[33m,[39m () 
[33m=>[39m {
    [90m 78|[39m        
 [34mexpect[39m(source)
[33m.[39m[34mtoContain[
39m([32m'Join Live 
Game'[39m)[33m;[39m
    [90m   |[39m        
                
[31m^[39m
    [90m 79|[39m        
 [34mexpect[39m(source)
[33m.[39m[34mtoContain[
39m([32m'to="/join"'[39m
)[33m;[39m
    [90m 80|[39m     
})[33m;[39m

[31m[2mΓÄ»ΓÄ»ΓÄ»ΓÄ»ΓÄ»ΓÄ
»ΓÄ»ΓÄ»ΓÄ»ΓÄ»ΓÄ»ΓÄ»ΓÄ»ΓÄ»Γ
Ä»ΓÄ»ΓÄ»ΓÄ»ΓÄ»ΓÄ»ΓÄ»ΓÄ»[10
/75]ΓÄ»[22m[39m

[41m[1m FAIL [22m[49m 
src/components/StudentNavb
ar.test.ts[2m > 
[22mStudentNavbar ΓÇô 
mobile hamburger menu 
(Requirement 8.6)[2m > 
[22mrenders a mobile 
menu when open
[31m[1mAssertionError[2
2m: expected 'import { 
useState } from 
\'react\';\rΓÇª' to 
contain 'data-testid="mobi
le-menu"'[39m

[32m- Expected[39m
[31m+ Received[39m

[32m- data-testid="mobile
-menu"[39m
[31m+ import { useState 
} from 'react';
[39m
[31m+ import { Link, 
useLocation, useNavigate 
} from 'react-router-dom';
[39m
[31m+ import { Zap, 
LayoutDashboard, 
BookOpen, BarChart2, 
Gamepad2, LogOut, Menu, 
X, Library } from 
'lucide-react';
[39m
[31m+ import { motion, 
AnimatePresence } from 
'framer-motion';
[39m
[31m+ import { useAuth } 
from 
'../contexts/AuthContext';
[39m
[31m+ import { 
getInitials } from 
'../utils/scoring';
[39m
[31m+ 
[39m
[31m+ interface 
StudentNavbarProps {
[39m
[31m+     activePage?: 
string;
[39m
[31m+ }
[39m
[31m+ 
[39m
[31m+ export function 
StudentNavbar({ 
activePage }: 
StudentNavbarProps = {}) {
[39m
[31m+     const { user, 
userProfile, signOut } = 
useAuth();
[39m
[31m+     const navigate 
= useNavigate();
[39m
[31m+     const location 
= useLocation();
[39m
[31m+     const 
[menuOpen, setMenuOpen] = 
useState(false);
[39m
[31m+ 
[39m
[31m+     const logoHref 
= user ? 
'/student/dashboard' : 
'/';
[39m
[31m+ 
[39m
[31m+     const 
handleSignOut = async () 
=> {
[39m
[31m+         await 
signOut();
[39m
[31m+         
navigate('/');
[39m
[31m+     };
[39m
[31m+ 
[39m
[31m+     const isActive 
= (path: string) =>
[39m
[31m+         activePage
[39m
[31m+             ? 
activePage === path || 
activePage === 'reports' 
&& path === 
'/student/reports'
[39m
[31m+             : 
location.pathname === 
path || location.pathname.
startsWith(path + '/');
[39m
[31m+ 
[39m
[31m+     const navLinks 
= [
[39m
[31m+         { to: 
'/student/dashboard', 
label: 'Dashboard', icon: 
LayoutDashboard },
[39m
[31m+         { to: 
'/student', label: 
'Browse Quizzes', icon: 
BookOpen },
[39m
[31m+         { to: 
'/student/library', 
label: 'Library', icon: 
Library },
[39m
[31m+         { to: 
'/student/reports', 
label: 'Reports', icon: 
BarChart2 },
[39m
[31m+     ];
[39m
[31m+ 
[39m
[31m+     const 
displayName = 
userProfile?.displayName 
?? user?.email ?? '';
[39m
[31m+     const initials 
= 
getInitials(displayName);
[39m
[31m+ 
[39m
[31m+     return (
[39m
[31m+         <nav 
className="sticky top-0 
z-50 bg-[#0F0C29]/95 
backdrop-blur-xl border-b 
border-white/10 font-sans 
shadow-lg">
[39m
[31m+             <div 
className="max-w-7xl 
mx-auto px-4 sm:px-6 
lg:px-8 h-16 flex 
items-center 
justify-between">
[39m
[31m+ 
[39m
[31m+                 
{/* Logo Section */}
[39m
[31m+                 
<Link to={logoHref} 
className="flex 
items-center gap-2.5 
group">
[39m
[31m+                    
 <div className="w-9 h-9 
rounded-xl 
bg-gradient-to-br 
from-[#FF5C1A] 
to-[#FF8C42] flex 
items-center 
justify-center shadow-lg 
shadow-orange-600/30 
group-hover:scale-105 
transition-transform">
[39m
[31m+                    
     <Zap size={18} 
color="white" 
fill="white" />
[39m
[31m+                    
 </div>
[39m
[31m+                    
 <span 
className="text-white 
font-black text-xl 
tracking-tight">
[39m
[31m+                    
     Quizly
[39m
[31m+                    
 </span>
[39m
[31m+                 
</Link>
[39m
[31m+ 
[39m
[31m+                 
{/* Desktop Navigation 
Links */}
[39m
[31m+                 
<div className="hidden 
lg:flex items-center 
gap-1.5 flex-1 
justify-center px-8">
[39m
[31m+                    
 {navLinks.map(({ to, 
label, icon: Icon }) => {
[39m
[31m+                    
     const isReports = 
label === 'Reports';
[39m
[31m+                    
     const active = 
isActive(isReports ? 
'reports' : to);
[39m
[31m+                    
     return (
[39m
[31m+                    
         <Link
[39m
[31m+                    
             key={to}
[39m
[31m+                    
             to={to}
[39m
[31m+                    
             
className={`flex 
items-center gap-2 px-4 
py-2 rounded-xl text-sm 
font-bold transition-all 
duration-200 border-b-2 
${active
[39m
[31m+                    
                 ? 
'bg-indigo-500/10 
text-indigo-400 
border-indigo-500 
shadow-sm'
[39m
[31m+                    
                 : 
'text-white/60 
border-transparent 
hover:text-white 
hover:bg-white/5'
[39m
[31m+                    
                 }`}
[39m
[31m+                    
         >
[39m
[31m+                    
             <Icon 
size={16} />
[39m
[31m+                    
             {label}
[39m
[31m+                    
         </Link>
[39m
[31m+                    
     );
[39m
[31m+                    
 })}
[39m
[31m+                 
</div>
[39m
[31m+ 
[39m
[31m+                 
{/* Desktop Right Side 
Actions */}
[39m
[31m+                 
<div className="hidden 
lg:flex items-center 
gap-4">
[39m
[31m+                    
 <Link
[39m
[31m+                    
     to="/join"
[39m
[31m+                    
     className="flex 
items-center gap-2 px-5 
py-2.5 rounded-xl 
bg-gradient-to-r 
from-indigo-600 
to-indigo-500 text-white 
text-sm font-black 
shadow-lg 
shadow-indigo-600/30 
hover:opacity-90 
active:scale-95 
transition-all"
[39m
[31m+                    
 >
[39m
[31m+                    
     <Gamepad2 size={16} 
/>
[39m
[31m+                    
     Join Live
[39m
[31m+                    
 </Link>
[39m
[31m+ 
[39m
[31m+                    
 {user ? (
[39m
[31m+                    
     <div className="flex 
items-center gap-4 pl-4 
border-l border-white/10">
[39m
[31m+                    
         <div 
className="w-9 h-9 
rounded-full 
bg-gradient-to-br 
from-indigo-500 
to-purple-600 flex 
items-center 
justify-center text-xs 
font-black text-white 
ring-2 ring-white/10">
[39m
[31m+                    
             {initials}
[39m
[31m+                    
         </div>
[39m
[31m+                    
         <button
[39m
[31m+                    
             
onClick={handleSignOut}
[39m
[31m+                    
             
className="flex 
items-center gap-2 px-3 
py-2 rounded-lg 
bg-white/5 border 
border-white/10 
text-white/70 text-xs 
font-bold 
hover:bg-white/10 
hover:text-white 
transition-all 
cursor-pointer"
[39m
[31m+                    
         >
[39m
[31m+                    
             <LogOut 
size={14} />
[39m
[31m+                    
             Sign Out
[39m
[31m+                    
         </button>
[39m
[31m+                    
     </div>
[39m
[31m+                    
 ) : (
[39m
[31m+                    
     <div className="flex 
items-center gap-3">
[39m
[31m+                    
         <Link 
to="/login" 
className="text-white/70 
hover:text-white px-4 
py-2 text-sm font-bold 
transition-colors">
[39m
[31m+                    
             Login
[39m
[31m+                    
         </Link>
[39m
[31m+                    
         <Link
[39m
[31m+                    
             to="/signup"
[39m
[31m+                    
             
className="bg-white 
text-[#0F0C29] px-5 
py-2.5 rounded-xl text-sm 
font-black 
hover:bg-white/90 
transition-colors"
[39m
[31m+                    
         >
[39m
[31m+                    
             Get Started
[39m
[31m+                    
         </Link>
[39m
[31m+                    
     </div>
[39m
[31m+                    
 )}
[39m
[31m+                 
</div>
[39m
[31m+ 
[39m
[31m+                 
{/* Mobile & Split-Screen 
Hamburger Toggle */}
[39m
[31m+                 
<div className="lg:hidden 
flex items-center gap-3">
[39m
[31m+                    
 <Link
[39m
[31m+                    
     to="/join"
[39m
[31m+                    
     className="flex 
items-center 
justify-center w-10 h-10 
rounded-xl bg-indigo-500 
text-white shadow-lg 
shadow-indigo-600/30 
sm:w-auto sm:px-4 
sm:gap-2"
[39m
[31m+                    
 >
[39m
[31m+                    
     <Gamepad2 size={18} 
/>
[39m
[31m+                    
     <span 
className="hidden 
sm:inline text-xs 
font-black">Join</span>
[39m
[31m+                    
 </Link>
[39m
[31m+ 
[39m
[31m+                    
 <button
[39m
[31m+                    
     onClick={() => 
setMenuOpen(!menuOpen)}
[39m
[31m+                    
     className="w-10 h-10 
flex items-center 
justify-center rounded-xl 
bg-white/5 border 
border-white/10 
text-white 
active:bg-white/10 
transition-colors"
[39m
[31m+                    
     aria-label={menuOpen 
? 'Close menu' : 'Open 
menu'}
[39m
[31m+                    
 >
[39m
[31m+                    
     {menuOpen ? <X 
size={24} /> : <Menu 
size={24} />}
[39m
[31m+                    
 </button>
[39m
[31m+                 
</div>
[39m
[31m+             </div>
[39m
[31m+ 
[39m
[31m+             {/* 
Mobile / Split-Screen 
Menu Dropdown */}
[39m
[31m+             
<AnimatePresence>
[39m
[31m+                 
{menuOpen && (
[39m
[31m+                    
 <motion.div
[39m
[31m+                    
     initial={{ opacity: 
0, height: 0 }}
[39m
[31m+                    
     animate={{ opacity: 
1, height: 'auto' }}
[39m
[31m+                    
     exit={{ opacity: 0, 
height: 0 }}
[39m
[31m+                    
     className="lg:hidden 
border-t border-white/10 
bg-[#0F0C29] 
overflow-hidden"
[39m
[31m+                    
 >
[39m
[31m+                    
     <div className="px-4 
py-6 space-y-2">
[39m
[31m+                    
         {navLinks.map(({ 
to, label, icon: Icon }) 
=> (
[39m
[31m+                    
             <Link
[39m
[31m+                    
                 key={to}
[39m
[31m+                    
                 to={to}
[39m
[31m+                    
                 
onClick={() => 
setMenuOpen(false)}
[39m
[31m+                    
                 
className={`flex 
items-center gap-3 p-4 
rounded-2xl text-base 
font-bold transition-all 
${isActive(to)
[39m
[31m+                    
                     ? 
'bg-indigo-500/20 
text-indigo-400'
[39m
[31m+                    
                     : 
'text-white/60 
hover:text-white 
hover:bg-white/5'
[39m
[31m+                    
                     }`}
[39m
[31m+                    
             >
[39m
[31m+                    
                 <Icon 
size={20} />
[39m
[31m+                    
                 {label}
[39m
[31m+                    
             </Link>
[39m
[31m+                    
         ))}
[39m
[31m+                    
         <div 
className="pt-4 mt-4 
border-t border-white/10">
[39m
[31m+                    
             {user ? (
[39m
[31m+                    
                 <div 
className="flex 
items-center 
justify-between p-4 
bg-white/5 rounded-2xl">
[39m
[31m+                    
                     <div 
className="flex 
items-center gap-3">
[39m
[31m+                    
                         
<div className="w-10 h-10 
rounded-full 
bg-indigo-500 flex 
items-center 
justify-center font-black 
text-white">
[39m
[31m+                    
                          
   {initials}
[39m
[31m+                    
                         
</div>
[39m
[31m+                    
                         
<div className="text-sm">
[39m
[31m+                    
                          
   <div 
className="text-white 
font-bold truncate max-w-[
150px]">{displayName}</div
>
[39m
[31m+                    
                          
   <div 
className="text-white/40 
text-xs">Student 
Account</div>
[39m
[31m+                    
                         
</div>
[39m
[31m+                    
                     
</div>
[39m
[31m+                    
                     
<button
[39m
[31m+                    
                         
onClick={() => { 
setMenuOpen(false); 
handleSignOut(); }}
[39m
[31m+                    
                         
className="p-3 
text-rose-400 
hover:bg-rose-400/10 
rounded-xl 
transition-colors"
[39m
[31m+                    
                     >
[39m
[31m+                    
                         
<LogOut size={20} />
[39m
[31m+                    
                     
</button>
[39m
[31m+                    
                 </div>
[39m
[31m+                    
             ) : (
[39m
[31m+                    
                 <div 
className="grid 
grid-cols-2 gap-3">
[39m
[31m+                    
                     
<Link to="/login" 
className="flex 
items-center 
justify-center p-4 
rounded-2xl border 
border-white/10 
text-white/70 font-bold">
[39m
[31m+                    
                         
Login
[39m
[31m+                    
                     
</Link>
[39m
[31m+                    
                     
<Link to="/signup" 
className="flex 
items-center 
justify-center p-4 
rounded-2xl bg-indigo-500 
text-white font-black 
shadow-lg">
[39m
[31m+                    
                         
Sign Up
[39m
[31m+                    
                     
</Link>
[39m
[31m+                    
                 </div>
[39m
[31m+                    
             )}
[39m
[31m+                    
         </div>
[39m
[31m+                    
     </div>
[39m
[31m+                    
 </motion.div>
[39m
[31m+                 )}
[39m
[31m+             
</AnimatePresence>
[39m
[31m+         </nav>
[39m
[31m+     );
[39m
[31m+ }
[39m
[31m+[39m

[36m [2mΓ¥»[22m src/com
ponents/StudentNavbar.test
.ts:[2m91:24[22m[39m
    [90m 89|[39m
    [90m 90|[39m     [3
4mit[39m([32m'renders a 
mobile menu when 
open'[39m[33m,[39m () 
[33m=>[39m {
    [90m 91|[39m        
 [34mexpect[39m(source)
[33m.[39m[34mtoContain[
39m([32m'data-testid="mob
ile-menu"'[39m)[33m;[39
m
    [90m   |[39m        
                
[31m^[39m
    [90m 92|[39m     
})[33m;[39m
    [90m 93|[39m

[31m[2mΓÄ»ΓÄ»ΓÄ»ΓÄ»ΓÄ»ΓÄ
»ΓÄ»ΓÄ»ΓÄ»ΓÄ»ΓÄ»ΓÄ»ΓÄ»ΓÄ»Γ
Ä»ΓÄ»ΓÄ»ΓÄ»ΓÄ»ΓÄ»ΓÄ»ΓÄ»[11
/75]ΓÄ»[22m[39m

[41m[1m FAIL [22m[49m 
src/components/StudentNavb
ar.test.ts[2m > 
[22mStudentNavbar ΓÇô 
mobile hamburger menu 
(Requirement 8.6)[2m > 
[22mrenders a hamburger 
toggle button
[31m[1mAssertionError[2
2m: expected 'import { 
useState } from 
\'react\';\rΓÇª' to 
contain 'data-testid="hamb
urger-button"'[39m

[32m- Expected[39m
[31m+ Received[39m

[32m- data-testid="hambur
ger-button"[39m
[31m+ import { useState 
} from 'react';
[39m
[31m+ import { Link, 
useLocation, useNavigate 
} from 'react-router-dom';
[39m
[31m+ import { Zap, 
LayoutDashboard, 
BookOpen, BarChart2, 
Gamepad2, LogOut, Menu, 
X, Library } from 
'lucide-react';
[39m
[31m+ import { motion, 
AnimatePresence } from 
'framer-motion';
[39m
[31m+ import { useAuth } 
from 
'../contexts/AuthContext';
[39m
[31m+ import { 
getInitials } from 
'../utils/scoring';
[39m
[31m+ 
[39m
[31m+ interface 
StudentNavbarProps {
[39m
[31m+     activePage?: 
string;
[39m
[31m+ }
[39m
[31m+ 
[39m
[31m+ export function 
StudentNavbar({ 
activePage }: 
StudentNavbarProps = {}) {
[39m
[31m+     const { user, 
userProfile, signOut } = 
useAuth();
[39m
[31m+     const navigate 
= useNavigate();
[39m
[31m+     const location 
= useLocation();
[39m
[31m+     const 
[menuOpen, setMenuOpen] = 
useState(false);
[39m
[31m+ 
[39m
[31m+     const logoHref 
= user ? 
'/student/dashboard' : 
'/';
[39m
[31m+ 
[39m
[31m+     const 
handleSignOut = async () 
=> {
[39m
[31m+         await 
signOut();
[39m
[31m+         
navigate('/');
[39m
[31m+     };
[39m
[31m+ 
[39m
[31m+     const isActive 
= (path: string) =>
[39m
[31m+         activePage
[39m
[31m+             ? 
activePage === path || 
activePage === 'reports' 
&& path === 
'/student/reports'
[39m
[31m+             : 
location.pathname === 
path || location.pathname.
startsWith(path + '/');
[39m
[31m+ 
[39m
[31m+     const navLinks 
= [
[39m
[31m+         { to: 
'/student/dashboard', 
label: 'Dashboard', icon: 
LayoutDashboard },
[39m
[31m+         { to: 
'/student', label: 
'Browse Quizzes', icon: 
BookOpen },
[39m
[31m+         { to: 
'/student/library', 
label: 'Library', icon: 
Library },
[39m
[31m+         { to: 
'/student/reports', 
label: 'Reports', icon: 
BarChart2 },
[39m
[31m+     ];
[39m
[31m+ 
[39m
[31m+     const 
displayName = 
userProfile?.displayName 
?? user?.email ?? '';
[39m
[31m+     const initials 
= 
getInitials(displayName);
[39m
[31m+ 
[39m
[31m+     return (
[39m
[31m+         <nav 
className="sticky top-0 
z-50 bg-[#0F0C29]/95 
backdrop-blur-xl border-b 
border-white/10 font-sans 
shadow-lg">
[39m
[31m+             <div 
className="max-w-7xl 
mx-auto px-4 sm:px-6 
lg:px-8 h-16 flex 
items-center 
justify-between">
[39m
[31m+ 
[39m
[31m+                 
{/* Logo Section */}
[39m
[31m+                 
<Link to={logoHref} 
className="flex 
items-center gap-2.5 
group">
[39m
[31m+                    
 <div className="w-9 h-9 
rounded-xl 
bg-gradient-to-br 
from-[#FF5C1A] 
to-[#FF8C42] flex 
items-center 
justify-center shadow-lg 
shadow-orange-600/30 
group-hover:scale-105 
transition-transform">
[39m
[31m+                    
     <Zap size={18} 
color="white" 
fill="white" />
[39m
[31m+                    
 </div>
[39m
[31m+                    
 <span 
className="text-white 
font-black text-xl 
tracking-tight">
[39m
[31m+                    
     Quizly
[39m
[31m+                    
 </span>
[39m
[31m+                 
</Link>
[39m
[31m+ 
[39m
[31m+                 
{/* Desktop Navigation 
Links */}
[39m
[31m+                 
<div className="hidden 
lg:flex items-center 
gap-1.5 flex-1 
justify-center px-8">
[39m
[31m+                    
 {navLinks.map(({ to, 
label, icon: Icon }) => {
[39m
[31m+                    
     const isReports = 
label === 'Reports';
[39m
[31m+                    
     const active = 
isActive(isReports ? 
'reports' : to);
[39m
[31m+                    
     return (
[39m
[31m+                    
         <Link
[39m
[31m+                    
             key={to}
[39m
[31m+                    
             to={to}
[39m
[31m+                    
             
className={`flex 
items-center gap-2 px-4 
py-2 rounded-xl text-sm 
font-bold transition-all 
duration-200 border-b-2 
${active
[39m
[31m+                    
                 ? 
'bg-indigo-500/10 
text-indigo-400 
border-indigo-500 
shadow-sm'
[39m
[31m+                    
                 : 
'text-white/60 
border-transparent 
hover:text-white 
hover:bg-white/5'
[39m
[31m+                    
                 }`}
[39m
[31m+                    
         >
[39m
[31m+                    
             <Icon 
size={16} />
[39m
[31m+                    
             {label}
[39m
[31m+                    
         </Link>
[39m
[31m+                    
     );
[39m
[31m+                    
 })}
[39m
[31m+                 
</div>
[39m
[31m+ 
[39m
[31m+                 
{/* Desktop Right Side 
Actions */}
[39m
[31m+                 
<div className="hidden 
lg:flex items-center 
gap-4">
[39m
[31m+                    
 <Link
[39m
[31m+                    
     to="/join"
[39m
[31m+                    
     className="flex 
items-center gap-2 px-5 
py-2.5 rounded-xl 
bg-gradient-to-r 
from-indigo-600 
to-indigo-500 text-white 
text-sm font-black 
shadow-lg 
shadow-indigo-600/30 
hover:opacity-90 
active:scale-95 
transition-all"
[39m
[31m+                    
 >
[39m
[31m+                    
     <Gamepad2 size={16} 
/>
[39m
[31m+                    
     Join Live
[39m
[31m+                    
 </Link>
[39m
[31m+ 
[39m
[31m+                    
 {user ? (
[39m
[31m+                    
     <div className="flex 
items-center gap-4 pl-4 
border-l border-white/10">
[39m
[31m+                    
         <div 
className="w-9 h-9 
rounded-full 
bg-gradient-to-br 
from-indigo-500 
to-purple-600 flex 
items-center 
justify-center text-xs 
font-black text-white 
ring-2 ring-white/10">
[39m
[31m+                    
             {initials}
[39m
[31m+                    
         </div>
[39m
[31m+                    
         <button
[39m
[31m+                    
             
onClick={handleSignOut}
[39m
[31m+                    
             
className="flex 
items-center gap-2 px-3 
py-2 rounded-lg 
bg-white/5 border 
border-white/10 
text-white/70 text-xs 
font-bold 
hover:bg-white/10 
hover:text-white 
transition-all 
cursor-pointer"
[39m
[31m+                    
         >
[39m
[31m+                    
             <LogOut 
size={14} />
[39m
[31m+                    
             Sign Out
[39m
[31m+                    
         </button>
[39m
[31m+                    
     </div>
[39m
[31m+                    
 ) : (
[39m
[31m+                    
     <div className="flex 
items-center gap-3">
[39m
[31m+                    
         <Link 
to="/login" 
className="text-white/70 
hover:text-white px-4 
py-2 text-sm font-bold 
transition-colors">
[39m
[31m+                    
             Login
[39m
[31m+                    
         </Link>
[39m
[31m+                    
         <Link
[39m
[31m+                    
             to="/signup"
[39m
[31m+                    
             
className="bg-white 
text-[#0F0C29] px-5 
py-2.5 rounded-xl text-sm 
font-black 
hover:bg-white/90 
transition-colors"
[39m
[31m+                    
         >
[39m
[31m+                    
             Get Started
[39m
[31m+                    
         </Link>
[39m
[31m+                    
     </div>
[39m
[31m+                    
 )}
[39m
[31m+                 
</div>
[39m
[31m+ 
[39m
[31m+                 
{/* Mobile & Split-Screen 
Hamburger Toggle */}
[39m
[31m+                 
<div className="lg:hidden 
flex items-center gap-3">
[39m
[31m+                    
 <Link
[39m
[31m+                    
     to="/join"
[39m
[31m+                    
     className="flex 
items-center 
justify-center w-10 h-10 
rounded-xl bg-indigo-500 
text-white shadow-lg 
shadow-indigo-600/30 
sm:w-auto sm:px-4 
sm:gap-2"
[39m
[31m+                    
 >
[39m
[31m+                    
     <Gamepad2 size={18} 
/>
[39m
[31m+                    
     <span 
className="hidden 
sm:inline text-xs 
font-black">Join</span>
[39m
[31m+                    
 </Link>
[39m
[31m+ 
[39m
[31m+                    
 <button
[39m
[31m+                    
     onClick={() => 
setMenuOpen(!menuOpen)}
[39m
[31m+                    
     className="w-10 h-10 
flex items-center 
justify-center rounded-xl 
bg-white/5 border 
border-white/10 
text-white 
active:bg-white/10 
transition-colors"
[39m
[31m+                    
     aria-label={menuOpen 
? 'Close menu' : 'Open 
menu'}
[39m
[31m+                    
 >
[39m
[31m+                    
     {menuOpen ? <X 
size={24} /> : <Menu 
size={24} />}
[39m
[31m+                    
 </button>
[39m
[31m+                 
</div>
[39m
[31m+             </div>
[39m
[31m+ 
[39m
[31m+             {/* 
Mobile / Split-Screen 
Menu Dropdown */}
[39m
[31m+             
<AnimatePresence>
[39m
[31m+                 
{menuOpen && (
[39m
[31m+                    
 <motion.div
[39m
[31m+                    
     initial={{ opacity: 
0, height: 0 }}
[39m
[31m+                    
     animate={{ opacity: 
1, height: 'auto' }}
[39m
[31m+                    
     exit={{ opacity: 0, 
height: 0 }}
[39m
[31m+                    
     className="lg:hidden 
border-t border-white/10 
bg-[#0F0C29] 
overflow-hidden"
[39m
[31m+                    
 >
[39m
[31m+                    
     <div className="px-4 
py-6 space-y-2">
[39m
[31m+                    
         {navLinks.map(({ 
to, label, icon: Icon }) 
=> (
[39m
[31m+                    
             <Link
[39m
[31m+                    
                 key={to}
[39m
[31m+                    
                 to={to}
[39m
[31m+                    
                 
onClick={() => 
setMenuOpen(false)}
[39m
[31m+                    
                 
className={`flex 
items-center gap-3 p-4 
rounded-2xl text-base 
font-bold transition-all 
${isActive(to)
[39m
[31m+                    
                     ? 
'bg-indigo-500/20 
text-indigo-400'
[39m
[31m+                    
                     : 
'text-white/60 
hover:text-white 
hover:bg-white/5'
[39m
[31m+                    
                     }`}
[39m
[31m+                    
             >
[39m
[31m+                    
                 <Icon 
size={20} />
[39m
[31m+                    
                 {label}
[39m
[31m+                    
             </Link>
[39m
[31m+                    
         ))}
[39m
[31m+                    
         <div 
className="pt-4 mt-4 
border-t border-white/10">
[39m
[31m+                    
             {user ? (
[39m
[31m+                    
                 <div 
className="flex 
items-center 
justify-between p-4 
bg-white/5 rounded-2xl">
[39m
[31m+                    
                     <div 
className="flex 
items-center gap-3">
[39m
[31m+                    
                         
<div className="w-10 h-10 
rounded-full 
bg-indigo-500 flex 
items-center 
justify-center font-black 
text-white">
[39m
[31m+                    
                          
   {initials}
[39m
[31m+                    
                         
</div>
[39m
[31m+                    
                         
<div className="text-sm">
[39m
[31m+                    
                          
   <div 
className="text-white 
font-bold truncate max-w-[
150px]">{displayName}</div
>
[39m
[31m+                    
                          
   <div 
className="text-white/40 
text-xs">Student 
Account</div>
[39m
[31m+                    
                         
</div>
[39m
[31m+                    
                     
</div>
[39m
[31m+                    
                     
<button
[39m
[31m+                    
                         
onClick={() => { 
setMenuOpen(false); 
handleSignOut(); }}
[39m
[31m+                    
                         
className="p-3 
text-rose-400 
hover:bg-rose-400/10 
rounded-xl 
transition-colors"
[39m
[31m+                    
                     >
[39m
[31m+                    
                         
<LogOut size={20} />
[39m
[31m+                    
                     
</button>
[39m
[31m+                    
                 </div>
[39m
[31m+                    
             ) : (
[39m
[31m+                    
                 <div 
className="grid 
grid-cols-2 gap-3">
[39m
[31m+                    
                     
<Link to="/login" 
className="flex 
items-center 
justify-center p-4 
rounded-2xl border 
border-white/10 
text-white/70 font-bold">
[39m
[31m+                    
                         
Login
[39m
[31m+                    
                     
</Link>
[39m
[31m+                    
                     
<Link to="/signup" 
className="flex 
items-center 
justify-center p-4 
rounded-2xl bg-indigo-500 
text-white font-black 
shadow-lg">
[39m
[31m+                    
                         
Sign Up
[39m
[31m+                    
                     
</Link>
[39m
[31m+                    
                 </div>
[39m
[31m+                    
             )}
[39m
[31m+                    
         </div>
[39m
[31m+                    
     </div>
[39m
[31m+                    
 </motion.div>
[39m
[31m+                 )}
[39m
[31m+             
</AnimatePresence>
[39m
[31m+         </nav>
[39m
[31m+     );
[39m
[31m+ }
[39m
[31m+[39m

[36m [2mΓ¥»[22m src/com
ponents/StudentNavbar.test
.ts:[2m95:24[22m[39m
    [90m 93|[39m
    [90m 94|[39m     [3
4mit[39m([32m'renders a 
hamburger toggle 
button'[39m[33m,[39m 
() [33m=>[39m {
    [90m 95|[39m        
 [34mexpect[39m(source)
[33m.[39m[34mtoContain[
39m([32m'data-testid="ham
burger-button"'[39m)[33m
;[39m
    [90m   |[39m        
                
[31m^[39m
    [90m 96|[39m     
})[33m;[39m
    [90m 97|[39m 
})[33m;[39m

[31m[2mΓÄ»ΓÄ»ΓÄ»ΓÄ»ΓÄ»ΓÄ
»ΓÄ»ΓÄ»ΓÄ»ΓÄ»ΓÄ»ΓÄ»ΓÄ»ΓÄ»Γ
Ä»ΓÄ»ΓÄ»ΓÄ»ΓÄ»ΓÄ»ΓÄ»ΓÄ»[12
/75]ΓÄ»[22m[39m

[41m[1m FAIL [22m[49m 
src/components/StudentNavb
ar.test.ts[2m > 
[22mStudentNavbar ΓÇô 
Reports link 
(Requirements 1.1, 1.2, 
1.3, 1.4)[2m > 
[22mincludes a Reports 
link to /student/reports 
in desktop nav
[31m[1mAssertionError[2
2m: expected 'import { 
useState } from 
\'react\';\rΓÇª' to 
contain 'to="/student/repo
rts"'[39m

[32m- Expected[39m
[31m+ Received[39m

[32m- 
to="/student/reports"[39m
[31m+ import { useState 
} from 'react';
[39m
[31m+ import { Link, 
useLocation, useNavigate 
} from 'react-router-dom';
[39m
[31m+ import { Zap, 
LayoutDashboard, 
BookOpen, BarChart2, 
Gamepad2, LogOut, Menu, 
X, Library } from 
'lucide-react';
[39m
[31m+ import { motion, 
AnimatePresence } from 
'framer-motion';
[39m
[31m+ import { useAuth } 
from 
'../contexts/AuthContext';
[39m
[31m+ import { 
getInitials } from 
'../utils/scoring';
[39m
[31m+ 
[39m
[31m+ interface 
StudentNavbarProps {
[39m
[31m+     activePage?: 
string;
[39m
[31m+ }
[39m
[31m+ 
[39m
[31m+ export function 
StudentNavbar({ 
activePage }: 
StudentNavbarProps = {}) {
[39m
[31m+     const { user, 
userProfile, signOut } = 
useAuth();
[39m
[31m+     const navigate 
= useNavigate();
[39m
[31m+     const location 
= useLocation();
[39m
[31m+     const 
[menuOpen, setMenuOpen] = 
useState(false);
[39m
[31m+ 
[39m
[31m+     const logoHref 
= user ? 
'/student/dashboard' : 
'/';
[39m
[31m+ 
[39m
[31m+     const 
handleSignOut = async () 
=> {
[39m
[31m+         await 
signOut();
[39m
[31m+         
navigate('/');
[39m
[31m+     };
[39m
[31m+ 
[39m
[31m+     const isActive 
= (path: string) =>
[39m
[31m+         activePage
[39m
[31m+             ? 
activePage === path || 
activePage === 'reports' 
&& path === 
'/student/reports'
[39m
[31m+             : 
location.pathname === 
path || location.pathname.
startsWith(path + '/');
[39m
[31m+ 
[39m
[31m+     const navLinks 
= [
[39m
[31m+         { to: 
'/student/dashboard', 
label: 'Dashboard', icon: 
LayoutDashboard },
[39m
[31m+         { to: 
'/student', label: 
'Browse Quizzes', icon: 
BookOpen },
[39m
[31m+         { to: 
'/student/library', 
label: 'Library', icon: 
Library },
[39m
[31m+         { to: 
'/student/reports', 
label: 'Reports', icon: 
BarChart2 },
[39m
[31m+     ];
[39m
[31m+ 
[39m
[31m+     const 
displayName = 
userProfile?.displayName 
?? user?.email ?? '';
[39m
[31m+     const initials 
= 
getInitials(displayName);
[39m
[31m+ 
[39m
[31m+     return (
[39m
[31m+         <nav 
className="sticky top-0 
z-50 bg-[#0F0C29]/95 
backdrop-blur-xl border-b 
border-white/10 font-sans 
shadow-lg">
[39m
[31m+             <div 
className="max-w-7xl 
mx-auto px-4 sm:px-6 
lg:px-8 h-16 flex 
items-center 
justify-between">
[39m
[31m+ 
[39m
[31m+                 
{/* Logo Section */}
[39m
[31m+                 
<Link to={logoHref} 
className="flex 
items-center gap-2.5 
group">
[39m
[31m+                    
 <div className="w-9 h-9 
rounded-xl 
bg-gradient-to-br 
from-[#FF5C1A] 
to-[#FF8C42] flex 
items-center 
justify-center shadow-lg 
shadow-orange-600/30 
group-hover:scale-105 
transition-transform">
[39m
[31m+                    
     <Zap size={18} 
color="white" 
fill="white" />
[39m
[31m+                    
 </div>
[39m
[31m+                    
 <span 
className="text-white 
font-black text-xl 
tracking-tight">
[39m
[31m+                    
     Quizly
[39m
[31m+                    
 </span>
[39m
[31m+                 
</Link>
[39m
[31m+ 
[39m
[31m+                 
{/* Desktop Navigation 
Links */}
[39m
[31m+                 
<div className="hidden 
lg:flex items-center 
gap-1.5 flex-1 
justify-center px-8">
[39m
[31m+                    
 {navLinks.map(({ to, 
label, icon: Icon }) => {
[39m
[31m+                    
     const isReports = 
label === 'Reports';
[39m
[31m+                    
     const active = 
isActive(isReports ? 
'reports' : to);
[39m
[31m+                    
     return (
[39m
[31m+                    
         <Link
[39m
[31m+                    
             key={to}
[39m
[31m+                    
             to={to}
[39m
[31m+                    
             
className={`flex 
items-center gap-2 px-4 
py-2 rounded-xl text-sm 
font-bold transition-all 
duration-200 border-b-2 
${active
[39m
[31m+                    
                 ? 
'bg-indigo-500/10 
text-indigo-400 
border-indigo-500 
shadow-sm'
[39m
[31m+                    
                 : 
'text-white/60 
border-transparent 
hover:text-white 
hover:bg-white/5'
[39m
[31m+                    
                 }`}
[39m
[31m+                    
         >
[39m
[31m+                    
             <Icon 
size={16} />
[39m
[31m+                    
             {label}
[39m
[31m+                    
         </Link>
[39m
[31m+                    
     );
[39m
[31m+                    
 })}
[39m
[31m+                 
</div>
[39m
[31m+ 
[39m
[31m+                 
{/* Desktop Right Side 
Actions */}
[39m
[31m+                 
<div className="hidden 
lg:flex items-center 
gap-4">
[39m
[31m+                    
 <Link
[39m
[31m+                    
     to="/join"
[39m
[31m+                    
     className="flex 
items-center gap-2 px-5 
py-2.5 rounded-xl 
bg-gradient-to-r 
from-indigo-600 
to-indigo-500 text-white 
text-sm font-black 
shadow-lg 
shadow-indigo-600/30 
hover:opacity-90 
active:scale-95 
transition-all"
[39m
[31m+                    
 >
[39m
[31m+                    
     <Gamepad2 size={16} 
/>
[39m
[31m+                    
     Join Live
[39m
[31m+                    
 </Link>
[39m
[31m+ 
[39m
[31m+                    
 {user ? (
[39m
[31m+                    
     <div className="flex 
items-center gap-4 pl-4 
border-l border-white/10">
[39m
[31m+                    
         <div 
className="w-9 h-9 
rounded-full 
bg-gradient-to-br 
from-indigo-500 
to-purple-600 flex 
items-center 
justify-center text-xs 
font-black text-white 
ring-2 ring-white/10">
[39m
[31m+                    
             {initials}
[39m
[31m+                    
         </div>
[39m
[31m+                    
         <button
[39m
[31m+                    
             
onClick={handleSignOut}
[39m
[31m+                    
             
className="flex 
items-center gap-2 px-3 
py-2 rounded-lg 
bg-white/5 border 
border-white/10 
text-white/70 text-xs 
font-bold 
hover:bg-white/10 
hover:text-white 
transition-all 
cursor-pointer"
[39m
[31m+                    
         >
[39m
[31m+                    
             <LogOut 
size={14} />
[39m
[31m+                    
             Sign Out
[39m
[31m+                    
         </button>
[39m
[31m+                    
     </div>
[39m
[31m+                    
 ) : (
[39m
[31m+                    
     <div className="flex 
items-center gap-3">
[39m
[31m+                    
         <Link 
to="/login" 
className="text-white/70 
hover:text-white px-4 
py-2 text-sm font-bold 
transition-colors">
[39m
[31m+                    
             Login
[39m
[31m+                    
         </Link>
[39m
[31m+                    
         <Link
[39m
[31m+                    
             to="/signup"
[39m
[31m+                    
             
className="bg-white 
text-[#0F0C29] px-5 
py-2.5 rounded-xl text-sm 
font-black 
hover:bg-white/90 
transition-colors"
[39m
[31m+                    
         >
[39m
[31m+                    
             Get Started
[39m
[31m+                    
         </Link>
[39m
[31m+                    
     </div>
[39m
[31m+                    
 )}
[39m
[31m+                 
</div>
[39m
[31m+ 
[39m
[31m+                 
{/* Mobile & Split-Screen 
Hamburger Toggle */}
[39m
[31m+                 
<div className="lg:hidden 
flex items-center gap-3">
[39m
[31m+                    
 <Link
[39m
[31m+                    
     to="/join"
[39m
[31m+                    
     className="flex 
items-center 
justify-center w-10 h-10 
rounded-xl bg-indigo-500 
text-white shadow-lg 
shadow-indigo-600/30 
sm:w-auto sm:px-4 
sm:gap-2"
[39m
[31m+                    
 >
[39m
[31m+                    
     <Gamepad2 size={18} 
/>
[39m
[31m+                    
     <span 
className="hidden 
sm:inline text-xs 
font-black">Join</span>
[39m
[31m+                    
 </Link>
[39m
[31m+ 
[39m
[31m+                    
 <button
[39m
[31m+                    
     onClick={() => 
setMenuOpen(!menuOpen)}
[39m
[31m+                    
     className="w-10 h-10 
flex items-center 
justify-center rounded-xl 
bg-white/5 border 
border-white/10 
text-white 
active:bg-white/10 
transition-colors"
[39m
[31m+                    
     aria-label={menuOpen 
? 'Close menu' : 'Open 
menu'}
[39m
[31m+                    
 >
[39m
[31m+                    
     {menuOpen ? <X 
size={24} /> : <Menu 
size={24} />}
[39m
[31m+                    
 </button>
[39m
[31m+                 
</div>
[39m
[31m+             </div>
[39m
[31m+ 
[39m
[31m+             {/* 
Mobile / Split-Screen 
Menu Dropdown */}
[39m
[31m+             
<AnimatePresence>
[39m
[31m+                 
{menuOpen && (
[39m
[31m+                    
 <motion.div
[39m
[31m+                    
     initial={{ opacity: 
0, height: 0 }}
[39m
[31m+                    
     animate={{ opacity: 
1, height: 'auto' }}
[39m
[31m+                    
     exit={{ opacity: 0, 
height: 0 }}
[39m
[31m+                    
     className="lg:hidden 
border-t border-white/10 
bg-[#0F0C29] 
overflow-hidden"
[39m
[31m+                    
 >
[39m
[31m+                    
     <div className="px-4 
py-6 space-y-2">
[39m
[31m+                    
         {navLinks.map(({ 
to, label, icon: Icon }) 
=> (
[39m
[31m+                    
             <Link
[39m
[31m+                    
                 key={to}
[39m
[31m+                    
                 to={to}
[39m
[31m+                    
                 
onClick={() => 
setMenuOpen(false)}
[39m
[31m+                    
                 
className={`flex 
items-center gap-3 p-4 
rounded-2xl text-base 
font-bold transition-all 
${isActive(to)
[39m
[31m+                    
                     ? 
'bg-indigo-500/20 
text-indigo-400'
[39m
[31m+                    
                     : 
'text-white/60 
hover:text-white 
hover:bg-white/5'
[39m
[31m+                    
                     }`}
[39m
[31m+                    
             >
[39m
[31m+                    
                 <Icon 
size={20} />
[39m
[31m+                    
                 {label}
[39m
[31m+                    
             </Link>
[39m
[31m+                    
         ))}
[39m
[31m+                    
         <div 
className="pt-4 mt-4 
border-t border-white/10">
[39m
[31m+                    
             {user ? (
[39m
[31m+                    
                 <div 
className="flex 
items-center 
justify-between p-4 
bg-white/5 rounded-2xl">
[39m
[31m+                    
                     <div 
className="flex 
items-center gap-3">
[39m
[31m+                    
                         
<div className="w-10 h-10 
rounded-full 
bg-indigo-500 flex 
items-center 
justify-center font-black 
text-white">
[39m
[31m+                    
                          
   {initials}
[39m
[31m+                    
                         
</div>
[39m
[31m+                    
                         
<div className="text-sm">
[39m
[31m+                    
                          
   <div 
className="text-white 
font-bold truncate max-w-[
150px]">{displayName}</div
>
[39m
[31m+                    
                          
   <div 
className="text-white/40 
text-xs">Student 
Account</div>
[39m
[31m+                    
                         
</div>
[39m
[31m+                    
                     
</div>
[39m
[31m+                    
                     
<button
[39m
[31m+                    
                         
onClick={() => { 
setMenuOpen(false); 
handleSignOut(); }}
[39m
[31m+                    
                         
className="p-3 
text-rose-400 
hover:bg-rose-400/10 
rounded-xl 
transition-colors"
[39m
[31m+                    
                     >
[39m
[31m+                    
                         
<LogOut size={20} />
[39m
[31m+                    
                     
</button>
[39m
[31m+                    
                 </div>
[39m
[31m+                    
             ) : (
[39m
[31m+                    
                 <div 
className="grid 
grid-cols-2 gap-3">
[39m
[31m+                    
                     
<Link to="/login" 
className="flex 
items-center 
justify-center p-4 
rounded-2xl border 
border-white/10 
text-white/70 font-bold">
[39m
[31m+                    
                         
Login
[39m
[31m+                    
                     
</Link>
[39m
[31m+                    
                     
<Link to="/signup" 
className="flex 
items-center 
justify-center p-4 
rounded-2xl bg-indigo-500 
text-white font-black 
shadow-lg">
[39m
[31m+                    
                         
Sign Up
[39m
[31m+                    
                     
</Link>
[39m
[31m+                    
                 </div>
[39m
[31m+                    
             )}
[39m
[31m+                    
         </div>
[39m
[31m+                    
     </div>
[39m
[31m+                    
 </motion.div>
[39m
[31m+                 )}
[39m
[31m+             
</AnimatePresence>
[39m
[31m+         </nav>
[39m
[31m+     );
[39m
[31m+ }
[39m
[31m+[39m

[36m [2mΓ¥»[22m src/com
ponents/StudentNavbar.test
.ts:[2m108:24[22m[39m
    [90m106|[39m     
it('includes a Reports 
link to /student/reports 
in desktop nav', (ΓÇª
    [90m107|[39m        
 [34mexpect[39m(source)
[33m.[39m[34mtoContain[
39m([32m'Reports'[39m)[
33m;[39m
    [90m108|[39m        
 [34mexpect[39m(source)
[33m.[39m[34mtoContain[
39m([32m'to="/student/rep
orts"'[39m)[33m;[39m
    [90m   |[39m        
                
[31m^[39m
    [90m109|[39m     
})[33m;[39m
    [90m110|[39m

[31m[2mΓÄ»ΓÄ»ΓÄ»ΓÄ»ΓÄ»ΓÄ
»ΓÄ»ΓÄ»ΓÄ»ΓÄ»ΓÄ»ΓÄ»ΓÄ»ΓÄ»Γ
Ä»ΓÄ»ΓÄ»ΓÄ»ΓÄ»ΓÄ»ΓÄ»ΓÄ»[13
/75]ΓÄ»[22m[39m

[41m[1m FAIL [22m[49m 
src/components/StudentNavb
ar.test.ts[2m > 
[22mStudentNavbar ΓÇô 
Reports link 
(Requirements 1.1, 1.2, 
1.3, 1.4)[2m > 
[22mapplies active color 
when activePage is reports
[31m[1mAssertionError[2
2m: expected 'import { 
useState } from 
\'react\';\rΓÇª' to 
contain '#6366F1'[39m

[32m- Expected[39m
[31m+ Received[39m

[32m- #6366F1[39m
[31m+ import { useState 
} from 'react';
[39m
[31m+ import { Link, 
useLocation, useNavigate 
} from 'react-router-dom';
[39m
[31m+ import { Zap, 
LayoutDashboard, 
BookOpen, BarChart2, 
Gamepad2, LogOut, Menu, 
X, Library } from 
'lucide-react';
[39m
[31m+ import { motion, 
AnimatePresence } from 
'framer-motion';
[39m
[31m+ import { useAuth } 
from 
'../contexts/AuthContext';
[39m
[31m+ import { 
getInitials } from 
'../utils/scoring';
[39m
[31m+ 
[39m
[31m+ interface 
StudentNavbarProps {
[39m
[31m+     activePage?: 
string;
[39m
[31m+ }
[39m
[31m+ 
[39m
[31m+ export function 
StudentNavbar({ 
activePage }: 
StudentNavbarProps = {}) {
[39m
[31m+     const { user, 
userProfile, signOut } = 
useAuth();
[39m
[31m+     const navigate 
= useNavigate();
[39m
[31m+     const location 
= useLocation();
[39m
[31m+     const 
[menuOpen, setMenuOpen] = 
useState(false);
[39m
[31m+ 
[39m
[31m+     const logoHref 
= user ? 
'/student/dashboard' : 
'/';
[39m
[31m+ 
[39m
[31m+     const 
handleSignOut = async () 
=> {
[39m
[31m+         await 
signOut();
[39m
[31m+         
navigate('/');
[39m
[31m+     };
[39m
[31m+ 
[39m
[31m+     const isActive 
= (path: string) =>
[39m
[31m+         activePage
[39m
[31m+             ? 
activePage === path || 
activePage === 'reports' 
&& path === 
'/student/reports'
[39m
[31m+             : 
location.pathname === 
path || location.pathname.
startsWith(path + '/');
[39m
[31m+ 
[39m
[31m+     const navLinks 
= [
[39m
[31m+         { to: 
'/student/dashboard', 
label: 'Dashboard', icon: 
LayoutDashboard },
[39m
[31m+         { to: 
'/student', label: 
'Browse Quizzes', icon: 
BookOpen },
[39m
[31m+         { to: 
'/student/library', 
label: 'Library', icon: 
Library },
[39m
[31m+         { to: 
'/student/reports', 
label: 'Reports', icon: 
BarChart2 },
[39m
[31m+     ];
[39m
[31m+ 
[39m
[31m+     const 
displayName = 
userProfile?.displayName 
?? user?.email ?? '';
[39m
[31m+     const initials 
= 
getInitials(displayName);
[39m
[31m+ 
[39m
[31m+     return (
[39m
[31m+         <nav 
className="sticky top-0 
z-50 bg-[#0F0C29]/95 
backdrop-blur-xl border-b 
border-white/10 font-sans 
shadow-lg">
[39m
[31m+             <div 
className="max-w-7xl 
mx-auto px-4 sm:px-6 
lg:px-8 h-16 flex 
items-center 
justify-between">
[39m
[31m+ 
[39m
[31m+                 
{/* Logo Section */}
[39m
[31m+                 
<Link to={logoHref} 
className="flex 
items-center gap-2.5 
group">
[39m
[31m+                    
 <div className="w-9 h-9 
rounded-xl 
bg-gradient-to-br 
from-[#FF5C1A] 
to-[#FF8C42] flex 
items-center 
justify-center shadow-lg 
shadow-orange-600/30 
group-hover:scale-105 
transition-transform">
[39m
[31m+                    
     <Zap size={18} 
color="white" 
fill="white" />
[39m
[31m+                    
 </div>
[39m
[31m+                    
 <span 
className="text-white 
font-black text-xl 
tracking-tight">
[39m
[31m+                    
     Quizly
[39m
[31m+                    
 </span>
[39m
[31m+                 
</Link>
[39m
[31m+ 
[39m
[31m+                 
{/* Desktop Navigation 
Links */}
[39m
[31m+                 
<div className="hidden 
lg:flex items-center 
gap-1.5 flex-1 
justify-center px-8">
[39m
[31m+                    
 {navLinks.map(({ to, 
label, icon: Icon }) => {
[39m
[31m+                    
     const isReports = 
label === 'Reports';
[39m
[31m+                    
     const active = 
isActive(isReports ? 
'reports' : to);
[39m
[31m+                    
     return (
[39m
[31m+                    
         <Link
[39m
[31m+                    
             key={to}
[39m
[31m+                    
             to={to}
[39m
[31m+                    
             
className={`flex 
items-center gap-2 px-4 
py-2 rounded-xl text-sm 
font-bold transition-all 
duration-200 border-b-2 
${active
[39m
[31m+                    
                 ? 
'bg-indigo-500/10 
text-indigo-400 
border-indigo-500 
shadow-sm'
[39m
[31m+                    
                 : 
'text-white/60 
border-transparent 
hover:text-white 
hover:bg-white/5'
[39m
[31m+                    
                 }`}
[39m
[31m+                    
         >
[39m
[31m+                    
             <Icon 
size={16} />
[39m
[31m+                    
             {label}
[39m
[31m+                    
         </Link>
[39m
[31m+                    
     );
[39m
[31m+                    
 })}
[39m
[31m+                 
</div>
[39m
[31m+ 
[39m
[31m+                 
{/* Desktop Right Side 
Actions */}
[39m
[31m+                 
<div className="hidden 
lg:flex items-center 
gap-4">
[39m
[31m+                    
 <Link
[39m
[31m+                    
     to="/join"
[39m
[31m+                    
     className="flex 
items-center gap-2 px-5 
py-2.5 rounded-xl 
bg-gradient-to-r 
from-indigo-600 
to-indigo-500 text-white 
text-sm font-black 
shadow-lg 
shadow-indigo-600/30 
hover:opacity-90 
active:scale-95 
transition-all"
[39m
[31m+                    
 >
[39m
[31m+                    
     <Gamepad2 size={16} 
/>
[39m
[31m+                    
     Join Live
[39m
[31m+                    
 </Link>
[39m
[31m+ 
[39m
[31m+                    
 {user ? (
[39m
[31m+                    
     <div className="flex 
items-center gap-4 pl-4 
border-l border-white/10">
[39m
[31m+                    
         <div 
className="w-9 h-9 
rounded-full 
bg-gradient-to-br 
from-indigo-500 
to-purple-600 flex 
items-center 
justify-center text-xs 
font-black text-white 
ring-2 ring-white/10">
[39m
[31m+                    
             {initials}
[39m
[31m+                    
         </div>
[39m
[31m+                    
         <button
[39m
[31m+                    
             
onClick={handleSignOut}
[39m
[31m+                    
             
className="flex 
items-center gap-2 px-3 
py-2 rounded-lg 
bg-white/5 border 
border-white/10 
text-white/70 text-xs 
font-bold 
hover:bg-white/10 
hover:text-white 
transition-all 
cursor-pointer"
[39m
[31m+                    
         >
[39m
[31m+                    
             <LogOut 
size={14} />
[39m
[31m+                    
             Sign Out
[39m
[31m+                    
         </button>
[39m
[31m+                    
     </div>
[39m
[31m+                    
 ) : (
[39m
[31m+                    
     <div className="flex 
items-center gap-3">
[39m
[31m+                    
         <Link 
to="/login" 
className="text-white/70 
hover:text-white px-4 
py-2 text-sm font-bold 
transition-colors">
[39m
[31m+                    
             Login
[39m
[31m+                    
         </Link>
[39m
[31m+                    
         <Link
[39m
[31m+                    
             to="/signup"
[39m
[31m+                    
             
className="bg-white 
text-[#0F0C29] px-5 
py-2.5 rounded-xl text-sm 
font-black 
hover:bg-white/90 
transition-colors"
[39m
[31m+                    
         >
[39m
[31m+                    
             Get Started
[39m
[31m+                    
         </Link>
[39m
[31m+                    
     </div>
[39m
[31m+                    
 )}
[39m
[31m+                 
</div>
[39m
[31m+ 
[39m
[31m+                 
{/* Mobile & Split-Screen 
Hamburger Toggle */}
[39m
[31m+                 
<div className="lg:hidden 
flex items-center gap-3">
[39m
[31m+                    
 <Link
[39m
[31m+                    
     to="/join"
[39m
[31m+                    
     className="flex 
items-center 
justify-center w-10 h-10 
rounded-xl bg-indigo-500 
text-white shadow-lg 
shadow-indigo-600/30 
sm:w-auto sm:px-4 
sm:gap-2"
[39m
[31m+                    
 >
[39m
[31m+                    
     <Gamepad2 size={18} 
/>
[39m
[31m+                    
     <span 
className="hidden 
sm:inline text-xs 
font-black">Join</span>
[39m
[31m+                    
 </Link>
[39m
[31m+ 
[39m
[31m+                    
 <button
[39m
[31m+                    
     onClick={() => 
setMenuOpen(!menuOpen)}
[39m
[31m+                    
     className="w-10 h-10 
flex items-center 
justify-center rounded-xl 
bg-white/5 border 
border-white/10 
text-white 
active:bg-white/10 
transition-colors"
[39m
[31m+                    
     aria-label={menuOpen 
? 'Close menu' : 'Open 
menu'}
[39m
[31m+                    
 >
[39m
[31m+                    
     {menuOpen ? <X 
size={24} /> : <Menu 
size={24} />}
[39m
[31m+                    
 </button>
[39m
[31m+                 
</div>
[39m
[31m+             </div>
[39m
[31m+ 
[39m
[31m+             {/* 
Mobile / Split-Screen 
Menu Dropdown */}
[39m
[31m+             
<AnimatePresence>
[39m
[31m+                 
{menuOpen && (
[39m
[31m+                    
 <motion.div
[39m
[31m+                    
     initial={{ opacity: 
0, height: 0 }}
[39m
[31m+                    
     animate={{ opacity: 
1, height: 'auto' }}
[39m
[31m+                    
     exit={{ opacity: 0, 
height: 0 }}
[39m
[31m+                    
     className="lg:hidden 
border-t border-white/10 
bg-[#0F0C29] 
overflow-hidden"
[39m
[31m+                    
 >
[39m
[31m+                    
     <div className="px-4 
py-6 space-y-2">
[39m
[31m+                    
         {navLinks.map(({ 
to, label, icon: Icon }) 
=> (
[39m
[31m+                    
             <Link
[39m
[31m+                    
                 key={to}
[39m
[31m+                    
                 to={to}
[39m
[31m+                    
                 
onClick={() => 
setMenuOpen(false)}
[39m
[31m+                    
                 
className={`flex 
items-center gap-3 p-4 
rounded-2xl text-base 
font-bold transition-all 
${isActive(to)
[39m
[31m+                    
                     ? 
'bg-indigo-500/20 
text-indigo-400'
[39m
[31m+                    
                     : 
'text-white/60 
hover:text-white 
hover:bg-white/5'
[39m
[31m+                    
                     }`}
[39m
[31m+                    
             >
[39m
[31m+                    
                 <Icon 
size={20} />
[39m
[31m+                    
                 {label}
[39m
[31m+                    
             </Link>
[39m
[31m+                    
         ))}
[39m
[31m+                    
         <div 
className="pt-4 mt-4 
border-t border-white/10">
[39m
[31m+                    
             {user ? (
[39m
[31m+                    
                 <div 
className="flex 
items-center 
justify-between p-4 
bg-white/5 rounded-2xl">
[39m
[31m+                    
                     <div 
className="flex 
items-center gap-3">
[39m
[31m+                    
                         
<div className="w-10 h-10 
rounded-full 
bg-indigo-500 flex 
items-center 
justify-center font-black 
text-white">
[39m
[31m+                    
                          
   {initials}
[39m
[31m+                    
                         
</div>
[39m
[31m+                    
                         
<div className="text-sm">
[39m
[31m+                    
                          
   <div 
className="text-white 
font-bold truncate max-w-[
150px]">{displayName}</div
>
[39m
[31m+                    
                          
   <div 
className="text-white/40 
text-xs">Student 
Account</div>
[39m
[31m+                    
                         
</div>
[39m
[31m+                    
                     
</div>
[39m
[31m+                    
                     
<button
[39m
[31m+                    
                         
onClick={() => { 
setMenuOpen(false); 
handleSignOut(); }}
[39m
[31m+                    
                         
className="p-3 
text-rose-400 
hover:bg-rose-400/10 
rounded-xl 
transition-colors"
[39m
[31m+                    
                     >
[39m
[31m+                    
                         
<LogOut size={20} />
[39m
[31m+                    
                     
</button>
[39m
[31m+                    
                 </div>
[39m
[31m+                    
             ) : (
[39m
[31m+                    
                 <div 
className="grid 
grid-cols-2 gap-3">
[39m
[31m+                    
                     
<Link to="/login" 
className="flex 
items-center 
justify-center p-4 
rounded-2xl border 
border-white/10 
text-white/70 font-bold">
[39m
[31m+                    
                         
Login
[39m
[31m+                    
                     
</Link>
[39m
[31m+                    
                     
<Link to="/signup" 
className="flex 
items-center 
justify-center p-4 
rounded-2xl bg-indigo-500 
text-white font-black 
shadow-lg">
[39m
[31m+                    
                         
Sign Up
[39m
[31m+                    
                     
</Link>
[39m
[31m+                    
                 </div>
[39m
[31m+                    
             )}
[39m
[31m+                    
         </div>
[39m
[31m+                    
     </div>
[39m
[31m+                    
 </motion.div>
[39m
[31m+                 )}
[39m
[31m+             
</AnimatePresence>
[39m
[31m+         </nav>
[39m
[31m+     );
[39m
[31m+ }
[39m
[31m+[39m

[36m [2mΓ¥»[22m src/com
ponents/StudentNavbar.test
.ts:[2m117:24[22m[39m
    [90m115|[39m     [3
4mit[39m([32m'applies 
active color when 
activePage is 
reports'[39m[33m,[39m 
() [33m=>[39m {
    [90m116|[39m        
 [34mexpect[39m(source)
[33m.[39m[34mtoContain[
39m([32m"activePage === '
reports'"[39m)[33m;[39m
    [90m117|[39m        
 [34mexpect[39m(source)
[33m.[39m[34mtoContain[
39m([32m'#6366F1'[39m)[
33m;[39m
    [90m   |[39m        
                
[31m^[39m
    [90m118|[39m     
})[33m;[39m
    [90m119|[39m

[31m[2mΓÄ»ΓÄ»ΓÄ»ΓÄ»ΓÄ»ΓÄ
»ΓÄ»ΓÄ»ΓÄ»ΓÄ»ΓÄ»ΓÄ»ΓÄ»ΓÄ»Γ
Ä»ΓÄ»ΓÄ»ΓÄ»ΓÄ»ΓÄ»ΓÄ»ΓÄ»[14
/75]ΓÄ»[22m[39m

[41m[1m FAIL [22m[49m 
src/components/StudentNavb
ar.test.ts[2m > 
[22mStudentNavbar ΓÇô 
Reports link 
(Requirements 1.1, 1.2, 
1.3, 1.4)[2m > 
[22mapplies active 
border when activePage is 
reports
[31m[1mAssertionError[2
2m: expected 'import { 
useState } from 
\'react\';\rΓÇª' to 
contain '2px solid 
#6366F1'[39m

[32m- Expected[39m
[31m+ Received[39m

[32m- 2px solid 
#6366F1[39m
[31m+ import { useState 
} from 'react';
[39m
[31m+ import { Link, 
useLocation, useNavigate 
} from 'react-router-dom';
[39m
[31m+ import { Zap, 
LayoutDashboard, 
BookOpen, BarChart2, 
Gamepad2, LogOut, Menu, 
X, Library } from 
'lucide-react';
[39m
[31m+ import { motion, 
AnimatePresence } from 
'framer-motion';
[39m
[31m+ import { useAuth } 
from 
'../contexts/AuthContext';
[39m
[31m+ import { 
getInitials } from 
'../utils/scoring';
[39m
[31m+ 
[39m
[31m+ interface 
StudentNavbarProps {
[39m
[31m+     activePage?: 
string;
[39m
[31m+ }
[39m
[31m+ 
[39m
[31m+ export function 
StudentNavbar({ 
activePage }: 
StudentNavbarProps = {}) {
[39m
[31m+     const { user, 
userProfile, signOut } = 
useAuth();
[39m
[31m+     const navigate 
= useNavigate();
[39m
[31m+     const location 
= useLocation();
[39m
[31m+     const 
[menuOpen, setMenuOpen] = 
useState(false);
[39m
[31m+ 
[39m
[31m+     const logoHref 
= user ? 
'/student/dashboard' : 
'/';
[39m
[31m+ 
[39m
[31m+     const 
handleSignOut = async () 
=> {
[39m
[31m+         await 
signOut();
[39m
[31m+         
navigate('/');
[39m
[31m+     };
[39m
[31m+ 
[39m
[31m+     const isActive 
= (path: string) =>
[39m
[31m+         activePage
[39m
[31m+             ? 
activePage === path || 
activePage === 'reports' 
&& path === 
'/student/reports'
[39m
[31m+             : 
location.pathname === 
path || location.pathname.
startsWith(path + '/');
[39m
[31m+ 
[39m
[31m+     const navLinks 
= [
[39m
[31m+         { to: 
'/student/dashboard', 
label: 'Dashboard', icon: 
LayoutDashboard },
[39m
[31m+         { to: 
'/student', label: 
'Browse Quizzes', icon: 
BookOpen },
[39m
[31m+         { to: 
'/student/library', 
label: 'Library', icon: 
Library },
[39m
[31m+         { to: 
'/student/reports', 
label: 'Reports', icon: 
BarChart2 },
[39m
[31m+     ];
[39m
[31m+ 
[39m
[31m+     const 
displayName = 
userProfile?.displayName 
?? user?.email ?? '';
[39m
[31m+     const initials 
= 
getInitials(displayName);
[39m
[31m+ 
[39m
[31m+     return (
[39m
[31m+         <nav 
className="sticky top-0 
z-50 bg-[#0F0C29]/95 
backdrop-blur-xl border-b 
border-white/10 font-sans 
shadow-lg">
[39m
[31m+             <div 
className="max-w-7xl 
mx-auto px-4 sm:px-6 
lg:px-8 h-16 flex 
items-center 
justify-between">
[39m
[31m+ 
[39m
[31m+                 
{/* Logo Section */}
[39m
[31m+                 
<Link to={logoHref} 
className="flex 
items-center gap-2.5 
group">
[39m
[31m+                    
 <div className="w-9 h-9 
rounded-xl 
bg-gradient-to-br 
from-[#FF5C1A] 
to-[#FF8C42] flex 
items-center 
justify-center shadow-lg 
shadow-orange-600/30 
group-hover:scale-105 
transition-transform">
[39m
[31m+                    
     <Zap size={18} 
color="white" 
fill="white" />
[39m
[31m+                    
 </div>
[39m
[31m+                    
 <span 
className="text-white 
font-black text-xl 
tracking-tight">
[39m
[31m+                    
     Quizly
[39m
[31m+                    
 </span>
[39m
[31m+                 
</Link>
[39m
[31m+ 
[39m
[31m+                 
{/* Desktop Navigation 
Links */}
[39m
[31m+                 
<div className="hidden 
lg:flex items-center 
gap-1.5 flex-1 
justify-center px-8">
[39m
[31m+                    
 {navLinks.map(({ to, 
label, icon: Icon }) => {
[39m
[31m+                    
     const isReports = 
label === 'Reports';
[39m
[31m+                    
     const active = 
isActive(isReports ? 
'reports' : to);
[39m
[31m+                    
     return (
[39m
[31m+                    
         <Link
[39m
[31m+                    
             key={to}
[39m
[31m+                    
             to={to}
[39m
[31m+                    
             
className={`flex 
items-center gap-2 px-4 
py-2 rounded-xl text-sm 
font-bold transition-all 
duration-200 border-b-2 
${active
[39m
[31m+                    
                 ? 
'bg-indigo-500/10 
text-indigo-400 
border-indigo-500 
shadow-sm'
[39m
[31m+                    
                 : 
'text-white/60 
border-transparent 
hover:text-white 
hover:bg-white/5'
[39m
[31m+                    
                 }`}
[39m
[31m+                    
         >
[39m
[31m+                    
             <Icon 
size={16} />
[39m
[31m+                    
             {label}
[39m
[31m+                    
         </Link>
[39m
[31m+                    
     );
[39m
[31m+                    
 })}
[39m
[31m+                 
</div>
[39m
[31m+ 
[39m
[31m+                 
{/* Desktop Right Side 
Actions */}
[39m
[31m+                 
<div className="hidden 
lg:flex items-center 
gap-4">
[39m
[31m+                    
 <Link
[39m
[31m+                    
     to="/join"
[39m
[31m+                    
     className="flex 
items-center gap-2 px-5 
py-2.5 rounded-xl 
bg-gradient-to-r 
from-indigo-600 
to-indigo-500 text-white 
text-sm font-black 
shadow-lg 
shadow-indigo-600/30 
hover:opacity-90 
active:scale-95 
transition-all"
[39m
[31m+                    
 >
[39m
[31m+                    
     <Gamepad2 size={16} 
/>
[39m
[31m+                    
     Join Live
[39m
[31m+                    
 </Link>
[39m
[31m+ 
[39m
[31m+                    
 {user ? (
[39m
[31m+                    
     <div className="flex 
items-center gap-4 pl-4 
border-l border-white/10">
[39m
[31m+                    
         <div 
className="w-9 h-9 
rounded-full 
bg-gradient-to-br 
from-indigo-500 
to-purple-600 flex 
items-center 
justify-center text-xs 
font-black text-white 
ring-2 ring-white/10">
[39m
[31m+                    
             {initials}
[39m
[31m+                    
         </div>
[39m
[31m+                    
         <button
[39m
[31m+                    
             
onClick={handleSignOut}
[39m
[31m+                    
             
className="flex 
items-center gap-2 px-3 
py-2 rounded-lg 
bg-white/5 border 
border-white/10 
text-white/70 text-xs 
font-bold 
hover:bg-white/10 
hover:text-white 
transition-all 
cursor-pointer"
[39m
[31m+                    
         >
[39m
[31m+                    
             <LogOut 
size={14} />
[39m
[31m+                    
             Sign Out
[39m
[31m+                    
         </button>
[39m
[31m+                    
     </div>
[39m
[31m+                    
 ) : (
[39m
[31m+                    
     <div className="flex 
items-center gap-3">
[39m
[31m+                    
         <Link 
to="/login" 
className="text-white/70 
hover:text-white px-4 
py-2 text-sm font-bold 
transition-colors">
[39m
[31m+                    
             Login
[39m
[31m+                    
         </Link>
[39m
[31m+                    
         <Link
[39m
[31m+                    
             to="/signup"
[39m
[31m+                    
             
className="bg-white 
text-[#0F0C29] px-5 
py-2.5 rounded-xl text-sm 
font-black 
hover:bg-white/90 
transition-colors"
[39m
[31m+                    
         >
[39m
[31m+                    
             Get Started
[39m
[31m+                    
         </Link>
[39m
[31m+                    
     </div>
[39m
[31m+                    
 )}
[39m
[31m+                 
</div>
[39m
[31m+ 
[39m
[31m+                 
{/* Mobile & Split-Screen 
Hamburger Toggle */}
[39m
[31m+                 
<div className="lg:hidden 
flex items-center gap-3">
[39m
[31m+                    
 <Link
[39m
[31m+                    
     to="/join"
[39m
[31m+                    
     className="flex 
items-center 
justify-center w-10 h-10 
rounded-xl bg-indigo-500 
text-white shadow-lg 
shadow-indigo-600/30 
sm:w-auto sm:px-4 
sm:gap-2"
[39m
[31m+                    
 >
[39m
[31m+                    
     <Gamepad2 size={18} 
/>
[39m
[31m+                    
     <span 
className="hidden 
sm:inline text-xs 
font-black">Join</span>
[39m
[31m+                    
 </Link>
[39m
[31m+ 
[39m
[31m+                    
 <button
[39m
[31m+                    
     onClick={() => 
setMenuOpen(!menuOpen)}
[39m
[31m+                    
     className="w-10 h-10 
flex items-center 
justify-center rounded-xl 
bg-white/5 border 
border-white/10 
text-white 
active:bg-white/10 
transition-colors"
[39m
[31m+                    
     aria-label={menuOpen 
? 'Close menu' : 'Open 
menu'}
[39m
[31m+                    
 >
[39m
[31m+                    
     {menuOpen ? <X 
size={24} /> : <Menu 
size={24} />}
[39m
[31m+                    
 </button>
[39m
[31m+                 
</div>
[39m
[31m+             </div>
[39m
[31m+ 
[39m
[31m+             {/* 
Mobile / Split-Screen 
Menu Dropdown */}
[39m
[31m+             
<AnimatePresence>
[39m
[31m+                 
{menuOpen && (
[39m
[31m+                    
 <motion.div
[39m
[31m+                    
     initial={{ opacity: 
0, height: 0 }}
[39m
[31m+                    
     animate={{ opacity: 
1, height: 'auto' }}
[39m
[31m+                    
     exit={{ opacity: 0, 
height: 0 }}
[39m
[31m+                    
     className="lg:hidden 
border-t border-white/10 
bg-[#0F0C29] 
overflow-hidden"
[39m
[31m+                    
 >
[39m
[31m+                    
     <div className="px-4 
py-6 space-y-2">
[39m
[31m+                    
         {navLinks.map(({ 
to, label, icon: Icon }) 
=> (
[39m
[31m+                    
             <Link
[39m
[31m+                    
                 key={to}
[39m
[31m+                    
                 to={to}
[39m
[31m+                    
                 
onClick={() => 
setMenuOpen(false)}
[39m
[31m+                    
                 
className={`flex 
items-center gap-3 p-4 
rounded-2xl text-base 
font-bold transition-all 
${isActive(to)
[39m
[31m+                    
                     ? 
'bg-indigo-500/20 
text-indigo-400'
[39m
[31m+                    
                     : 
'text-white/60 
hover:text-white 
hover:bg-white/5'
[39m
[31m+                    
                     }`}
[39m
[31m+                    
             >
[39m
[31m+                    
                 <Icon 
size={20} />
[39m
[31m+                    
                 {label}
[39m
[31m+                    
             </Link>
[39m
[31m+                    
         ))}
[39m
[31m+                    
         <div 
className="pt-4 mt-4 
border-t border-white/10">
[39m
[31m+                    
             {user ? (
[39m
[31m+                    
                 <div 
className="flex 
items-center 
justify-between p-4 
bg-white/5 rounded-2xl">
[39m
[31m+                    
                     <div 
className="flex 
items-center gap-3">
[39m
[31m+                    
                         
<div className="w-10 h-10 
rounded-full 
bg-indigo-500 flex 
items-center 
justify-center font-black 
text-white">
[39m
[31m+                    
                          
   {initials}
[39m
[31m+                    
                         
</div>
[39m
[31m+                    
                         
<div className="text-sm">
[39m
[31m+                    
                          
   <div 
className="text-white 
font-bold truncate max-w-[
150px]">{displayName}</div
>
[39m
[31m+                    
                          
   <div 
className="text-white/40 
text-xs">Student 
Account</div>
[39m
[31m+                    
                         
</div>
[39m
[31m+                    
                     
</div>
[39m
[31m+                    
                     
<button
[39m
[31m+                    
                         
onClick={() => { 
setMenuOpen(false); 
handleSignOut(); }}
[39m
[31m+                    
                         
className="p-3 
text-rose-400 
hover:bg-rose-400/10 
rounded-xl 
transition-colors"
[39m
[31m+                    
                     >
[39m
[31m+                    
                         
<LogOut size={20} />
[39m
[31m+                    
                     
</button>
[39m
[31m+                    
                 </div>
[39m
[31m+                    
             ) : (
[39m
[31m+                    
                 <div 
className="grid 
grid-cols-2 gap-3">
[39m
[31m+                    
                     
<Link to="/login" 
className="flex 
items-center 
justify-center p-4 
rounded-2xl border 
border-white/10 
text-white/70 font-bold">
[39m
[31m+                    
                         
Login
[39m
[31m+                    
                     
</Link>
[39m
[31m+                    
                     
<Link to="/signup" 
className="flex 
items-center 
justify-center p-4 
rounded-2xl bg-indigo-500 
text-white font-black 
shadow-lg">
[39m
[31m+                    
                         
Sign Up
[39m
[31m+                    
                     
</Link>
[39m
[31m+                    
                 </div>
[39m
[31m+                    
             )}
[39m
[31m+                    
         </div>
[39m
[31m+                    
     </div>
[39m
[31m+                    
 </motion.div>
[39m
[31m+                 )}
[39m
[31m+             
</AnimatePresence>
[39m
[31m+         </nav>
[39m
[31m+     );
[39m
[31m+ }
[39m
[31m+[39m

[36m [2mΓ¥»[22m src/com
ponents/StudentNavbar.test
.ts:[2m121:24[22m[39m
    [90m119|[39m
    [90m120|[39m     [3
4mit[39m([32m'applies 
active border when 
activePage is 
reports'[39m[33m,[39m 
() [33m=>[39m {
    [90m121|[39m        
 [34mexpect[39m(source)
[33m.[39m[34mtoContain[
39m([32m"2px solid 
#6366F1"[39m)[33m;[39m
    [90m   |[39m        
                
[31m^[39m
    [90m122|[39m     
})[33m;[39m
    [90m123|[39m

[31m[2mΓÄ»ΓÄ»ΓÄ»ΓÄ»ΓÄ»ΓÄ
»ΓÄ»ΓÄ»ΓÄ»ΓÄ»ΓÄ»ΓÄ»ΓÄ»ΓÄ»Γ
Ä»ΓÄ»ΓÄ»ΓÄ»ΓÄ»ΓÄ»ΓÄ»ΓÄ»[15
/75]ΓÄ»[22m[39m

[41m[1m FAIL [22m[49m 
src/components/StudentNavb
ar.test.ts[2m > 
[22mStudentNavbar ΓÇô 
Reports link 
(Requirements 1.1, 1.2, 
1.3, 1.4)[2m > 
[22mincludes Reports 
link in mobile menu
[31m[1mAssertionError[2
2m: expected 0 to be 
greater than or equal to 
2[39m
[36m [2mΓ¥»[22m src/com
ponents/StudentNavbar.test
.ts:[2m127:33[22m[39m
    [90m125|[39m        
 [90m// Both desktop and 
mobile menus contain the 
reports link[39m
    [90m126|[39m        
 const reportLinkCount = (
source.match(/to="\/studen
t\/reports"ΓÇª
    [90m127|[39m        
 [34mexpect[39m(reportLi
nkCount)[33m.[39m[34mto
BeGreaterThanOrEqual[39m(
[34m2[39m)[33m;[39m
    [90m   |[39m        
                         
[31m^[39m
    [90m128|[39m     
})[33m;[39m
    [90m129|[39m 
})[33m;[39m

[31m[2mΓÄ»ΓÄ»ΓÄ»ΓÄ»ΓÄ»ΓÄ
»ΓÄ»ΓÄ»ΓÄ»ΓÄ»ΓÄ»ΓÄ»ΓÄ»ΓÄ»Γ
Ä»ΓÄ»ΓÄ»ΓÄ»ΓÄ»ΓÄ»ΓÄ»ΓÄ»[16
/75]ΓÄ»[22m[39m

[41m[1m FAIL [22m[49m 
src/components/StudentNavb
ar.test.ts[2m > 
[22mStudentNavbar ΓÇô 
Library link (Requirement 
3.1)[2m > [22mLibrary 
link uses the Library 
icon from lucide-react
[31m[1mAssertionError[2
2m: expected 'import { 
useState } from 
\'react\';\rΓÇª' to 
contain 'Library,'[39m

[32m- Expected[39m
[31m+ Received[39m

[32m- Library,[39m
[31m+ import { useState 
} from 'react';
[39m
[31m+ import { Link, 
useLocation, useNavigate 
} from 'react-router-dom';
[39m
[31m+ import { Zap, 
LayoutDashboard, 
BookOpen, BarChart2, 
Gamepad2, LogOut, Menu, 
X, Library } from 
'lucide-react';
[39m
[31m+ import { motion, 
AnimatePresence } from 
'framer-motion';
[39m
[31m+ import { useAuth } 
from 
'../contexts/AuthContext';
[39m
[31m+ import { 
getInitials } from 
'../utils/scoring';
[39m
[31m+ 
[39m
[31m+ interface 
StudentNavbarProps {
[39m
[31m+     activePage?: 
string;
[39m
[31m+ }
[39m
[31m+ 
[39m
[31m+ export function 
StudentNavbar({ 
activePage }: 
StudentNavbarProps = {}) {
[39m
[31m+     const { user, 
userProfile, signOut } = 
useAuth();
[39m
[31m+     const navigate 
= useNavigate();
[39m
[31m+     const location 
= useLocation();
[39m
[31m+     const 
[menuOpen, setMenuOpen] = 
useState(false);
[39m
[31m+ 
[39m
[31m+     const logoHref 
= user ? 
'/student/dashboard' : 
'/';
[39m
[31m+ 
[39m
[31m+     const 
handleSignOut = async () 
=> {
[39m
[31m+         await 
signOut();
[39m
[31m+         
navigate('/');
[39m
[31m+     };
[39m
[31m+ 
[39m
[31m+     const isActive 
= (path: string) =>
[39m
[31m+         activePage
[39m
[31m+             ? 
activePage === path || 
activePage === 'reports' 
&& path === 
'/student/reports'
[39m
[31m+             : 
location.pathname === 
path || location.pathname.
startsWith(path + '/');
[39m
[31m+ 
[39m
[31m+     const navLinks 
= [
[39m
[31m+         { to: 
'/student/dashboard', 
label: 'Dashboard', icon: 
LayoutDashboard },
[39m
[31m+         { to: 
'/student', label: 
'Browse Quizzes', icon: 
BookOpen },
[39m
[31m+         { to: 
'/student/library', 
label: 'Library', icon: 
Library },
[39m
[31m+         { to: 
'/student/reports', 
label: 'Reports', icon: 
BarChart2 },
[39m
[31m+     ];
[39m
[31m+ 
[39m
[31m+     const 
displayName = 
userProfile?.displayName 
?? user?.email ?? '';
[39m
[31m+     const initials 
= 
getInitials(displayName);
[39m
[31m+ 
[39m
[31m+     return (
[39m
[31m+         <nav 
className="sticky top-0 
z-50 bg-[#0F0C29]/95 
backdrop-blur-xl border-b 
border-white/10 font-sans 
shadow-lg">
[39m
[31m+             <div 
className="max-w-7xl 
mx-auto px-4 sm:px-6 
lg:px-8 h-16 flex 
items-center 
justify-between">
[39m
[31m+ 
[39m
[31m+                 
{/* Logo Section */}
[39m
[31m+                 
<Link to={logoHref} 
className="flex 
items-center gap-2.5 
group">
[39m
[31m+                    
 <div className="w-9 h-9 
rounded-xl 
bg-gradient-to-br 
from-[#FF5C1A] 
to-[#FF8C42] flex 
items-center 
justify-center shadow-lg 
shadow-orange-600/30 
group-hover:scale-105 
transition-transform">
[39m
[31m+                    
     <Zap size={18} 
color="white" 
fill="white" />
[39m
[31m+                    
 </div>
[39m
[31m+                    
 <span 
className="text-white 
font-black text-xl 
tracking-tight">
[39m
[31m+                    
     Quizly
[39m
[31m+                    
 </span>
[39m
[31m+                 
</Link>
[39m
[31m+ 
[39m
[31m+                 
{/* Desktop Navigation 
Links */}
[39m
[31m+                 
<div className="hidden 
lg:flex items-center 
gap-1.5 flex-1 
justify-center px-8">
[39m
[31m+                    
 {navLinks.map(({ to, 
label, icon: Icon }) => {
[39m
[31m+                    
     const isReports = 
label === 'Reports';
[39m
[31m+                    
     const active = 
isActive(isReports ? 
'reports' : to);
[39m
[31m+                    
     return (
[39m
[31m+                    
         <Link
[39m
[31m+                    
             key={to}
[39m
[31m+                    
             to={to}
[39m
[31m+                    
             
className={`flex 
items-center gap-2 px-4 
py-2 rounded-xl text-sm 
font-bold transition-all 
duration-200 border-b-2 
${active
[39m
[31m+                    
                 ? 
'bg-indigo-500/10 
text-indigo-400 
border-indigo-500 
shadow-sm'
[39m
[31m+                    
                 : 
'text-white/60 
border-transparent 
hover:text-white 
hover:bg-white/5'
[39m
[31m+                    
                 }`}
[39m
[31m+                    
         >
[39m
[31m+                    
             <Icon 
size={16} />
[39m
[31m+                    
             {label}
[39m
[31m+                    
         </Link>
[39m
[31m+                    
     );
[39m
[31m+                    
 })}
[39m
[31m+                 
</div>
[39m
[31m+ 
[39m
[31m+                 
{/* Desktop Right Side 
Actions */}
[39m
[31m+                 
<div className="hidden 
lg:flex items-center 
gap-4">
[39m
[31m+                    
 <Link
[39m
[31m+                    
     to="/join"
[39m
[31m+                    
     className="flex 
items-center gap-2 px-5 
py-2.5 rounded-xl 
bg-gradient-to-r 
from-indigo-600 
to-indigo-500 text-white 
text-sm font-black 
shadow-lg 
shadow-indigo-600/30 
hover:opacity-90 
active:scale-95 
transition-all"
[39m
[31m+                    
 >
[39m
[31m+                    
     <Gamepad2 size={16} 
/>
[39m
[31m+                    
     Join Live
[39m
[31m+                    
 </Link>
[39m
[31m+ 
[39m
[31m+                    
 {user ? (
[39m
[31m+                    
     <div className="flex 
items-center gap-4 pl-4 
border-l border-white/10">
[39m
[31m+                    
         <div 
className="w-9 h-9 
rounded-full 
bg-gradient-to-br 
from-indigo-500 
to-purple-600 flex 
items-center 
justify-center text-xs 
font-black text-white 
ring-2 ring-white/10">
[39m
[31m+                    
             {initials}
[39m
[31m+                    
         </div>
[39m
[31m+                    
         <button
[39m
[31m+                    
             
onClick={handleSignOut}
[39m
[31m+                    
             
className="flex 
items-center gap-2 px-3 
py-2 rounded-lg 
bg-white/5 border 
border-white/10 
text-white/70 text-xs 
font-bold 
hover:bg-white/10 
hover:text-white 
transition-all 
cursor-pointer"
[39m
[31m+                    
         >
[39m
[31m+                    
             <LogOut 
size={14} />
[39m
[31m+                    
             Sign Out
[39m
[31m+                    
         </button>
[39m
[31m+                    
     </div>
[39m
[31m+                    
 ) : (
[39m
[31m+                    
     <div className="flex 
items-center gap-3">
[39m
[31m+                    
         <Link 
to="/login" 
className="text-white/70 
hover:text-white px-4 
py-2 text-sm font-bold 
transition-colors">
[39m
[31m+                    
             Login
[39m
[31m+                    
         </Link>
[39m
[31m+                    
         <Link
[39m
[31m+                    
             to="/signup"
[39m
[31m+                    
             
className="bg-white 
text-[#0F0C29] px-5 
py-2.5 rounded-xl text-sm 
font-black 
hover:bg-white/90 
transition-colors"
[39m
[31m+                    
         >
[39m
[31m+                    
             Get Started
[39m
[31m+                    
         </Link>
[39m
[31m+                    
     </div>
[39m
[31m+                    
 )}
[39m
[31m+                 
</div>
[39m
[31m+ 
[39m
[31m+                 
{/* Mobile & Split-Screen 
Hamburger Toggle */}
[39m
[31m+                 
<div className="lg:hidden 
flex items-center gap-3">
[39m
[31m+                    
 <Link
[39m
[31m+                    
     to="/join"
[39m
[31m+                    
     className="flex 
items-center 
justify-center w-10 h-10 
rounded-xl bg-indigo-500 
text-white shadow-lg 
shadow-indigo-600/30 
sm:w-auto sm:px-4 
sm:gap-2"
[39m
[31m+                    
 >
[39m
[31m+                    
     <Gamepad2 size={18} 
/>
[39m
[31m+                    
     <span 
className="hidden 
sm:inline text-xs 
font-black">Join</span>
[39m
[31m+                    
 </Link>
[39m
[31m+ 
[39m
[31m+                    
 <button
[39m
[31m+                    
     onClick={() => 
setMenuOpen(!menuOpen)}
[39m
[31m+                    
     className="w-10 h-10 
flex items-center 
justify-center rounded-xl 
bg-white/5 border 
border-white/10 
text-white 
active:bg-white/10 
transition-colors"
[39m
[31m+                    
     aria-label={menuOpen 
? 'Close menu' : 'Open 
menu'}
[39m
[31m+                    
 >
[39m
[31m+                    
     {menuOpen ? <X 
size={24} /> : <Menu 
size={24} />}
[39m
[31m+                    
 </button>
[39m
[31m+                 
</div>
[39m
[31m+             </div>
[39m
[31m+ 
[39m
[31m+             {/* 
Mobile / Split-Screen 
Menu Dropdown */}
[39m
[31m+             
<AnimatePresence>
[39m
[31m+                 
{menuOpen && (
[39m
[31m+                    
 <motion.div
[39m
[31m+                    
     initial={{ opacity: 
0, height: 0 }}
[39m
[31m+                    
     animate={{ opacity: 
1, height: 'auto' }}
[39m
[31m+                    
     exit={{ opacity: 0, 
height: 0 }}
[39m
[31m+                    
     className="lg:hidden 
border-t border-white/10 
bg-[#0F0C29] 
overflow-hidden"
[39m
[31m+                    
 >
[39m
[31m+                    
     <div className="px-4 
py-6 space-y-2">
[39m
[31m+                    
         {navLinks.map(({ 
to, label, icon: Icon }) 
=> (
[39m
[31m+                    
             <Link
[39m
[31m+                    
                 key={to}
[39m
[31m+                    
                 to={to}
[39m
[31m+                    
                 
onClick={() => 
setMenuOpen(false)}
[39m
[31m+                    
                 
className={`flex 
items-center gap-3 p-4 
rounded-2xl text-base 
font-bold transition-all 
${isActive(to)
[39m
[31m+                    
                     ? 
'bg-indigo-500/20 
text-indigo-400'
[39m
[31m+                    
                     : 
'text-white/60 
hover:text-white 
hover:bg-white/5'
[39m
[31m+                    
                     }`}
[39m
[31m+                    
             >
[39m
[31m+                    
                 <Icon 
size={20} />
[39m
[31m+                    
                 {label}
[39m
[31m+                    
             </Link>
[39m
[31m+                    
         ))}
[39m
[31m+                    
         <div 
className="pt-4 mt-4 
border-t border-white/10">
[39m
[31m+                    
             {user ? (
[39m
[31m+                    
                 <div 
className="flex 
items-center 
justify-between p-4 
bg-white/5 rounded-2xl">
[39m
[31m+                    
                     <div 
className="flex 
items-center gap-3">
[39m
[31m+                    
                         
<div className="w-10 h-10 
rounded-full 
bg-indigo-500 flex 
items-center 
justify-center font-black 
text-white">
[39m
[31m+                    
                          
   {initials}
[39m
[31m+                    
                         
</div>
[39m
[31m+                    
                         
<div className="text-sm">
[39m
[31m+                    
                          
   <div 
className="text-white 
font-bold truncate max-w-[
150px]">{displayName}</div
>
[39m
[31m+                    
                          
   <div 
className="text-white/40 
text-xs">Student 
Account</div>
[39m
[31m+                    
                         
</div>
[39m
[31m+                    
                     
</div>
[39m
[31m+                    
                     
<button
[39m
[31m+                    
                         
onClick={() => { 
setMenuOpen(false); 
handleSignOut(); }}
[39m
[31m+                    
                         
className="p-3 
text-rose-400 
hover:bg-rose-400/10 
rounded-xl 
transition-colors"
[39m
[31m+                    
                     >
[39m
[31m+                    
                         
<LogOut size={20} />
[39m
[31m+                    
                     
</button>
[39m
[31m+                    
                 </div>
[39m
[31m+                    
             ) : (
[39m
[31m+                    
                 <div 
className="grid 
grid-cols-2 gap-3">
[39m
[31m+                    
                     
<Link to="/login" 
className="flex 
items-center 
justify-center p-4 
rounded-2xl border 
border-white/10 
text-white/70 font-bold">
[39m
[31m+                    
                         
Login
[39m
[31m+                    
                     
</Link>
[39m
[31m+                    
                     
<Link to="/signup" 
className="flex 
items-center 
justify-center p-4 
rounded-2xl bg-indigo-500 
text-white font-black 
shadow-lg">
[39m
[31m+                    
                         
Sign Up
[39m
[31m+                    
                     
</Link>
[39m
[31m+                    
                 </div>
[39m
[31m+                    
             )}
[39m
[31m+                    
         </div>
[39m
[31m+                    
     </div>
[39m
[31m+                    
 </motion.div>
[39m
[31m+                 )}
[39m
[31m+             
</AnimatePresence>
[39m
[31m+         </nav>
[39m
[31m+     );
[39m
[31m+ }
[39m
[31m+[39m

[36m [2mΓ¥»[22m src/com
ponents/StudentNavbar.test
.ts:[2m144:24[22m[39m
    [90m142|[39m
    [90m143|[39m     [3
4mit[39m([32m'Library 
link uses the Library 
icon from lucide-react'[3
9m[33m,[39m () 
[33m=>[39m {
    [90m144|[39m        
 [34mexpect[39m(source)
[33m.[39m[34mtoContain[
39m([32m'Library,'[39m)
[33m;[39m
    [90m   |[39m        
                
[31m^[39m
    [90m145|[39m        
 [34mexpect[39m(source)
[33m.[39m[34mtoContain[
39m([32m"icon: 
Library"[39m)[33m;[39m
    [90m146|[39m     
})[33m;[39m

[31m[2mΓÄ»ΓÄ»ΓÄ»ΓÄ»ΓÄ»ΓÄ
»ΓÄ»ΓÄ»ΓÄ»ΓÄ»ΓÄ»ΓÄ»ΓÄ»ΓÄ»Γ
Ä»ΓÄ»ΓÄ»ΓÄ»ΓÄ»ΓÄ»ΓÄ»ΓÄ»[17
/75]ΓÄ»[22m[39m

[41m[1m FAIL [22m[49m 
src/components/StudentRout
e.test.ts[2m > 
[22mStudentRoute ΓÇô 
teacher role (Requirement 
2.5)[2m > [22mchecks 
userProfile role for 
teacher
[31m[1mAssertionError[2
2m: expected 'import type 
{ ReactNode } from 
\'reacΓÇª' to contain 
'role === 
\'teacher\''[39m

[32m- Expected[39m
[31m+ Received[39m

[32m- role === 
'teacher'[39m
[31m+ import type { 
ReactNode } from 'react';
[39m
[31m+ import { Navigate 
} from 'react-router-dom';
[39m
[31m+ import { useAuth } 
from 
'../contexts/AuthContext';
[39m
[31m+ 
[39m
[31m+ interface 
StudentRouteProps {
[39m
[31m+     children: 
ReactNode;
[39m
[31m+ }
[39m
[31m+ 
[39m
[31m+ export function 
StudentRoute({ children 
}: StudentRouteProps) {
[39m
[31m+     const { user, 
userProfile, loading } = 
useAuth();
[39m
[31m+ 
[39m
[31m+     if (loading) {
[39m
[31m+         return (
[39m
[31m+             <div 
className="min-h-screen 
flex items-center 
justify-center">
[39m
[31m+                 
<div className="loading-sp
inner" />
[39m
[31m+             </div>
[39m
[31m+         );
[39m
[31m+     }
[39m
[31m+ 
[39m
[31m+     if (!user) {
[39m
[31m+         return 
<Navigate to="/login" 
replace />;
[39m
[31m+     }
[39m
[31m+ 
[39m
[31m+     if 
((userProfile?.role as 
any) !== 'student' && 
(userProfile?.role as 
any) !== 'admin') {
[39m
[31m+         return 
<Navigate to="/teacher" 
replace />;
[39m
[31m+     }
[39m
[31m+ 
[39m
[31m+     return 
<>{children}</>;
[39m
[31m+ }
[39m
[31m+[39m

[36m [2mΓ¥»[22m src/com
ponents/StudentRoute.test.
ts:[2m37:24[22m[39m
    [90m 35|[39m
    [90m 36|[39m     
[34mit[39m([32m'checks 
userProfile role for 
teacher'[39m[33m,[39m 
() [33m=>[39m {
    [90m 37|[39m        
 [34mexpect[39m(source)
[33m.[39m[34mtoContain[
39m([32m"role === 'teache
r'"[39m)[33m;[39m
    [90m   |[39m        
                
[31m^[39m
    [90m 38|[39m     
})[33m;[39m
    [90m 39|[39m 
})[33m;[39m

[31m[2mΓÄ»ΓÄ»ΓÄ»ΓÄ»ΓÄ»ΓÄ
»ΓÄ»ΓÄ»ΓÄ»ΓÄ»ΓÄ»ΓÄ»ΓÄ»ΓÄ»Γ
Ä»ΓÄ»ΓÄ»ΓÄ»ΓÄ»ΓÄ»ΓÄ»ΓÄ»[18
/75]ΓÄ»[22m[39m

[41m[1m FAIL [22m[49m 
src/components/StudentRout
e.test.ts[2m > 
[22mPRESERVATION 5.5 ΓÇö 
StudentRoute: teacher 
redirects to /teacher[2m 
> [22msource checks 
userProfile role for 
'teacher'
[31m[1mAssertionError[2
2m: expected 'import type 
{ ReactNode } from 
\'reacΓÇª' to contain 
'role === 
\'teacher\''[39m

[32m- Expected[39m
[31m+ Received[39m

[32m- role === 
'teacher'[39m
[31m+ import type { 
ReactNode } from 'react';
[39m
[31m+ import { Navigate 
} from 'react-router-dom';
[39m
[31m+ import { useAuth } 
from 
'../contexts/AuthContext';
[39m
[31m+ 
[39m
[31m+ interface 
StudentRouteProps {
[39m
[31m+     children: 
ReactNode;
[39m
[31m+ }
[39m
[31m+ 
[39m
[31m+ export function 
StudentRoute({ children 
}: StudentRouteProps) {
[39m
[31m+     const { user, 
userProfile, loading } = 
useAuth();
[39m
[31m+ 
[39m
[31m+     if (loading) {
[39m
[31m+         return (
[39m
[31m+             <div 
className="min-h-screen 
flex items-center 
justify-center">
[39m
[31m+                 
<div className="loading-sp
inner" />
[39m
[31m+             </div>
[39m
[31m+         );
[39m
[31m+     }
[39m
[31m+ 
[39m
[31m+     if (!user) {
[39m
[31m+         return 
<Navigate to="/login" 
replace />;
[39m
[31m+     }
[39m
[31m+ 
[39m
[31m+     if 
((userProfile?.role as 
any) !== 'student' && 
(userProfile?.role as 
any) !== 'admin') {
[39m
[31m+         return 
<Navigate to="/teacher" 
replace />;
[39m
[31m+     }
[39m
[31m+ 
[39m
[31m+     return 
<>{children}</>;
[39m
[31m+ }
[39m
[31m+[39m

[36m [2mΓ¥»[22m src/com
ponents/StudentRoute.test.
ts:[2m121:24[22m[39m
    [90m119|[39m
    [90m120|[39m     
[34mit[39m([32m"source 
checks userProfile role 
for 'teacher'"[39m[33m,
[39m () [33m=>[39m {
    [90m121|[39m        
 [34mexpect[39m(source)
[33m.[39m[34mtoContain[
39m([32m"role === 'teache
r'"[39m)[33m;[39m
    [90m   |[39m        
                
[31m^[39m
    [90m122|[39m     
})[33m;[39m
    [90m123|[39m

[31m[2mΓÄ»ΓÄ»ΓÄ»ΓÄ»ΓÄ»ΓÄ
»ΓÄ»ΓÄ»ΓÄ»ΓÄ»ΓÄ»ΓÄ»ΓÄ»ΓÄ»Γ
Ä»ΓÄ»ΓÄ»ΓÄ»ΓÄ»ΓÄ»ΓÄ»ΓÄ»[19
/75]ΓÄ»[22m[39m

[41m[1m FAIL [22m[49m 
src/components/TeacherSide
bar.test.ts[2m > 
[22mTeacherSidebar 
navItems ΓÇô count and 
labels[2m > [22mhas 
exactly four nav items
[31m[1mAssertionError[2
2m: Target cannot be null 
or undefined.[39m
[36m [2mΓ¥»[22m src/com
ponents/TeacherSidebar.tes
t.ts:[2m19:22[22m[39m
    [90m 17|[39m [34mde
scribe[39m([32m'TeacherS
idebar navItems ΓÇô count 
and 
labels'[39m[33m,[39m 
() [33m=>[39m {
    [90m 18|[39m   
[34mit[39m([32m'has 
exactly four nav 
items'[39m[33m,[39m () 
[33m=>[39m {
    [90m 19|[39m     [3
4mexpect[39m(navItems)[3
3m.[39m[34mtoHaveLength
[39m([34m4[39m)[33m;[3
9m
    [90m   |[39m        
              [31m^[39m
    [90m 20|[39m   
})[33m;[39m
    [90m 21|[39m

[31m[2mΓÄ»ΓÄ»ΓÄ»ΓÄ»ΓÄ»ΓÄ
»ΓÄ»ΓÄ»ΓÄ»ΓÄ»ΓÄ»ΓÄ»ΓÄ»ΓÄ»Γ
Ä»ΓÄ»ΓÄ»ΓÄ»ΓÄ»ΓÄ»ΓÄ»ΓÄ»[20
/75]ΓÄ»[22m[39m

[41m[1m FAIL [22m[49m 
src/components/TeacherSide
bar.test.ts[2m > 
[22mTeacherSidebar 
navItems ΓÇô count and 
labels[2m > 
[22mcontains the correct 
labels in order
[31m[1mTypeError[22m: 
Cannot read properties of 
undefined (reading 
'map')[39m
[36m [2mΓ¥»[22m src/com
ponents/TeacherSidebar.tes
t.ts:[2m23:29[22m[39m
    [90m 21|[39m
    [90m 22|[39m   [34m
it[39m([32m'contains 
the correct labels in 
order'[39m[33m,[39m () 
[33m=>[39m {
    [90m 23|[39m     
[35mconst[39m labels 
[33m=[39m navItems[33m.
[39m[34mmap[39m(item 
[33m=>[39m item[33m.[3
9mlabel)[33m;[39m
    [90m   |[39m        
                     
[31m^[39m
    [90m 24|[39m     exp
ect(labels).toEqual(['Dash
board', 'My Quizzes', 
'Reports', 'LibΓÇª
    [90m 25|[39m   
})[33m;[39m

[31m[2mΓÄ»ΓÄ»ΓÄ»ΓÄ»ΓÄ»ΓÄ
»ΓÄ»ΓÄ»ΓÄ»ΓÄ»ΓÄ»ΓÄ»ΓÄ»ΓÄ»Γ
Ä»ΓÄ»ΓÄ»ΓÄ»ΓÄ»ΓÄ»ΓÄ»ΓÄ»[21
/75]ΓÄ»[22m[39m

[41m[1m FAIL [22m[49m 
src/components/TeacherSide
bar.test.ts[2m > 
[22mTeacherSidebar 
navItems ΓÇô count and 
labels[2m > [22mdoes 
not contain a "Students" 
item
[31m[1mTypeError[22m: 
Cannot read properties of 
undefined (reading 
'some')[39m
[36m [2mΓ¥»[22m src/com
ponents/TeacherSidebar.tes
t.ts:[2m28:34[22m[39m
    [90m 26|[39m
    [90m 27|[39m   
[34mit[39m([32m'does 
not contain a "Students" 
item'[39m[33m,[39m () 
[33m=>[39m {
    [90m 28|[39m     
const hasStudents = 
navItems.some(item => 
item.label === 
'StudentsΓÇª
    [90m   |[39m        
                          
[31m^[39m
    [90m 29|[39m     [3
4mexpect[39m(hasStudents)
[33m.[39m[34mtoBe[39m(
[35mfalse[39m)[33m;[39
m
    [90m 30|[39m   
})[33m;[39m

[31m[2mΓÄ»ΓÄ»ΓÄ»ΓÄ»ΓÄ»ΓÄ
»ΓÄ»ΓÄ»ΓÄ»ΓÄ»ΓÄ»ΓÄ»ΓÄ»ΓÄ»Γ
Ä»ΓÄ»ΓÄ»ΓÄ»ΓÄ»ΓÄ»ΓÄ»ΓÄ»[22
/75]ΓÄ»[22m[39m

[41m[1m FAIL [22m[49m 
src/components/TeacherSide
bar.test.ts[2m > 
[22mTeacherSidebar 
navItems ΓÇô count and 
labels[2m > 
[22mProperty 1 ΓÇô every 
label is one of the four 
expected labels
[31m[1mTypeError[22m: 
navItems is not iterable 
(cannot read property 
undefined)[39m
[36m [2mΓ¥»[22m src/com
ponents/TeacherSidebar.tes
t.ts:[2m35:22[22m[39m
    [90m 33|[39m     
[35mconst[39m 
expectedLabels 
[33m=[39m [35mnew[39m 
[33mSet[39m([33mEXPECTE
D_ITEMS[39m[33m.[39m[3
4mmap[39m(e [33m=>[39m 
e[33m.[39mlabel))[33m;
[39m
    [90m 34|[39m     fc
[33m.[39m[34massert[39m
(
    [90m 35|[39m       f
c[33m.[39m[34mproperty
[39m(fc[33m.[39m[34mcon
stantFrom[39m([33m...[3
9mnavItems)[33m,[39m 
(item) [33m=>[39m {
    [90m   |[39m        
              [31m^[39m
    [90m 36|[39m        
 [35mreturn[39m expected
Labels[33m.[39m[34mhas
[39m(item[33m.[39mlabel)
[33m;[39m
    [90m 37|[39m       
})[33m,[39m

[31m[2mΓÄ»ΓÄ»ΓÄ»ΓÄ»ΓÄ»ΓÄ
»ΓÄ»ΓÄ»ΓÄ»ΓÄ»ΓÄ»ΓÄ»ΓÄ»ΓÄ»Γ
Ä»ΓÄ»ΓÄ»ΓÄ»ΓÄ»ΓÄ»ΓÄ»ΓÄ»[23
/75]ΓÄ»[22m[39m

[41m[1m FAIL [22m[49m 
src/components/TeacherSide
bar.test.ts[2m > 
[22mTeacherSidebar 
navItems ΓÇô paths[2m > 
[22meach item links to 
the correct path
[31m[1mTypeError[22m: 
Cannot read properties of 
undefined (reading 
'find')[39m
[36m [2mΓ¥»[22m src/com
ponents/TeacherSidebar.tes
t.ts:[2m51:29[22m[39m
    [90m 49|[39m   
[34mit[39m([32m'each 
item links to the correct 
path'[39m[33m,[39m () 
[33m=>[39m {
    [90m 50|[39m     [3
3mEXPECTED_ITEMS[39m[33m
.[39m[34mforEach[39m(({
 label[33m,[39m path }) 
[33m=>[39m {
    [90m 51|[39m       
[35mconst[39m item 
[33m=[39m navItems[33m.
[39m[34mfind[39m(n 
[33m=>[39m 
n[33m.[39mlabel 
[33m===[39m 
label)[33m;[39m
    [90m   |[39m        
                     
[31m^[39m
    [90m 52|[39m       
[34mexpect[39m(item[33m,
[39m [32m`nav item "[39
m[36m${[39mlabel[36m}[
39m[32m" should exist`[3
9m)[33m.[39m[34mtoBeDef
ined[39m()[33m;[39m
    [90m 53|[39m       
[34mexpect[39m(item[33m!
[39m[33m.[39mpath)[33m
.[39m[34mtoBe[39m(path)
[33m;[39m
[90m [2mΓ¥»[22m src/com
ponents/TeacherSidebar.tes
t.ts:[2m50:20[22m[39m

[31m[2mΓÄ»ΓÄ»ΓÄ»ΓÄ»ΓÄ»ΓÄ
»ΓÄ»ΓÄ»ΓÄ»ΓÄ»ΓÄ»ΓÄ»ΓÄ»ΓÄ»Γ
Ä»ΓÄ»ΓÄ»ΓÄ»ΓÄ»ΓÄ»ΓÄ»ΓÄ»[24
/75]ΓÄ»[22m[39m

[41m[1m FAIL [22m[49m 
src/components/TeacherSide
bar.test.ts[2m > 
[22mTeacherSidebar 
navItems ΓÇô paths[2m > 
[22mProperty 2 ΓÇô every 
item path matches its 
expected path
[31m[1mTypeError[22m: 
navItems is not iterable 
(cannot read property 
undefined)[39m
[36m [2mΓ¥»[22m src/com
ponents/TeacherSidebar.tes
t.ts:[2m60:22[22m[39m
    [90m 58|[39m     
const pathMap = new 
Map(EXPECTED_ITEMS.map(e 
=> [e.label, e.path])ΓÇª
    [90m 59|[39m     fc
[33m.[39m[34massert[39m
(
    [90m 60|[39m       f
c[33m.[39m[34mproperty
[39m(fc[33m.[39m[34mcon
stantFrom[39m([33m...[3
9mnavItems)[33m,[39m 
(item) [33m=>[39m {
    [90m   |[39m        
              [31m^[39m
    [90m 61|[39m        
 [35mreturn[39m 
item[33m.[39mpath 
[33m===[39m pathMap[33m
.[39m[35mget[39m(item[
33m.[39mlabel)[33m;[39m
    [90m 62|[39m       
})[33m,[39m

[31m[2mΓÄ»ΓÄ»ΓÄ»ΓÄ»ΓÄ»ΓÄ
»ΓÄ»ΓÄ»ΓÄ»ΓÄ»ΓÄ»ΓÄ»ΓÄ»ΓÄ»Γ
Ä»ΓÄ»ΓÄ»ΓÄ»ΓÄ»ΓÄ»ΓÄ»ΓÄ»[25
/75]ΓÄ»[22m[39m

[41m[1m FAIL [22m[49m 
src/lib/adaptiveQuiz.prope
rty.test.ts[2m > 
[22madaptiveQuiz 
property tests ΓÇö 
Property 5[2m > 
[22mProperty 5: adaptive 
question count bounds ΓÇö 
result length is between 
5 and 20 for in-range 
numQuestions
[31m[1mError[22m: 
Property failed after 1 
tests
{ seed: -741580942, path: 
"0:0:0:0:0:0:0", 
endOnFailure: true }
Counterexample: 
[{"subject":" ","recentSco
res":[],"weakTopics":[],"d
ominantWeakDifficulty":"ea
sy"},5]
Shrunk 6 time(s)

Hint: Enable verbose mode 
in order to have the list 
of all failing values 
encountered during the 
run[39m
[90m [2mΓ¥»[22m 
buildError node_modules/fa
st-check/lib/fast-check.js
:[2m2434:16[22m[39m
[90m [2mΓ¥»[22m 
asyncThrowIfFailed node_mo
dules/fast-check/lib/fast-
check.js:[2m2446:8[22m[
39m

[31m[1mCaused by: 
Error[22m: Gemini API 
key not configured. 
Please set 
VITE_GEMINI_API_KEY in 
your .env file.[39m
[36m [2mΓ¥»[22m 
generateAdaptiveQuestions 
src/lib/adaptiveQuiz.ts:[
2m105:11[22m[39m
[90m [2mΓ¥»[22m src/lib
/adaptiveQuiz.property.tes
t.ts:[2m132:34[22m[39m
[90m [2mΓ¥»[22m 
AsyncProperty.predicate no
de_modules/fast-check/lib/
fast-check.js:[2m1257:104
[22m[39m
[90m [2mΓ¥»[22m 
AsyncProperty.run node_mod
ules/fast-check/lib/fast-c
heck.js:[2m1193:30[22m[
39m
[90m [2mΓ¥»[22m 
asyncRunIt node_modules/fa
st-check/lib/fast-check.js
:[2m2488:30[22m[39m
[90m [2mΓ¥»[22m src/lib
/adaptiveQuiz.property.tes
t.ts:[2m127:7[22m[39m

[31m[2mΓÄ»ΓÄ»ΓÄ»ΓÄ»ΓÄ»ΓÄ
»ΓÄ»ΓÄ»ΓÄ»ΓÄ»ΓÄ»ΓÄ»ΓÄ»ΓÄ»Γ
Ä»ΓÄ»ΓÄ»ΓÄ»ΓÄ»ΓÄ»ΓÄ»ΓÄ»[26
/75]ΓÄ»[22m[39m

[41m[1m FAIL [22m[49m 
src/lib/adaptiveQuiz.prope
rty.test.ts[2m > 
[22madaptiveQuiz 
property tests ΓÇö 
Property 5[2m > 
[22mProperty 5: adaptive 
question count bounds ΓÇö 
result length is at least 
5 when numQuestions < 5 
(clamped)
[31m[1mError[22m: 
Property failed after 1 
tests
{ seed: -392649014, path: 
"0:0:0:0:0", 
endOnFailure: true }
Counterexample: 
[{"subject":" ","recentSco
res":[],"weakTopics":[],"d
ominantWeakDifficulty":"ea
sy"},1]
Shrunk 4 time(s)

Hint: Enable verbose mode 
in order to have the list 
of all failing values 
encountered during the 
run[39m
[90m [2mΓ¥»[22m 
buildError node_modules/fa
st-check/lib/fast-check.js
:[2m2434:16[22m[39m
[90m [2mΓ¥»[22m 
asyncThrowIfFailed node_mo
dules/fast-check/lib/fast-
check.js:[2m2446:8[22m[
39m

[31m[1mCaused by: 
Error[22m: Gemini API 
key not configured. 
Please set 
VITE_GEMINI_API_KEY in 
your .env file.[39m
[36m [2mΓ¥»[22m 
generateAdaptiveQuestions 
src/lib/adaptiveQuiz.ts:[
2m105:11[22m[39m
[90m [2mΓ¥»[22m src/lib
/adaptiveQuiz.property.tes
t.ts:[2m159:34[22m[39m
[90m [2mΓ¥»[22m 
AsyncProperty.predicate no
de_modules/fast-check/lib/
fast-check.js:[2m1257:104
[22m[39m
[90m [2mΓ¥»[22m 
AsyncProperty.run node_mod
ules/fast-check/lib/fast-c
heck.js:[2m1193:30[22m[
39m
[90m [2mΓ¥»[22m 
asyncRunIt node_modules/fa
st-check/lib/fast-check.js
:[2m2488:30[22m[39m
[90m [2mΓ¥»[22m src/lib
/adaptiveQuiz.property.tes
t.ts:[2m154:7[22m[39m

[31m[2mΓÄ»ΓÄ»ΓÄ»ΓÄ»ΓÄ»ΓÄ
»ΓÄ»ΓÄ»ΓÄ»ΓÄ»ΓÄ»ΓÄ»ΓÄ»ΓÄ»Γ
Ä»ΓÄ»ΓÄ»ΓÄ»ΓÄ»ΓÄ»ΓÄ»ΓÄ»[27
/75]ΓÄ»[22m[39m

[41m[1m FAIL [22m[49m 
src/lib/adaptiveQuiz.prope
rty.test.ts[2m > 
[22madaptiveQuiz 
property tests ΓÇö 
Property 5[2m > 
[22mProperty 5: adaptive 
question count bounds ΓÇö 
result length is at most 
20 when numQuestions > 20 
(clamped)
[31m[1mError[22m: 
Property failed after 1 
tests
{ seed: -1907355639, 
path: "0:0:0:0:0:0:0:0", 
endOnFailure: true }
Counterexample: 
[{"subject":" ","recentSco
res":[],"weakTopics":[],"d
ominantWeakDifficulty":"ea
sy"},21]
Shrunk 7 time(s)

Hint: Enable verbose mode 
in order to have the list 
of all failing values 
encountered during the 
run[39m
[90m [2mΓ¥»[22m 
buildError node_modules/fa
st-check/lib/fast-check.js
:[2m2434:16[22m[39m
[90m [2mΓ¥»[22m 
asyncThrowIfFailed node_mo
dules/fast-check/lib/fast-
check.js:[2m2446:8[22m[
39m

[31m[1mCaused by: 
Error[22m: Gemini API 
key not configured. 
Please set 
VITE_GEMINI_API_KEY in 
your .env file.[39m
[36m [2mΓ¥»[22m 
generateAdaptiveQuestions 
src/lib/adaptiveQuiz.ts:[
2m105:11[22m[39m
[90m [2mΓ¥»[22m src/lib
/adaptiveQuiz.property.tes
t.ts:[2m184:34[22m[39m
[90m [2mΓ¥»[22m 
AsyncProperty.predicate no
de_modules/fast-check/lib/
fast-check.js:[2m1257:104
[22m[39m
[90m [2mΓ¥»[22m 
AsyncProperty.run node_mod
ules/fast-check/lib/fast-c
heck.js:[2m1193:30[22m[
39m
[90m [2mΓ¥»[22m 
asyncRunIt node_modules/fa
st-check/lib/fast-check.js
:[2m2488:30[22m[39m
[90m [2mΓ¥»[22m src/lib
/adaptiveQuiz.property.tes
t.ts:[2m179:7[22m[39m

[31m[2mΓÄ»ΓÄ»ΓÄ»ΓÄ»ΓÄ»ΓÄ
»ΓÄ»ΓÄ»ΓÄ»ΓÄ»ΓÄ»ΓÄ»ΓÄ»ΓÄ»Γ
Ä»ΓÄ»ΓÄ»ΓÄ»ΓÄ»ΓÄ»ΓÄ»ΓÄ»[28
/75]ΓÄ»[22m[39m

[41m[1m FAIL [22m[49m 
src/lib/adaptiveQuiz.prope
rty.test.ts[2m > 
[22madaptiveQuiz 
property tests ΓÇö 
Property 6[2m > 
[22mProperty 6: adaptive 
difficulty weighting ΓÇö 
dominant weak difficulty 
tier has the highest 
question count
[31m[1mError[22m: 
Property failed after 1 
tests
{ seed: -1218160420, 
path: "0:0:0:0:0:0", 
endOnFailure: true }
Counterexample: 
[{"subject":" ","recentSco
res":[],"weakTopics":[],"d
ominantWeakDifficulty":"ea
sy"},5]
Shrunk 5 time(s)

Hint: Enable verbose mode 
in order to have the list 
of all failing values 
encountered during the 
run[39m
[90m [2mΓ¥»[22m 
buildError node_modules/fa
st-check/lib/fast-check.js
:[2m2434:16[22m[39m
[90m [2mΓ¥»[22m 
asyncThrowIfFailed node_mo
dules/fast-check/lib/fast-
check.js:[2m2446:8[22m[
39m

[31m[1mCaused by: 
Error[22m: Gemini API 
key not configured. 
Please set 
VITE_GEMINI_API_KEY in 
your .env file.[39m
[36m [2mΓ¥»[22m 
generateAdaptiveQuestions 
src/lib/adaptiveQuiz.ts:[
2m105:11[22m[39m
[90m [2mΓ¥»[22m src/lib
/adaptiveQuiz.property.tes
t.ts:[2m276:34[22m[39m
[90m [2mΓ¥»[22m 
AsyncProperty.predicate no
de_modules/fast-check/lib/
fast-check.js:[2m1257:104
[22m[39m
[90m [2mΓ¥»[22m 
AsyncProperty.run node_mod
ules/fast-check/lib/fast-c
heck.js:[2m1193:30[22m[
39m
[90m [2mΓ¥»[22m 
asyncRunIt node_modules/fa
st-check/lib/fast-check.js
:[2m2488:30[22m[39m
[90m [2mΓ¥»[22m src/lib
/adaptiveQuiz.property.tes
t.ts:[2m271:7[22m[39m

[31m[2mΓÄ»ΓÄ»ΓÄ»ΓÄ»ΓÄ»ΓÄ
»ΓÄ»ΓÄ»ΓÄ»ΓÄ»ΓÄ»ΓÄ»ΓÄ»ΓÄ»Γ
Ä»ΓÄ»ΓÄ»ΓÄ»ΓÄ»ΓÄ»ΓÄ»ΓÄ»[29
/75]ΓÄ»[22m[39m

[41m[1m FAIL [22m[49m 
src/lib/adaptiveQuiz.test.
ts[2m > [22mgenerateAdap
tiveQuestions[2m > 
[22mcalls the Gemini API 
and returns the generated 
questions
[31m[1mError[22m: 
Gemini API key not 
configured. Please set 
VITE_GEMINI_API_KEY in 
your .env file.[39m
[36m [2mΓ¥»[22m 
generateAdaptiveQuestions 
src/lib/adaptiveQuiz.ts:[
2m105:11[22m[39m
    [90m103|[39m
    [90m104|[39m   
[35mif[39m ([33m![39m
[33mGEMINI_API_KEY[39m) {
    [90m105|[39m     
throw new Error('Gemini 
API key not configured. 
Please set VITE_GEΓÇª
    [90m   |[39m        
   [31m^[39m
    [90m106|[39m   }
    [90m107|[39m
[90m [2mΓ¥»[22m src/lib
/adaptiveQuiz.test.ts:[2m
170:26[22m[39m

[31m[2mΓÄ»ΓÄ»ΓÄ»ΓÄ»ΓÄ»ΓÄ
»ΓÄ»ΓÄ»ΓÄ»ΓÄ»ΓÄ»ΓÄ»ΓÄ»ΓÄ»Γ
Ä»ΓÄ»ΓÄ»ΓÄ»ΓÄ»ΓÄ»ΓÄ»ΓÄ»[30
/75]ΓÄ»[22m[39m

[41m[1m FAIL [22m[49m 
src/lib/adaptiveQuiz.test.
ts[2m > [22mgenerateAdap
tiveQuestions[2m > 
[22mthrows when API 
returns 400 (bad request)
[31m[1mAssertionError[2
2m: expected [Function] 
to throw error including 
'Invalid request' but got 
'Gemini API key not 
configured. 
PleaseΓÇª'[39m

Expected: [32m"Invalid 
request"[39m
Received: [31m"Gemini 
API key not configured. 
Please set 
VITE_GEMINI_API_KEY in 
your .env file."[39m

[36m [2mΓ¥»[22m src/lib
/adaptiveQuiz.test.ts:[2m
190:5[22m[39m
    [90m188|[39m     
[35mawait[39m 
[34mexpect[39m(
    [90m189|[39m       
[34mgenerateAdaptiveQuesti
ons[39m(profile[33m,[39
m [32m'Some 
content.'[39m[33m,[39m 
[34m5[39m)
    [90m190|[39m     )[
33m.[39mrejects[33m.[39
m[34mtoThrow[39m([32m'I
nvalid 
request'[39m)[33m;[39m
    [90m   |[39m     
[31m^[39m
    [90m191|[39m   
})[33m;[39m
    [90m192|[39m 
})[33m;[39m

[31m[2mΓÄ»ΓÄ»ΓÄ»ΓÄ»ΓÄ»ΓÄ
»ΓÄ»ΓÄ»ΓÄ»ΓÄ»ΓÄ»ΓÄ»ΓÄ»ΓÄ»Γ
Ä»ΓÄ»ΓÄ»ΓÄ»ΓÄ»ΓÄ»ΓÄ»ΓÄ»[31
/75]ΓÄ»[22m[39m

[41m[1m FAIL [22m[49m 
src/lib/badgeEngine.test.t
s[2m > 
[22mevaluateBadges ΓÇö 
retry logic[2m > 
[22meventually writes 
badge after Firestore 
setDoc fails twice then 
succeeds
[31m[1mAssertionError[2
2m: expected false to be 
true // Object.is 
equality[39m

[32m- Expected[39m
[31m+ Received[39m

[32m- true[39m
[31m+ false[39m

[36m [2mΓ¥»[22m src/lib
/badgeEngine.test.ts:[2m1
99:63[22m[39m
    [90m197|[39m
    [90m198|[39m     
[90m// Badge should be 
returned[39m
    [90m199|[39m     
expect(result.some((b) => 
b.badgeId === 'perfect_sco
re')).toBe(truΓÇª
    [90m   |[39m        
                          
                          
   [31m^[39m
    [90m200|[39m
    [90m201|[39m     
[90m// setDoc should 
have been called 3 times 
(2 failures + 1 
success)[39m

[31m[2mΓÄ»ΓÄ»ΓÄ»ΓÄ»ΓÄ»ΓÄ
»ΓÄ»ΓÄ»ΓÄ»ΓÄ»ΓÄ»ΓÄ»ΓÄ»ΓÄ»Γ
Ä»ΓÄ»ΓÄ»ΓÄ»ΓÄ»ΓÄ»ΓÄ»ΓÄ»[32
/75]ΓÄ»[22m[39m

[41m[1m FAIL [22m[49m 
src/pages/Library.test.ts
[2m > [22mLibrary ΓÇô 
note form validation 
(Requirement 5.5)[2m > 
[22mblocks Firestore 
write when validation 
errors exist
[31m[1mAssertionError[2
2m: expected -1 to be 
greater than -1[39m
[36m [2mΓ¥»[22m src/pag
es/Library.test.ts:[2m45:
27[22m[39m
    [90m 43|[39m        
 [35mconst[39m 
addDocIdx [33m=[39m subm
itFn[33m.[39m[34mindexO
f[39m([32m'addDoc('[39m
)[33m;[39m
    [90m 44|[39m        
 [34mexpect[39m(returnId
x)[33m.[39m[34mtoBeGrea
terThan[39m([33m-[39m[
34m1[39m)[33m;[39m
    [90m 45|[39m        
 [34mexpect[39m(addDocId
x)[33m.[39m[34mtoBeGrea
terThan[39m([33m-[39m[
34m1[39m)[33m;[39m
    [90m   |[39m        
                   
[31m^[39m
    [90m 46|[39m        
 [34mexpect[39m(returnId
x)[33m.[39m[34mtoBeLess
Than[39m(addDocIdx)[33m;
[39m
    [90m 47|[39m     
})[33m;[39m

[31m[2mΓÄ»ΓÄ»ΓÄ»ΓÄ»ΓÄ»ΓÄ
»ΓÄ»ΓÄ»ΓÄ»ΓÄ»ΓÄ»ΓÄ»ΓÄ»ΓÄ»Γ
Ä»ΓÄ»ΓÄ»ΓÄ»ΓÄ»ΓÄ»ΓÄ»ΓÄ»[33
/75]ΓÄ»[22m[39m

[41m[1m FAIL [22m[49m 
src/pages/Library.test.ts
[2m > [22mLibrary ΓÇô 
valid note submission 
(Requirement 5.3)[2m > 
[22mcalls addDoc to 
write the note to 
Firestore
[31m[1mAssertionError[2
2m: expected 'import { 
useState } from 
\'react\';\rΓÇª' to 
contain 'addDoc('[39m

[32m- Expected[39m
[31m+ Received[39m

[32m- addDoc([39m
[31m+ import { useState 
} from 'react';
[39m
[31m+ import { motion, 
AnimatePresence } from 
'framer-motion';
[39m
[31m+ import {
[39m
[31m+     Search, 
BookOpen, Eye, Library as 
LibraryIcon,
[39m
[31m+     Users, Hash, 
Star, TrendingUp, Clock, 
Filter,
[39m
[31m+     Plus, 
ToggleLeft, ToggleRight, 
FileText, Trash2, X, Copy
[39m
[31m+ } from 
'lucide-react';
[39m
[31m+ import { apiFetch 
} from '../utils/api';
[39m
[31m+ import { useAuth } 
from 
'../contexts/AuthContext';
[39m
[31m+ import { useNotes 
} from 
'../hooks/useNotes';
[39m
[31m+ import { 
TeacherSidebar } from '../
components/TeacherSidebar'
;
[39m
[31m+ import { 
TeacherHeader } from '../c
omponents/TeacherHeader';
[39m
[31m+ import { 
useBreakpoint } from 
'../hooks/useBreakpoint';
[39m
[31m+ import type { Note 
} from '../types/student';
[39m
[31m+ 
[39m
[31m+ export interface 
LibraryQuiz {
[39m
[31m+     id: string;
[39m
[31m+     title: string;
[39m
[31m+     subject: 
string;
[39m
[31m+     questionCount: 
number;
[39m
[31m+     author?: 
string;
[39m
[31m+     plays?: number;
[39m
[31m+     rating?: 
number;
[39m
[31m+     difficulty?: 
'Easy' | 'Medium' | 
'Hard';
[39m
[31m+     createdAt?: 
string;
[39m
[31m+ }
[39m
[31m+ 
[39m
[31m+ // Pure filter 
function (exported for 
testing)
[39m
[31m+ // 
eslint-disable-next-line r
eact-refresh/only-export-c
omponents
[39m
[31m+ export function 
filterLibraryQuizzes(
[39m
[31m+     quizzes: 
LibraryQuiz[],
[39m
[31m+     query: string,
[39m
[31m+     subject: string
[39m
[31m+ ): LibraryQuiz[] {
[39m
[31m+     let result = 
quizzes;
[39m
[31m+     if 
(query.trim()) {
[39m
[31m+         const 
lower = 
query.toLowerCase();
[39m
[31m+         result = 
result.filter(
[39m
[31m+             q => q.
title.toLowerCase().includ
es(lower) || q.subject.toL
owerCase().includes(lower)
[39m
[31m+         );
[39m
[31m+     }
[39m
[31m+     if (subject 
!== 'all') {
[39m
[31m+         result = 
result.filter(q => 
q.subject === subject);
[39m
[31m+     }
[39m
[31m+     return result;
[39m
[31m+ }
[39m
[31m+ 
[39m
[31m+ const 
SUBJECT_COLORS: 
Record<string, { bg: 
string; text: string; 
dot: string }> = {
[39m
[31m+     Geography: { 
bg: '#E0F2FE', text: 
'#0369A1', dot: '#38BDF8' 
},
[39m
[31m+     Mathematics: { 
bg: '#FEF3C7', text: 
'#B45309', dot: '#FBBF24' 
},
[39m
[31m+     Science: { bg: 
'#EDE9FE', text: 
'#6D28D9', dot: '#A78BFA' 
},
[39m
[31m+     History: { bg: 
'#FCE7F3', text: 
'#9D174D', dot: '#F472B6' 
},
[39m
[31m+     English: { bg: 
'#DCFCE7', text: 
'#166534', dot: '#4ADE80' 
},
[39m
[31m+     Default: { bg: 
'#F3F4F6', text: 
'#374151', dot: '#9CA3AF' 
},
[39m
[31m+ };
[39m
[31m+ 
[39m
[31m+ const 
DIFFICULTY_COLORS: 
Record<string, { bg: 
string; text: string }> = 
{
[39m
[31m+     Easy: { bg: 
'#DCFCE7', text: 
'#166534' },
[39m
[31m+     Medium: { bg: 
'#FEF3C7', text: 
'#B45309' },
[39m
[31m+     Hard: { bg: 
'#FEE2E2', text: 
'#991B1B' },
[39m
[31m+ };
[39m
[31m+ 
[39m
[31m+ const 
MOCK_QUIZZES: 
LibraryQuiz[] = [
[39m
[31m+     { id: '1', 
title: 'World Capitals 
Challenge', subject: 
'Geography', 
questionCount: 25, 
author: 'Ms. Rivera', 
plays: 1240, rating: 4.8, 
difficulty: 'Medium', 
createdAt: '2 days ago' },
[39m
[31m+     { id: '2', 
title: 'Algebra 
Fundamentals', subject: 
'Mathematics', 
questionCount: 20, 
author: 'Mr. Chen', 
plays: 890, rating: 4.6, 
difficulty: 'Hard', 
createdAt: '1 week ago' },
[39m
[31m+     { id: '3', 
title: 'The Periodic 
Table', subject: 
'Science', questionCount: 
30, author: 'Dr. Patel', 
plays: 2100, rating: 4.9, 
difficulty: 'Medium', 
createdAt: '3 days ago' },
[39m
[31m+     { id: '4', 
title: 'World War II 
Overview', subject: 
'History', questionCount: 
18, author: 'Prof. 
Adams', plays: 670, 
rating: 4.4, difficulty: 
'Easy', createdAt: '5 
days ago' },
[39m
[31m+     { id: '5', 
title: 'Shakespeare & 
Sonnets', subject: 
'English', questionCount: 
15, author: 'Ms. Okafor', 
plays: 430, rating: 4.7, 
difficulty: 'Hard', 
createdAt: '1 week ago' },
[39m
[31m+     { id: '6', 
title: 'Continents & 
Oceans', subject: 
'Geography', 
questionCount: 12, 
author: 'Mr. Torres', 
plays: 980, rating: 4.5, 
difficulty: 'Easy', 
createdAt: '4 days ago' },
[39m
[31m+     { id: '7', 
title: 'Fractions & 
Decimals', subject: 
'Mathematics', 
questionCount: 22, 
author: 'Ms. Kim', plays: 
560, rating: 4.3, 
difficulty: 'Medium', 
createdAt: '2 weeks ago' 
},
[39m
[31m+     { id: '8', 
title: 'Human Body 
Systems', subject: 
'Science', questionCount: 
28, author: 'Dr. Nguyen', 
plays: 1560, rating: 4.8, 
difficulty: 'Medium', 
createdAt: '6 days ago' },
[39m
[31m+ ];
[39m
[31m+ 
[39m
[31m+ const SORT_OPTIONS 
= [
[39m
[31m+     { label: 'Most 
Popular', value: 'plays', 
icon: TrendingUp },
[39m
[31m+     { label: 'Top 
Rated', value: 'rating', 
icon: Star },
[39m
[31m+     { label: 
'Newest', value: 
'newest', icon: Clock },
[39m
[31m+ ];
[39m
[31m+ 
[39m
[31m+ function 
sortQuizzes(quizzes: 
LibraryQuiz[], sort: 
string): LibraryQuiz[] {
[39m
[31m+     return 
[...quizzes].sort((a, b) 
=> {
[39m
[31m+         if (sort 
=== 'plays') return 
(b.plays ?? 0) - (a.plays 
?? 0);
[39m
[31m+         if (sort 
=== 'rating') return 
(b.rating ?? 0) - 
(a.rating ?? 0);
[39m
[31m+         return 0;
[39m
[31m+     });
[39m
[31m+ }
[39m
[31m+ 
[39m
[31m+ interface 
NoteFormState {
[39m
[31m+     title: string;
[39m
[31m+     subject: 
string;
[39m
[31m+     content: 
string;
[39m
[31m+     linkedQuizId: 
string;
[39m
[31m+ }
[39m
[31m+ 
[39m
[31m+ const 
EMPTY_NOTE_FORM: 
NoteFormState = { title: 
'', subject: '', content: 
'', linkedQuizId: '' };
[39m
[31m+ 
[39m
[31m+ export function 
Library() {
[39m
[31m+     const { user } 
= useAuth();
[39m
[31m+     const { notes, 
refresh } = useNotes({ 
authorUid: user?._id });
[39m
[31m+     const { 
isMobile } = 
useBreakpoint();
[39m
[31m+ 
[39m
[31m+     const 
[quizzes] = useState<Libra
ryQuiz[]>(MOCK_QUIZZES);
[39m
[31m+     const 
[searchQuery, 
setSearchQuery] = 
useState('');
[39m
[31m+     const 
[subjectFilter, 
setSubjectFilter] = 
useState('all');
[39m
[31m+     const [sortBy, 
setSortBy] = 
useState('plays');
[39m
[31m+     const 
[showSortMenu, 
setShowSortMenu] = 
useState(false);
[39m
[31m+     const 
[isSidebarOpen, 
setIsSidebarOpen] = 
useState(false);
[39m
[31m+     const 
[previewQuiz, 
setPreviewQuiz] = 
useState<LibraryQuiz | 
null>(null);
[39m
[31m+ 
[39m
[31m+     const 
[showNoteForm, 
setShowNoteForm] = 
useState(false);
[39m
[31m+     const 
[noteForm, setNoteForm] = 
useState<NoteFormState>(EM
PTY_NOTE_FORM);
[39m
[31m+     const 
[noteFormErrors, 
setNoteFormErrors] = 
useState<{ title?: 
string; content?: string 
}>({});
[39m
[31m+     const 
[noteSubmitting, 
setNoteSubmitting] = 
useState(false);
[39m
[31m+ 
[39m
[31m+     const subjects 
= ['all', 
...Array.from(new 
Set(quizzes.map(q => 
q.subject)))];
[39m
[31m+     const filtered 
= sortQuizzes(filterLibrar
yQuizzes(quizzes, 
searchQuery, 
subjectFilter), sortBy);
[39m
[31m+     const 
totalPlays = 
quizzes.reduce((s, q) => 
s + (q.plays ?? 0), 0);
[39m
[31m+     const 
activeSortLabel = 
SORT_OPTIONS.find(o => 
o.value === 
sortBy)?.label ?? 'Sort';
[39m
[31m+ 
[39m
[31m+     async function 
handleNoteSubmit(e: 
React.FormEvent) {
[39m
[31m+         
e.preventDefault();
[39m
[31m+         const 
errors: { title?: string; 
content?: string } = {};
[39m
[31m+         if 
(!noteForm.title.trim()) 
errors.title = 'Title is 
required';
[39m
[31m+         if (!noteFo
rm.content.trim()) 
errors.content = 'Content 
is required';
[39m
[31m+         
setNoteFormErrors(errors);
[39m
[31m+         if (Object.
keys(errors).length > 0) 
return;
[39m
[31m+ 
[39m
[31m+         
setNoteSubmitting(true);
[39m
[31m+         try {
[39m
[31m+             await 
apiFetch('/api/notes', {
[39m
[31m+                 
method: 'POST',
[39m
[31m+                 
body: {
[39m
[31m+                    
 title: 
noteForm.title.trim(),
[39m
[31m+                    
 subject: 
noteForm.subject.trim(),
[39m
[31m+                    
 content: 
noteForm.content.trim(),
[39m
[31m+                    
 linkedQuizId: noteForm.li
nkedQuizId.trim() || null,
[39m
[31m+                 }
[39m
[31m+             });
[39m
[31m+             setNote
Form(EMPTY_NOTE_FORM);
[39m
[31m+             
setNoteFormErrors({});
[39m
[31m+             
setShowNoteForm(false);
[39m
[31m+             
refresh();
[39m
[31m+         } catch 
(err) {
[39m
[31m+             
console.error('Failed to 
save note:', err);
[39m
[31m+         } finally {
[39m
[31m+             
setNoteSubmitting(false);
[39m
[31m+         }
[39m
[31m+     }
[39m
[31m+ 
[39m
[31m+     async function 
handlePublishToggle(note: 
Note) {
[39m
[31m+         try {
[39m
[31m+             await a
piFetch(`/api/notes/${note
.id || (note as 
any)._id}`, {
[39m
[31m+                 
method: 'PATCH',
[39m
[31m+                 
body: { published: 
!note.published }
[39m
[31m+             });
[39m
[31m+             
refresh();
[39m
[31m+         } catch 
(err) {
[39m
[31m+             
console.error('Failed to 
toggle publish state:', 
err);
[39m
[31m+         }
[39m
[31m+     }
[39m
[31m+ 
[39m
[31m+     async function 
handleDeleteNote(id: 
string) {
[39m
[31m+         if 
(!window.confirm('Are you 
sure you want to delete 
this note?')) return;
[39m
[31m+         try {
[39m
[31m+             await a
piFetch(`/api/notes/${id}`
, {
[39m
[31m+                 
method: 'DELETE'
[39m
[31m+             });
[39m
[31m+             
refresh();
[39m
[31m+         } catch 
(err) {
[39m
[31m+             
console.error('Failed to 
delete note:', err);
[39m
[31m+         }
[39m
[31m+     }
[39m
[31m+ 
[39m
[31m+     return (
[39m
[31m+         <div 
className="flex 
min-h-screen bg-[#F5F5F5] 
overflow-x-hidden">
[39m
[31m+             
<TeacherSidebar 
isOpen={isSidebarOpen} 
onClose={() => 
setIsSidebarOpen(false)} 
/>
[39m
[31m+ 
[39m
[31m+             {/* 
Main Content */}
[39m
[31m+             <main 
className="flex-1 
lg:ml-[240px] p-0 pb-8 
min-w-0 transition-all 
duration-300">
[39m
[31m+                 
<TeacherHeader
[39m
[31m+                    
 title="Library"
[39m
[31m+                    
 searchQuery={searchQuery}
[39m
[31m+                    
 onSearchChange={setSearch
Query}
[39m
[31m+                    
 onMenuClick={() => 
setIsSidebarOpen(true)}
[39m
[31m+                 />
[39m
[31m+ 
[39m
[31m+                 
{/* Header Section */}
[39m
[31m+                 
<div className="bg-gradien
t-to-br from-[#FF5C1A] 
to-[#FF8C42] pt-12 pb-8 
px-4 sm:px-6">
[39m
[31m+                    
 <div 
className="max-w-[1100px] 
mx-auto">
[39m
[31m+                    
     <div className="flex 
flex-col md:flex-row 
md:items-end 
justify-between gap-6 
mb-8">
[39m
[31m+                    
         <div 
className="space-y-3">
[39m
[31m+                    
             <div 
className="inline-flex 
items-center gap-1.5 
bg-white/20 rounded-full 
px-3 py-1 scale-95 
origin-left">
[39m
[31m+                    
                 
<LibraryIcon size={13} 
className="text-white/90" 
/>
[39m
[31m+                    
                 <span 
className="text-[12px] 
font-semibold 
text-white/90 uppercase 
tracking-wider">Public 
Library</span>
[39m
[31m+                    
             </div>
[39m
[31m+                    
             <h1 
className="text-3xl 
sm:text-4xl 
font-extrabold text-white 
leading-tight 
m-0">Discover Quizzes</h1>
[39m
[31m+                    
             <p 
className="text-white/80 
text-sm sm:text-base 
max-w-md m-0">
[39m
[31m+                    
                 Browse 
{quizzes.length} 
community-made quizzes 
across all subjects
[39m
[31m+                    
             </p>
[39m
[31m+                    
         </div>
[39m
[31m+ 
[39m
[31m+                    
         <div 
className="flex flex-wrap 
gap-3 relative">
[39m
[31m+                    
             <button
[39m
[31m+                    
                 
onClick={() => 
setShowSortMenu(v => !v)}
[39m
[31m+                    
                 
className="flex 
items-center gap-3 px-4 
py-2.5 bg-white border 
border-gray-200 
rounded-xl text-sm 
font-bold text-gray-700 
hover:bg-gray-50 
transition-colors"
[39m
[31m+                    
             >
[39m
[31m+                    
                 
<TrendingUp size={16} 
className="text-gray-400" 
/>
[39m
[31m+                    
                 <span>{ac
tiveSortLabel}</span>
[39m
[31m+                    
             </button>
[39m
[31m+ 
[39m
[31m+                    
             
{showSortMenu && (
[39m
[31m+                    
                 <div 
className="absolute 
top-full right-0 mt-2 
bg-white rounded-xl 
shadow-xl border 
border-gray-100 z-50 
min-w-[180px] 
overflow-hidden py-1">
[39m
[31m+                    
                     
{SORT_OPTIONS.map(opt => (
[39m
[31m+                    
                         
<button
[39m
[31m+                    
                          
   key={opt.value}
[39m
[31m+                    
                          
   onClick={() => { 
setSortBy(opt.value); 
setShowSortMenu(false); }}
[39m
[31m+                    
                          
   className={`flex 
items-center gap-3 w-full 
px-4 py-2.5 text-sm 
transition-colors 
text-left
[39m
[31m+                    
                          
       ${sortBy === 
opt.value ? 'bg-[#FFF3EE] 
text-[#FF5C1A] font-bold' 
: 'text-gray-600 
hover:bg-gray-50'}`}
[39m
[31m+                    
                         >
[39m
[31m+                    
                          
   <opt.icon size={16} />
[39m
[31m+                    
                          
   {opt.label}
[39m
[31m+                    
                         
</button>
[39m
[31m+                    
                     ))}
[39m
[31m+                    
                 </div>
[39m
[31m+                    
             )}
[39m
[31m+                    
         </div>
[39m
[31m+                    
     </div>
[39m
[31m+                    
 </div>
[39m
[31m+                 
</div>
[39m
[31m+ 
[39m
[31m+                 
<div 
className="max-w-[1100px] 
mx-auto px-4 sm:px-6 
pb-12">
[39m
[31m+                    
 <div className="bg-white 
rounded-b-2xl p-4 sm:p-5 
pt-0 mb-6 border-t 
border-gray-100 
shadow-sm">
[39m
[31m+                    
     <div className="flex 
gap-2.5 overflow-x-auto 
pb-2 scrollbar-hide -mx-1 
px-1">
[39m
[31m+                    
         {subjects.map(s 
=> {
[39m
[31m+                    
             const active 
= subjectFilter === s;
[39m
[31m+                    
             const color 
= s !== 'all' ? 
(SUBJECT_COLORS[s] ?? 
SUBJECT_COLORS.Default) : 
null;
[39m
[31m+                    
             return (
[39m
[31m+                    
                 <button
[39m
[31m+                    
                     
key={s}
[39m
[31m+                    
                     
onClick={() => 
setSubjectFilter(s)}
[39m
[31m+                    
                     
className={`flex 
items-center gap-2 px-4 
py-1.5 rounded-full 
border-1.5 text-sm 
font-bold 
whitespace-nowrap 
transition-all
[39m
[31m+                    
                         
${active
[39m
[31m+                    
                          
   ? 'bg-[#FF5C1A] 
border-[#FF5C1A] 
text-white shadow-md 
shadow-[#FF5C1A]/20'
[39m
[31m+                    
                          
   : 'bg-white 
border-gray-200 
text-gray-600 
hover:border-[#FF5C1A] 
hover:text-[#FF5C1A]'}`}
[39m
[31m+                    
                 >
[39m
[31m+                    
                     
{color && !active && (
[39m
[31m+                    
                         
<span
[39m
[31m+                    
                          
   className="w-2 h-2 
rounded-full 
flex-shrink-0"
[39m
[31m+                    
                          
   style={{ background: 
color.dot }}
[39m
[31m+                    
                         
/>
[39m
[31m+                    
                     )}
[39m
[31m+                    
                     {s 
=== 'all' ? 'All 
Subjects' : s}
[39m
[31m+                    
                 </button>
[39m
[31m+                    
             );
[39m
[31m+                    
         })}
[39m
[31m+                    
     </div>
[39m
[31m+                    
 </div>
[39m
[31m+ 
[39m
[31m+                    
 <div className="mb-4 
flex items-center 
justify-between">
[39m
[31m+                    
     <span 
className="text-sm 
text-gray-500 
font-semibold">
[39m
[31m+                    
         
{filtered.length} 
{filtered.length === 1 ? 
'quiz' : 'quizzes'} found
[39m
[31m+                    
     </span>
[39m
[31m+                    
 </div>
[39m
[31m+ 
[39m
[31m+                    
 {filtered.length === 0 ? 
(
[39m
[31m+                    
     <div 
className="text-center 
py-20 px-6 bg-white 
rounded-2xl border 
border-dashed 
border-gray-200">
[39m
[31m+                    
         <LibraryIcon 
size={32} 
className="mx-auto 
text-gray-300 mb-4" />
[39m
[31m+                    
         <h3 
className="text-lg 
font-bold text-gray-900 
mb-2">No quizzes 
found</h3>
[39m
[31m+                    
         <p 
className="text-sm 
text-gray-500">Try a 
different search term or 
subject filter.</p>
[39m
[31m+                    
     </div>
[39m
[31m+                    
 ) : (
[39m
[31m+                    
     <div className="grid 
grid-cols-1 
md:grid-cols-2 
lg:grid-cols-3 gap-6">
[39m
[31m+                    
         
{filtered.map((quiz, i) 
=> {
[39m
[31m+                    
             const 
subjectStyle = SUBJECT_COL
ORS[quiz.subject] ?? 
SUBJECT_COLORS.Default;
[39m
[31m+                    
             const 
diffStyle = 
quiz.difficulty ? DIFFICUL
TY_COLORS[quiz.difficulty]
 : null;
[39m
[31m+                    
             return (
[39m
[31m+                    
                 <QuizCard
[39m
[31m+                    
                     
key={quiz.id}
[39m
[31m+                    
                     
quiz={quiz}
[39m
[31m+                    
                     
index={i}
[39m
[31m+                    
                     subje
ctStyle={subjectStyle}
[39m
[31m+                    
                     
diffStyle={diffStyle}
[39m
[31m+                    
                     
onPreview={() => 
setPreviewQuiz(quiz)}
[39m
[31m+                    
                 />
[39m
[31m+                    
             );
[39m
[31m+                    
         })}
[39m
[31m+                    
     </div>
[39m
[31m+                    
 )}
[39m
[31m+                 
</div>
[39m
[31m+ 
[39m
[31m+                 
{/* Notes Section */}
[39m
[31m+                 
<div 
className="max-w-[1100px] 
mx-auto px-4 sm:px-6 
mb-12">
[39m
[31m+                    
 <div className="bg-white 
rounded-2xl 
overflow-hidden shadow-sm 
border border-gray-100">
[39m
[31m+                    
     <div className="flex 
items-center 
justify-between p-5 
border-b border-gray-50">
[39m
[31m+                    
         <div 
className="flex 
items-center gap-3">
[39m
[31m+                    
             <FileText 
size={20} className="text-
[#FF5C1A]" />
[39m
[31m+                    
             <h2 
className="text-lg 
font-bold 
text-gray-900">My 
Notes</h2>
[39m
[31m+                    
             <span 
className="text-[11px] 
font-bold text-gray-500 
bg-gray-100 rounded-full 
px-2 py-0.5">{notes.length
}</span>
[39m
[31m+                    
         </div>
[39m
[31m+                    
         <button
[39m
[31m+                    
             onClick={() 
=> setShowNoteForm(v => 
!v)}
[39m
[31m+                    
             
className="flex 
items-center gap-2 px-4 
py-2 bg-[#FF5C1A] 
text-white rounded-xl 
text-sm font-bold 
hover:bg-[#e65217] 
transition-colors 
shadow-sm"
[39m
[31m+                    
         >
[39m
[31m+                    
             <Plus 
size={16} />
[39m
[31m+                    
             <span>New 
Note</span>
[39m
[31m+                    
         </button>
[39m
[31m+                    
     </div>
[39m
[31m+ 
[39m
[31m+                    
     <AnimatePresence>
[39m
[31m+                    
         {showNoteForm && 
(
[39m
[31m+                    
             <motion.form
[39m
[31m+                    
                 
initial={{ height: 0, 
opacity: 0 }}
[39m
[31m+                    
                 
animate={{ height: 
'auto', opacity: 1 }}
[39m
[31m+                    
                 exit={{ 
height: 0, opacity: 0 }}
[39m
[31m+                    
                 onSubmit=
{handleNoteSubmit}
[39m
[31m+                    
                 
className="p-5 border-b 
border-gray-50 
bg-gray-50/50 space-y-4 
overflow-hidden"
[39m
[31m+                    
             >
[39m
[31m+                    
                 <div 
className="grid 
grid-cols-1 
sm:grid-cols-2 gap-4">
[39m
[31m+                    
                     <div 
className="space-y-1.5">
[39m
[31m+                    
                         
<label className="text-xs 
font-bold text-gray-700 
ml-1 uppercase tracking-wi
der">Title</label>
[39m
[31m+                    
                         
<input
[39m
[31m+                    
                          
   type="text"
[39m
[31m+                    
                          
   placeholder="Note 
title"
[39m
[31m+                    
                          
   value={noteForm.title}
[39m
[31m+                    
                          
   onChange={e => 
setNoteForm(f => ({ ...f, 
title: e.target.value }))}
[39m
[31m+                    
                          
   className={`w-full 
px-4 py-2 bg-white 
border-1.5 rounded-xl 
text-sm 
focus:outline-none 
transition-colors
[39m
[31m+                    
                          
       
${noteFormErrors.title ? 
'border-red-400 
focus:border-red-500' : 
'border-gray-200 
focus:border-[#FF5C1A]'}`}
[39m
[31m+                    
                         
/>
[39m
[31m+                    
                         
{noteFormErrors.title && (
[39m
[31m+                    
                          
   <span 
data-testid="title-error" 
className="text-[11px] 
font-semibold 
text-red-500 ml-1">{noteFo
rmErrors.title}</span>
[39m
[31m+                    
                         
)}
[39m
[31m+                    
                     
</div>
[39m
[31m+                    
                     <div 
className="space-y-1.5">
[39m
[31m+                    
                         
<label className="text-xs 
font-bold text-gray-700 
ml-1 uppercase tracking-wi
der">Subject</label>
[39m
[31m+                    
                         
<input
[39m
[31m+                    
                          
   type="text"
[39m
[31m+                    
                          
   placeholder="e.g. 
Mathematics"
[39m
[31m+                    
                          
   
value={noteForm.subject}
[39m
[31m+                    
                          
   onChange={e => 
setNoteForm(f => ({ ...f, 
subject: e.target.value 
}))}
[39m
[31m+                    
                          
   className="w-full px-4 
py-2 bg-white border-1.5 
border-gray-200 
rounded-xl text-sm 
focus:outline-none 
focus:border-[#FF5C1A] 
transition-colors"
[39m
[31m+                    
                         
/>
[39m
[31m+                    
                     
</div>
[39m
[31m+                    
                 </div>
[39m
[31m+ 
[39m
[31m+                    
                 <div 
className="space-y-1.5">
[39m
[31m+                    
                     
<label className="text-xs 
font-bold text-gray-700 
ml-1 uppercase tracking-wi
der">Content</label>
[39m
[31m+                    
                     
<textarea
[39m
[31m+                    
                         
placeholder="Write your 
note here..."
[39m
[31m+                    
                         
value={noteForm.content}
[39m
[31m+                    
                         
rows={4}
[39m
[31m+                    
                         
onChange={e => 
setNoteForm(f => ({ ...f, 
content: e.target.value 
}))}
[39m
[31m+                    
                         
className={`w-full px-4 
py-3 bg-white border-1.5 
rounded-xl text-sm 
focus:outline-none 
transition-colors 
resize-none
[39m
[31m+                    
                          
   
${noteFormErrors.content 
? 'border-red-400 
focus:border-red-500' : 
'border-gray-200 
focus:border-[#FF5C1A]'}`}
[39m
[31m+                    
                     />
[39m
[31m+                    
                     
{noteFormErrors.content 
&& (
[39m
[31m+                    
                         
<span data-testid="content
-error" 
className="text-[11px] 
font-semibold 
text-red-500 ml-1">{noteFo
rmErrors.content}</span>
[39m
[31m+                    
                     )}
[39m
[31m+                    
                 </div>
[39m
[31m+ 
[39m
[31m+                    
                 <div 
className="space-y-1.5">
[39m
[31m+                    
                     
<label className="text-xs 
font-bold text-gray-700 
ml-1 uppercase 
tracking-wider">Linked 
Quiz ID <span 
className="text-gray-400 f
ont-medium">(optional)</sp
an></label>
[39m
[31m+                    
                     
<input
[39m
[31m+                    
                         
type="text"
[39m
[31m+                    
                         
placeholder="Enter quiz 
ID to link"
[39m
[31m+                    
                         v
alue={noteForm.linkedQuizI
d}
[39m
[31m+                    
                         
onChange={e => 
setNoteForm(f => ({ ...f, 
linkedQuizId: 
e.target.value }))}
[39m
[31m+                    
                         
className="w-full px-4 
py-2 bg-white border-1.5 
border-gray-200 
rounded-xl text-sm 
focus:outline-none 
focus:border-[#FF5C1A] 
transition-colors"
[39m
[31m+                    
                     />
[39m
[31m+                    
                 </div>
[39m
[31m+ 
[39m
[31m+                    
                 <div 
className="flex 
items-center gap-3 pt-2">
[39m
[31m+                    
                     
<button
[39m
[31m+                    
                         
type="submit"
[39m
[31m+                    
                         
disabled={noteSubmitting}
[39m
[31m+                    
                         
className="flex-1 
sm:flex-none px-6 py-2.5 
bg-[#FF5C1A] text-white 
rounded-xl text-sm 
font-bold 
hover:bg-[#e65217] 
transition-all 
disabled:opacity-50"
[39m
[31m+                    
                     >
[39m
[31m+                    
                         
{noteSubmitting ? 
'Saving...' : 'Save Note'}
[39m
[31m+                    
                     
</button>
[39m
[31m+                    
                     
<button
[39m
[31m+                    
                         
type="button"
[39m
[31m+                    
                         
onClick={() => { 
setShowNoteForm(false); se
tNoteForm(EMPTY_NOTE_FORM)
; setNoteFormErrors({}); 
}}
[39m
[31m+                    
                         
className="flex-1 
sm:flex-none px-6 py-2.5 
bg-white border-1.5 
border-gray-200 
text-gray-600 rounded-xl 
text-sm font-bold 
hover:bg-gray-50 
transition-all"
[39m
[31m+                    
                     >
[39m
[31m+                    
                         
Cancel
[39m
[31m+                    
                     
</button>
[39m
[31m+                    
                 </div>
[39m
[31m+                    
             
</motion.form>
[39m
[31m+                    
         )}
[39m
[31m+                    
     </AnimatePresence>
[39m
[31m+ 
[39m
[31m+                    
     {notes.length === 0 
? (
[39m
[31m+                    
         <div 
className="p-12 
text-center">
[39m
[31m+                    
             <FileText 
size={24} 
className="mx-auto 
text-gray-300 mb-3" />
[39m
[31m+                    
             <p 
className="text-sm 
text-gray-500 
font-medium">No notes 
yet. Start by creating 
one!</p>
[39m
[31m+                    
         </div>
[39m
[31m+                    
     ) : (
[39m
[31m+                    
         <div 
className="divide-y 
divide-gray-50">
[39m
[31m+                    
             
{notes.map(note => (
[39m
[31m+                    
                 <div 
key={note.id} 
className="flex flex-col 
sm:flex-row 
sm:items-center 
justify-between p-5 
hover:bg-gray-50/50 
transition-colors gap-4">
[39m
[31m+                    
                     <div 
className="flex-1 
min-w-0">
[39m
[31m+                    
                         
<h4 
className="text-[15px] 
font-bold text-gray-900 
truncate 
mb-0.5">{note.title}</h4>
[39m
[31m+                    
                         
<p className="text-xs 
font-semibold 
text-gray-400 uppercase tr
acking-tight">{note.subjec
t}</p>
[39m
[31m+                    
                     
</div>
[39m
[31m+                    
                     <div 
className="flex 
items-center 
justify-between 
sm:justify-end gap-5">
[39m
[31m+                    
                         
<div className="flex 
items-center gap-3">
[39m
[31m+                    
                          
   <span 
className={`text-[10px] 
font-extrabold uppercase 
tracking-widest px-2.5 
py-1 rounded-full
[39m
[31m+                    
                          
       ${note.published ? 
'bg-emerald-100 
text-emerald-700' : 
'bg-gray-100 
text-gray-500'}`}>
[39m
[31m+                    
                          
       {note.published ? 
'Published' : 'Draft'}
[39m
[31m+                    
                          
   </span>
[39m
[31m+                    
                          
   <button
[39m
[31m+                    
                          
       onClick={() => 
handlePublishToggle(note)}
[39m
[31m+                    
                          
       className="p-1 
hover:bg-gray-200 
rounded-lg 
transition-colors group"
[39m
[31m+                    
                          
       
title={note.published ? 
'Unpublish' : 'Publish'}
[39m
[31m+                    
                          
   >
[39m
[31m+                    
                          
       {note.published
[39m
[31m+                    
                          
           ? <ToggleRight 
size={24} className="text-
emerald-500" />
[39m
[31m+                    
                          
           : <ToggleLeft 
size={24} 
className="text-gray-400 g
roup-hover:text-gray-600" 
/>
[39m
[31m+                    
                          
       }
[39m
[31m+                    
                          
   </button>
[39m
[31m+                    
                         
</div>
[39m
[31m+                    
                         
<button
[39m
[31m+                    
                          
   onClick={() => 
handleDeleteNote(note.id 
|| (note as any)._id)}
[39m
[31m+                    
                          
   className="p-2 
text-gray-400 
hover:text-red-500 
hover:bg-red-50 
rounded-lg transition-all"
[39m
[31m+                    
                          
   title="Delete Note"
[39m
[31m+                    
                         >
[39m
[31m+                    
                          
   <Trash2 size={18} />
[39m
[31m+                    
                         
</button>
[39m
[31m+                    
                     
</div>
[39m
[31m+                    
                 </div>
[39m
[31m+                    
             ))}
[39m
[31m+                    
         </div>
[39m
[31m+                    
     )}
[39m
[31m+                    
 </div>
[39m
[31m+                 
</div>
[39m
[31m+ 
[39m
[31m+             </main>
[39m
[31m+ 
[39m
[31m+             {/* 
Preview Modal */}
[39m
[31m+             
<AnimatePresence>
[39m
[31m+                 
{previewQuiz && (
[39m
[31m+                    
 <motion.div
[39m
[31m+                    
     initial={{ opacity: 
0 }}
[39m
[31m+                    
     animate={{ opacity: 
1 }}
[39m
[31m+                    
     exit={{ opacity: 0 }}
[39m
[31m+                    
     onClick={() => 
setPreviewQuiz(null)}
[39m
[31m+                    
     className="fixed 
inset-0 bg-black/60 
backdrop-blur-sm z-[100] 
flex items-center 
justify-center p-4 sm:p-6"
[39m
[31m+                    
 >
[39m
[31m+                    
     <motion.div
[39m
[31m+                    
         initial={{ 
scale: 0.95, opacity: 0, 
y: 20 }}
[39m
[31m+                    
         animate={{ 
scale: 1, opacity: 1, y: 
0 }}
[39m
[31m+                    
         exit={{ scale: 
0.95, opacity: 0, y: 20 }}
[39m
[31m+                    
         onClick={e => 
e.stopPropagation()}
[39m
[31m+                    
         
className="bg-white 
rounded-2xl w-full 
max-w-2xl max-h-[90vh] 
flex flex-col 
overflow-hidden 
shadow-2xl"
[39m
[31m+                    
     >
[39m
[31m+                    
         <div 
className="p-5 sm:p-6 
border-b border-gray-100 
flex items-start 
justify-between bg-white 
sticky top-0 z-10">
[39m
[31m+                    
             <div 
className="space-y-1.5">
[39m
[31m+                    
                 <div 
className="flex 
items-center gap-2">
[39m
[31m+                    
                     <span
[39m
[31m+                    
                         
className="text-[10px] 
font-extrabold uppercase 
tracking-widest px-2.5 
py-1 rounded-full"
[39m
[31m+                    
                         
style={{
[39m
[31m+                    
                          
   background: SUBJECT_COL
ORS[previewQuiz.subject]?.
bg || 
SUBJECT_COLORS.Default.bg,
[39m
[31m+                    
                          
   color: SUBJECT_COLORS[p
reviewQuiz.subject]?.text 
|| SUBJECT_COLORS.Default.
text
[39m
[31m+                    
                         
}}
[39m
[31m+                    
                     >
[39m
[31m+                    
                         
{previewQuiz.subject}
[39m
[31m+                    
                     
</span>
[39m
[31m+                    
                     
<span className="text-xs 
font-bold text-gray-400 
flex items-center gap-1">
[39m
[31m+                    
                         
<Hash size={12} />
[39m
[31m+                    
                         {
previewQuiz.questionCount}
 Questions
[39m
[31m+                    
                     
</span>
[39m
[31m+                    
                 </div>
[39m
[31m+                    
                 <h2 
className="text-xl 
sm:text-2xl 
font-extrabold 
text-gray-900 leading-tigh
t">{previewQuiz.title}</h2
>
[39m
[31m+                    
             </div>
[39m
[31m+                    
             <button
[39m
[31m+                    
                 
onClick={() => 
setPreviewQuiz(null)}
[39m
[31m+                    
                 
className="p-2 bg-gray-50 
hover:bg-gray-100 
rounded-full 
text-gray-400 
hover:text-gray-600 
transition-colors"
[39m
[31m+                    
             >
[39m
[31m+                    
                 <X 
size={20} />
[39m
[31m+                    
             </button>
[39m
[31m+                    
         </div>
[39m
[31m+ 
[39m
[31m+                    
         <div 
className="p-5 sm:p-6 
overflow-y-auto flex-1 
bg-gray-50/50 space-y-4">
[39m
[31m+                    
             
{Array.from({ length: Math
.min(previewQuiz.questionC
ount, 5) }).map((_, i) => 
(
[39m
[31m+                    
                 <div 
key={i} 
className="bg-white 
border border-gray-100 
rounded-2xl p-5 
shadow-sm">
[39m
[31m+                    
                     <div 
className="flex 
items-start gap-4 mb-5">
[39m
[31m+                    
                         
<div className="w-8 h-8 
rounded-xl bg-[#FFF3EE] 
text-[#FF5C1A] flex 
items-center 
justify-center text-sm 
font-black flex-shrink-0 
shadow-sm 
shadow-[#FF5C1A]/10">
[39m
[31m+                    
                          
   {i + 1}
[39m
[31m+                    
                         
</div>
[39m
[31m+                    
                         
<h4 className="text-sm 
sm:text-[15px] font-bold 
text-gray-700 
leading-relaxed pt-1">
[39m
[31m+                    
                          
   This is a mock sample 
question about {previewQui
z.subject.toLowerCase()} 
matching the difficulty 
level of this quiz. Can 
you select the correct 
answer below?
[39m
[31m+                    
                         
</h4>
[39m
[31m+                    
                     
</div>
[39m
[31m+                    
                     <div 
className="grid 
grid-cols-1 
sm:grid-cols-2 gap-3 
sm:pl-12">
[39m
[31m+                    
                         
{['Option A', 'Option B', 
'Option C', 'Option 
D'].map((opt, optIdx) => (
[39m
[31m+                    
                          
   <div key={optIdx} 
className="px-4 py-3 
bg-gray-50 border-1.5 
border-gray-100 
rounded-xl text-sm 
font-semibold 
text-gray-600 
hover:border-[#FF5C1A]/30 
hover:bg-white 
transition-all 
cursor-default">
[39m
[31m+                    
                          
       {opt}
[39m
[31m+                    
                          
   </div>
[39m
[31m+                    
                         
))}
[39m
[31m+                    
                     
</div>
[39m
[31m+                    
                 </div>
[39m
[31m+                    
             ))}
[39m
[31m+                    
             {previewQuiz.
questionCount > 5 && (
[39m
[31m+                    
                 <div 
className="text-center 
py-4 text-gray-400 
text-sm font-bold 
bg-white/50 rounded-xl 
border border-dashed 
border-gray-200">
[39m
[31m+                    
                     + {pr
eviewQuiz.questionCount - 
5} more questions in the 
full quiz
[39m
[31m+                    
                 </div>
[39m
[31m+                    
             )}
[39m
[31m+                    
         </div>
[39m
[31m+ 
[39m
[31m+                    
         <div 
className="p-5 sm:p-6 
border-t border-gray-100 
flex flex-col sm:flex-row 
gap-3 bg-white sticky 
bottom-0">
[39m
[31m+                    
             <button
[39m
[31m+                    
                 
onClick={() => 
setPreviewQuiz(null)}
[39m
[31m+                    
                 
className="flex-1 
sm:flex-none px-6 py-3 
border-1.5 
border-gray-200 
text-gray-600 rounded-xl 
text-sm font-bold 
hover:bg-gray-50 
transition-all 
text-center"
[39m
[31m+                    
             >
[39m
[31m+                    
                 Close 
Preview
[39m
[31m+                    
             </button>
[39m
[31m+                    
             <button 
className="flex-1 px-6 
py-3 bg-[#FF5C1A] 
text-white rounded-xl 
text-sm font-bold 
hover:bg-[#e65217] 
transition-all flex 
items-center 
justify-center gap-2 
shadow-lg 
shadow-[#FF5C1A]/20">
[39m
[31m+                    
                 <Copy 
size={18} />
[39m
[31m+                    
                 
<span>Duplicate to My 
Quizzes</span>
[39m
[31m+                    
             </button>
[39m
[31m+                    
         </div>
[39m
[31m+                    
     </motion.div>
[39m
[31m+                    
 </motion.div>
[39m
[31m+                 )}
[39m
[31m+             
</AnimatePresence>
[39m
[31m+         </div>
[39m
[31m+     );
[39m
[31m+ }
[39m
[31m+ 
[39m
[31m+ interface 
QuizCardProps {
[39m
[31m+     quiz: 
LibraryQuiz;
[39m
[31m+     index: number;
[39m
[31m+     subjectStyle: 
{ bg: string; text: 
string; dot: string };
[39m
[31m+     diffStyle: { 
bg: string; text: string 
} | null;
[39m
[31m+     onPreview?: () 
=> void;
[39m
[31m+ }
[39m
[31m+ 
[39m
[31m+ function 
QuizCard({ quiz, index, 
subjectStyle, diffStyle, 
onPreview }: 
QuizCardProps) {
[39m
[31m+     const 
[hovered, setHovered] = 
useState(false);
[39m
[31m+ 
[39m
[31m+     return (
[39m
[31m+         <motion.div
[39m
[31m+             
initial={{ opacity: 0, y: 
16 }}
[39m
[31m+             
animate={{ opacity: 1, y: 
0 }}
[39m
[31m+             
transition={{ delay: 
index * 0.05 }}
[39m
[31m+             
onMouseEnter={() => 
setHovered(true)}
[39m
[31m+             
onMouseLeave={() => 
setHovered(false)}
[39m
[31m+             
className={`group 
bg-white rounded-2xl 
border-1.5 transition-all 
duration-300 flex 
flex-col overflow-hidden 
h-full
[39m
[31m+                 
${hovered ? 
'border-[#FF5C1A] 
shadow-xl 
shadow-[#FF5C1A]/10 
-translate-y-1' : 
'border-gray-100 
shadow-sm'}`}
[39m
[31m+         >
[39m
[31m+             <div
[39m
[31m+                 
className="h-1.5 w-full 
bg-gradient-to-r"
[39m
[31m+                 
style={{ backgroundImage: 
`linear-gradient(to 
right, 
${subjectStyle.dot}, 
${subjectStyle.text})` }}
[39m
[31m+             />
[39m
[31m+             <div 
className="p-5 flex 
flex-col flex-1">
[39m
[31m+                 
<div className="flex 
items-start 
justify-between gap-3 
mb-4">
[39m
[31m+                    
 <div className="flex 
flex-wrap gap-2">
[39m
[31m+                    
     <span
[39m
[31m+                    
         
className="text-[10px] 
font-extrabold uppercase 
tracking-widest px-2.5 
py-1 rounded-full"
[39m
[31m+                    
         style={{ 
background: 
subjectStyle.bg, color: 
subjectStyle.text }}
[39m
[31m+                    
     >
[39m
[31m+                    
         {quiz.subject}
[39m
[31m+                    
     </span>
[39m
[31m+                    
     {diffStyle && 
quiz.difficulty && (
[39m
[31m+                    
         <span
[39m
[31m+                    
             
className="text-[10px] 
font-extrabold uppercase 
tracking-widest px-2.5 
py-1 rounded-full"
[39m
[31m+                    
             style={{ 
background: diffStyle.bg, 
color: diffStyle.text }}
[39m
[31m+                    
         >
[39m
[31m+                    
             
{quiz.difficulty}
[39m
[31m+                    
         </span>
[39m
[31m+                    
     )}
[39m
[31m+                    
 </div>
[39m
[31m+                    
 {quiz.rating && (
[39m
[31m+                    
     <div className="flex 
items-center gap-1.5 
bg-amber-50 px-2 py-0.5 
rounded-lg">
[39m
[31m+                    
         <Star size={12} 
className="text-amber-500 
fill-amber-500" />
[39m
[31m+                    
         <span 
className="text-xs 
font-black text-amber-700"
>{quiz.rating}</span>
[39m
[31m+                    
     </div>
[39m
[31m+                    
 )}
[39m
[31m+                 
</div>
[39m
[31m+ 
[39m
[31m+                 
<div className="mb-5 
flex-1">
[39m
[31m+                    
 <h3 
className="text-[17px] 
font-black text-gray-900 
leading-tight mb-1 group-h
over:text-[#FF5C1A] 
transition-colors 
line-clamp-2">
[39m
[31m+                    
     {quiz.title}
[39m
[31m+                    
 </h3>
[39m
[31m+                    
 {quiz.author && (
[39m
[31m+                    
     <p 
className="text-xs 
font-bold 
text-gray-400">by <span cl
assName="text-gray-600">{q
uiz.author}</span></p>
[39m
[31m+                    
 )}
[39m
[31m+                 
</div>
[39m
[31m+ 
[39m
[31m+                 
<div className="flex 
items-center 
justify-between py-4 
border-t border-gray-50 
mb-4">
[39m
[31m+                    
 <div className="flex 
items-center gap-4">
[39m
[31m+                    
     <div className="flex 
items-center gap-1.5 
text-gray-500">
[39m
[31m+                    
         <Hash size={14} 
className="text-gray-400" 
/>
[39m
[31m+                    
         <span 
className="text-[13px] fon
t-bold">{quiz.questionCoun
t}</span>
[39m
[31m+                    
     </div>
[39m
[31m+                    
     {quiz.plays !== 
undefined && (
[39m
[31m+                    
         <div 
className="flex 
items-center gap-1.5 
text-gray-500">
[39m
[31m+                    
             <Users 
size={14} 
className="text-gray-400" 
/>
[39m
[31m+                    
             <span 
className="text-[13px] 
font-bold">
[39m
[31m+                    
                 
{quiz.plays >= 1000 ? 
`${(quiz.plays / 
1000).toFixed(1)}k` : 
quiz.plays}
[39m
[31m+                    
             </span>
[39m
[31m+                    
         </div>
[39m
[31m+                    
     )}
[39m
[31m+                    
 </div>
[39m
[31m+                    
 {quiz.createdAt && (
[39m
[31m+                    
     <div className="flex 
items-center gap-1.5 
text-gray-400">
[39m
[31m+                    
         <Clock size={13} 
/>
[39m
[31m+                    
         <span 
className="text-[11px] 
font-bold font-mono 
tracking-tighter uppercase
">{quiz.createdAt}</span>
[39m
[31m+                    
     </div>
[39m
[31m+                    
 )}
[39m
[31m+                 
</div>
[39m
[31m+ 
[39m
[31m+                 
<button
[39m
[31m+                    
 onClick={onPreview}
[39m
[31m+                    
 className={`flex 
items-center 
justify-center gap-2 
w-full py-3 rounded-xl 
text-[13px] font-black 
transition-all 
duration-300
[39m
[31m+                    
     ${hovered
[39m
[31m+                    
         ? 'bg-[#FF5C1A] 
text-white shadow-lg 
shadow-[#FF5C1A]/20'
[39m
[31m+                    
         : 'bg-gray-50 
text-gray-700 
hover:bg-gray-100'}`}
[39m
[31m+                 >
[39m
[31m+                    
 <Eye size={16} />
[39m
[31m+                    
 <span>PREVIEW QUIZ</span>
[39m
[31m+                 
</button>
[39m
[31m+             </div>
[39m
[31m+         
</motion.div>
[39m
[31m+     );
[39m
[31m+ }
[39m
[31m+[39m

[36m [2mΓ¥»[22m src/pag
es/Library.test.ts:[2m53:
24[22m[39m
    [90m 51|[39m [34mde
scribe[39m([32m'Library 
ΓÇô valid note submission 
(Requirement 
5.3)'[39m[33m,[39m () 
[33m=>[39m {
    [90m 52|[39m     
[34mit[39m([32m'calls 
addDoc to write the note 
to Firestore'[39m[33m,[
39m () [33m=>[39m {
    [90m 53|[39m        
 [34mexpect[39m(source)
[33m.[39m[34mtoContain[
39m([32m'addDoc('[39m)[
33m;[39m
    [90m   |[39m        
                
[31m^[39m
    [90m 54|[39m        
 [34mexpect[39m(source)
[33m.[39m[34mtoContain[
39m([32m"collection(db, 
'notes')"[39m)[33m;[39m
    [90m 55|[39m     
})[33m;[39m

[31m[2mΓÄ»ΓÄ»ΓÄ»ΓÄ»ΓÄ»ΓÄ
»ΓÄ»ΓÄ»ΓÄ»ΓÄ»ΓÄ»ΓÄ»ΓÄ»ΓÄ»Γ
Ä»ΓÄ»ΓÄ»ΓÄ»ΓÄ»ΓÄ»ΓÄ»ΓÄ»[34
/75]ΓÄ»[22m[39m

[41m[1m FAIL [22m[49m 
src/pages/Library.test.ts
[2m > [22mLibrary ΓÇô 
valid note submission 
(Requirement 5.3)[2m > 
[22mwrites note with 
published: false by 
default
[31m[1mAssertionError[2
2m: expected 'import { 
useState } from 
\'react\';\rΓÇª' to 
contain 'published: 
false'[39m

[32m- Expected[39m
[31m+ Received[39m

[32m- published: 
false[39m
[31m+ import { useState 
} from 'react';
[39m
[31m+ import { motion, 
AnimatePresence } from 
'framer-motion';
[39m
[31m+ import {
[39m
[31m+     Search, 
BookOpen, Eye, Library as 
LibraryIcon,
[39m
[31m+     Users, Hash, 
Star, TrendingUp, Clock, 
Filter,
[39m
[31m+     Plus, 
ToggleLeft, ToggleRight, 
FileText, Trash2, X, Copy
[39m
[31m+ } from 
'lucide-react';
[39m
[31m+ import { apiFetch 
} from '../utils/api';
[39m
[31m+ import { useAuth } 
from 
'../contexts/AuthContext';
[39m
[31m+ import { useNotes 
} from 
'../hooks/useNotes';
[39m
[31m+ import { 
TeacherSidebar } from '../
components/TeacherSidebar'
;
[39m
[31m+ import { 
TeacherHeader } from '../c
omponents/TeacherHeader';
[39m
[31m+ import { 
useBreakpoint } from 
'../hooks/useBreakpoint';
[39m
[31m+ import type { Note 
} from '../types/student';
[39m
[31m+ 
[39m
[31m+ export interface 
LibraryQuiz {
[39m
[31m+     id: string;
[39m
[31m+     title: string;
[39m
[31m+     subject: 
string;
[39m
[31m+     questionCount: 
number;
[39m
[31m+     author?: 
string;
[39m
[31m+     plays?: number;
[39m
[31m+     rating?: 
number;
[39m
[31m+     difficulty?: 
'Easy' | 'Medium' | 
'Hard';
[39m
[31m+     createdAt?: 
string;
[39m
[31m+ }
[39m
[31m+ 
[39m
[31m+ // Pure filter 
function (exported for 
testing)
[39m
[31m+ // 
eslint-disable-next-line r
eact-refresh/only-export-c
omponents
[39m
[31m+ export function 
filterLibraryQuizzes(
[39m
[31m+     quizzes: 
LibraryQuiz[],
[39m
[31m+     query: string,
[39m
[31m+     subject: string
[39m
[31m+ ): LibraryQuiz[] {
[39m
[31m+     let result = 
quizzes;
[39m
[31m+     if 
(query.trim()) {
[39m
[31m+         const 
lower = 
query.toLowerCase();
[39m
[31m+         result = 
result.filter(
[39m
[31m+             q => q.
title.toLowerCase().includ
es(lower) || q.subject.toL
owerCase().includes(lower)
[39m
[31m+         );
[39m
[31m+     }
[39m
[31m+     if (subject 
!== 'all') {
[39m
[31m+         result = 
result.filter(q => 
q.subject === subject);
[39m
[31m+     }
[39m
[31m+     return result;
[39m
[31m+ }
[39m
[31m+ 
[39m
[31m+ const 
SUBJECT_COLORS: 
Record<string, { bg: 
string; text: string; 
dot: string }> = {
[39m
[31m+     Geography: { 
bg: '#E0F2FE', text: 
'#0369A1', dot: '#38BDF8' 
},
[39m
[31m+     Mathematics: { 
bg: '#FEF3C7', text: 
'#B45309', dot: '#FBBF24' 
},
[39m
[31m+     Science: { bg: 
'#EDE9FE', text: 
'#6D28D9', dot: '#A78BFA' 
},
[39m
[31m+     History: { bg: 
'#FCE7F3', text: 
'#9D174D', dot: '#F472B6' 
},
[39m
[31m+     English: { bg: 
'#DCFCE7', text: 
'#166534', dot: '#4ADE80' 
},
[39m
[31m+     Default: { bg: 
'#F3F4F6', text: 
'#374151', dot: '#9CA3AF' 
},
[39m
[31m+ };
[39m
[31m+ 
[39m
[31m+ const 
DIFFICULTY_COLORS: 
Record<string, { bg: 
string; text: string }> = 
{
[39m
[31m+     Easy: { bg: 
'#DCFCE7', text: 
'#166534' },
[39m
[31m+     Medium: { bg: 
'#FEF3C7', text: 
'#B45309' },
[39m
[31m+     Hard: { bg: 
'#FEE2E2', text: 
'#991B1B' },
[39m
[31m+ };
[39m
[31m+ 
[39m
[31m+ const 
MOCK_QUIZZES: 
LibraryQuiz[] = [
[39m
[31m+     { id: '1', 
title: 'World Capitals 
Challenge', subject: 
'Geography', 
questionCount: 25, 
author: 'Ms. Rivera', 
plays: 1240, rating: 4.8, 
difficulty: 'Medium', 
createdAt: '2 days ago' },
[39m
[31m+     { id: '2', 
title: 'Algebra 
Fundamentals', subject: 
'Mathematics', 
questionCount: 20, 
author: 'Mr. Chen', 
plays: 890, rating: 4.6, 
difficulty: 'Hard', 
createdAt: '1 week ago' },
[39m
[31m+     { id: '3', 
title: 'The Periodic 
Table', subject: 
'Science', questionCount: 
30, author: 'Dr. Patel', 
plays: 2100, rating: 4.9, 
difficulty: 'Medium', 
createdAt: '3 days ago' },
[39m
[31m+     { id: '4', 
title: 'World War II 
Overview', subject: 
'History', questionCount: 
18, author: 'Prof. 
Adams', plays: 670, 
rating: 4.4, difficulty: 
'Easy', createdAt: '5 
days ago' },
[39m
[31m+     { id: '5', 
title: 'Shakespeare & 
Sonnets', subject: 
'English', questionCount: 
15, author: 'Ms. Okafor', 
plays: 430, rating: 4.7, 
difficulty: 'Hard', 
createdAt: '1 week ago' },
[39m
[31m+     { id: '6', 
title: 'Continents & 
Oceans', subject: 
'Geography', 
questionCount: 12, 
author: 'Mr. Torres', 
plays: 980, rating: 4.5, 
difficulty: 'Easy', 
createdAt: '4 days ago' },
[39m
[31m+     { id: '7', 
title: 'Fractions & 
Decimals', subject: 
'Mathematics', 
questionCount: 22, 
author: 'Ms. Kim', plays: 
560, rating: 4.3, 
difficulty: 'Medium', 
createdAt: '2 weeks ago' 
},
[39m
[31m+     { id: '8', 
title: 'Human Body 
Systems', subject: 
'Science', questionCount: 
28, author: 'Dr. Nguyen', 
plays: 1560, rating: 4.8, 
difficulty: 'Medium', 
createdAt: '6 days ago' },
[39m
[31m+ ];
[39m
[31m+ 
[39m
[31m+ const SORT_OPTIONS 
= [
[39m
[31m+     { label: 'Most 
Popular', value: 'plays', 
icon: TrendingUp },
[39m
[31m+     { label: 'Top 
Rated', value: 'rating', 
icon: Star },
[39m
[31m+     { label: 
'Newest', value: 
'newest', icon: Clock },
[39m
[31m+ ];
[39m
[31m+ 
[39m
[31m+ function 
sortQuizzes(quizzes: 
LibraryQuiz[], sort: 
string): LibraryQuiz[] {
[39m
[31m+     return 
[...quizzes].sort((a, b) 
=> {
[39m
[31m+         if (sort 
=== 'plays') return 
(b.plays ?? 0) - (a.plays 
?? 0);
[39m
[31m+         if (sort 
=== 'rating') return 
(b.rating ?? 0) - 
(a.rating ?? 0);
[39m
[31m+         return 0;
[39m
[31m+     });
[39m
[31m+ }
[39m
[31m+ 
[39m
[31m+ interface 
NoteFormState {
[39m
[31m+     title: string;
[39m
[31m+     subject: 
string;
[39m
[31m+     content: 
string;
[39m
[31m+     linkedQuizId: 
string;
[39m
[31m+ }
[39m
[31m+ 
[39m
[31m+ const 
EMPTY_NOTE_FORM: 
NoteFormState = { title: 
'', subject: '', content: 
'', linkedQuizId: '' };
[39m
[31m+ 
[39m
[31m+ export function 
Library() {
[39m
[31m+     const { user } 
= useAuth();
[39m
[31m+     const { notes, 
refresh } = useNotes({ 
authorUid: user?._id });
[39m
[31m+     const { 
isMobile } = 
useBreakpoint();
[39m
[31m+ 
[39m
[31m+     const 
[quizzes] = useState<Libra
ryQuiz[]>(MOCK_QUIZZES);
[39m
[31m+     const 
[searchQuery, 
setSearchQuery] = 
useState('');
[39m
[31m+     const 
[subjectFilter, 
setSubjectFilter] = 
useState('all');
[39m
[31m+     const [sortBy, 
setSortBy] = 
useState('plays');
[39m
[31m+     const 
[showSortMenu, 
setShowSortMenu] = 
useState(false);
[39m
[31m+     const 
[isSidebarOpen, 
setIsSidebarOpen] = 
useState(false);
[39m
[31m+     const 
[previewQuiz, 
setPreviewQuiz] = 
useState<LibraryQuiz | 
null>(null);
[39m
[31m+ 
[39m
[31m+     const 
[showNoteForm, 
setShowNoteForm] = 
useState(false);
[39m
[31m+     const 
[noteForm, setNoteForm] = 
useState<NoteFormState>(EM
PTY_NOTE_FORM);
[39m
[31m+     const 
[noteFormErrors, 
setNoteFormErrors] = 
useState<{ title?: 
string; content?: string 
}>({});
[39m
[31m+     const 
[noteSubmitting, 
setNoteSubmitting] = 
useState(false);
[39m
[31m+ 
[39m
[31m+     const subjects 
= ['all', 
...Array.from(new 
Set(quizzes.map(q => 
q.subject)))];
[39m
[31m+     const filtered 
= sortQuizzes(filterLibrar
yQuizzes(quizzes, 
searchQuery, 
subjectFilter), sortBy);
[39m
[31m+     const 
totalPlays = 
quizzes.reduce((s, q) => 
s + (q.plays ?? 0), 0);
[39m
[31m+     const 
activeSortLabel = 
SORT_OPTIONS.find(o => 
o.value === 
sortBy)?.label ?? 'Sort';
[39m
[31m+ 
[39m
[31m+     async function 
handleNoteSubmit(e: 
React.FormEvent) {
[39m
[31m+         
e.preventDefault();
[39m
[31m+         const 
errors: { title?: string; 
content?: string } = {};
[39m
[31m+         if 
(!noteForm.title.trim()) 
errors.title = 'Title is 
required';
[39m
[31m+         if (!noteFo
rm.content.trim()) 
errors.content = 'Content 
is required';
[39m
[31m+         
setNoteFormErrors(errors);
[39m
[31m+         if (Object.
keys(errors).length > 0) 
return;
[39m
[31m+ 
[39m
[31m+         
setNoteSubmitting(true);
[39m
[31m+         try {
[39m
[31m+             await 
apiFetch('/api/notes', {
[39m
[31m+                 
method: 'POST',
[39m
[31m+                 
body: {
[39m
[31m+                    
 title: 
noteForm.title.trim(),
[39m
[31m+                    
 subject: 
noteForm.subject.trim(),
[39m
[31m+                    
 content: 
noteForm.content.trim(),
[39m
[31m+                    
 linkedQuizId: noteForm.li
nkedQuizId.trim() || null,
[39m
[31m+                 }
[39m
[31m+             });
[39m
[31m+             setNote
Form(EMPTY_NOTE_FORM);
[39m
[31m+             
setNoteFormErrors({});
[39m
[31m+             
setShowNoteForm(false);
[39m
[31m+             
refresh();
[39m
[31m+         } catch 
(err) {
[39m
[31m+             
console.error('Failed to 
save note:', err);
[39m
[31m+         } finally {
[39m
[31m+             
setNoteSubmitting(false);
[39m
[31m+         }
[39m
[31m+     }
[39m
[31m+ 
[39m
[31m+     async function 
handlePublishToggle(note: 
Note) {
[39m
[31m+         try {
[39m
[31m+             await a
piFetch(`/api/notes/${note
.id || (note as 
any)._id}`, {
[39m
[31m+                 
method: 'PATCH',
[39m
[31m+                 
body: { published: 
!note.published }
[39m
[31m+             });
[39m
[31m+             
refresh();
[39m
[31m+         } catch 
(err) {
[39m
[31m+             
console.error('Failed to 
toggle publish state:', 
err);
[39m
[31m+         }
[39m
[31m+     }
[39m
[31m+ 
[39m
[31m+     async function 
handleDeleteNote(id: 
string) {
[39m
[31m+         if 
(!window.confirm('Are you 
sure you want to delete 
this note?')) return;
[39m
[31m+         try {
[39m
[31m+             await a
piFetch(`/api/notes/${id}`
, {
[39m
[31m+                 
method: 'DELETE'
[39m
[31m+             });
[39m
[31m+             
refresh();
[39m
[31m+         } catch 
(err) {
[39m
[31m+             
console.error('Failed to 
delete note:', err);
[39m
[31m+         }
[39m
[31m+     }
[39m
[31m+ 
[39m
[31m+     return (
[39m
[31m+         <div 
className="flex 
min-h-screen bg-[#F5F5F5] 
overflow-x-hidden">
[39m
[31m+             
<TeacherSidebar 
isOpen={isSidebarOpen} 
onClose={() => 
setIsSidebarOpen(false)} 
/>
[39m
[31m+ 
[39m
[31m+             {/* 
Main Content */}
[39m
[31m+             <main 
className="flex-1 
lg:ml-[240px] p-0 pb-8 
min-w-0 transition-all 
duration-300">
[39m
[31m+                 
<TeacherHeader
[39m
[31m+                    
 title="Library"
[39m
[31m+                    
 searchQuery={searchQuery}
[39m
[31m+                    
 onSearchChange={setSearch
Query}
[39m
[31m+                    
 onMenuClick={() => 
setIsSidebarOpen(true)}
[39m
[31m+                 />
[39m
[31m+ 
[39m
[31m+                 
{/* Header Section */}
[39m
[31m+                 
<div className="bg-gradien
t-to-br from-[#FF5C1A] 
to-[#FF8C42] pt-12 pb-8 
px-4 sm:px-6">
[39m
[31m+                    
 <div 
className="max-w-[1100px] 
mx-auto">
[39m
[31m+                    
     <div className="flex 
flex-col md:flex-row 
md:items-end 
justify-between gap-6 
mb-8">
[39m
[31m+                    
         <div 
className="space-y-3">
[39m
[31m+                    
             <div 
className="inline-flex 
items-center gap-1.5 
bg-white/20 rounded-full 
px-3 py-1 scale-95 
origin-left">
[39m
[31m+                    
                 
<LibraryIcon size={13} 
className="text-white/90" 
/>
[39m
[31m+                    
                 <span 
className="text-[12px] 
font-semibold 
text-white/90 uppercase 
tracking-wider">Public 
Library</span>
[39m
[31m+                    
             </div>
[39m
[31m+                    
             <h1 
className="text-3xl 
sm:text-4xl 
font-extrabold text-white 
leading-tight 
m-0">Discover Quizzes</h1>
[39m
[31m+                    
             <p 
className="text-white/80 
text-sm sm:text-base 
max-w-md m-0">
[39m
[31m+                    
                 Browse 
{quizzes.length} 
community-made quizzes 
across all subjects
[39m
[31m+                    
             </p>
[39m
[31m+                    
         </div>
[39m
[31m+ 
[39m
[31m+                    
         <div 
className="flex flex-wrap 
gap-3 relative">
[39m
[31m+                    
             <button
[39m
[31m+                    
                 
onClick={() => 
setShowSortMenu(v => !v)}
[39m
[31m+                    
                 
className="flex 
items-center gap-3 px-4 
py-2.5 bg-white border 
border-gray-200 
rounded-xl text-sm 
font-bold text-gray-700 
hover:bg-gray-50 
transition-colors"
[39m
[31m+                    
             >
[39m
[31m+                    
                 
<TrendingUp size={16} 
className="text-gray-400" 
/>
[39m
[31m+                    
                 <span>{ac
tiveSortLabel}</span>
[39m
[31m+                    
             </button>
[39m
[31m+ 
[39m
[31m+                    
             
{showSortMenu && (
[39m
[31m+                    
                 <div 
className="absolute 
top-full right-0 mt-2 
bg-white rounded-xl 
shadow-xl border 
border-gray-100 z-50 
min-w-[180px] 
overflow-hidden py-1">
[39m
[31m+                    
                     
{SORT_OPTIONS.map(opt => (
[39m
[31m+                    
                         
<button
[39m
[31m+                    
                          
   key={opt.value}
[39m
[31m+                    
                          
   onClick={() => { 
setSortBy(opt.value); 
setShowSortMenu(false); }}
[39m
[31m+                    
                          
   className={`flex 
items-center gap-3 w-full 
px-4 py-2.5 text-sm 
transition-colors 
text-left
[39m
[31m+                    
                          
       ${sortBy === 
opt.value ? 'bg-[#FFF3EE] 
text-[#FF5C1A] font-bold' 
: 'text-gray-600 
hover:bg-gray-50'}`}
[39m
[31m+                    
                         >
[39m
[31m+                    
                          
   <opt.icon size={16} />
[39m
[31m+                    
                          
   {opt.label}
[39m
[31m+                    
                         
</button>
[39m
[31m+                    
                     ))}
[39m
[31m+                    
                 </div>
[39m
[31m+                    
             )}
[39m
[31m+                    
         </div>
[39m
[31m+                    
     </div>
[39m
[31m+                    
 </div>
[39m
[31m+                 
</div>
[39m
[31m+ 
[39m
[31m+                 
<div 
className="max-w-[1100px] 
mx-auto px-4 sm:px-6 
pb-12">
[39m
[31m+                    
 <div className="bg-white 
rounded-b-2xl p-4 sm:p-5 
pt-0 mb-6 border-t 
border-gray-100 
shadow-sm">
[39m
[31m+                    
     <div className="flex 
gap-2.5 overflow-x-auto 
pb-2 scrollbar-hide -mx-1 
px-1">
[39m
[31m+                    
         {subjects.map(s 
=> {
[39m
[31m+                    
             const active 
= subjectFilter === s;
[39m
[31m+                    
             const color 
= s !== 'all' ? 
(SUBJECT_COLORS[s] ?? 
SUBJECT_COLORS.Default) : 
null;
[39m
[31m+                    
             return (
[39m
[31m+                    
                 <button
[39m
[31m+                    
                     
key={s}
[39m
[31m+                    
                     
onClick={() => 
setSubjectFilter(s)}
[39m
[31m+                    
                     
className={`flex 
items-center gap-2 px-4 
py-1.5 rounded-full 
border-1.5 text-sm 
font-bold 
whitespace-nowrap 
transition-all
[39m
[31m+                    
                         
${active
[39m
[31m+                    
                          
   ? 'bg-[#FF5C1A] 
border-[#FF5C1A] 
text-white shadow-md 
shadow-[#FF5C1A]/20'
[39m
[31m+                    
                          
   : 'bg-white 
border-gray-200 
text-gray-600 
hover:border-[#FF5C1A] 
hover:text-[#FF5C1A]'}`}
[39m
[31m+                    
                 >
[39m
[31m+                    
                     
{color && !active && (
[39m
[31m+                    
                         
<span
[39m
[31m+                    
                          
   className="w-2 h-2 
rounded-full 
flex-shrink-0"
[39m
[31m+                    
                          
   style={{ background: 
color.dot }}
[39m
[31m+                    
                         
/>
[39m
[31m+                    
                     )}
[39m
[31m+                    
                     {s 
=== 'all' ? 'All 
Subjects' : s}
[39m
[31m+                    
                 </button>
[39m
[31m+                    
             );
[39m
[31m+                    
         })}
[39m
[31m+                    
     </div>
[39m
[31m+                    
 </div>
[39m
[31m+ 
[39m
[31m+                    
 <div className="mb-4 
flex items-center 
justify-between">
[39m
[31m+                    
     <span 
className="text-sm 
text-gray-500 
font-semibold">
[39m
[31m+                    
         
{filtered.length} 
{filtered.length === 1 ? 
'quiz' : 'quizzes'} found
[39m
[31m+                    
     </span>
[39m
[31m+                    
 </div>
[39m
[31m+ 
[39m
[31m+                    
 {filtered.length === 0 ? 
(
[39m
[31m+                    
     <div 
className="text-center 
py-20 px-6 bg-white 
rounded-2xl border 
border-dashed 
border-gray-200">
[39m
[31m+                    
         <LibraryIcon 
size={32} 
className="mx-auto 
text-gray-300 mb-4" />
[39m
[31m+                    
         <h3 
className="text-lg 
font-bold text-gray-900 
mb-2">No quizzes 
found</h3>
[39m
[31m+                    
         <p 
className="text-sm 
text-gray-500">Try a 
different search term or 
subject filter.</p>
[39m
[31m+                    
     </div>
[39m
[31m+                    
 ) : (
[39m
[31m+                    
     <div className="grid 
grid-cols-1 
md:grid-cols-2 
lg:grid-cols-3 gap-6">
[39m
[31m+                    
         
{filtered.map((quiz, i) 
=> {
[39m
[31m+                    
             const 
subjectStyle = SUBJECT_COL
ORS[quiz.subject] ?? 
SUBJECT_COLORS.Default;
[39m
[31m+                    
             const 
diffStyle = 
quiz.difficulty ? DIFFICUL
TY_COLORS[quiz.difficulty]
 : null;
[39m
[31m+                    
             return (
[39m
[31m+                    
                 <QuizCard
[39m
[31m+                    
                     
key={quiz.id}
[39m
[31m+                    
                     
quiz={quiz}
[39m
[31m+                    
                     
index={i}
[39m
[31m+                    
                     subje
ctStyle={subjectStyle}
[39m
[31m+                    
                     
diffStyle={diffStyle}
[39m
[31m+                    
                     
onPreview={() => 
setPreviewQuiz(quiz)}
[39m
[31m+                    
                 />
[39m
[31m+                    
             );
[39m
[31m+                    
         })}
[39m
[31m+                    
     </div>
[39m
[31m+                    
 )}
[39m
[31m+                 
</div>
[39m
[31m+ 
[39m
[31m+                 
{/* Notes Section */}
[39m
[31m+                 
<div 
className="max-w-[1100px] 
mx-auto px-4 sm:px-6 
mb-12">
[39m
[31m+                    
 <div className="bg-white 
rounded-2xl 
overflow-hidden shadow-sm 
border border-gray-100">
[39m
[31m+                    
     <div className="flex 
items-center 
justify-between p-5 
border-b border-gray-50">
[39m
[31m+                    
         <div 
className="flex 
items-center gap-3">
[39m
[31m+                    
             <FileText 
size={20} className="text-
[#FF5C1A]" />
[39m
[31m+                    
             <h2 
className="text-lg 
font-bold 
text-gray-900">My 
Notes</h2>
[39m
[31m+                    
             <span 
className="text-[11px] 
font-bold text-gray-500 
bg-gray-100 rounded-full 
px-2 py-0.5">{notes.length
}</span>
[39m
[31m+                    
         </div>
[39m
[31m+                    
         <button
[39m
[31m+                    
             onClick={() 
=> setShowNoteForm(v => 
!v)}
[39m
[31m+                    
             
className="flex 
items-center gap-2 px-4 
py-2 bg-[#FF5C1A] 
text-white rounded-xl 
text-sm font-bold 
hover:bg-[#e65217] 
transition-colors 
shadow-sm"
[39m
[31m+                    
         >
[39m
[31m+                    
             <Plus 
size={16} />
[39m
[31m+                    
             <span>New 
Note</span>
[39m
[31m+                    
         </button>
[39m
[31m+                    
     </div>
[39m
[31m+ 
[39m
[31m+                    
     <AnimatePresence>
[39m
[31m+                    
         {showNoteForm && 
(
[39m
[31m+                    
             <motion.form
[39m
[31m+                    
                 
initial={{ height: 0, 
opacity: 0 }}
[39m
[31m+                    
                 
animate={{ height: 
'auto', opacity: 1 }}
[39m
[31m+                    
                 exit={{ 
height: 0, opacity: 0 }}
[39m
[31m+                    
                 onSubmit=
{handleNoteSubmit}
[39m
[31m+                    
                 
className="p-5 border-b 
border-gray-50 
bg-gray-50/50 space-y-4 
overflow-hidden"
[39m
[31m+                    
             >
[39m
[31m+                    
                 <div 
className="grid 
grid-cols-1 
sm:grid-cols-2 gap-4">
[39m
[31m+                    
                     <div 
className="space-y-1.5">
[39m
[31m+                    
                         
<label className="text-xs 
font-bold text-gray-700 
ml-1 uppercase tracking-wi
der">Title</label>
[39m
[31m+                    
                         
<input
[39m
[31m+                    
                          
   type="text"
[39m
[31m+                    
                          
   placeholder="Note 
title"
[39m
[31m+                    
                          
   value={noteForm.title}
[39m
[31m+                    
                          
   onChange={e => 
setNoteForm(f => ({ ...f, 
title: e.target.value }))}
[39m
[31m+                    
                          
   className={`w-full 
px-4 py-2 bg-white 
border-1.5 rounded-xl 
text-sm 
focus:outline-none 
transition-colors
[39m
[31m+                    
                          
       
${noteFormErrors.title ? 
'border-red-400 
focus:border-red-500' : 
'border-gray-200 
focus:border-[#FF5C1A]'}`}
[39m
[31m+                    
                         
/>
[39m
[31m+                    
                         
{noteFormErrors.title && (
[39m
[31m+                    
                          
   <span 
data-testid="title-error" 
className="text-[11px] 
font-semibold 
text-red-500 ml-1">{noteFo
rmErrors.title}</span>
[39m
[31m+                    
                         
)}
[39m
[31m+                    
                     
</div>
[39m
[31m+                    
                     <div 
className="space-y-1.5">
[39m
[31m+                    
                         
<label className="text-xs 
font-bold text-gray-700 
ml-1 uppercase tracking-wi
der">Subject</label>
[39m
[31m+                    
                         
<input
[39m
[31m+                    
                          
   type="text"
[39m
[31m+                    
                          
   placeholder="e.g. 
Mathematics"
[39m
[31m+                    
                          
   
value={noteForm.subject}
[39m
[31m+                    
                          
   onChange={e => 
setNoteForm(f => ({ ...f, 
subject: e.target.value 
}))}
[39m
[31m+                    
                          
   className="w-full px-4 
py-2 bg-white border-1.5 
border-gray-200 
rounded-xl text-sm 
focus:outline-none 
focus:border-[#FF5C1A] 
transition-colors"
[39m
[31m+                    
                         
/>
[39m
[31m+                    
                     
</div>
[39m
[31m+                    
                 </div>
[39m
[31m+ 
[39m
[31m+                    
                 <div 
className="space-y-1.5">
[39m
[31m+                    
                     
<label className="text-xs 
font-bold text-gray-700 
ml-1 uppercase tracking-wi
der">Content</label>
[39m
[31m+                    
                     
<textarea
[39m
[31m+                    
                         
placeholder="Write your 
note here..."
[39m
[31m+                    
                         
value={noteForm.content}
[39m
[31m+                    
                         
rows={4}
[39m
[31m+                    
                         
onChange={e => 
setNoteForm(f => ({ ...f, 
content: e.target.value 
}))}
[39m
[31m+                    
                         
className={`w-full px-4 
py-3 bg-white border-1.5 
rounded-xl text-sm 
focus:outline-none 
transition-colors 
resize-none
[39m
[31m+                    
                          
   
${noteFormErrors.content 
? 'border-red-400 
focus:border-red-500' : 
'border-gray-200 
focus:border-[#FF5C1A]'}`}
[39m
[31m+                    
                     />
[39m
[31m+                    
                     
{noteFormErrors.content 
&& (
[39m
[31m+                    
                         
<span data-testid="content
-error" 
className="text-[11px] 
font-semibold 
text-red-500 ml-1">{noteFo
rmErrors.content}</span>
[39m
[31m+                    
                     )}
[39m
[31m+                    
                 </div>
[39m
[31m+ 
[39m
[31m+                    
                 <div 
className="space-y-1.5">
[39m
[31m+                    
                     
<label className="text-xs 
font-bold text-gray-700 
ml-1 uppercase 
tracking-wider">Linked 
Quiz ID <span 
className="text-gray-400 f
ont-medium">(optional)</sp
an></label>
[39m
[31m+                    
                     
<input
[39m
[31m+                    
                         
type="text"
[39m
[31m+                    
                         
placeholder="Enter quiz 
ID to link"
[39m
[31m+                    
                         v
alue={noteForm.linkedQuizI
d}
[39m
[31m+                    
                         
onChange={e => 
setNoteForm(f => ({ ...f, 
linkedQuizId: 
e.target.value }))}
[39m
[31m+                    
                         
className="w-full px-4 
py-2 bg-white border-1.5 
border-gray-200 
rounded-xl text-sm 
focus:outline-none 
focus:border-[#FF5C1A] 
transition-colors"
[39m
[31m+                    
                     />
[39m
[31m+                    
                 </div>
[39m
[31m+ 
[39m
[31m+                    
                 <div 
className="flex 
items-center gap-3 pt-2">
[39m
[31m+                    
                     
<button
[39m
[31m+                    
                         
type="submit"
[39m
[31m+                    
                         
disabled={noteSubmitting}
[39m
[31m+                    
                         
className="flex-1 
sm:flex-none px-6 py-2.5 
bg-[#FF5C1A] text-white 
rounded-xl text-sm 
font-bold 
hover:bg-[#e65217] 
transition-all 
disabled:opacity-50"
[39m
[31m+                    
                     >
[39m
[31m+                    
                         
{noteSubmitting ? 
'Saving...' : 'Save Note'}
[39m
[31m+                    
                     
</button>
[39m
[31m+                    
                     
<button
[39m
[31m+                    
                         
type="button"
[39m
[31m+                    
                         
onClick={() => { 
setShowNoteForm(false); se
tNoteForm(EMPTY_NOTE_FORM)
; setNoteFormErrors({}); 
}}
[39m
[31m+                    
                         
className="flex-1 
sm:flex-none px-6 py-2.5 
bg-white border-1.5 
border-gray-200 
text-gray-600 rounded-xl 
text-sm font-bold 
hover:bg-gray-50 
transition-all"
[39m
[31m+                    
                     >
[39m
[31m+                    
                         
Cancel
[39m
[31m+                    
                     
</button>
[39m
[31m+                    
                 </div>
[39m
[31m+                    
             
</motion.form>
[39m
[31m+                    
         )}
[39m
[31m+                    
     </AnimatePresence>
[39m
[31m+ 
[39m
[31m+                    
     {notes.length === 0 
? (
[39m
[31m+                    
         <div 
className="p-12 
text-center">
[39m
[31m+                    
             <FileText 
size={24} 
className="mx-auto 
text-gray-300 mb-3" />
[39m
[31m+                    
             <p 
className="text-sm 
text-gray-500 
font-medium">No notes 
yet. Start by creating 
one!</p>
[39m
[31m+                    
         </div>
[39m
[31m+                    
     ) : (
[39m
[31m+                    
         <div 
className="divide-y 
divide-gray-50">
[39m
[31m+                    
             
{notes.map(note => (
[39m
[31m+                    
                 <div 
key={note.id} 
className="flex flex-col 
sm:flex-row 
sm:items-center 
justify-between p-5 
hover:bg-gray-50/50 
transition-colors gap-4">
[39m
[31m+                    
                     <div 
className="flex-1 
min-w-0">
[39m
[31m+                    
                         
<h4 
className="text-[15px] 
font-bold text-gray-900 
truncate 
mb-0.5">{note.title}</h4>
[39m
[31m+                    
                         
<p className="text-xs 
font-semibold 
text-gray-400 uppercase tr
acking-tight">{note.subjec
t}</p>
[39m
[31m+                    
                     
</div>
[39m
[31m+                    
                     <div 
className="flex 
items-center 
justify-between 
sm:justify-end gap-5">
[39m
[31m+                    
                         
<div className="flex 
items-center gap-3">
[39m
[31m+                    
                          
   <span 
className={`text-[10px] 
font-extrabold uppercase 
tracking-widest px-2.5 
py-1 rounded-full
[39m
[31m+                    
                          
       ${note.published ? 
'bg-emerald-100 
text-emerald-700' : 
'bg-gray-100 
text-gray-500'}`}>
[39m
[31m+                    
                          
       {note.published ? 
'Published' : 'Draft'}
[39m
[31m+                    
                          
   </span>
[39m
[31m+                    
                          
   <button
[39m
[31m+                    
                          
       onClick={() => 
handlePublishToggle(note)}
[39m
[31m+                    
                          
       className="p-1 
hover:bg-gray-200 
rounded-lg 
transition-colors group"
[39m
[31m+                    
                          
       
title={note.published ? 
'Unpublish' : 'Publish'}
[39m
[31m+                    
                          
   >
[39m
[31m+                    
                          
       {note.published
[39m
[31m+                    
                          
           ? <ToggleRight 
size={24} className="text-
emerald-500" />
[39m
[31m+                    
                          
           : <ToggleLeft 
size={24} 
className="text-gray-400 g
roup-hover:text-gray-600" 
/>
[39m
[31m+                    
                          
       }
[39m
[31m+                    
                          
   </button>
[39m
[31m+                    
                         
</div>
[39m
[31m+                    
                         
<button
[39m
[31m+                    
                          
   onClick={() => 
handleDeleteNote(note.id 
|| (note as any)._id)}
[39m
[31m+                    
                          
   className="p-2 
text-gray-400 
hover:text-red-500 
hover:bg-red-50 
rounded-lg transition-all"
[39m
[31m+                    
                          
   title="Delete Note"
[39m
[31m+                    
                         >
[39m
[31m+                    
                          
   <Trash2 size={18} />
[39m
[31m+                    
                         
</button>
[39m
[31m+                    
                     
</div>
[39m
[31m+                    
                 </div>
[39m
[31m+                    
             ))}
[39m
[31m+                    
         </div>
[39m
[31m+                    
     )}
[39m
[31m+                    
 </div>
[39m
[31m+                 
</div>
[39m
[31m+ 
[39m
[31m+             </main>
[39m
[31m+ 
[39m
[31m+             {/* 
Preview Modal */}
[39m
[31m+             
<AnimatePresence>
[39m
[31m+                 
{previewQuiz && (
[39m
[31m+                    
 <motion.div
[39m
[31m+                    
     initial={{ opacity: 
0 }}
[39m
[31m+                    
     animate={{ opacity: 
1 }}
[39m
[31m+                    
     exit={{ opacity: 0 }}
[39m
[31m+                    
     onClick={() => 
setPreviewQuiz(null)}
[39m
[31m+                    
     className="fixed 
inset-0 bg-black/60 
backdrop-blur-sm z-[100] 
flex items-center 
justify-center p-4 sm:p-6"
[39m
[31m+                    
 >
[39m
[31m+                    
     <motion.div
[39m
[31m+                    
         initial={{ 
scale: 0.95, opacity: 0, 
y: 20 }}
[39m
[31m+                    
         animate={{ 
scale: 1, opacity: 1, y: 
0 }}
[39m
[31m+                    
         exit={{ scale: 
0.95, opacity: 0, y: 20 }}
[39m
[31m+                    
         onClick={e => 
e.stopPropagation()}
[39m
[31m+                    
         
className="bg-white 
rounded-2xl w-full 
max-w-2xl max-h-[90vh] 
flex flex-col 
overflow-hidden 
shadow-2xl"
[39m
[31m+                    
     >
[39m
[31m+                    
         <div 
className="p-5 sm:p-6 
border-b border-gray-100 
flex items-start 
justify-between bg-white 
sticky top-0 z-10">
[39m
[31m+                    
             <div 
className="space-y-1.5">
[39m
[31m+                    
                 <div 
className="flex 
items-center gap-2">
[39m
[31m+                    
                     <span
[39m
[31m+                    
                         
className="text-[10px] 
font-extrabold uppercase 
tracking-widest px-2.5 
py-1 rounded-full"
[39m
[31m+                    
                         
style={{
[39m
[31m+                    
                          
   background: SUBJECT_COL
ORS[previewQuiz.subject]?.
bg || 
SUBJECT_COLORS.Default.bg,
[39m
[31m+                    
                          
   color: SUBJECT_COLORS[p
reviewQuiz.subject]?.text 
|| SUBJECT_COLORS.Default.
text
[39m
[31m+                    
                         
}}
[39m
[31m+                    
                     >
[39m
[31m+                    
                         
{previewQuiz.subject}
[39m
[31m+                    
                     
</span>
[39m
[31m+                    
                     
<span className="text-xs 
font-bold text-gray-400 
flex items-center gap-1">
[39m
[31m+                    
                         
<Hash size={12} />
[39m
[31m+                    
                         {
previewQuiz.questionCount}
 Questions
[39m
[31m+                    
                     
</span>
[39m
[31m+                    
                 </div>
[39m
[31m+                    
                 <h2 
className="text-xl 
sm:text-2xl 
font-extrabold 
text-gray-900 leading-tigh
t">{previewQuiz.title}</h2
>
[39m
[31m+                    
             </div>
[39m
[31m+                    
             <button
[39m
[31m+                    
                 
onClick={() => 
setPreviewQuiz(null)}
[39m
[31m+                    
                 
className="p-2 bg-gray-50 
hover:bg-gray-100 
rounded-full 
text-gray-400 
hover:text-gray-600 
transition-colors"
[39m
[31m+                    
             >
[39m
[31m+                    
                 <X 
size={20} />
[39m
[31m+                    
             </button>
[39m
[31m+                    
         </div>
[39m
[31m+ 
[39m
[31m+                    
         <div 
className="p-5 sm:p-6 
overflow-y-auto flex-1 
bg-gray-50/50 space-y-4">
[39m
[31m+                    
             
{Array.from({ length: Math
.min(previewQuiz.questionC
ount, 5) }).map((_, i) => 
(
[39m
[31m+                    
                 <div 
key={i} 
className="bg-white 
border border-gray-100 
rounded-2xl p-5 
shadow-sm">
[39m
[31m+                    
                     <div 
className="flex 
items-start gap-4 mb-5">
[39m
[31m+                    
                         
<div className="w-8 h-8 
rounded-xl bg-[#FFF3EE] 
text-[#FF5C1A] flex 
items-center 
justify-center text-sm 
font-black flex-shrink-0 
shadow-sm 
shadow-[#FF5C1A]/10">
[39m
[31m+                    
                          
   {i + 1}
[39m
[31m+                    
                         
</div>
[39m
[31m+                    
                         
<h4 className="text-sm 
sm:text-[15px] font-bold 
text-gray-700 
leading-relaxed pt-1">
[39m
[31m+                    
                          
   This is a mock sample 
question about {previewQui
z.subject.toLowerCase()} 
matching the difficulty 
level of this quiz. Can 
you select the correct 
answer below?
[39m
[31m+                    
                         
</h4>
[39m
[31m+                    
                     
</div>
[39m
[31m+                    
                     <div 
className="grid 
grid-cols-1 
sm:grid-cols-2 gap-3 
sm:pl-12">
[39m
[31m+                    
                         
{['Option A', 'Option B', 
'Option C', 'Option 
D'].map((opt, optIdx) => (
[39m
[31m+                    
                          
   <div key={optIdx} 
className="px-4 py-3 
bg-gray-50 border-1.5 
border-gray-100 
rounded-xl text-sm 
font-semibold 
text-gray-600 
hover:border-[#FF5C1A]/30 
hover:bg-white 
transition-all 
cursor-default">
[39m
[31m+                    
                          
       {opt}
[39m
[31m+                    
                          
   </div>
[39m
[31m+                    
                         
))}
[39m
[31m+                    
                     
</div>
[39m
[31m+                    
                 </div>
[39m
[31m+                    
             ))}
[39m
[31m+                    
             {previewQuiz.
questionCount > 5 && (
[39m
[31m+                    
                 <div 
className="text-center 
py-4 text-gray-400 
text-sm font-bold 
bg-white/50 rounded-xl 
border border-dashed 
border-gray-200">
[39m
[31m+                    
                     + {pr
eviewQuiz.questionCount - 
5} more questions in the 
full quiz
[39m
[31m+                    
                 </div>
[39m
[31m+                    
             )}
[39m
[31m+                    
         </div>
[39m
[31m+ 
[39m
[31m+                    
         <div 
className="p-5 sm:p-6 
border-t border-gray-100 
flex flex-col sm:flex-row 
gap-3 bg-white sticky 
bottom-0">
[39m
[31m+                    
             <button
[39m
[31m+                    
                 
onClick={() => 
setPreviewQuiz(null)}
[39m
[31m+                    
                 
className="flex-1 
sm:flex-none px-6 py-3 
border-1.5 
border-gray-200 
text-gray-600 rounded-xl 
text-sm font-bold 
hover:bg-gray-50 
transition-all 
text-center"
[39m
[31m+                    
             >
[39m
[31m+                    
                 Close 
Preview
[39m
[31m+                    
             </button>
[39m
[31m+                    
             <button 
className="flex-1 px-6 
py-3 bg-[#FF5C1A] 
text-white rounded-xl 
text-sm font-bold 
hover:bg-[#e65217] 
transition-all flex 
items-center 
justify-center gap-2 
shadow-lg 
shadow-[#FF5C1A]/20">
[39m
[31m+                    
                 <Copy 
size={18} />
[39m
[31m+                    
                 
<span>Duplicate to My 
Quizzes</span>
[39m
[31m+                    
             </button>
[39m
[31m+                    
         </div>
[39m
[31m+                    
     </motion.div>
[39m
[31m+                    
 </motion.div>
[39m
[31m+                 )}
[39m
[31m+             
</AnimatePresence>
[39m
[31m+         </div>
[39m
[31m+     );
[39m
[31m+ }
[39m
[31m+ 
[39m
[31m+ interface 
QuizCardProps {
[39m
[31m+     quiz: 
LibraryQuiz;
[39m
[31m+     index: number;
[39m
[31m+     subjectStyle: 
{ bg: string; text: 
string; dot: string };
[39m
[31m+     diffStyle: { 
bg: string; text: string 
} | null;
[39m
[31m+     onPreview?: () 
=> void;
[39m
[31m+ }
[39m
[31m+ 
[39m
[31m+ function 
QuizCard({ quiz, index, 
subjectStyle, diffStyle, 
onPreview }: 
QuizCardProps) {
[39m
[31m+     const 
[hovered, setHovered] = 
useState(false);
[39m
[31m+ 
[39m
[31m+     return (
[39m
[31m+         <motion.div
[39m
[31m+             
initial={{ opacity: 0, y: 
16 }}
[39m
[31m+             
animate={{ opacity: 1, y: 
0 }}
[39m
[31m+             
transition={{ delay: 
index * 0.05 }}
[39m
[31m+             
onMouseEnter={() => 
setHovered(true)}
[39m
[31m+             
onMouseLeave={() => 
setHovered(false)}
[39m
[31m+             
className={`group 
bg-white rounded-2xl 
border-1.5 transition-all 
duration-300 flex 
flex-col overflow-hidden 
h-full
[39m
[31m+                 
${hovered ? 
'border-[#FF5C1A] 
shadow-xl 
shadow-[#FF5C1A]/10 
-translate-y-1' : 
'border-gray-100 
shadow-sm'}`}
[39m
[31m+         >
[39m
[31m+             <div
[39m
[31m+                 
className="h-1.5 w-full 
bg-gradient-to-r"
[39m
[31m+                 
style={{ backgroundImage: 
`linear-gradient(to 
right, 
${subjectStyle.dot}, 
${subjectStyle.text})` }}
[39m
[31m+             />
[39m
[31m+             <div 
className="p-5 flex 
flex-col flex-1">
[39m
[31m+                 
<div className="flex 
items-start 
justify-between gap-3 
mb-4">
[39m
[31m+                    
 <div className="flex 
flex-wrap gap-2">
[39m
[31m+                    
     <span
[39m
[31m+                    
         
className="text-[10px] 
font-extrabold uppercase 
tracking-widest px-2.5 
py-1 rounded-full"
[39m
[31m+                    
         style={{ 
background: 
subjectStyle.bg, color: 
subjectStyle.text }}
[39m
[31m+                    
     >
[39m
[31m+                    
         {quiz.subject}
[39m
[31m+                    
     </span>
[39m
[31m+                    
     {diffStyle && 
quiz.difficulty && (
[39m
[31m+                    
         <span
[39m
[31m+                    
             
className="text-[10px] 
font-extrabold uppercase 
tracking-widest px-2.5 
py-1 rounded-full"
[39m
[31m+                    
             style={{ 
background: diffStyle.bg, 
color: diffStyle.text }}
[39m
[31m+                    
         >
[39m
[31m+                    
             
{quiz.difficulty}
[39m
[31m+                    
         </span>
[39m
[31m+                    
     )}
[39m
[31m+                    
 </div>
[39m
[31m+                    
 {quiz.rating && (
[39m
[31m+                    
     <div className="flex 
items-center gap-1.5 
bg-amber-50 px-2 py-0.5 
rounded-lg">
[39m
[31m+                    
         <Star size={12} 
className="text-amber-500 
fill-amber-500" />
[39m
[31m+                    
         <span 
className="text-xs 
font-black text-amber-700"
>{quiz.rating}</span>
[39m
[31m+                    
     </div>
[39m
[31m+                    
 )}
[39m
[31m+                 
</div>
[39m
[31m+ 
[39m
[31m+                 
<div className="mb-5 
flex-1">
[39m
[31m+                    
 <h3 
className="text-[17px] 
font-black text-gray-900 
leading-tight mb-1 group-h
over:text-[#FF5C1A] 
transition-colors 
line-clamp-2">
[39m
[31m+                    
     {quiz.title}
[39m
[31m+                    
 </h3>
[39m
[31m+                    
 {quiz.author && (
[39m
[31m+                    
     <p 
className="text-xs 
font-bold 
text-gray-400">by <span cl
assName="text-gray-600">{q
uiz.author}</span></p>
[39m
[31m+                    
 )}
[39m
[31m+                 
</div>
[39m
[31m+ 
[39m
[31m+                 
<div className="flex 
items-center 
justify-between py-4 
border-t border-gray-50 
mb-4">
[39m
[31m+                    
 <div className="flex 
items-center gap-4">
[39m
[31m+                    
     <div className="flex 
items-center gap-1.5 
text-gray-500">
[39m
[31m+                    
         <Hash size={14} 
className="text-gray-400" 
/>
[39m
[31m+                    
         <span 
className="text-[13px] fon
t-bold">{quiz.questionCoun
t}</span>
[39m
[31m+                    
     </div>
[39m
[31m+                    
     {quiz.plays !== 
undefined && (
[39m
[31m+                    
         <div 
className="flex 
items-center gap-1.5 
text-gray-500">
[39m
[31m+                    
             <Users 
size={14} 
className="text-gray-400" 
/>
[39m
[31m+                    
             <span 
className="text-[13px] 
font-bold">
[39m
[31m+                    
                 
{quiz.plays >= 1000 ? 
`${(quiz.plays / 
1000).toFixed(1)}k` : 
quiz.plays}
[39m
[31m+                    
             </span>
[39m
[31m+                    
         </div>
[39m
[31m+                    
     )}
[39m
[31m+                    
 </div>
[39m
[31m+                    
 {quiz.createdAt && (
[39m
[31m+                    
     <div className="flex 
items-center gap-1.5 
text-gray-400">
[39m
[31m+                    
         <Clock size={13} 
/>
[39m
[31m+                    
         <span 
className="text-[11px] 
font-bold font-mono 
tracking-tighter uppercase
">{quiz.createdAt}</span>
[39m
[31m+                    
     </div>
[39m
[31m+                    
 )}
[39m
[31m+                 
</div>
[39m
[31m+ 
[39m
[31m+                 
<button
[39m
[31m+                    
 onClick={onPreview}
[39m
[31m+                    
 className={`flex 
items-center 
justify-center gap-2 
w-full py-3 rounded-xl 
text-[13px] font-black 
transition-all 
duration-300
[39m
[31m+                    
     ${hovered
[39m
[31m+                    
         ? 'bg-[#FF5C1A] 
text-white shadow-lg 
shadow-[#FF5C1A]/20'
[39m
[31m+                    
         : 'bg-gray-50 
text-gray-700 
hover:bg-gray-100'}`}
[39m
[31m+                 >
[39m
[31m+                    
 <Eye size={16} />
[39m
[31m+                    
 <span>PREVIEW QUIZ</span>
[39m
[31m+                 
</button>
[39m
[31m+             </div>
[39m
[31m+         
</motion.div>
[39m
[31m+     );
[39m
[31m+ }
[39m
[31m+[39m

[36m [2mΓ¥»[22m src/pag
es/Library.test.ts:[2m58:
24[22m[39m
    [90m 56|[39m
    [90m 57|[39m     
[34mit[39m([32m'writes 
note with published: 
false by 
default'[39m[33m,[39m 
() [33m=>[39m {
    [90m 58|[39m        
 [34mexpect[39m(source)
[33m.[39m[34mtoContain[
39m([32m'published: 
false'[39m)[33m;[39m
    [90m   |[39m        
                
[31m^[39m
    [90m 59|[39m     
})[33m;[39m
    [90m 60|[39m

[31m[2mΓÄ»ΓÄ»ΓÄ»ΓÄ»ΓÄ»ΓÄ
»ΓÄ»ΓÄ»ΓÄ»ΓÄ»ΓÄ»ΓÄ»ΓÄ»ΓÄ»Γ
Ä»ΓÄ»ΓÄ»ΓÄ»ΓÄ»ΓÄ»ΓÄ»ΓÄ»[35
/75]ΓÄ»[22m[39m

[41m[1m FAIL [22m[49m 
src/pages/Library.test.ts
[2m > [22mLibrary ΓÇô 
valid note submission 
(Requirement 5.3)[2m > 
[22mincludes createdAt 
and updatedAt timestamps
[31m[1mAssertionError[2
2m: expected 'import { 
useState } from 
\'react\';\rΓÇª' to 
contain 'updatedAt'[39m

[32m- Expected[39m
[31m+ Received[39m

[32m- updatedAt[39m
[31m+ import { useState 
} from 'react';
[39m
[31m+ import { motion, 
AnimatePresence } from 
'framer-motion';
[39m
[31m+ import {
[39m
[31m+     Search, 
BookOpen, Eye, Library as 
LibraryIcon,
[39m
[31m+     Users, Hash, 
Star, TrendingUp, Clock, 
Filter,
[39m
[31m+     Plus, 
ToggleLeft, ToggleRight, 
FileText, Trash2, X, Copy
[39m
[31m+ } from 
'lucide-react';
[39m
[31m+ import { apiFetch 
} from '../utils/api';
[39m
[31m+ import { useAuth } 
from 
'../contexts/AuthContext';
[39m
[31m+ import { useNotes 
} from 
'../hooks/useNotes';
[39m
[31m+ import { 
TeacherSidebar } from '../
components/TeacherSidebar'
;
[39m
[31m+ import { 
TeacherHeader } from '../c
omponents/TeacherHeader';
[39m
[31m+ import { 
useBreakpoint } from 
'../hooks/useBreakpoint';
[39m
[31m+ import type { Note 
} from '../types/student';
[39m
[31m+ 
[39m
[31m+ export interface 
LibraryQuiz {
[39m
[31m+     id: string;
[39m
[31m+     title: string;
[39m
[31m+     subject: 
string;
[39m
[31m+     questionCount: 
number;
[39m
[31m+     author?: 
string;
[39m
[31m+     plays?: number;
[39m
[31m+     rating?: 
number;
[39m
[31m+     difficulty?: 
'Easy' | 'Medium' | 
'Hard';
[39m
[31m+     createdAt?: 
string;
[39m
[31m+ }
[39m
[31m+ 
[39m
[31m+ // Pure filter 
function (exported for 
testing)
[39m
[31m+ // 
eslint-disable-next-line r
eact-refresh/only-export-c
omponents
[39m
[31m+ export function 
filterLibraryQuizzes(
[39m
[31m+     quizzes: 
LibraryQuiz[],
[39m
[31m+     query: string,
[39m
[31m+     subject: string
[39m
[31m+ ): LibraryQuiz[] {
[39m
[31m+     let result = 
quizzes;
[39m
[31m+     if 
(query.trim()) {
[39m
[31m+         const 
lower = 
query.toLowerCase();
[39m
[31m+         result = 
result.filter(
[39m
[31m+             q => q.
title.toLowerCase().includ
es(lower) || q.subject.toL
owerCase().includes(lower)
[39m
[31m+         );
[39m
[31m+     }
[39m
[31m+     if (subject 
!== 'all') {
[39m
[31m+         result = 
result.filter(q => 
q.subject === subject);
[39m
[31m+     }
[39m
[31m+     return result;
[39m
[31m+ }
[39m
[31m+ 
[39m
[31m+ const 
SUBJECT_COLORS: 
Record<string, { bg: 
string; text: string; 
dot: string }> = {
[39m
[31m+     Geography: { 
bg: '#E0F2FE', text: 
'#0369A1', dot: '#38BDF8' 
},
[39m
[31m+     Mathematics: { 
bg: '#FEF3C7', text: 
'#B45309', dot: '#FBBF24' 
},
[39m
[31m+     Science: { bg: 
'#EDE9FE', text: 
'#6D28D9', dot: '#A78BFA' 
},
[39m
[31m+     History: { bg: 
'#FCE7F3', text: 
'#9D174D', dot: '#F472B6' 
},
[39m
[31m+     English: { bg: 
'#DCFCE7', text: 
'#166534', dot: '#4ADE80' 
},
[39m
[31m+     Default: { bg: 
'#F3F4F6', text: 
'#374151', dot: '#9CA3AF' 
},
[39m
[31m+ };
[39m
[31m+ 
[39m
[31m+ const 
DIFFICULTY_COLORS: 
Record<string, { bg: 
string; text: string }> = 
{
[39m
[31m+     Easy: { bg: 
'#DCFCE7', text: 
'#166534' },
[39m
[31m+     Medium: { bg: 
'#FEF3C7', text: 
'#B45309' },
[39m
[31m+     Hard: { bg: 
'#FEE2E2', text: 
'#991B1B' },
[39m
[31m+ };
[39m
[31m+ 
[39m
[31m+ const 
MOCK_QUIZZES: 
LibraryQuiz[] = [
[39m
[31m+     { id: '1', 
title: 'World Capitals 
Challenge', subject: 
'Geography', 
questionCount: 25, 
author: 'Ms. Rivera', 
plays: 1240, rating: 4.8, 
difficulty: 'Medium', 
createdAt: '2 days ago' },
[39m
[31m+     { id: '2', 
title: 'Algebra 
Fundamentals', subject: 
'Mathematics', 
questionCount: 20, 
author: 'Mr. Chen', 
plays: 890, rating: 4.6, 
difficulty: 'Hard', 
createdAt: '1 week ago' },
[39m
[31m+     { id: '3', 
title: 'The Periodic 
Table', subject: 
'Science', questionCount: 
30, author: 'Dr. Patel', 
plays: 2100, rating: 4.9, 
difficulty: 'Medium', 
createdAt: '3 days ago' },
[39m
[31m+     { id: '4', 
title: 'World War II 
Overview', subject: 
'History', questionCount: 
18, author: 'Prof. 
Adams', plays: 670, 
rating: 4.4, difficulty: 
'Easy', createdAt: '5 
days ago' },
[39m
[31m+     { id: '5', 
title: 'Shakespeare & 
Sonnets', subject: 
'English', questionCount: 
15, author: 'Ms. Okafor', 
plays: 430, rating: 4.7, 
difficulty: 'Hard', 
createdAt: '1 week ago' },
[39m
[31m+     { id: '6', 
title: 'Continents & 
Oceans', subject: 
'Geography', 
questionCount: 12, 
author: 'Mr. Torres', 
plays: 980, rating: 4.5, 
difficulty: 'Easy', 
createdAt: '4 days ago' },
[39m
[31m+     { id: '7', 
title: 'Fractions & 
Decimals', subject: 
'Mathematics', 
questionCount: 22, 
author: 'Ms. Kim', plays: 
560, rating: 4.3, 
difficulty: 'Medium', 
createdAt: '2 weeks ago' 
},
[39m
[31m+     { id: '8', 
title: 'Human Body 
Systems', subject: 
'Science', questionCount: 
28, author: 'Dr. Nguyen', 
plays: 1560, rating: 4.8, 
difficulty: 'Medium', 
createdAt: '6 days ago' },
[39m
[31m+ ];
[39m
[31m+ 
[39m
[31m+ const SORT_OPTIONS 
= [
[39m
[31m+     { label: 'Most 
Popular', value: 'plays', 
icon: TrendingUp },
[39m
[31m+     { label: 'Top 
Rated', value: 'rating', 
icon: Star },
[39m
[31m+     { label: 
'Newest', value: 
'newest', icon: Clock },
[39m
[31m+ ];
[39m
[31m+ 
[39m
[31m+ function 
sortQuizzes(quizzes: 
LibraryQuiz[], sort: 
string): LibraryQuiz[] {
[39m
[31m+     return 
[...quizzes].sort((a, b) 
=> {
[39m
[31m+         if (sort 
=== 'plays') return 
(b.plays ?? 0) - (a.plays 
?? 0);
[39m
[31m+         if (sort 
=== 'rating') return 
(b.rating ?? 0) - 
(a.rating ?? 0);
[39m
[31m+         return 0;
[39m
[31m+     });
[39m
[31m+ }
[39m
[31m+ 
[39m
[31m+ interface 
NoteFormState {
[39m
[31m+     title: string;
[39m
[31m+     subject: 
string;
[39m
[31m+     content: 
string;
[39m
[31m+     linkedQuizId: 
string;
[39m
[31m+ }
[39m
[31m+ 
[39m
[31m+ const 
EMPTY_NOTE_FORM: 
NoteFormState = { title: 
'', subject: '', content: 
'', linkedQuizId: '' };
[39m
[31m+ 
[39m
[31m+ export function 
Library() {
[39m
[31m+     const { user } 
= useAuth();
[39m
[31m+     const { notes, 
refresh } = useNotes({ 
authorUid: user?._id });
[39m
[31m+     const { 
isMobile } = 
useBreakpoint();
[39m
[31m+ 
[39m
[31m+     const 
[quizzes] = useState<Libra
ryQuiz[]>(MOCK_QUIZZES);
[39m
[31m+     const 
[searchQuery, 
setSearchQuery] = 
useState('');
[39m
[31m+     const 
[subjectFilter, 
setSubjectFilter] = 
useState('all');
[39m
[31m+     const [sortBy, 
setSortBy] = 
useState('plays');
[39m
[31m+     const 
[showSortMenu, 
setShowSortMenu] = 
useState(false);
[39m
[31m+     const 
[isSidebarOpen, 
setIsSidebarOpen] = 
useState(false);
[39m
[31m+     const 
[previewQuiz, 
setPreviewQuiz] = 
useState<LibraryQuiz | 
null>(null);
[39m
[31m+ 
[39m
[31m+     const 
[showNoteForm, 
setShowNoteForm] = 
useState(false);
[39m
[31m+     const 
[noteForm, setNoteForm] = 
useState<NoteFormState>(EM
PTY_NOTE_FORM);
[39m
[31m+     const 
[noteFormErrors, 
setNoteFormErrors] = 
useState<{ title?: 
string; content?: string 
}>({});
[39m
[31m+     const 
[noteSubmitting, 
setNoteSubmitting] = 
useState(false);
[39m
[31m+ 
[39m
[31m+     const subjects 
= ['all', 
...Array.from(new 
Set(quizzes.map(q => 
q.subject)))];
[39m
[31m+     const filtered 
= sortQuizzes(filterLibrar
yQuizzes(quizzes, 
searchQuery, 
subjectFilter), sortBy);
[39m
[31m+     const 
totalPlays = 
quizzes.reduce((s, q) => 
s + (q.plays ?? 0), 0);
[39m
[31m+     const 
activeSortLabel = 
SORT_OPTIONS.find(o => 
o.value === 
sortBy)?.label ?? 'Sort';
[39m
[31m+ 
[39m
[31m+     async function 
handleNoteSubmit(e: 
React.FormEvent) {
[39m
[31m+         
e.preventDefault();
[39m
[31m+         const 
errors: { title?: string; 
content?: string } = {};
[39m
[31m+         if 
(!noteForm.title.trim()) 
errors.title = 'Title is 
required';
[39m
[31m+         if (!noteFo
rm.content.trim()) 
errors.content = 'Content 
is required';
[39m
[31m+         
setNoteFormErrors(errors);
[39m
[31m+         if (Object.
keys(errors).length > 0) 
return;
[39m
[31m+ 
[39m
[31m+         
setNoteSubmitting(true);
[39m
[31m+         try {
[39m
[31m+             await 
apiFetch('/api/notes', {
[39m
[31m+                 
method: 'POST',
[39m
[31m+                 
body: {
[39m
[31m+                    
 title: 
noteForm.title.trim(),
[39m
[31m+                    
 subject: 
noteForm.subject.trim(),
[39m
[31m+                    
 content: 
noteForm.content.trim(),
[39m
[31m+                    
 linkedQuizId: noteForm.li
nkedQuizId.trim() || null,
[39m
[31m+                 }
[39m
[31m+             });
[39m
[31m+             setNote
Form(EMPTY_NOTE_FORM);
[39m
[31m+             
setNoteFormErrors({});
[39m
[31m+             
setShowNoteForm(false);
[39m
[31m+             
refresh();
[39m
[31m+         } catch 
(err) {
[39m
[31m+             
console.error('Failed to 
save note:', err);
[39m
[31m+         } finally {
[39m
[31m+             
setNoteSubmitting(false);
[39m
[31m+         }
[39m
[31m+     }
[39m
[31m+ 
[39m
[31m+     async function 
handlePublishToggle(note: 
Note) {
[39m
[31m+         try {
[39m
[31m+             await a
piFetch(`/api/notes/${note
.id || (note as 
any)._id}`, {
[39m
[31m+                 
method: 'PATCH',
[39m
[31m+                 
body: { published: 
!note.published }
[39m
[31m+             });
[39m
[31m+             
refresh();
[39m
[31m+         } catch 
(err) {
[39m
[31m+             
console.error('Failed to 
toggle publish state:', 
err);
[39m
[31m+         }
[39m
[31m+     }
[39m
[31m+ 
[39m
[31m+     async function 
handleDeleteNote(id: 
string) {
[39m
[31m+         if 
(!window.confirm('Are you 
sure you want to delete 
this note?')) return;
[39m
[31m+         try {
[39m
[31m+             await a
piFetch(`/api/notes/${id}`
, {
[39m
[31m+                 
method: 'DELETE'
[39m
[31m+             });
[39m
[31m+             
refresh();
[39m
[31m+         } catch 
(err) {
[39m
[31m+             
console.error('Failed to 
delete note:', err);
[39m
[31m+         }
[39m
[31m+     }
[39m
[31m+ 
[39m
[31m+     return (
[39m
[31m+         <div 
className="flex 
min-h-screen bg-[#F5F5F5] 
overflow-x-hidden">
[39m
[31m+             
<TeacherSidebar 
isOpen={isSidebarOpen} 
onClose={() => 
setIsSidebarOpen(false)} 
/>
[39m
[31m+ 
[39m
[31m+             {/* 
Main Content */}
[39m
[31m+             <main 
className="flex-1 
lg:ml-[240px] p-0 pb-8 
min-w-0 transition-all 
duration-300">
[39m
[31m+                 
<TeacherHeader
[39m
[31m+                    
 title="Library"
[39m
[31m+                    
 searchQuery={searchQuery}
[39m
[31m+                    
 onSearchChange={setSearch
Query}
[39m
[31m+                    
 onMenuClick={() => 
setIsSidebarOpen(true)}
[39m
[31m+                 />
[39m
[31m+ 
[39m
[31m+                 
{/* Header Section */}
[39m
[31m+                 
<div className="bg-gradien
t-to-br from-[#FF5C1A] 
to-[#FF8C42] pt-12 pb-8 
px-4 sm:px-6">
[39m
[31m+                    
 <div 
className="max-w-[1100px] 
mx-auto">
[39m
[31m+                    
     <div className="flex 
flex-col md:flex-row 
md:items-end 
justify-between gap-6 
mb-8">
[39m
[31m+                    
         <div 
className="space-y-3">
[39m
[31m+                    
             <div 
className="inline-flex 
items-center gap-1.5 
bg-white/20 rounded-full 
px-3 py-1 scale-95 
origin-left">
[39m
[31m+                    
                 
<LibraryIcon size={13} 
className="text-white/90" 
/>
[39m
[31m+                    
                 <span 
className="text-[12px] 
font-semibold 
text-white/90 uppercase 
tracking-wider">Public 
Library</span>
[39m
[31m+                    
             </div>
[39m
[31m+                    
             <h1 
className="text-3xl 
sm:text-4xl 
font-extrabold text-white 
leading-tight 
m-0">Discover Quizzes</h1>
[39m
[31m+                    
             <p 
className="text-white/80 
text-sm sm:text-base 
max-w-md m-0">
[39m
[31m+                    
                 Browse 
{quizzes.length} 
community-made quizzes 
across all subjects
[39m
[31m+                    
             </p>
[39m
[31m+                    
         </div>
[39m
[31m+ 
[39m
[31m+                    
         <div 
className="flex flex-wrap 
gap-3 relative">
[39m
[31m+                    
             <button
[39m
[31m+                    
                 
onClick={() => 
setShowSortMenu(v => !v)}
[39m
[31m+                    
                 
className="flex 
items-center gap-3 px-4 
py-2.5 bg-white border 
border-gray-200 
rounded-xl text-sm 
font-bold text-gray-700 
hover:bg-gray-50 
transition-colors"
[39m
[31m+                    
             >
[39m
[31m+                    
                 
<TrendingUp size={16} 
className="text-gray-400" 
/>
[39m
[31m+                    
                 <span>{ac
tiveSortLabel}</span>
[39m
[31m+                    
             </button>
[39m
[31m+ 
[39m
[31m+                    
             
{showSortMenu && (
[39m
[31m+                    
                 <div 
className="absolute 
top-full right-0 mt-2 
bg-white rounded-xl 
shadow-xl border 
border-gray-100 z-50 
min-w-[180px] 
overflow-hidden py-1">
[39m
[31m+                    
                     
{SORT_OPTIONS.map(opt => (
[39m
[31m+                    
                         
<button
[39m
[31m+                    
                          
   key={opt.value}
[39m
[31m+                    
                          
   onClick={() => { 
setSortBy(opt.value); 
setShowSortMenu(false); }}
[39m
[31m+                    
                          
   className={`flex 
items-center gap-3 w-full 
px-4 py-2.5 text-sm 
transition-colors 
text-left
[39m
[31m+                    
                          
       ${sortBy === 
opt.value ? 'bg-[#FFF3EE] 
text-[#FF5C1A] font-bold' 
: 'text-gray-600 
hover:bg-gray-50'}`}
[39m
[31m+                    
                         >
[39m
[31m+                    
                          
   <opt.icon size={16} />
[39m
[31m+                    
                          
   {opt.label}
[39m
[31m+                    
                         
</button>
[39m
[31m+                    
                     ))}
[39m
[31m+                    
                 </div>
[39m
[31m+                    
             )}
[39m
[31m+                    
         </div>
[39m
[31m+                    
     </div>
[39m
[31m+                    
 </div>
[39m
[31m+                 
</div>
[39m
[31m+ 
[39m
[31m+                 
<div 
className="max-w-[1100px] 
mx-auto px-4 sm:px-6 
pb-12">
[39m
[31m+                    
 <div className="bg-white 
rounded-b-2xl p-4 sm:p-5 
pt-0 mb-6 border-t 
border-gray-100 
shadow-sm">
[39m
[31m+                    
     <div className="flex 
gap-2.5 overflow-x-auto 
pb-2 scrollbar-hide -mx-1 
px-1">
[39m
[31m+                    
         {subjects.map(s 
=> {
[39m
[31m+                    
             const active 
= subjectFilter === s;
[39m
[31m+                    
             const color 
= s !== 'all' ? 
(SUBJECT_COLORS[s] ?? 
SUBJECT_COLORS.Default) : 
null;
[39m
[31m+                    
             return (
[39m
[31m+                    
                 <button
[39m
[31m+                    
                     
key={s}
[39m
[31m+                    
                     
onClick={() => 
setSubjectFilter(s)}
[39m
[31m+                    
                     
className={`flex 
items-center gap-2 px-4 
py-1.5 rounded-full 
border-1.5 text-sm 
font-bold 
whitespace-nowrap 
transition-all
[39m
[31m+                    
                         
${active
[39m
[31m+                    
                          
   ? 'bg-[#FF5C1A] 
border-[#FF5C1A] 
text-white shadow-md 
shadow-[#FF5C1A]/20'
[39m
[31m+                    
                          
   : 'bg-white 
border-gray-200 
text-gray-600 
hover:border-[#FF5C1A] 
hover:text-[#FF5C1A]'}`}
[39m
[31m+                    
                 >
[39m
[31m+                    
                     
{color && !active && (
[39m
[31m+                    
                         
<span
[39m
[31m+                    
                          
   className="w-2 h-2 
rounded-full 
flex-shrink-0"
[39m
[31m+                    
                          
   style={{ background: 
color.dot }}
[39m
[31m+                    
                         
/>
[39m
[31m+                    
                     )}
[39m
[31m+                    
                     {s 
=== 'all' ? 'All 
Subjects' : s}
[39m
[31m+                    
                 </button>
[39m
[31m+                    
             );
[39m
[31m+                    
         })}
[39m
[31m+                    
     </div>
[39m
[31m+                    
 </div>
[39m
[31m+ 
[39m
[31m+                    
 <div className="mb-4 
flex items-center 
justify-between">
[39m
[31m+                    
     <span 
className="text-sm 
text-gray-500 
font-semibold">
[39m
[31m+                    
         
{filtered.length} 
{filtered.length === 1 ? 
'quiz' : 'quizzes'} found
[39m
[31m+                    
     </span>
[39m
[31m+                    
 </div>
[39m
[31m+ 
[39m
[31m+                    
 {filtered.length === 0 ? 
(
[39m
[31m+                    
     <div 
className="text-center 
py-20 px-6 bg-white 
rounded-2xl border 
border-dashed 
border-gray-200">
[39m
[31m+                    
         <LibraryIcon 
size={32} 
className="mx-auto 
text-gray-300 mb-4" />
[39m
[31m+                    
         <h3 
className="text-lg 
font-bold text-gray-900 
mb-2">No quizzes 
found</h3>
[39m
[31m+                    
         <p 
className="text-sm 
text-gray-500">Try a 
different search term or 
subject filter.</p>
[39m
[31m+                    
     </div>
[39m
[31m+                    
 ) : (
[39m
[31m+                    
     <div className="grid 
grid-cols-1 
md:grid-cols-2 
lg:grid-cols-3 gap-6">
[39m
[31m+                    
         
{filtered.map((quiz, i) 
=> {
[39m
[31m+                    
             const 
subjectStyle = SUBJECT_COL
ORS[quiz.subject] ?? 
SUBJECT_COLORS.Default;
[39m
[31m+                    
             const 
diffStyle = 
quiz.difficulty ? DIFFICUL
TY_COLORS[quiz.difficulty]
 : null;
[39m
[31m+                    
             return (
[39m
[31m+                    
                 <QuizCard
[39m
[31m+                    
                     
key={quiz.id}
[39m
[31m+                    
                     
quiz={quiz}
[39m
[31m+                    
                     
index={i}
[39m
[31m+                    
                     subje
ctStyle={subjectStyle}
[39m
[31m+                    
                     
diffStyle={diffStyle}
[39m
[31m+                    
                     
onPreview={() => 
setPreviewQuiz(quiz)}
[39m
[31m+                    
                 />
[39m
[31m+                    
             );
[39m
[31m+                    
         })}
[39m
[31m+                    
     </div>
[39m
[31m+                    
 )}
[39m
[31m+                 
</div>
[39m
[31m+ 
[39m
[31m+                 
{/* Notes Section */}
[39m
[31m+                 
<div 
className="max-w-[1100px] 
mx-auto px-4 sm:px-6 
mb-12">
[39m
[31m+                    
 <div className="bg-white 
rounded-2xl 
overflow-hidden shadow-sm 
border border-gray-100">
[39m
[31m+                    
     <div className="flex 
items-center 
justify-between p-5 
border-b border-gray-50">
[39m
[31m+                    
         <div 
className="flex 
items-center gap-3">
[39m
[31m+                    
             <FileText 
size={20} className="text-
[#FF5C1A]" />
[39m
[31m+                    
             <h2 
className="text-lg 
font-bold 
text-gray-900">My 
Notes</h2>
[39m
[31m+                    
             <span 
className="text-[11px] 
font-bold text-gray-500 
bg-gray-100 rounded-full 
px-2 py-0.5">{notes.length
}</span>
[39m
[31m+                    
         </div>
[39m
[31m+                    
         <button
[39m
[31m+                    
             onClick={() 
=> setShowNoteForm(v => 
!v)}
[39m
[31m+                    
             
className="flex 
items-center gap-2 px-4 
py-2 bg-[#FF5C1A] 
text-white rounded-xl 
text-sm font-bold 
hover:bg-[#e65217] 
transition-colors 
shadow-sm"
[39m
[31m+                    
         >
[39m
[31m+                    
             <Plus 
size={16} />
[39m
[31m+                    
             <span>New 
Note</span>
[39m
[31m+                    
         </button>
[39m
[31m+                    
     </div>
[39m
[31m+ 
[39m
[31m+                    
     <AnimatePresence>
[39m
[31m+                    
         {showNoteForm && 
(
[39m
[31m+                    
             <motion.form
[39m
[31m+                    
                 
initial={{ height: 0, 
opacity: 0 }}
[39m
[31m+                    
                 
animate={{ height: 
'auto', opacity: 1 }}
[39m
[31m+                    
                 exit={{ 
height: 0, opacity: 0 }}
[39m
[31m+                    
                 onSubmit=
{handleNoteSubmit}
[39m
[31m+                    
                 
className="p-5 border-b 
border-gray-50 
bg-gray-50/50 space-y-4 
overflow-hidden"
[39m
[31m+                    
             >
[39m
[31m+                    
                 <div 
className="grid 
grid-cols-1 
sm:grid-cols-2 gap-4">
[39m
[31m+                    
                     <div 
className="space-y-1.5">
[39m
[31m+                    
                         
<label className="text-xs 
font-bold text-gray-700 
ml-1 uppercase tracking-wi
der">Title</label>
[39m
[31m+                    
                         
<input
[39m
[31m+                    
                          
   type="text"
[39m
[31m+                    
                          
   placeholder="Note 
title"
[39m
[31m+                    
                          
   value={noteForm.title}
[39m
[31m+                    
                          
   onChange={e => 
setNoteForm(f => ({ ...f, 
title: e.target.value }))}
[39m
[31m+                    
                          
   className={`w-full 
px-4 py-2 bg-white 
border-1.5 rounded-xl 
text-sm 
focus:outline-none 
transition-colors
[39m
[31m+                    
                          
       
${noteFormErrors.title ? 
'border-red-400 
focus:border-red-500' : 
'border-gray-200 
focus:border-[#FF5C1A]'}`}
[39m
[31m+                    
                         
/>
[39m
[31m+                    
                         
{noteFormErrors.title && (
[39m
[31m+                    
                          
   <span 
data-testid="title-error" 
className="text-[11px] 
font-semibold 
text-red-500 ml-1">{noteFo
rmErrors.title}</span>
[39m
[31m+                    
                         
)}
[39m
[31m+                    
                     
</div>
[39m
[31m+                    
                     <div 
className="space-y-1.5">
[39m
[31m+                    
                         
<label className="text-xs 
font-bold text-gray-700 
ml-1 uppercase tracking-wi
der">Subject</label>
[39m
[31m+                    
                         
<input
[39m
[31m+                    
                          
   type="text"
[39m
[31m+                    
                          
   placeholder="e.g. 
Mathematics"
[39m
[31m+                    
                          
   
value={noteForm.subject}
[39m
[31m+                    
                          
   onChange={e => 
setNoteForm(f => ({ ...f, 
subject: e.target.value 
}))}
[39m
[31m+                    
                          
   className="w-full px-4 
py-2 bg-white border-1.5 
border-gray-200 
rounded-xl text-sm 
focus:outline-none 
focus:border-[#FF5C1A] 
transition-colors"
[39m
[31m+                    
                         
/>
[39m
[31m+                    
                     
</div>
[39m
[31m+                    
                 </div>
[39m
[31m+ 
[39m
[31m+                    
                 <div 
className="space-y-1.5">
[39m
[31m+                    
                     
<label className="text-xs 
font-bold text-gray-700 
ml-1 uppercase tracking-wi
der">Content</label>
[39m
[31m+                    
                     
<textarea
[39m
[31m+                    
                         
placeholder="Write your 
note here..."
[39m
[31m+                    
                         
value={noteForm.content}
[39m
[31m+                    
                         
rows={4}
[39m
[31m+                    
                         
onChange={e => 
setNoteForm(f => ({ ...f, 
content: e.target.value 
}))}
[39m
[31m+                    
                         
className={`w-full px-4 
py-3 bg-white border-1.5 
rounded-xl text-sm 
focus:outline-none 
transition-colors 
resize-none
[39m
[31m+                    
                          
   
${noteFormErrors.content 
? 'border-red-400 
focus:border-red-500' : 
'border-gray-200 
focus:border-[#FF5C1A]'}`}
[39m
[31m+                    
                     />
[39m
[31m+                    
                     
{noteFormErrors.content 
&& (
[39m
[31m+                    
                         
<span data-testid="content
-error" 
className="text-[11px] 
font-semibold 
text-red-500 ml-1">{noteFo
rmErrors.content}</span>
[39m
[31m+                    
                     )}
[39m
[31m+                    
                 </div>
[39m
[31m+ 
[39m
[31m+                    
                 <div 
className="space-y-1.5">
[39m
[31m+                    
                     
<label className="text-xs 
font-bold text-gray-700 
ml-1 uppercase 
tracking-wider">Linked 
Quiz ID <span 
className="text-gray-400 f
ont-medium">(optional)</sp
an></label>
[39m
[31m+                    
                     
<input
[39m
[31m+                    
                         
type="text"
[39m
[31m+                    
                         
placeholder="Enter quiz 
ID to link"
[39m
[31m+                    
                         v
alue={noteForm.linkedQuizI
d}
[39m
[31m+                    
                         
onChange={e => 
setNoteForm(f => ({ ...f, 
linkedQuizId: 
e.target.value }))}
[39m
[31m+                    
                         
className="w-full px-4 
py-2 bg-white border-1.5 
border-gray-200 
rounded-xl text-sm 
focus:outline-none 
focus:border-[#FF5C1A] 
transition-colors"
[39m
[31m+                    
                     />
[39m
[31m+                    
                 </div>
[39m
[31m+ 
[39m
[31m+                    
                 <div 
className="flex 
items-center gap-3 pt-2">
[39m
[31m+                    
                     
<button
[39m
[31m+                    
                         
type="submit"
[39m
[31m+                    
                         
disabled={noteSubmitting}
[39m
[31m+                    
                         
className="flex-1 
sm:flex-none px-6 py-2.5 
bg-[#FF5C1A] text-white 
rounded-xl text-sm 
font-bold 
hover:bg-[#e65217] 
transition-all 
disabled:opacity-50"
[39m
[31m+                    
                     >
[39m
[31m+                    
                         
{noteSubmitting ? 
'Saving...' : 'Save Note'}
[39m
[31m+                    
                     
</button>
[39m
[31m+                    
                     
<button
[39m
[31m+                    
                         
type="button"
[39m
[31m+                    
                         
onClick={() => { 
setShowNoteForm(false); se
tNoteForm(EMPTY_NOTE_FORM)
; setNoteFormErrors({}); 
}}
[39m
[31m+                    
                         
className="flex-1 
sm:flex-none px-6 py-2.5 
bg-white border-1.5 
border-gray-200 
text-gray-600 rounded-xl 
text-sm font-bold 
hover:bg-gray-50 
transition-all"
[39m
[31m+                    
                     >
[39m
[31m+                    
                         
Cancel
[39m
[31m+                    
                     
</button>
[39m
[31m+                    
                 </div>
[39m
[31m+                    
             
</motion.form>
[39m
[31m+                    
         )}
[39m
[31m+                    
     </AnimatePresence>
[39m
[31m+ 
[39m
[31m+                    
     {notes.length === 0 
? (
[39m
[31m+                    
         <div 
className="p-12 
text-center">
[39m
[31m+                    
             <FileText 
size={24} 
className="mx-auto 
text-gray-300 mb-3" />
[39m
[31m+                    
             <p 
className="text-sm 
text-gray-500 
font-medium">No notes 
yet. Start by creating 
one!</p>
[39m
[31m+                    
         </div>
[39m
[31m+                    
     ) : (
[39m
[31m+                    
         <div 
className="divide-y 
divide-gray-50">
[39m
[31m+                    
             
{notes.map(note => (
[39m
[31m+                    
                 <div 
key={note.id} 
className="flex flex-col 
sm:flex-row 
sm:items-center 
justify-between p-5 
hover:bg-gray-50/50 
transition-colors gap-4">
[39m
[31m+                    
                     <div 
className="flex-1 
min-w-0">
[39m
[31m+                    
                         
<h4 
className="text-[15px] 
font-bold text-gray-900 
truncate 
mb-0.5">{note.title}</h4>
[39m
[31m+                    
                         
<p className="text-xs 
font-semibold 
text-gray-400 uppercase tr
acking-tight">{note.subjec
t}</p>
[39m
[31m+                    
                     
</div>
[39m
[31m+                    
                     <div 
className="flex 
items-center 
justify-between 
sm:justify-end gap-5">
[39m
[31m+                    
                         
<div className="flex 
items-center gap-3">
[39m
[31m+                    
                          
   <span 
className={`text-[10px] 
font-extrabold uppercase 
tracking-widest px-2.5 
py-1 rounded-full
[39m
[31m+                    
                          
       ${note.published ? 
'bg-emerald-100 
text-emerald-700' : 
'bg-gray-100 
text-gray-500'}`}>
[39m
[31m+                    
                          
       {note.published ? 
'Published' : 'Draft'}
[39m
[31m+                    
                          
   </span>
[39m
[31m+                    
                          
   <button
[39m
[31m+                    
                          
       onClick={() => 
handlePublishToggle(note)}
[39m
[31m+                    
                          
       className="p-1 
hover:bg-gray-200 
rounded-lg 
transition-colors group"
[39m
[31m+                    
                          
       
title={note.published ? 
'Unpublish' : 'Publish'}
[39m
[31m+                    
                          
   >
[39m
[31m+                    
                          
       {note.published
[39m
[31m+                    
                          
           ? <ToggleRight 
size={24} className="text-
emerald-500" />
[39m
[31m+                    
                          
           : <ToggleLeft 
size={24} 
className="text-gray-400 g
roup-hover:text-gray-600" 
/>
[39m
[31m+                    
                          
       }
[39m
[31m+                    
                          
   </button>
[39m
[31m+                    
                         
</div>
[39m
[31m+                    
                         
<button
[39m
[31m+                    
                          
   onClick={() => 
handleDeleteNote(note.id 
|| (note as any)._id)}
[39m
[31m+                    
                          
   className="p-2 
text-gray-400 
hover:text-red-500 
hover:bg-red-50 
rounded-lg transition-all"
[39m
[31m+                    
                          
   title="Delete Note"
[39m
[31m+                    
                         >
[39m
[31m+                    
                          
   <Trash2 size={18} />
[39m
[31m+                    
                         
</button>
[39m
[31m+                    
                     
</div>
[39m
[31m+                    
                 </div>
[39m
[31m+                    
             ))}
[39m
[31m+                    
         </div>
[39m
[31m+                    
     )}
[39m
[31m+                    
 </div>
[39m
[31m+                 
</div>
[39m
[31m+ 
[39m
[31m+             </main>
[39m
[31m+ 
[39m
[31m+             {/* 
Preview Modal */}
[39m
[31m+             
<AnimatePresence>
[39m
[31m+                 
{previewQuiz && (
[39m
[31m+                    
 <motion.div
[39m
[31m+                    
     initial={{ opacity: 
0 }}
[39m
[31m+                    
     animate={{ opacity: 
1 }}
[39m
[31m+                    
     exit={{ opacity: 0 }}
[39m
[31m+                    
     onClick={() => 
setPreviewQuiz(null)}
[39m
[31m+                    
     className="fixed 
inset-0 bg-black/60 
backdrop-blur-sm z-[100] 
flex items-center 
justify-center p-4 sm:p-6"
[39m
[31m+                    
 >
[39m
[31m+                    
     <motion.div
[39m
[31m+                    
         initial={{ 
scale: 0.95, opacity: 0, 
y: 20 }}
[39m
[31m+                    
         animate={{ 
scale: 1, opacity: 1, y: 
0 }}
[39m
[31m+                    
         exit={{ scale: 
0.95, opacity: 0, y: 20 }}
[39m
[31m+                    
         onClick={e => 
e.stopPropagation()}
[39m
[31m+                    
         
className="bg-white 
rounded-2xl w-full 
max-w-2xl max-h-[90vh] 
flex flex-col 
overflow-hidden 
shadow-2xl"
[39m
[31m+                    
     >
[39m
[31m+                    
         <div 
className="p-5 sm:p-6 
border-b border-gray-100 
flex items-start 
justify-between bg-white 
sticky top-0 z-10">
[39m
[31m+                    
             <div 
className="space-y-1.5">
[39m
[31m+                    
                 <div 
className="flex 
items-center gap-2">
[39m
[31m+                    
                     <span
[39m
[31m+                    
                         
className="text-[10px] 
font-extrabold uppercase 
tracking-widest px-2.5 
py-1 rounded-full"
[39m
[31m+                    
                         
style={{
[39m
[31m+                    
                          
   background: SUBJECT_COL
ORS[previewQuiz.subject]?.
bg || 
SUBJECT_COLORS.Default.bg,
[39m
[31m+                    
                          
   color: SUBJECT_COLORS[p
reviewQuiz.subject]?.text 
|| SUBJECT_COLORS.Default.
text
[39m
[31m+                    
                         
}}
[39m
[31m+                    
                     >
[39m
[31m+                    
                         
{previewQuiz.subject}
[39m
[31m+                    
                     
</span>
[39m
[31m+                    
                     
<span className="text-xs 
font-bold text-gray-400 
flex items-center gap-1">
[39m
[31m+                    
                         
<Hash size={12} />
[39m
[31m+                    
                         {
previewQuiz.questionCount}
 Questions
[39m
[31m+                    
                     
</span>
[39m
[31m+                    
                 </div>
[39m
[31m+                    
                 <h2 
className="text-xl 
sm:text-2xl 
font-extrabold 
text-gray-900 leading-tigh
t">{previewQuiz.title}</h2
>
[39m
[31m+                    
             </div>
[39m
[31m+                    
             <button
[39m
[31m+                    
                 
onClick={() => 
setPreviewQuiz(null)}
[39m
[31m+                    
                 
className="p-2 bg-gray-50 
hover:bg-gray-100 
rounded-full 
text-gray-400 
hover:text-gray-600 
transition-colors"
[39m
[31m+                    
             >
[39m
[31m+                    
                 <X 
size={20} />
[39m
[31m+                    
             </button>
[39m
[31m+                    
         </div>
[39m
[31m+ 
[39m
[31m+                    
         <div 
className="p-5 sm:p-6 
overflow-y-auto flex-1 
bg-gray-50/50 space-y-4">
[39m
[31m+                    
             
{Array.from({ length: Math
.min(previewQuiz.questionC
ount, 5) }).map((_, i) => 
(
[39m
[31m+                    
                 <div 
key={i} 
className="bg-white 
border border-gray-100 
rounded-2xl p-5 
shadow-sm">
[39m
[31m+                    
                     <div 
className="flex 
items-start gap-4 mb-5">
[39m
[31m+                    
                         
<div className="w-8 h-8 
rounded-xl bg-[#FFF3EE] 
text-[#FF5C1A] flex 
items-center 
justify-center text-sm 
font-black flex-shrink-0 
shadow-sm 
shadow-[#FF5C1A]/10">
[39m
[31m+                    
                          
   {i + 1}
[39m
[31m+                    
                         
</div>
[39m
[31m+                    
                         
<h4 className="text-sm 
sm:text-[15px] font-bold 
text-gray-700 
leading-relaxed pt-1">
[39m
[31m+                    
                          
   This is a mock sample 
question about {previewQui
z.subject.toLowerCase()} 
matching the difficulty 
level of this quiz. Can 
you select the correct 
answer below?
[39m
[31m+                    
                         
</h4>
[39m
[31m+                    
                     
</div>
[39m
[31m+                    
                     <div 
className="grid 
grid-cols-1 
sm:grid-cols-2 gap-3 
sm:pl-12">
[39m
[31m+                    
                         
{['Option A', 'Option B', 
'Option C', 'Option 
D'].map((opt, optIdx) => (
[39m
[31m+                    
                          
   <div key={optIdx} 
className="px-4 py-3 
bg-gray-50 border-1.5 
border-gray-100 
rounded-xl text-sm 
font-semibold 
text-gray-600 
hover:border-[#FF5C1A]/30 
hover:bg-white 
transition-all 
cursor-default">
[39m
[31m+                    
                          
       {opt}
[39m
[31m+                    
                          
   </div>
[39m
[31m+                    
                         
))}
[39m
[31m+                    
                     
</div>
[39m
[31m+                    
                 </div>
[39m
[31m+                    
             ))}
[39m
[31m+                    
             {previewQuiz.
questionCount > 5 && (
[39m
[31m+                    
                 <div 
className="text-center 
py-4 text-gray-400 
text-sm font-bold 
bg-white/50 rounded-xl 
border border-dashed 
border-gray-200">
[39m
[31m+                    
                     + {pr
eviewQuiz.questionCount - 
5} more questions in the 
full quiz
[39m
[31m+                    
                 </div>
[39m
[31m+                    
             )}
[39m
[31m+                    
         </div>
[39m
[31m+ 
[39m
[31m+                    
         <div 
className="p-5 sm:p-6 
border-t border-gray-100 
flex flex-col sm:flex-row 
gap-3 bg-white sticky 
bottom-0">
[39m
[31m+                    
             <button
[39m
[31m+                    
                 
onClick={() => 
setPreviewQuiz(null)}
[39m
[31m+                    
                 
className="flex-1 
sm:flex-none px-6 py-3 
border-1.5 
border-gray-200 
text-gray-600 rounded-xl 
text-sm font-bold 
hover:bg-gray-50 
transition-all 
text-center"
[39m
[31m+                    
             >
[39m
[31m+                    
                 Close 
Preview
[39m
[31m+                    
             </button>
[39m
[31m+                    
             <button 
className="flex-1 px-6 
py-3 bg-[#FF5C1A] 
text-white rounded-xl 
text-sm font-bold 
hover:bg-[#e65217] 
transition-all flex 
items-center 
justify-center gap-2 
shadow-lg 
shadow-[#FF5C1A]/20">
[39m
[31m+                    
                 <Copy 
size={18} />
[39m
[31m+                    
                 
<span>Duplicate to My 
Quizzes</span>
[39m
[31m+                    
             </button>
[39m
[31m+                    
         </div>
[39m
[31m+                    
     </motion.div>
[39m
[31m+                    
 </motion.div>
[39m
[31m+                 )}
[39m
[31m+             
</AnimatePresence>
[39m
[31m+         </div>
[39m
[31m+     );
[39m
[31m+ }
[39m
[31m+ 
[39m
[31m+ interface 
QuizCardProps {
[39m
[31m+     quiz: 
LibraryQuiz;
[39m
[31m+     index: number;
[39m
[31m+     subjectStyle: 
{ bg: string; text: 
string; dot: string };
[39m
[31m+     diffStyle: { 
bg: string; text: string 
} | null;
[39m
[31m+     onPreview?: () 
=> void;
[39m
[31m+ }
[39m
[31m+ 
[39m
[31m+ function 
QuizCard({ quiz, index, 
subjectStyle, diffStyle, 
onPreview }: 
QuizCardProps) {
[39m
[31m+     const 
[hovered, setHovered] = 
useState(false);
[39m
[31m+ 
[39m
[31m+     return (
[39m
[31m+         <motion.div
[39m
[31m+             
initial={{ opacity: 0, y: 
16 }}
[39m
[31m+             
animate={{ opacity: 1, y: 
0 }}
[39m
[31m+             
transition={{ delay: 
index * 0.05 }}
[39m
[31m+             
onMouseEnter={() => 
setHovered(true)}
[39m
[31m+             
onMouseLeave={() => 
setHovered(false)}
[39m
[31m+             
className={`group 
bg-white rounded-2xl 
border-1.5 transition-all 
duration-300 flex 
flex-col overflow-hidden 
h-full
[39m
[31m+                 
${hovered ? 
'border-[#FF5C1A] 
shadow-xl 
shadow-[#FF5C1A]/10 
-translate-y-1' : 
'border-gray-100 
shadow-sm'}`}
[39m
[31m+         >
[39m
[31m+             <div
[39m
[31m+                 
className="h-1.5 w-full 
bg-gradient-to-r"
[39m
[31m+                 
style={{ backgroundImage: 
`linear-gradient(to 
right, 
${subjectStyle.dot}, 
${subjectStyle.text})` }}
[39m
[31m+             />
[39m
[31m+             <div 
className="p-5 flex 
flex-col flex-1">
[39m
[31m+                 
<div className="flex 
items-start 
justify-between gap-3 
mb-4">
[39m
[31m+                    
 <div className="flex 
flex-wrap gap-2">
[39m
[31m+                    
     <span
[39m
[31m+                    
         
className="text-[10px] 
font-extrabold uppercase 
tracking-widest px-2.5 
py-1 rounded-full"
[39m
[31m+                    
         style={{ 
background: 
subjectStyle.bg, color: 
subjectStyle.text }}
[39m
[31m+                    
     >
[39m
[31m+                    
         {quiz.subject}
[39m
[31m+                    
     </span>
[39m
[31m+                    
     {diffStyle && 
quiz.difficulty && (
[39m
[31m+                    
         <span
[39m
[31m+                    
             
className="text-[10px] 
font-extrabold uppercase 
tracking-widest px-2.5 
py-1 rounded-full"
[39m
[31m+                    
             style={{ 
background: diffStyle.bg, 
color: diffStyle.text }}
[39m
[31m+                    
         >
[39m
[31m+                    
             
{quiz.difficulty}
[39m
[31m+                    
         </span>
[39m
[31m+                    
     )}
[39m
[31m+                    
 </div>
[39m
[31m+                    
 {quiz.rating && (
[39m
[31m+                    
     <div className="flex 
items-center gap-1.5 
bg-amber-50 px-2 py-0.5 
rounded-lg">
[39m
[31m+                    
         <Star size={12} 
className="text-amber-500 
fill-amber-500" />
[39m
[31m+                    
         <span 
className="text-xs 
font-black text-amber-700"
>{quiz.rating}</span>
[39m
[31m+                    
     </div>
[39m
[31m+                    
 )}
[39m
[31m+                 
</div>
[39m
[31m+ 
[39m
[31m+                 
<div className="mb-5 
flex-1">
[39m
[31m+                    
 <h3 
className="text-[17px] 
font-black text-gray-900 
leading-tight mb-1 group-h
over:text-[#FF5C1A] 
transition-colors 
line-clamp-2">
[39m
[31m+                    
     {quiz.title}
[39m
[31m+                    
 </h3>
[39m
[31m+                    
 {quiz.author && (
[39m
[31m+                    
     <p 
className="text-xs 
font-bold 
text-gray-400">by <span cl
assName="text-gray-600">{q
uiz.author}</span></p>
[39m
[31m+                    
 )}
[39m
[31m+                 
</div>
[39m
[31m+ 
[39m
[31m+                 
<div className="flex 
items-center 
justify-between py-4 
border-t border-gray-50 
mb-4">
[39m
[31m+                    
 <div className="flex 
items-center gap-4">
[39m
[31m+                    
     <div className="flex 
items-center gap-1.5 
text-gray-500">
[39m
[31m+                    
         <Hash size={14} 
className="text-gray-400" 
/>
[39m
[31m+                    
         <span 
className="text-[13px] fon
t-bold">{quiz.questionCoun
t}</span>
[39m
[31m+                    
     </div>
[39m
[31m+                    
     {quiz.plays !== 
undefined && (
[39m
[31m+                    
         <div 
className="flex 
items-center gap-1.5 
text-gray-500">
[39m
[31m+                    
             <Users 
size={14} 
className="text-gray-400" 
/>
[39m
[31m+                    
             <span 
className="text-[13px] 
font-bold">
[39m
[31m+                    
                 
{quiz.plays >= 1000 ? 
`${(quiz.plays / 
1000).toFixed(1)}k` : 
quiz.plays}
[39m
[31m+                    
             </span>
[39m
[31m+                    
         </div>
[39m
[31m+                    
     )}
[39m
[31m+                    
 </div>
[39m
[31m+                    
 {quiz.createdAt && (
[39m
[31m+                    
     <div className="flex 
items-center gap-1.5 
text-gray-400">
[39m
[31m+                    
         <Clock size={13} 
/>
[39m
[31m+                    
         <span 
className="text-[11px] 
font-bold font-mono 
tracking-tighter uppercase
">{quiz.createdAt}</span>
[39m
[31m+                    
     </div>
[39m
[31m+                    
 )}
[39m
[31m+                 
</div>
[39m
[31m+ 
[39m
[31m+                 
<button
[39m
[31m+                    
 onClick={onPreview}
[39m
[31m+                    
 className={`flex 
items-center 
justify-center gap-2 
w-full py-3 rounded-xl 
text-[13px] font-black 
transition-all 
duration-300
[39m
[31m+                    
     ${hovered
[39m
[31m+                    
         ? 'bg-[#FF5C1A] 
text-white shadow-lg 
shadow-[#FF5C1A]/20'
[39m
[31m+                    
         : 'bg-gray-50 
text-gray-700 
hover:bg-gray-100'}`}
[39m
[31m+                 >
[39m
[31m+                    
 <Eye size={16} />
[39m
[31m+                    
 <span>PREVIEW QUIZ</span>
[39m
[31m+                 
</button>
[39m
[31m+             </div>
[39m
[31m+         
</motion.div>
[39m
[31m+     );
[39m
[31m+ }
[39m
[31m+[39m

[36m [2mΓ¥»[22m src/pag
es/Library.test.ts:[2m67:
24[22m[39m
    [90m 65|[39m     [3
4mit[39m([32m'includes 
createdAt and updatedAt ti
mestamps'[39m[33m,[39m 
() [33m=>[39m {
    [90m 66|[39m        
 [34mexpect[39m(source)
[33m.[39m[34mtoContain[
39m([32m'createdAt'[39m)
[33m;[39m
    [90m 67|[39m        
 [34mexpect[39m(source)
[33m.[39m[34mtoContain[
39m([32m'updatedAt'[39m)
[33m;[39m
    [90m   |[39m        
                
[31m^[39m
    [90m 68|[39m     
})[33m;[39m
    [90m 69|[39m

[31m[2mΓÄ»ΓÄ»ΓÄ»ΓÄ»ΓÄ»ΓÄ
»ΓÄ»ΓÄ»ΓÄ»ΓÄ»ΓÄ»ΓÄ»ΓÄ»ΓÄ»Γ
Ä»ΓÄ»ΓÄ»ΓÄ»ΓÄ»ΓÄ»ΓÄ»ΓÄ»[36
/75]ΓÄ»[22m[39m

[41m[1m FAIL [22m[49m 
src/pages/Library.test.ts
[2m > [22mLibrary ΓÇô 
valid note submission 
(Requirement 5.3)[2m > 
[22mimports addDoc from 
firebase/firestore
[31m[1mAssertionError[2
2m: expected 'import { 
useState } from 
\'react\';\rΓÇª' to 
contain 'addDoc'[39m

[32m- Expected[39m
[31m+ Received[39m

[32m- addDoc[39m
[31m+ import { useState 
} from 'react';
[39m
[31m+ import { motion, 
AnimatePresence } from 
'framer-motion';
[39m
[31m+ import {
[39m
[31m+     Search, 
BookOpen, Eye, Library as 
LibraryIcon,
[39m
[31m+     Users, Hash, 
Star, TrendingUp, Clock, 
Filter,
[39m
[31m+     Plus, 
ToggleLeft, ToggleRight, 
FileText, Trash2, X, Copy
[39m
[31m+ } from 
'lucide-react';
[39m
[31m+ import { apiFetch 
} from '../utils/api';
[39m
[31m+ import { useAuth } 
from 
'../contexts/AuthContext';
[39m
[31m+ import { useNotes 
} from 
'../hooks/useNotes';
[39m
[31m+ import { 
TeacherSidebar } from '../
components/TeacherSidebar'
;
[39m
[31m+ import { 
TeacherHeader } from '../c
omponents/TeacherHeader';
[39m
[31m+ import { 
useBreakpoint } from 
'../hooks/useBreakpoint';
[39m
[31m+ import type { Note 
} from '../types/student';
[39m
[31m+ 
[39m
[31m+ export interface 
LibraryQuiz {
[39m
[31m+     id: string;
[39m
[31m+     title: string;
[39m
[31m+     subject: 
string;
[39m
[31m+     questionCount: 
number;
[39m
[31m+     author?: 
string;
[39m
[31m+     plays?: number;
[39m
[31m+     rating?: 
number;
[39m
[31m+     difficulty?: 
'Easy' | 'Medium' | 
'Hard';
[39m
[31m+     createdAt?: 
string;
[39m
[31m+ }
[39m
[31m+ 
[39m
[31m+ // Pure filter 
function (exported for 
testing)
[39m
[31m+ // 
eslint-disable-next-line r
eact-refresh/only-export-c
omponents
[39m
[31m+ export function 
filterLibraryQuizzes(
[39m
[31m+     quizzes: 
LibraryQuiz[],
[39m
[31m+     query: string,
[39m
[31m+     subject: string
[39m
[31m+ ): LibraryQuiz[] {
[39m
[31m+     let result = 
quizzes;
[39m
[31m+     if 
(query.trim()) {
[39m
[31m+         const 
lower = 
query.toLowerCase();
[39m
[31m+         result = 
result.filter(
[39m
[31m+             q => q.
title.toLowerCase().includ
es(lower) || q.subject.toL
owerCase().includes(lower)
[39m
[31m+         );
[39m
[31m+     }
[39m
[31m+     if (subject 
!== 'all') {
[39m
[31m+         result = 
result.filter(q => 
q.subject === subject);
[39m
[31m+     }
[39m
[31m+     return result;
[39m
[31m+ }
[39m
[31m+ 
[39m
[31m+ const 
SUBJECT_COLORS: 
Record<string, { bg: 
string; text: string; 
dot: string }> = {
[39m
[31m+     Geography: { 
bg: '#E0F2FE', text: 
'#0369A1', dot: '#38BDF8' 
},
[39m
[31m+     Mathematics: { 
bg: '#FEF3C7', text: 
'#B45309', dot: '#FBBF24' 
},
[39m
[31m+     Science: { bg: 
'#EDE9FE', text: 
'#6D28D9', dot: '#A78BFA' 
},
[39m
[31m+     History: { bg: 
'#FCE7F3', text: 
'#9D174D', dot: '#F472B6' 
},
[39m
[31m+     English: { bg: 
'#DCFCE7', text: 
'#166534', dot: '#4ADE80' 
},
[39m
[31m+     Default: { bg: 
'#F3F4F6', text: 
'#374151', dot: '#9CA3AF' 
},
[39m
[31m+ };
[39m
[31m+ 
[39m
[31m+ const 
DIFFICULTY_COLORS: 
Record<string, { bg: 
string; text: string }> = 
{
[39m
[31m+     Easy: { bg: 
'#DCFCE7', text: 
'#166534' },
[39m
[31m+     Medium: { bg: 
'#FEF3C7', text: 
'#B45309' },
[39m
[31m+     Hard: { bg: 
'#FEE2E2', text: 
'#991B1B' },
[39m
[31m+ };
[39m
[31m+ 
[39m
[31m+ const 
MOCK_QUIZZES: 
LibraryQuiz[] = [
[39m
[31m+     { id: '1', 
title: 'World Capitals 
Challenge', subject: 
'Geography', 
questionCount: 25, 
author: 'Ms. Rivera', 
plays: 1240, rating: 4.8, 
difficulty: 'Medium', 
createdAt: '2 days ago' },
[39m
[31m+     { id: '2', 
title: 'Algebra 
Fundamentals', subject: 
'Mathematics', 
questionCount: 20, 
author: 'Mr. Chen', 
plays: 890, rating: 4.6, 
difficulty: 'Hard', 
createdAt: '1 week ago' },
[39m
[31m+     { id: '3', 
title: 'The Periodic 
Table', subject: 
'Science', questionCount: 
30, author: 'Dr. Patel', 
plays: 2100, rating: 4.9, 
difficulty: 'Medium', 
createdAt: '3 days ago' },
[39m
[31m+     { id: '4', 
title: 'World War II 
Overview', subject: 
'History', questionCount: 
18, author: 'Prof. 
Adams', plays: 670, 
rating: 4.4, difficulty: 
'Easy', createdAt: '5 
days ago' },
[39m
[31m+     { id: '5', 
title: 'Shakespeare & 
Sonnets', subject: 
'English', questionCount: 
15, author: 'Ms. Okafor', 
plays: 430, rating: 4.7, 
difficulty: 'Hard', 
createdAt: '1 week ago' },
[39m
[31m+     { id: '6', 
title: 'Continents & 
Oceans', subject: 
'Geography', 
questionCount: 12, 
author: 'Mr. Torres', 
plays: 980, rating: 4.5, 
difficulty: 'Easy', 
createdAt: '4 days ago' },
[39m
[31m+     { id: '7', 
title: 'Fractions & 
Decimals', subject: 
'Mathematics', 
questionCount: 22, 
author: 'Ms. Kim', plays: 
560, rating: 4.3, 
difficulty: 'Medium', 
createdAt: '2 weeks ago' 
},
[39m
[31m+     { id: '8', 
title: 'Human Body 
Systems', subject: 
'Science', questionCount: 
28, author: 'Dr. Nguyen', 
plays: 1560, rating: 4.8, 
difficulty: 'Medium', 
createdAt: '6 days ago' },
[39m
[31m+ ];
[39m
[31m+ 
[39m
[31m+ const SORT_OPTIONS 
= [
[39m
[31m+     { label: 'Most 
Popular', value: 'plays', 
icon: TrendingUp },
[39m
[31m+     { label: 'Top 
Rated', value: 'rating', 
icon: Star },
[39m
[31m+     { label: 
'Newest', value: 
'newest', icon: Clock },
[39m
[31m+ ];
[39m
[31m+ 
[39m
[31m+ function 
sortQuizzes(quizzes: 
LibraryQuiz[], sort: 
string): LibraryQuiz[] {
[39m
[31m+     return 
[...quizzes].sort((a, b) 
=> {
[39m
[31m+         if (sort 
=== 'plays') return 
(b.plays ?? 0) - (a.plays 
?? 0);
[39m
[31m+         if (sort 
=== 'rating') return 
(b.rating ?? 0) - 
(a.rating ?? 0);
[39m
[31m+         return 0;
[39m
[31m+     });
[39m
[31m+ }
[39m
[31m+ 
[39m
[31m+ interface 
NoteFormState {
[39m
[31m+     title: string;
[39m
[31m+     subject: 
string;
[39m
[31m+     content: 
string;
[39m
[31m+     linkedQuizId: 
string;
[39m
[31m+ }
[39m
[31m+ 
[39m
[31m+ const 
EMPTY_NOTE_FORM: 
NoteFormState = { title: 
'', subject: '', content: 
'', linkedQuizId: '' };
[39m
[31m+ 
[39m
[31m+ export function 
Library() {
[39m
[31m+     const { user } 
= useAuth();
[39m
[31m+     const { notes, 
refresh } = useNotes({ 
authorUid: user?._id });
[39m
[31m+     const { 
isMobile } = 
useBreakpoint();
[39m
[31m+ 
[39m
[31m+     const 
[quizzes] = useState<Libra
ryQuiz[]>(MOCK_QUIZZES);
[39m
[31m+     const 
[searchQuery, 
setSearchQuery] = 
useState('');
[39m
[31m+     const 
[subjectFilter, 
setSubjectFilter] = 
useState('all');
[39m
[31m+     const [sortBy, 
setSortBy] = 
useState('plays');
[39m
[31m+     const 
[showSortMenu, 
setShowSortMenu] = 
useState(false);
[39m
[31m+     const 
[isSidebarOpen, 
setIsSidebarOpen] = 
useState(false);
[39m
[31m+     const 
[previewQuiz, 
setPreviewQuiz] = 
useState<LibraryQuiz | 
null>(null);
[39m
[31m+ 
[39m
[31m+     const 
[showNoteForm, 
setShowNoteForm] = 
useState(false);
[39m
[31m+     const 
[noteForm, setNoteForm] = 
useState<NoteFormState>(EM
PTY_NOTE_FORM);
[39m
[31m+     const 
[noteFormErrors, 
setNoteFormErrors] = 
useState<{ title?: 
string; content?: string 
}>({});
[39m
[31m+     const 
[noteSubmitting, 
setNoteSubmitting] = 
useState(false);
[39m
[31m+ 
[39m
[31m+     const subjects 
= ['all', 
...Array.from(new 
Set(quizzes.map(q => 
q.subject)))];
[39m
[31m+     const filtered 
= sortQuizzes(filterLibrar
yQuizzes(quizzes, 
searchQuery, 
subjectFilter), sortBy);
[39m
[31m+     const 
totalPlays = 
quizzes.reduce((s, q) => 
s + (q.plays ?? 0), 0);
[39m
[31m+     const 
activeSortLabel = 
SORT_OPTIONS.find(o => 
o.value === 
sortBy)?.label ?? 'Sort';
[39m
[31m+ 
[39m
[31m+     async function 
handleNoteSubmit(e: 
React.FormEvent) {
[39m
[31m+         
e.preventDefault();
[39m
[31m+         const 
errors: { title?: string; 
content?: string } = {};
[39m
[31m+         if 
(!noteForm.title.trim()) 
errors.title = 'Title is 
required';
[39m
[31m+         if (!noteFo
rm.content.trim()) 
errors.content = 'Content 
is required';
[39m
[31m+         
setNoteFormErrors(errors);
[39m
[31m+         if (Object.
keys(errors).length > 0) 
return;
[39m
[31m+ 
[39m
[31m+         
setNoteSubmitting(true);
[39m
[31m+         try {
[39m
[31m+             await 
apiFetch('/api/notes', {
[39m
[31m+                 
method: 'POST',
[39m
[31m+                 
body: {
[39m
[31m+                    
 title: 
noteForm.title.trim(),
[39m
[31m+                    
 subject: 
noteForm.subject.trim(),
[39m
[31m+                    
 content: 
noteForm.content.trim(),
[39m
[31m+                    
 linkedQuizId: noteForm.li
nkedQuizId.trim() || null,
[39m
[31m+                 }
[39m
[31m+             });
[39m
[31m+             setNote
Form(EMPTY_NOTE_FORM);
[39m
[31m+             
setNoteFormErrors({});
[39m
[31m+             
setShowNoteForm(false);
[39m
[31m+             
refresh();
[39m
[31m+         } catch 
(err) {
[39m
[31m+             
console.error('Failed to 
save note:', err);
[39m
[31m+         } finally {
[39m
[31m+             
setNoteSubmitting(false);
[39m
[31m+         }
[39m
[31m+     }
[39m
[31m+ 
[39m
[31m+     async function 
handlePublishToggle(note: 
Note) {
[39m
[31m+         try {
[39m
[31m+             await a
piFetch(`/api/notes/${note
.id || (note as 
any)._id}`, {
[39m
[31m+                 
method: 'PATCH',
[39m
[31m+                 
body: { published: 
!note.published }
[39m
[31m+             });
[39m
[31m+             
refresh();
[39m
[31m+         } catch 
(err) {
[39m
[31m+             
console.error('Failed to 
toggle publish state:', 
err);
[39m
[31m+         }
[39m
[31m+     }
[39m
[31m+ 
[39m
[31m+     async function 
handleDeleteNote(id: 
string) {
[39m
[31m+         if 
(!window.confirm('Are you 
sure you want to delete 
this note?')) return;
[39m
[31m+         try {
[39m
[31m+             await a
piFetch(`/api/notes/${id}`
, {
[39m
[31m+                 
method: 'DELETE'
[39m
[31m+             });
[39m
[31m+             
refresh();
[39m
[31m+         } catch 
(err) {
[39m
[31m+             
console.error('Failed to 
delete note:', err);
[39m
[31m+         }
[39m
[31m+     }
[39m
[31m+ 
[39m
[31m+     return (
[39m
[31m+         <div 
className="flex 
min-h-screen bg-[#F5F5F5] 
overflow-x-hidden">
[39m
[31m+             
<TeacherSidebar 
isOpen={isSidebarOpen} 
onClose={() => 
setIsSidebarOpen(false)} 
/>
[39m
[31m+ 
[39m
[31m+             {/* 
Main Content */}
[39m
[31m+             <main 
className="flex-1 
lg:ml-[240px] p-0 pb-8 
min-w-0 transition-all 
duration-300">
[39m
[31m+                 
<TeacherHeader
[39m
[31m+                    
 title="Library"
[39m
[31m+                    
 searchQuery={searchQuery}
[39m
[31m+                    
 onSearchChange={setSearch
Query}
[39m
[31m+                    
 onMenuClick={() => 
setIsSidebarOpen(true)}
[39m
[31m+                 />
[39m
[31m+ 
[39m
[31m+                 
{/* Header Section */}
[39m
[31m+                 
<div className="bg-gradien
t-to-br from-[#FF5C1A] 
to-[#FF8C42] pt-12 pb-8 
px-4 sm:px-6">
[39m
[31m+                    
 <div 
className="max-w-[1100px] 
mx-auto">
[39m
[31m+                    
     <div className="flex 
flex-col md:flex-row 
md:items-end 
justify-between gap-6 
mb-8">
[39m
[31m+                    
         <div 
className="space-y-3">
[39m
[31m+                    
             <div 
className="inline-flex 
items-center gap-1.5 
bg-white/20 rounded-full 
px-3 py-1 scale-95 
origin-left">
[39m
[31m+                    
                 
<LibraryIcon size={13} 
className="text-white/90" 
/>
[39m
[31m+                    
                 <span 
className="text-[12px] 
font-semibold 
text-white/90 uppercase 
tracking-wider">Public 
Library</span>
[39m
[31m+                    
             </div>
[39m
[31m+                    
             <h1 
className="text-3xl 
sm:text-4xl 
font-extrabold text-white 
leading-tight 
m-0">Discover Quizzes</h1>
[39m
[31m+                    
             <p 
className="text-white/80 
text-sm sm:text-base 
max-w-md m-0">
[39m
[31m+                    
                 Browse 
{quizzes.length} 
community-made quizzes 
across all subjects
[39m
[31m+                    
             </p>
[39m
[31m+                    
         </div>
[39m
[31m+ 
[39m
[31m+                    
         <div 
className="flex flex-wrap 
gap-3 relative">
[39m
[31m+                    
             <button
[39m
[31m+                    
                 
onClick={() => 
setShowSortMenu(v => !v)}
[39m
[31m+                    
                 
className="flex 
items-center gap-3 px-4 
py-2.5 bg-white border 
border-gray-200 
rounded-xl text-sm 
font-bold text-gray-700 
hover:bg-gray-50 
transition-colors"
[39m
[31m+                    
             >
[39m
[31m+                    
                 
<TrendingUp size={16} 
className="text-gray-400" 
/>
[39m
[31m+                    
                 <span>{ac
tiveSortLabel}</span>
[39m
[31m+                    
             </button>
[39m
[31m+ 
[39m
[31m+                    
             
{showSortMenu && (
[39m
[31m+                    
                 <div 
className="absolute 
top-full right-0 mt-2 
bg-white rounded-xl 
shadow-xl border 
border-gray-100 z-50 
min-w-[180px] 
overflow-hidden py-1">
[39m
[31m+                    
                     
{SORT_OPTIONS.map(opt => (
[39m
[31m+                    
                         
<button
[39m
[31m+                    
                          
   key={opt.value}
[39m
[31m+                    
                          
   onClick={() => { 
setSortBy(opt.value); 
setShowSortMenu(false); }}
[39m
[31m+                    
                          
   className={`flex 
items-center gap-3 w-full 
px-4 py-2.5 text-sm 
transition-colors 
text-left
[39m
[31m+                    
                          
       ${sortBy === 
opt.value ? 'bg-[#FFF3EE] 
text-[#FF5C1A] font-bold' 
: 'text-gray-600 
hover:bg-gray-50'}`}
[39m
[31m+                    
                         >
[39m
[31m+                    
                          
   <opt.icon size={16} />
[39m
[31m+                    
                          
   {opt.label}
[39m
[31m+                    
                         
</button>
[39m
[31m+                    
                     ))}
[39m
[31m+                    
                 </div>
[39m
[31m+                    
             )}
[39m
[31m+                    
         </div>
[39m
[31m+                    
     </div>
[39m
[31m+                    
 </div>
[39m
[31m+                 
</div>
[39m
[31m+ 
[39m
[31m+                 
<div 
className="max-w-[1100px] 
mx-auto px-4 sm:px-6 
pb-12">
[39m
[31m+                    
 <div className="bg-white 
rounded-b-2xl p-4 sm:p-5 
pt-0 mb-6 border-t 
border-gray-100 
shadow-sm">
[39m
[31m+                    
     <div className="flex 
gap-2.5 overflow-x-auto 
pb-2 scrollbar-hide -mx-1 
px-1">
[39m
[31m+                    
         {subjects.map(s 
=> {
[39m
[31m+                    
             const active 
= subjectFilter === s;
[39m
[31m+                    
             const color 
= s !== 'all' ? 
(SUBJECT_COLORS[s] ?? 
SUBJECT_COLORS.Default) : 
null;
[39m
[31m+                    
             return (
[39m
[31m+                    
                 <button
[39m
[31m+                    
                     
key={s}
[39m
[31m+                    
                     
onClick={() => 
setSubjectFilter(s)}
[39m
[31m+                    
                     
className={`flex 
items-center gap-2 px-4 
py-1.5 rounded-full 
border-1.5 text-sm 
font-bold 
whitespace-nowrap 
transition-all
[39m
[31m+                    
                         
${active
[39m
[31m+                    
                          
   ? 'bg-[#FF5C1A] 
border-[#FF5C1A] 
text-white shadow-md 
shadow-[#FF5C1A]/20'
[39m
[31m+                    
                          
   : 'bg-white 
border-gray-200 
text-gray-600 
hover:border-[#FF5C1A] 
hover:text-[#FF5C1A]'}`}
[39m
[31m+                    
                 >
[39m
[31m+                    
                     
{color && !active && (
[39m
[31m+                    
                         
<span
[39m
[31m+                    
                          
   className="w-2 h-2 
rounded-full 
flex-shrink-0"
[39m
[31m+                    
                          
   style={{ background: 
color.dot }}
[39m
[31m+                    
                         
/>
[39m
[31m+                    
                     )}
[39m
[31m+                    
                     {s 
=== 'all' ? 'All 
Subjects' : s}
[39m
[31m+                    
                 </button>
[39m
[31m+                    
             );
[39m
[31m+                    
         })}
[39m
[31m+                    
     </div>
[39m
[31m+                    
 </div>
[39m
[31m+ 
[39m
[31m+                    
 <div className="mb-4 
flex items-center 
justify-between">
[39m
[31m+                    
     <span 
className="text-sm 
text-gray-500 
font-semibold">
[39m
[31m+                    
         
{filtered.length} 
{filtered.length === 1 ? 
'quiz' : 'quizzes'} found
[39m
[31m+                    
     </span>
[39m
[31m+                    
 </div>
[39m
[31m+ 
[39m
[31m+                    
 {filtered.length === 0 ? 
(
[39m
[31m+                    
     <div 
className="text-center 
py-20 px-6 bg-white 
rounded-2xl border 
border-dashed 
border-gray-200">
[39m
[31m+                    
         <LibraryIcon 
size={32} 
className="mx-auto 
text-gray-300 mb-4" />
[39m
[31m+                    
         <h3 
className="text-lg 
font-bold text-gray-900 
mb-2">No quizzes 
found</h3>
[39m
[31m+                    
         <p 
className="text-sm 
text-gray-500">Try a 
different search term or 
subject filter.</p>
[39m
[31m+                    
     </div>
[39m
[31m+                    
 ) : (
[39m
[31m+                    
     <div className="grid 
grid-cols-1 
md:grid-cols-2 
lg:grid-cols-3 gap-6">
[39m
[31m+                    
         
{filtered.map((quiz, i) 
=> {
[39m
[31m+                    
             const 
subjectStyle = SUBJECT_COL
ORS[quiz.subject] ?? 
SUBJECT_COLORS.Default;
[39m
[31m+                    
             const 
diffStyle = 
quiz.difficulty ? DIFFICUL
TY_COLORS[quiz.difficulty]
 : null;
[39m
[31m+                    
             return (
[39m
[31m+                    
                 <QuizCard
[39m
[31m+                    
                     
key={quiz.id}
[39m
[31m+                    
                     
quiz={quiz}
[39m
[31m+                    
                     
index={i}
[39m
[31m+                    
                     subje
ctStyle={subjectStyle}
[39m
[31m+                    
                     
diffStyle={diffStyle}
[39m
[31m+                    
                     
onPreview={() => 
setPreviewQuiz(quiz)}
[39m
[31m+                    
                 />
[39m
[31m+                    
             );
[39m
[31m+                    
         })}
[39m
[31m+                    
     </div>
[39m
[31m+                    
 )}
[39m
[31m+                 
</div>
[39m
[31m+ 
[39m
[31m+                 
{/* Notes Section */}
[39m
[31m+                 
<div 
className="max-w-[1100px] 
mx-auto px-4 sm:px-6 
mb-12">
[39m
[31m+                    
 <div className="bg-white 
rounded-2xl 
overflow-hidden shadow-sm 
border border-gray-100">
[39m
[31m+                    
     <div className="flex 
items-center 
justify-between p-5 
border-b border-gray-50">
[39m
[31m+                    
         <div 
className="flex 
items-center gap-3">
[39m
[31m+                    
             <FileText 
size={20} className="text-
[#FF5C1A]" />
[39m
[31m+                    
             <h2 
className="text-lg 
font-bold 
text-gray-900">My 
Notes</h2>
[39m
[31m+                    
             <span 
className="text-[11px] 
font-bold text-gray-500 
bg-gray-100 rounded-full 
px-2 py-0.5">{notes.length
}</span>
[39m
[31m+                    
         </div>
[39m
[31m+                    
         <button
[39m
[31m+                    
             onClick={() 
=> setShowNoteForm(v => 
!v)}
[39m
[31m+                    
             
className="flex 
items-center gap-2 px-4 
py-2 bg-[#FF5C1A] 
text-white rounded-xl 
text-sm font-bold 
hover:bg-[#e65217] 
transition-colors 
shadow-sm"
[39m
[31m+                    
         >
[39m
[31m+                    
             <Plus 
size={16} />
[39m
[31m+                    
             <span>New 
Note</span>
[39m
[31m+                    
         </button>
[39m
[31m+                    
     </div>
[39m
[31m+ 
[39m
[31m+                    
     <AnimatePresence>
[39m
[31m+                    
         {showNoteForm && 
(
[39m
[31m+                    
             <motion.form
[39m
[31m+                    
                 
initial={{ height: 0, 
opacity: 0 }}
[39m
[31m+                    
                 
animate={{ height: 
'auto', opacity: 1 }}
[39m
[31m+                    
                 exit={{ 
height: 0, opacity: 0 }}
[39m
[31m+                    
                 onSubmit=
{handleNoteSubmit}
[39m
[31m+                    
                 
className="p-5 border-b 
border-gray-50 
bg-gray-50/50 space-y-4 
overflow-hidden"
[39m
[31m+                    
             >
[39m
[31m+                    
                 <div 
className="grid 
grid-cols-1 
sm:grid-cols-2 gap-4">
[39m
[31m+                    
                     <div 
className="space-y-1.5">
[39m
[31m+                    
                         
<label className="text-xs 
font-bold text-gray-700 
ml-1 uppercase tracking-wi
der">Title</label>
[39m
[31m+                    
                         
<input
[39m
[31m+                    
                          
   type="text"
[39m
[31m+                    
                          
   placeholder="Note 
title"
[39m
[31m+                    
                          
   value={noteForm.title}
[39m
[31m+                    
                          
   onChange={e => 
setNoteForm(f => ({ ...f, 
title: e.target.value }))}
[39m
[31m+                    
                          
   className={`w-full 
px-4 py-2 bg-white 
border-1.5 rounded-xl 
text-sm 
focus:outline-none 
transition-colors
[39m
[31m+                    
                          
       
${noteFormErrors.title ? 
'border-red-400 
focus:border-red-500' : 
'border-gray-200 
focus:border-[#FF5C1A]'}`}
[39m
[31m+                    
                         
/>
[39m
[31m+                    
                         
{noteFormErrors.title && (
[39m
[31m+                    
                          
   <span 
data-testid="title-error" 
className="text-[11px] 
font-semibold 
text-red-500 ml-1">{noteFo
rmErrors.title}</span>
[39m
[31m+                    
                         
)}
[39m
[31m+                    
                     
</div>
[39m
[31m+                    
                     <div 
className="space-y-1.5">
[39m
[31m+                    
                         
<label className="text-xs 
font-bold text-gray-700 
ml-1 uppercase tracking-wi
der">Subject</label>
[39m
[31m+                    
                         
<input
[39m
[31m+                    
                          
   type="text"
[39m
[31m+                    
                          
   placeholder="e.g. 
Mathematics"
[39m
[31m+                    
                          
   
value={noteForm.subject}
[39m
[31m+                    
                          
   onChange={e => 
setNoteForm(f => ({ ...f, 
subject: e.target.value 
}))}
[39m
[31m+                    
                          
   className="w-full px-4 
py-2 bg-white border-1.5 
border-gray-200 
rounded-xl text-sm 
focus:outline-none 
focus:border-[#FF5C1A] 
transition-colors"
[39m
[31m+                    
                         
/>
[39m
[31m+                    
                     
</div>
[39m
[31m+                    
                 </div>
[39m
[31m+ 
[39m
[31m+                    
                 <div 
className="space-y-1.5">
[39m
[31m+                    
                     
<label className="text-xs 
font-bold text-gray-700 
ml-1 uppercase tracking-wi
der">Content</label>
[39m
[31m+                    
                     
<textarea
[39m
[31m+                    
                         
placeholder="Write your 
note here..."
[39m
[31m+                    
                         
value={noteForm.content}
[39m
[31m+                    
                         
rows={4}
[39m
[31m+                    
                         
onChange={e => 
setNoteForm(f => ({ ...f, 
content: e.target.value 
}))}
[39m
[31m+                    
                         
className={`w-full px-4 
py-3 bg-white border-1.5 
rounded-xl text-sm 
focus:outline-none 
transition-colors 
resize-none
[39m
[31m+                    
                          
   
${noteFormErrors.content 
? 'border-red-400 
focus:border-red-500' : 
'border-gray-200 
focus:border-[#FF5C1A]'}`}
[39m
[31m+                    
                     />
[39m
[31m+                    
                     
{noteFormErrors.content 
&& (
[39m
[31m+                    
                         
<span data-testid="content
-error" 
className="text-[11px] 
font-semibold 
text-red-500 ml-1">{noteFo
rmErrors.content}</span>
[39m
[31m+                    
                     )}
[39m
[31m+                    
                 </div>
[39m
[31m+ 
[39m
[31m+                    
                 <div 
className="space-y-1.5">
[39m
[31m+                    
                     
<label className="text-xs 
font-bold text-gray-700 
ml-1 uppercase 
tracking-wider">Linked 
Quiz ID <span 
className="text-gray-400 f
ont-medium">(optional)</sp
an></label>
[39m
[31m+                    
                     
<input
[39m
[31m+                    
                         
type="text"
[39m
[31m+                    
                         
placeholder="Enter quiz 
ID to link"
[39m
[31m+                    
                         v
alue={noteForm.linkedQuizI
d}
[39m
[31m+                    
                         
onChange={e => 
setNoteForm(f => ({ ...f, 
linkedQuizId: 
e.target.value }))}
[39m
[31m+                    
                         
className="w-full px-4 
py-2 bg-white border-1.5 
border-gray-200 
rounded-xl text-sm 
focus:outline-none 
focus:border-[#FF5C1A] 
transition-colors"
[39m
[31m+                    
                     />
[39m
[31m+                    
                 </div>
[39m
[31m+ 
[39m
[31m+                    
                 <div 
className="flex 
items-center gap-3 pt-2">
[39m
[31m+                    
                     
<button
[39m
[31m+                    
                         
type="submit"
[39m
[31m+                    
                         
disabled={noteSubmitting}
[39m
[31m+                    
                         
className="flex-1 
sm:flex-none px-6 py-2.5 
bg-[#FF5C1A] text-white 
rounded-xl text-sm 
font-bold 
hover:bg-[#e65217] 
transition-all 
disabled:opacity-50"
[39m
[31m+                    
                     >
[39m
[31m+                    
                         
{noteSubmitting ? 
'Saving...' : 'Save Note'}
[39m
[31m+                    
                     
</button>
[39m
[31m+                    
                     
<button
[39m
[31m+                    
                         
type="button"
[39m
[31m+                    
                         
onClick={() => { 
setShowNoteForm(false); se
tNoteForm(EMPTY_NOTE_FORM)
; setNoteFormErrors({}); 
}}
[39m
[31m+                    
                         
className="flex-1 
sm:flex-none px-6 py-2.5 
bg-white border-1.5 
border-gray-200 
text-gray-600 rounded-xl 
text-sm font-bold 
hover:bg-gray-50 
transition-all"
[39m
[31m+                    
                     >
[39m
[31m+                    
                         
Cancel
[39m
[31m+                    
                     
</button>
[39m
[31m+                    
                 </div>
[39m
[31m+                    
             
</motion.form>
[39m
[31m+                    
         )}
[39m
[31m+                    
     </AnimatePresence>
[39m
[31m+ 
[39m
[31m+                    
     {notes.length === 0 
? (
[39m
[31m+                    
         <div 
className="p-12 
text-center">
[39m
[31m+                    
             <FileText 
size={24} 
className="mx-auto 
text-gray-300 mb-3" />
[39m
[31m+                    
             <p 
className="text-sm 
text-gray-500 
font-medium">No notes 
yet. Start by creating 
one!</p>
[39m
[31m+                    
         </div>
[39m
[31m+                    
     ) : (
[39m
[31m+                    
         <div 
className="divide-y 
divide-gray-50">
[39m
[31m+                    
             
{notes.map(note => (
[39m
[31m+                    
                 <div 
key={note.id} 
className="flex flex-col 
sm:flex-row 
sm:items-center 
justify-between p-5 
hover:bg-gray-50/50 
transition-colors gap-4">
[39m
[31m+                    
                     <div 
className="flex-1 
min-w-0">
[39m
[31m+                    
                         
<h4 
className="text-[15px] 
font-bold text-gray-900 
truncate 
mb-0.5">{note.title}</h4>
[39m
[31m+                    
                         
<p className="text-xs 
font-semibold 
text-gray-400 uppercase tr
acking-tight">{note.subjec
t}</p>
[39m
[31m+                    
                     
</div>
[39m
[31m+                    
                     <div 
className="flex 
items-center 
justify-between 
sm:justify-end gap-5">
[39m
[31m+                    
                         
<div className="flex 
items-center gap-3">
[39m
[31m+                    
                          
   <span 
className={`text-[10px] 
font-extrabold uppercase 
tracking-widest px-2.5 
py-1 rounded-full
[39m
[31m+                    
                          
       ${note.published ? 
'bg-emerald-100 
text-emerald-700' : 
'bg-gray-100 
text-gray-500'}`}>
[39m
[31m+                    
                          
       {note.published ? 
'Published' : 'Draft'}
[39m
[31m+                    
                          
   </span>
[39m
[31m+                    
                          
   <button
[39m
[31m+                    
                          
       onClick={() => 
handlePublishToggle(note)}
[39m
[31m+                    
                          
       className="p-1 
hover:bg-gray-200 
rounded-lg 
transition-colors group"
[39m
[31m+                    
                          
       
title={note.published ? 
'Unpublish' : 'Publish'}
[39m
[31m+                    
                          
   >
[39m
[31m+                    
                          
       {note.published
[39m
[31m+                    
                          
           ? <ToggleRight 
size={24} className="text-
emerald-500" />
[39m
[31m+                    
                          
           : <ToggleLeft 
size={24} 
className="text-gray-400 g
roup-hover:text-gray-600" 
/>
[39m
[31m+                    
                          
       }
[39m
[31m+                    
                          
   </button>
[39m
[31m+                    
                         
</div>
[39m
[31m+                    
                         
<button
[39m
[31m+                    
                          
   onClick={() => 
handleDeleteNote(note.id 
|| (note as any)._id)}
[39m
[31m+                    
                          
   className="p-2 
text-gray-400 
hover:text-red-500 
hover:bg-red-50 
rounded-lg transition-all"
[39m
[31m+                    
                          
   title="Delete Note"
[39m
[31m+                    
                         >
[39m
[31m+                    
                          
   <Trash2 size={18} />
[39m
[31m+                    
                         
</button>
[39m
[31m+                    
                     
</div>
[39m
[31m+                    
                 </div>
[39m
[31m+                    
             ))}
[39m
[31m+                    
         </div>
[39m
[31m+                    
     )}
[39m
[31m+                    
 </div>
[39m
[31m+                 
</div>
[39m
[31m+ 
[39m
[31m+             </main>
[39m
[31m+ 
[39m
[31m+             {/* 
Preview Modal */}
[39m
[31m+             
<AnimatePresence>
[39m
[31m+                 
{previewQuiz && (
[39m
[31m+                    
 <motion.div
[39m
[31m+                    
     initial={{ opacity: 
0 }}
[39m
[31m+                    
     animate={{ opacity: 
1 }}
[39m
[31m+                    
     exit={{ opacity: 0 }}
[39m
[31m+                    
     onClick={() => 
setPreviewQuiz(null)}
[39m
[31m+                    
     className="fixed 
inset-0 bg-black/60 
backdrop-blur-sm z-[100] 
flex items-center 
justify-center p-4 sm:p-6"
[39m
[31m+                    
 >
[39m
[31m+                    
     <motion.div
[39m
[31m+                    
         initial={{ 
scale: 0.95, opacity: 0, 
y: 20 }}
[39m
[31m+                    
         animate={{ 
scale: 1, opacity: 1, y: 
0 }}
[39m
[31m+                    
         exit={{ scale: 
0.95, opacity: 0, y: 20 }}
[39m
[31m+                    
         onClick={e => 
e.stopPropagation()}
[39m
[31m+                    
         
className="bg-white 
rounded-2xl w-full 
max-w-2xl max-h-[90vh] 
flex flex-col 
overflow-hidden 
shadow-2xl"
[39m
[31m+                    
     >
[39m
[31m+                    
         <div 
className="p-5 sm:p-6 
border-b border-gray-100 
flex items-start 
justify-between bg-white 
sticky top-0 z-10">
[39m
[31m+                    
             <div 
className="space-y-1.5">
[39m
[31m+                    
                 <div 
className="flex 
items-center gap-2">
[39m
[31m+                    
                     <span
[39m
[31m+                    
                         
className="text-[10px] 
font-extrabold uppercase 
tracking-widest px-2.5 
py-1 rounded-full"
[39m
[31m+                    
                         
style={{
[39m
[31m+                    
                          
   background: SUBJECT_COL
ORS[previewQuiz.subject]?.
bg || 
SUBJECT_COLORS.Default.bg,
[39m
[31m+                    
                          
   color: SUBJECT_COLORS[p
reviewQuiz.subject]?.text 
|| SUBJECT_COLORS.Default.
text
[39m
[31m+                    
                         
}}
[39m
[31m+                    
                     >
[39m
[31m+                    
                         
{previewQuiz.subject}
[39m
[31m+                    
                     
</span>
[39m
[31m+                    
                     
<span className="text-xs 
font-bold text-gray-400 
flex items-center gap-1">
[39m
[31m+                    
                         
<Hash size={12} />
[39m
[31m+                    
                         {
previewQuiz.questionCount}
 Questions
[39m
[31m+                    
                     
</span>
[39m
[31m+                    
                 </div>
[39m
[31m+                    
                 <h2 
className="text-xl 
sm:text-2xl 
font-extrabold 
text-gray-900 leading-tigh
t">{previewQuiz.title}</h2
>
[39m
[31m+                    
             </div>
[39m
[31m+                    
             <button
[39m
[31m+                    
                 
onClick={() => 
setPreviewQuiz(null)}
[39m
[31m+                    
                 
className="p-2 bg-gray-50 
hover:bg-gray-100 
rounded-full 
text-gray-400 
hover:text-gray-600 
transition-colors"
[39m
[31m+                    
             >
[39m
[31m+                    
                 <X 
size={20} />
[39m
[31m+                    
             </button>
[39m
[31m+                    
         </div>
[39m
[31m+ 
[39m
[31m+                    
         <div 
className="p-5 sm:p-6 
overflow-y-auto flex-1 
bg-gray-50/50 space-y-4">
[39m
[31m+                    
             
{Array.from({ length: Math
.min(previewQuiz.questionC
ount, 5) }).map((_, i) => 
(
[39m
[31m+                    
                 <div 
key={i} 
className="bg-white 
border border-gray-100 
rounded-2xl p-5 
shadow-sm">
[39m
[31m+                    
                     <div 
className="flex 
items-start gap-4 mb-5">
[39m
[31m+                    
                         
<div className="w-8 h-8 
rounded-xl bg-[#FFF3EE] 
text-[#FF5C1A] flex 
items-center 
justify-center text-sm 
font-black flex-shrink-0 
shadow-sm 
shadow-[#FF5C1A]/10">
[39m
[31m+                    
                          
   {i + 1}
[39m
[31m+                    
                         
</div>
[39m
[31m+                    
                         
<h4 className="text-sm 
sm:text-[15px] font-bold 
text-gray-700 
leading-relaxed pt-1">
[39m
[31m+                    
                          
   This is a mock sample 
question about {previewQui
z.subject.toLowerCase()} 
matching the difficulty 
level of this quiz. Can 
you select the correct 
answer below?
[39m
[31m+                    
                         
</h4>
[39m
[31m+                    
                     
</div>
[39m
[31m+                    
                     <div 
className="grid 
grid-cols-1 
sm:grid-cols-2 gap-3 
sm:pl-12">
[39m
[31m+                    
                         
{['Option A', 'Option B', 
'Option C', 'Option 
D'].map((opt, optIdx) => (
[39m
[31m+                    
                          
   <div key={optIdx} 
className="px-4 py-3 
bg-gray-50 border-1.5 
border-gray-100 
rounded-xl text-sm 
font-semibold 
text-gray-600 
hover:border-[#FF5C1A]/30 
hover:bg-white 
transition-all 
cursor-default">
[39m
[31m+                    
                          
       {opt}
[39m
[31m+                    
                          
   </div>
[39m
[31m+                    
                         
))}
[39m
[31m+                    
                     
</div>
[39m
[31m+                    
                 </div>
[39m
[31m+                    
             ))}
[39m
[31m+                    
             {previewQuiz.
questionCount > 5 && (
[39m
[31m+                    
                 <div 
className="text-center 
py-4 text-gray-400 
text-sm font-bold 
bg-white/50 rounded-xl 
border border-dashed 
border-gray-200">
[39m
[31m+                    
                     + {pr
eviewQuiz.questionCount - 
5} more questions in the 
full quiz
[39m
[31m+                    
                 </div>
[39m
[31m+                    
             )}
[39m
[31m+                    
         </div>
[39m
[31m+ 
[39m
[31m+                    
         <div 
className="p-5 sm:p-6 
border-t border-gray-100 
flex flex-col sm:flex-row 
gap-3 bg-white sticky 
bottom-0">
[39m
[31m+                    
             <button
[39m
[31m+                    
                 
onClick={() => 
setPreviewQuiz(null)}
[39m
[31m+                    
                 
className="flex-1 
sm:flex-none px-6 py-3 
border-1.5 
border-gray-200 
text-gray-600 rounded-xl 
text-sm font-bold 
hover:bg-gray-50 
transition-all 
text-center"
[39m
[31m+                    
             >
[39m
[31m+                    
                 Close 
Preview
[39m
[31m+                    
             </button>
[39m
[31m+                    
             <button 
className="flex-1 px-6 
py-3 bg-[#FF5C1A] 
text-white rounded-xl 
text-sm font-bold 
hover:bg-[#e65217] 
transition-all flex 
items-center 
justify-center gap-2 
shadow-lg 
shadow-[#FF5C1A]/20">
[39m
[31m+                    
                 <Copy 
size={18} />
[39m
[31m+                    
                 
<span>Duplicate to My 
Quizzes</span>
[39m
[31m+                    
             </button>
[39m
[31m+                    
         </div>
[39m
[31m+                    
     </motion.div>
[39m
[31m+                    
 </motion.div>
[39m
[31m+                 )}
[39m
[31m+             
</AnimatePresence>
[39m
[31m+         </div>
[39m
[31m+     );
[39m
[31m+ }
[39m
[31m+ 
[39m
[31m+ interface 
QuizCardProps {
[39m
[31m+     quiz: 
LibraryQuiz;
[39m
[31m+     index: number;
[39m
[31m+     subjectStyle: 
{ bg: string; text: 
string; dot: string };
[39m
[31m+     diffStyle: { 
bg: string; text: string 
} | null;
[39m
[31m+     onPreview?: () 
=> void;
[39m
[31m+ }
[39m
[31m+ 
[39m
[31m+ function 
QuizCard({ quiz, index, 
subjectStyle, diffStyle, 
onPreview }: 
QuizCardProps) {
[39m
[31m+     const 
[hovered, setHovered] = 
useState(false);
[39m
[31m+ 
[39m
[31m+     return (
[39m
[31m+         <motion.div
[39m
[31m+             
initial={{ opacity: 0, y: 
16 }}
[39m
[31m+             
animate={{ opacity: 1, y: 
0 }}
[39m
[31m+             
transition={{ delay: 
index * 0.05 }}
[39m
[31m+             
onMouseEnter={() => 
setHovered(true)}
[39m
[31m+             
onMouseLeave={() => 
setHovered(false)}
[39m
[31m+             
className={`group 
bg-white rounded-2xl 
border-1.5 transition-all 
duration-300 flex 
flex-col overflow-hidden 
h-full
[39m
[31m+                 
${hovered ? 
'border-[#FF5C1A] 
shadow-xl 
shadow-[#FF5C1A]/10 
-translate-y-1' : 
'border-gray-100 
shadow-sm'}`}
[39m
[31m+         >
[39m
[31m+             <div
[39m
[31m+                 
className="h-1.5 w-full 
bg-gradient-to-r"
[39m
[31m+                 
style={{ backgroundImage: 
`linear-gradient(to 
right, 
${subjectStyle.dot}, 
${subjectStyle.text})` }}
[39m
[31m+             />
[39m
[31m+             <div 
className="p-5 flex 
flex-col flex-1">
[39m
[31m+                 
<div className="flex 
items-start 
justify-between gap-3 
mb-4">
[39m
[31m+                    
 <div className="flex 
flex-wrap gap-2">
[39m
[31m+                    
     <span
[39m
[31m+                    
         
className="text-[10px] 
font-extrabold uppercase 
tracking-widest px-2.5 
py-1 rounded-full"
[39m
[31m+                    
         style={{ 
background: 
subjectStyle.bg, color: 
subjectStyle.text }}
[39m
[31m+                    
     >
[39m
[31m+                    
         {quiz.subject}
[39m
[31m+                    
     </span>
[39m
[31m+                    
     {diffStyle && 
quiz.difficulty && (
[39m
[31m+                    
         <span
[39m
[31m+                    
             
className="text-[10px] 
font-extrabold uppercase 
tracking-widest px-2.5 
py-1 rounded-full"
[39m
[31m+                    
             style={{ 
background: diffStyle.bg, 
color: diffStyle.text }}
[39m
[31m+                    
         >
[39m
[31m+                    
             
{quiz.difficulty}
[39m
[31m+                    
         </span>
[39m
[31m+                    
     )}
[39m
[31m+                    
 </div>
[39m
[31m+                    
 {quiz.rating && (
[39m
[31m+                    
     <div className="flex 
items-center gap-1.5 
bg-amber-50 px-2 py-0.5 
rounded-lg">
[39m
[31m+                    
         <Star size={12} 
className="text-amber-500 
fill-amber-500" />
[39m
[31m+                    
         <span 
className="text-xs 
font-black text-amber-700"
>{quiz.rating}</span>
[39m
[31m+                    
     </div>
[39m
[31m+                    
 )}
[39m
[31m+                 
</div>
[39m
[31m+ 
[39m
[31m+                 
<div className="mb-5 
flex-1">
[39m
[31m+                    
 <h3 
className="text-[17px] 
font-black text-gray-900 
leading-tight mb-1 group-h
over:text-[#FF5C1A] 
transition-colors 
line-clamp-2">
[39m
[31m+                    
     {quiz.title}
[39m
[31m+                    
 </h3>
[39m
[31m+                    
 {quiz.author && (
[39m
[31m+                    
     <p 
className="text-xs 
font-bold 
text-gray-400">by <span cl
assName="text-gray-600">{q
uiz.author}</span></p>
[39m
[31m+                    
 )}
[39m
[31m+                 
</div>
[39m
[31m+ 
[39m
[31m+                 
<div className="flex 
items-center 
justify-between py-4 
border-t border-gray-50 
mb-4">
[39m
[31m+                    
 <div className="flex 
items-center gap-4">
[39m
[31m+                    
     <div className="flex 
items-center gap-1.5 
text-gray-500">
[39m
[31m+                    
         <Hash size={14} 
className="text-gray-400" 
/>
[39m
[31m+                    
         <span 
className="text-[13px] fon
t-bold">{quiz.questionCoun
t}</span>
[39m
[31m+                    
     </div>
[39m
[31m+                    
     {quiz.plays !== 
undefined && (
[39m
[31m+                    
         <div 
className="flex 
items-center gap-1.5 
text-gray-500">
[39m
[31m+                    
             <Users 
size={14} 
className="text-gray-400" 
/>
[39m
[31m+                    
             <span 
className="text-[13px] 
font-bold">
[39m
[31m+                    
                 
{quiz.plays >= 1000 ? 
`${(quiz.plays / 
1000).toFixed(1)}k` : 
quiz.plays}
[39m
[31m+                    
             </span>
[39m
[31m+                    
         </div>
[39m
[31m+                    
     )}
[39m
[31m+                    
 </div>
[39m
[31m+                    
 {quiz.createdAt && (
[39m
[31m+                    
     <div className="flex 
items-center gap-1.5 
text-gray-400">
[39m
[31m+                    
         <Clock size={13} 
/>
[39m
[31m+                    
         <span 
className="text-[11px] 
font-bold font-mono 
tracking-tighter uppercase
">{quiz.createdAt}</span>
[39m
[31m+                    
     </div>
[39m
[31m+                    
 )}
[39m
[31m+                 
</div>
[39m
[31m+ 
[39m
[31m+                 
<button
[39m
[31m+                    
 onClick={onPreview}
[39m
[31m+                    
 className={`flex 
items-center 
justify-center gap-2 
w-full py-3 rounded-xl 
text-[13px] font-black 
transition-all 
duration-300
[39m
[31m+                    
     ${hovered
[39m
[31m+                    
         ? 'bg-[#FF5C1A] 
text-white shadow-lg 
shadow-[#FF5C1A]/20'
[39m
[31m+                    
         : 'bg-gray-50 
text-gray-700 
hover:bg-gray-100'}`}
[39m
[31m+                 >
[39m
[31m+                    
 <Eye size={16} />
[39m
[31m+                    
 <span>PREVIEW QUIZ</span>
[39m
[31m+                 
</button>
[39m
[31m+             </div>
[39m
[31m+         
</motion.div>
[39m
[31m+     );
[39m
[31m+ }
[39m
[31m+[39m

[36m [2mΓ¥»[22m src/pag
es/Library.test.ts:[2m71:
24[22m[39m
    [90m 69|[39m
    [90m 70|[39m     [3
4mit[39m([32m'imports 
addDoc from firebase/fires
tore'[39m[33m,[39m () 
[33m=>[39m {
    [90m 71|[39m        
 [34mexpect[39m(source)
[33m.[39m[34mtoContain[
39m([32m'addDoc'[39m)[3
3m;[39m
    [90m   |[39m        
                
[31m^[39m
    [90m 72|[39m        
 [34mexpect[39m(source)
[33m.[39m[34mtoContain[
39m([32m"from 'firebase/f
irestore'"[39m)[33m;[39
m
    [90m 73|[39m     
})[33m;[39m

[31m[2mΓÄ»ΓÄ»ΓÄ»ΓÄ»ΓÄ»ΓÄ
»ΓÄ»ΓÄ»ΓÄ»ΓÄ»ΓÄ»ΓÄ»ΓÄ»ΓÄ»Γ
Ä»ΓÄ»ΓÄ»ΓÄ»ΓÄ»ΓÄ»ΓÄ»ΓÄ»[37
/75]ΓÄ»[22m[39m

[41m[1m FAIL [22m[49m 
src/pages/Library.test.ts
[2m > [22mLibrary ΓÇô 
publish toggle 
(Requirement 5.4)[2m > 
[22mcalls updateDoc to 
flip the published field
[31m[1mAssertionError[2
2m: expected 'import { 
useState } from 
\'react\';\rΓÇª' to 
contain 'updateDoc('[39m

[32m- Expected[39m
[31m+ Received[39m

[32m- updateDoc([39m
[31m+ import { useState 
} from 'react';
[39m
[31m+ import { motion, 
AnimatePresence } from 
'framer-motion';
[39m
[31m+ import {
[39m
[31m+     Search, 
BookOpen, Eye, Library as 
LibraryIcon,
[39m
[31m+     Users, Hash, 
Star, TrendingUp, Clock, 
Filter,
[39m
[31m+     Plus, 
ToggleLeft, ToggleRight, 
FileText, Trash2, X, Copy
[39m
[31m+ } from 
'lucide-react';
[39m
[31m+ import { apiFetch 
} from '../utils/api';
[39m
[31m+ import { useAuth } 
from 
'../contexts/AuthContext';
[39m
[31m+ import { useNotes 
} from 
'../hooks/useNotes';
[39m
[31m+ import { 
TeacherSidebar } from '../
components/TeacherSidebar'
;
[39m
[31m+ import { 
TeacherHeader } from '../c
omponents/TeacherHeader';
[39m
[31m+ import { 
useBreakpoint } from 
'../hooks/useBreakpoint';
[39m
[31m+ import type { Note 
} from '../types/student';
[39m
[31m+ 
[39m
[31m+ export interface 
LibraryQuiz {
[39m
[31m+     id: string;
[39m
[31m+     title: string;
[39m
[31m+     subject: 
string;
[39m
[31m+     questionCount: 
number;
[39m
[31m+     author?: 
string;
[39m
[31m+     plays?: number;
[39m
[31m+     rating?: 
number;
[39m
[31m+     difficulty?: 
'Easy' | 'Medium' | 
'Hard';
[39m
[31m+     createdAt?: 
string;
[39m
[31m+ }
[39m
[31m+ 
[39m
[31m+ // Pure filter 
function (exported for 
testing)
[39m
[31m+ // 
eslint-disable-next-line r
eact-refresh/only-export-c
omponents
[39m
[31m+ export function 
filterLibraryQuizzes(
[39m
[31m+     quizzes: 
LibraryQuiz[],
[39m
[31m+     query: string,
[39m
[31m+     subject: string
[39m
[31m+ ): LibraryQuiz[] {
[39m
[31m+     let result = 
quizzes;
[39m
[31m+     if 
(query.trim()) {
[39m
[31m+         const 
lower = 
query.toLowerCase();
[39m
[31m+         result = 
result.filter(
[39m
[31m+             q => q.
title.toLowerCase().includ
es(lower) || q.subject.toL
owerCase().includes(lower)
[39m
[31m+         );
[39m
[31m+     }
[39m
[31m+     if (subject 
!== 'all') {
[39m
[31m+         result = 
result.filter(q => 
q.subject === subject);
[39m
[31m+     }
[39m
[31m+     return result;
[39m
[31m+ }
[39m
[31m+ 
[39m
[31m+ const 
SUBJECT_COLORS: 
Record<string, { bg: 
string; text: string; 
dot: string }> = {
[39m
[31m+     Geography: { 
bg: '#E0F2FE', text: 
'#0369A1', dot: '#38BDF8' 
},
[39m
[31m+     Mathematics: { 
bg: '#FEF3C7', text: 
'#B45309', dot: '#FBBF24' 
},
[39m
[31m+     Science: { bg: 
'#EDE9FE', text: 
'#6D28D9', dot: '#A78BFA' 
},
[39m
[31m+     History: { bg: 
'#FCE7F3', text: 
'#9D174D', dot: '#F472B6' 
},
[39m
[31m+     English: { bg: 
'#DCFCE7', text: 
'#166534', dot: '#4ADE80' 
},
[39m
[31m+     Default: { bg: 
'#F3F4F6', text: 
'#374151', dot: '#9CA3AF' 
},
[39m
[31m+ };
[39m
[31m+ 
[39m
[31m+ const 
DIFFICULTY_COLORS: 
Record<string, { bg: 
string; text: string }> = 
{
[39m
[31m+     Easy: { bg: 
'#DCFCE7', text: 
'#166534' },
[39m
[31m+     Medium: { bg: 
'#FEF3C7', text: 
'#B45309' },
[39m
[31m+     Hard: { bg: 
'#FEE2E2', text: 
'#991B1B' },
[39m
[31m+ };
[39m
[31m+ 
[39m
[31m+ const 
MOCK_QUIZZES: 
LibraryQuiz[] = [
[39m
[31m+     { id: '1', 
title: 'World Capitals 
Challenge', subject: 
'Geography', 
questionCount: 25, 
author: 'Ms. Rivera', 
plays: 1240, rating: 4.8, 
difficulty: 'Medium', 
createdAt: '2 days ago' },
[39m
[31m+     { id: '2', 
title: 'Algebra 
Fundamentals', subject: 
'Mathematics', 
questionCount: 20, 
author: 'Mr. Chen', 
plays: 890, rating: 4.6, 
difficulty: 'Hard', 
createdAt: '1 week ago' },
[39m
[31m+     { id: '3', 
title: 'The Periodic 
Table', subject: 
'Science', questionCount: 
30, author: 'Dr. Patel', 
plays: 2100, rating: 4.9, 
difficulty: 'Medium', 
createdAt: '3 days ago' },
[39m
[31m+     { id: '4', 
title: 'World War II 
Overview', subject: 
'History', questionCount: 
18, author: 'Prof. 
Adams', plays: 670, 
rating: 4.4, difficulty: 
'Easy', createdAt: '5 
days ago' },
[39m
[31m+     { id: '5', 
title: 'Shakespeare & 
Sonnets', subject: 
'English', questionCount: 
15, author: 'Ms. Okafor', 
plays: 430, rating: 4.7, 
difficulty: 'Hard', 
createdAt: '1 week ago' },
[39m
[31m+     { id: '6', 
title: 'Continents & 
Oceans', subject: 
'Geography', 
questionCount: 12, 
author: 'Mr. Torres', 
plays: 980, rating: 4.5, 
difficulty: 'Easy', 
createdAt: '4 days ago' },
[39m
[31m+     { id: '7', 
title: 'Fractions & 
Decimals', subject: 
'Mathematics', 
questionCount: 22, 
author: 'Ms. Kim', plays: 
560, rating: 4.3, 
difficulty: 'Medium', 
createdAt: '2 weeks ago' 
},
[39m
[31m+     { id: '8', 
title: 'Human Body 
Systems', subject: 
'Science', questionCount: 
28, author: 'Dr. Nguyen', 
plays: 1560, rating: 4.8, 
difficulty: 'Medium', 
createdAt: '6 days ago' },
[39m
[31m+ ];
[39m
[31m+ 
[39m
[31m+ const SORT_OPTIONS 
= [
[39m
[31m+     { label: 'Most 
Popular', value: 'plays', 
icon: TrendingUp },
[39m
[31m+     { label: 'Top 
Rated', value: 'rating', 
icon: Star },
[39m
[31m+     { label: 
'Newest', value: 
'newest', icon: Clock },
[39m
[31m+ ];
[39m
[31m+ 
[39m
[31m+ function 
sortQuizzes(quizzes: 
LibraryQuiz[], sort: 
string): LibraryQuiz[] {
[39m
[31m+     return 
[...quizzes].sort((a, b) 
=> {
[39m
[31m+         if (sort 
=== 'plays') return 
(b.plays ?? 0) - (a.plays 
?? 0);
[39m
[31m+         if (sort 
=== 'rating') return 
(b.rating ?? 0) - 
(a.rating ?? 0);
[39m
[31m+         return 0;
[39m
[31m+     });
[39m
[31m+ }
[39m
[31m+ 
[39m
[31m+ interface 
NoteFormState {
[39m
[31m+     title: string;
[39m
[31m+     subject: 
string;
[39m
[31m+     content: 
string;
[39m
[31m+     linkedQuizId: 
string;
[39m
[31m+ }
[39m
[31m+ 
[39m
[31m+ const 
EMPTY_NOTE_FORM: 
NoteFormState = { title: 
'', subject: '', content: 
'', linkedQuizId: '' };
[39m
[31m+ 
[39m
[31m+ export function 
Library() {
[39m
[31m+     const { user } 
= useAuth();
[39m
[31m+     const { notes, 
refresh } = useNotes({ 
authorUid: user?._id });
[39m
[31m+     const { 
isMobile } = 
useBreakpoint();
[39m
[31m+ 
[39m
[31m+     const 
[quizzes] = useState<Libra
ryQuiz[]>(MOCK_QUIZZES);
[39m
[31m+     const 
[searchQuery, 
setSearchQuery] = 
useState('');
[39m
[31m+     const 
[subjectFilter, 
setSubjectFilter] = 
useState('all');
[39m
[31m+     const [sortBy, 
setSortBy] = 
useState('plays');
[39m
[31m+     const 
[showSortMenu, 
setShowSortMenu] = 
useState(false);
[39m
[31m+     const 
[isSidebarOpen, 
setIsSidebarOpen] = 
useState(false);
[39m
[31m+     const 
[previewQuiz, 
setPreviewQuiz] = 
useState<LibraryQuiz | 
null>(null);
[39m
[31m+ 
[39m
[31m+     const 
[showNoteForm, 
setShowNoteForm] = 
useState(false);
[39m
[31m+     const 
[noteForm, setNoteForm] = 
useState<NoteFormState>(EM
PTY_NOTE_FORM);
[39m
[31m+     const 
[noteFormErrors, 
setNoteFormErrors] = 
useState<{ title?: 
string; content?: string 
}>({});
[39m
[31m+     const 
[noteSubmitting, 
setNoteSubmitting] = 
useState(false);
[39m
[31m+ 
[39m
[31m+     const subjects 
= ['all', 
...Array.from(new 
Set(quizzes.map(q => 
q.subject)))];
[39m
[31m+     const filtered 
= sortQuizzes(filterLibrar
yQuizzes(quizzes, 
searchQuery, 
subjectFilter), sortBy);
[39m
[31m+     const 
totalPlays = 
quizzes.reduce((s, q) => 
s + (q.plays ?? 0), 0);
[39m
[31m+     const 
activeSortLabel = 
SORT_OPTIONS.find(o => 
o.value === 
sortBy)?.label ?? 'Sort';
[39m
[31m+ 
[39m
[31m+     async function 
handleNoteSubmit(e: 
React.FormEvent) {
[39m
[31m+         
e.preventDefault();
[39m
[31m+         const 
errors: { title?: string; 
content?: string } = {};
[39m
[31m+         if 
(!noteForm.title.trim()) 
errors.title = 'Title is 
required';
[39m
[31m+         if (!noteFo
rm.content.trim()) 
errors.content = 'Content 
is required';
[39m
[31m+         
setNoteFormErrors(errors);
[39m
[31m+         if (Object.
keys(errors).length > 0) 
return;
[39m
[31m+ 
[39m
[31m+         
setNoteSubmitting(true);
[39m
[31m+         try {
[39m
[31m+             await 
apiFetch('/api/notes', {
[39m
[31m+                 
method: 'POST',
[39m
[31m+                 
body: {
[39m
[31m+                    
 title: 
noteForm.title.trim(),
[39m
[31m+                    
 subject: 
noteForm.subject.trim(),
[39m
[31m+                    
 content: 
noteForm.content.trim(),
[39m
[31m+                    
 linkedQuizId: noteForm.li
nkedQuizId.trim() || null,
[39m
[31m+                 }
[39m
[31m+             });
[39m
[31m+             setNote
Form(EMPTY_NOTE_FORM);
[39m
[31m+             
setNoteFormErrors({});
[39m
[31m+             
setShowNoteForm(false);
[39m
[31m+             
refresh();
[39m
[31m+         } catch 
(err) {
[39m
[31m+             
console.error('Failed to 
save note:', err);
[39m
[31m+         } finally {
[39m
[31m+             
setNoteSubmitting(false);
[39m
[31m+         }
[39m
[31m+     }
[39m
[31m+ 
[39m
[31m+     async function 
handlePublishToggle(note: 
Note) {
[39m
[31m+         try {
[39m
[31m+             await a
piFetch(`/api/notes/${note
.id || (note as 
any)._id}`, {
[39m
[31m+                 
method: 'PATCH',
[39m
[31m+                 
body: { published: 
!note.published }
[39m
[31m+             });
[39m
[31m+             
refresh();
[39m
[31m+         } catch 
(err) {
[39m
[31m+             
console.error('Failed to 
toggle publish state:', 
err);
[39m
[31m+         }
[39m
[31m+     }
[39m
[31m+ 
[39m
[31m+     async function 
handleDeleteNote(id: 
string) {
[39m
[31m+         if 
(!window.confirm('Are you 
sure you want to delete 
this note?')) return;
[39m
[31m+         try {
[39m
[31m+             await a
piFetch(`/api/notes/${id}`
, {
[39m
[31m+                 
method: 'DELETE'
[39m
[31m+             });
[39m
[31m+             
refresh();
[39m
[31m+         } catch 
(err) {
[39m
[31m+             
console.error('Failed to 
delete note:', err);
[39m
[31m+         }
[39m
[31m+     }
[39m
[31m+ 
[39m
[31m+     return (
[39m
[31m+         <div 
className="flex 
min-h-screen bg-[#F5F5F5] 
overflow-x-hidden">
[39m
[31m+             
<TeacherSidebar 
isOpen={isSidebarOpen} 
onClose={() => 
setIsSidebarOpen(false)} 
/>
[39m
[31m+ 
[39m
[31m+             {/* 
Main Content */}
[39m
[31m+             <main 
className="flex-1 
lg:ml-[240px] p-0 pb-8 
min-w-0 transition-all 
duration-300">
[39m
[31m+                 
<TeacherHeader
[39m
[31m+                    
 title="Library"
[39m
[31m+                    
 searchQuery={searchQuery}
[39m
[31m+                    
 onSearchChange={setSearch
Query}
[39m
[31m+                    
 onMenuClick={() => 
setIsSidebarOpen(true)}
[39m
[31m+                 />
[39m
[31m+ 
[39m
[31m+                 
{/* Header Section */}
[39m
[31m+                 
<div className="bg-gradien
t-to-br from-[#FF5C1A] 
to-[#FF8C42] pt-12 pb-8 
px-4 sm:px-6">
[39m
[31m+                    
 <div 
className="max-w-[1100px] 
mx-auto">
[39m
[31m+                    
     <div className="flex 
flex-col md:flex-row 
md:items-end 
justify-between gap-6 
mb-8">
[39m
[31m+                    
         <div 
className="space-y-3">
[39m
[31m+                    
             <div 
className="inline-flex 
items-center gap-1.5 
bg-white/20 rounded-full 
px-3 py-1 scale-95 
origin-left">
[39m
[31m+                    
                 
<LibraryIcon size={13} 
className="text-white/90" 
/>
[39m
[31m+                    
                 <span 
className="text-[12px] 
font-semibold 
text-white/90 uppercase 
tracking-wider">Public 
Library</span>
[39m
[31m+                    
             </div>
[39m
[31m+                    
             <h1 
className="text-3xl 
sm:text-4xl 
font-extrabold text-white 
leading-tight 
m-0">Discover Quizzes</h1>
[39m
[31m+                    
             <p 
className="text-white/80 
text-sm sm:text-base 
max-w-md m-0">
[39m
[31m+                    
                 Browse 
{quizzes.length} 
community-made quizzes 
across all subjects
[39m
[31m+                    
             </p>
[39m
[31m+                    
         </div>
[39m
[31m+ 
[39m
[31m+                    
         <div 
className="flex flex-wrap 
gap-3 relative">
[39m
[31m+                    
             <button
[39m
[31m+                    
                 
onClick={() => 
setShowSortMenu(v => !v)}
[39m
[31m+                    
                 
className="flex 
items-center gap-3 px-4 
py-2.5 bg-white border 
border-gray-200 
rounded-xl text-sm 
font-bold text-gray-700 
hover:bg-gray-50 
transition-colors"
[39m
[31m+                    
             >
[39m
[31m+                    
                 
<TrendingUp size={16} 
className="text-gray-400" 
/>
[39m
[31m+                    
                 <span>{ac
tiveSortLabel}</span>
[39m
[31m+                    
             </button>
[39m
[31m+ 
[39m
[31m+                    
             
{showSortMenu && (
[39m
[31m+                    
                 <div 
className="absolute 
top-full right-0 mt-2 
bg-white rounded-xl 
shadow-xl border 
border-gray-100 z-50 
min-w-[180px] 
overflow-hidden py-1">
[39m
[31m+                    
                     
{SORT_OPTIONS.map(opt => (
[39m
[31m+                    
                         
<button
[39m
[31m+                    
                          
   key={opt.value}
[39m
[31m+                    
                          
   onClick={() => { 
setSortBy(opt.value); 
setShowSortMenu(false); }}
[39m
[31m+                    
                          
   className={`flex 
items-center gap-3 w-full 
px-4 py-2.5 text-sm 
transition-colors 
text-left
[39m
[31m+                    
                          
       ${sortBy === 
opt.value ? 'bg-[#FFF3EE] 
text-[#FF5C1A] font-bold' 
: 'text-gray-600 
hover:bg-gray-50'}`}
[39m
[31m+                    
                         >
[39m
[31m+                    
                          
   <opt.icon size={16} />
[39m
[31m+                    
                          
   {opt.label}
[39m
[31m+                    
                         
</button>
[39m
[31m+                    
                     ))}
[39m
[31m+                    
                 </div>
[39m
[31m+                    
             )}
[39m
[31m+                    
         </div>
[39m
[31m+                    
     </div>
[39m
[31m+                    
 </div>
[39m
[31m+                 
</div>
[39m
[31m+ 
[39m
[31m+                 
<div 
className="max-w-[1100px] 
mx-auto px-4 sm:px-6 
pb-12">
[39m
[31m+                    
 <div className="bg-white 
rounded-b-2xl p-4 sm:p-5 
pt-0 mb-6 border-t 
border-gray-100 
shadow-sm">
[39m
[31m+                    
     <div className="flex 
gap-2.5 overflow-x-auto 
pb-2 scrollbar-hide -mx-1 
px-1">
[39m
[31m+                    
         {subjects.map(s 
=> {
[39m
[31m+                    
             const active 
= subjectFilter === s;
[39m
[31m+                    
             const color 
= s !== 'all' ? 
(SUBJECT_COLORS[s] ?? 
SUBJECT_COLORS.Default) : 
null;
[39m
[31m+                    
             return (
[39m
[31m+                    
                 <button
[39m
[31m+                    
                     
key={s}
[39m
[31m+                    
                     
onClick={() => 
setSubjectFilter(s)}
[39m
[31m+                    
                     
className={`flex 
items-center gap-2 px-4 
py-1.5 rounded-full 
border-1.5 text-sm 
font-bold 
whitespace-nowrap 
transition-all
[39m
[31m+                    
                         
${active
[39m
[31m+                    
                          
   ? 'bg-[#FF5C1A] 
border-[#FF5C1A] 
text-white shadow-md 
shadow-[#FF5C1A]/20'
[39m
[31m+                    
                          
   : 'bg-white 
border-gray-200 
text-gray-600 
hover:border-[#FF5C1A] 
hover:text-[#FF5C1A]'}`}
[39m
[31m+                    
                 >
[39m
[31m+                    
                     
{color && !active && (
[39m
[31m+                    
                         
<span
[39m
[31m+                    
                          
   className="w-2 h-2 
rounded-full 
flex-shrink-0"
[39m
[31m+                    
                          
   style={{ background: 
color.dot }}
[39m
[31m+                    
                         
/>
[39m
[31m+                    
                     )}
[39m
[31m+                    
                     {s 
=== 'all' ? 'All 
Subjects' : s}
[39m
[31m+                    
                 </button>
[39m
[31m+                    
             );
[39m
[31m+                    
         })}
[39m
[31m+                    
     </div>
[39m
[31m+                    
 </div>
[39m
[31m+ 
[39m
[31m+                    
 <div className="mb-4 
flex items-center 
justify-between">
[39m
[31m+                    
     <span 
className="text-sm 
text-gray-500 
font-semibold">
[39m
[31m+                    
         
{filtered.length} 
{filtered.length === 1 ? 
'quiz' : 'quizzes'} found
[39m
[31m+                    
     </span>
[39m
[31m+                    
 </div>
[39m
[31m+ 
[39m
[31m+                    
 {filtered.length === 0 ? 
(
[39m
[31m+                    
     <div 
className="text-center 
py-20 px-6 bg-white 
rounded-2xl border 
border-dashed 
border-gray-200">
[39m
[31m+                    
         <LibraryIcon 
size={32} 
className="mx-auto 
text-gray-300 mb-4" />
[39m
[31m+                    
         <h3 
className="text-lg 
font-bold text-gray-900 
mb-2">No quizzes 
found</h3>
[39m
[31m+                    
         <p 
className="text-sm 
text-gray-500">Try a 
different search term or 
subject filter.</p>
[39m
[31m+                    
     </div>
[39m
[31m+                    
 ) : (
[39m
[31m+                    
     <div className="grid 
grid-cols-1 
md:grid-cols-2 
lg:grid-cols-3 gap-6">
[39m
[31m+                    
         
{filtered.map((quiz, i) 
=> {
[39m
[31m+                    
             const 
subjectStyle = SUBJECT_COL
ORS[quiz.subject] ?? 
SUBJECT_COLORS.Default;
[39m
[31m+                    
             const 
diffStyle = 
quiz.difficulty ? DIFFICUL
TY_COLORS[quiz.difficulty]
 : null;
[39m
[31m+                    
             return (
[39m
[31m+                    
                 <QuizCard
[39m
[31m+                    
                     
key={quiz.id}
[39m
[31m+                    
                     
quiz={quiz}
[39m
[31m+                    
                     
index={i}
[39m
[31m+                    
                     subje
ctStyle={subjectStyle}
[39m
[31m+                    
                     
diffStyle={diffStyle}
[39m
[31m+                    
                     
onPreview={() => 
setPreviewQuiz(quiz)}
[39m
[31m+                    
                 />
[39m
[31m+                    
             );
[39m
[31m+                    
         })}
[39m
[31m+                    
     </div>
[39m
[31m+                    
 )}
[39m
[31m+                 
</div>
[39m
[31m+ 
[39m
[31m+                 
{/* Notes Section */}
[39m
[31m+                 
<div 
className="max-w-[1100px] 
mx-auto px-4 sm:px-6 
mb-12">
[39m
[31m+                    
 <div className="bg-white 
rounded-2xl 
overflow-hidden shadow-sm 
border border-gray-100">
[39m
[31m+                    
     <div className="flex 
items-center 
justify-between p-5 
border-b border-gray-50">
[39m
[31m+                    
         <div 
className="flex 
items-center gap-3">
[39m
[31m+                    
             <FileText 
size={20} className="text-
[#FF5C1A]" />
[39m
[31m+                    
             <h2 
className="text-lg 
font-bold 
text-gray-900">My 
Notes</h2>
[39m
[31m+                    
             <span 
className="text-[11px] 
font-bold text-gray-500 
bg-gray-100 rounded-full 
px-2 py-0.5">{notes.length
}</span>
[39m
[31m+                    
         </div>
[39m
[31m+                    
         <button
[39m
[31m+                    
             onClick={() 
=> setShowNoteForm(v => 
!v)}
[39m
[31m+                    
             
className="flex 
items-center gap-2 px-4 
py-2 bg-[#FF5C1A] 
text-white rounded-xl 
text-sm font-bold 
hover:bg-[#e65217] 
transition-colors 
shadow-sm"
[39m
[31m+                    
         >
[39m
[31m+                    
             <Plus 
size={16} />
[39m
[31m+                    
             <span>New 
Note</span>
[39m
[31m+                    
         </button>
[39m
[31m+                    
     </div>
[39m
[31m+ 
[39m
[31m+                    
     <AnimatePresence>
[39m
[31m+                    
         {showNoteForm && 
(
[39m
[31m+                    
             <motion.form
[39m
[31m+                    
                 
initial={{ height: 0, 
opacity: 0 }}
[39m
[31m+                    
                 
animate={{ height: 
'auto', opacity: 1 }}
[39m
[31m+                    
                 exit={{ 
height: 0, opacity: 0 }}
[39m
[31m+                    
                 onSubmit=
{handleNoteSubmit}
[39m
[31m+                    
                 
className="p-5 border-b 
border-gray-50 
bg-gray-50/50 space-y-4 
overflow-hidden"
[39m
[31m+                    
             >
[39m
[31m+                    
                 <div 
className="grid 
grid-cols-1 
sm:grid-cols-2 gap-4">
[39m
[31m+                    
                     <div 
className="space-y-1.5">
[39m
[31m+                    
                         
<label className="text-xs 
font-bold text-gray-700 
ml-1 uppercase tracking-wi
der">Title</label>
[39m
[31m+                    
                         
<input
[39m
[31m+                    
                          
   type="text"
[39m
[31m+                    
                          
   placeholder="Note 
title"
[39m
[31m+                    
                          
   value={noteForm.title}
[39m
[31m+                    
                          
   onChange={e => 
setNoteForm(f => ({ ...f, 
title: e.target.value }))}
[39m
[31m+                    
                          
   className={`w-full 
px-4 py-2 bg-white 
border-1.5 rounded-xl 
text-sm 
focus:outline-none 
transition-colors
[39m
[31m+                    
                          
       
${noteFormErrors.title ? 
'border-red-400 
focus:border-red-500' : 
'border-gray-200 
focus:border-[#FF5C1A]'}`}
[39m
[31m+                    
                         
/>
[39m
[31m+                    
                         
{noteFormErrors.title && (
[39m
[31m+                    
                          
   <span 
data-testid="title-error" 
className="text-[11px] 
font-semibold 
text-red-500 ml-1">{noteFo
rmErrors.title}</span>
[39m
[31m+                    
                         
)}
[39m
[31m+                    
                     
</div>
[39m
[31m+                    
                     <div 
className="space-y-1.5">
[39m
[31m+                    
                         
<label className="text-xs 
font-bold text-gray-700 
ml-1 uppercase tracking-wi
der">Subject</label>
[39m
[31m+                    
                         
<input
[39m
[31m+                    
                          
   type="text"
[39m
[31m+                    
                          
   placeholder="e.g. 
Mathematics"
[39m
[31m+                    
                          
   
value={noteForm.subject}
[39m
[31m+                    
                          
   onChange={e => 
setNoteForm(f => ({ ...f, 
subject: e.target.value 
}))}
[39m
[31m+                    
                          
   className="w-full px-4 
py-2 bg-white border-1.5 
border-gray-200 
rounded-xl text-sm 
focus:outline-none 
focus:border-[#FF5C1A] 
transition-colors"
[39m
[31m+                    
                         
/>
[39m
[31m+                    
                     
</div>
[39m
[31m+                    
                 </div>
[39m
[31m+ 
[39m
[31m+                    
                 <div 
className="space-y-1.5">
[39m
[31m+                    
                     
<label className="text-xs 
font-bold text-gray-700 
ml-1 uppercase tracking-wi
der">Content</label>
[39m
[31m+                    
                     
<textarea
[39m
[31m+                    
                         
placeholder="Write your 
note here..."
[39m
[31m+                    
                         
value={noteForm.content}
[39m
[31m+                    
                         
rows={4}
[39m
[31m+                    
                         
onChange={e => 
setNoteForm(f => ({ ...f, 
content: e.target.value 
}))}
[39m
[31m+                    
                         
className={`w-full px-4 
py-3 bg-white border-1.5 
rounded-xl text-sm 
focus:outline-none 
transition-colors 
resize-none
[39m
[31m+                    
                          
   
${noteFormErrors.content 
? 'border-red-400 
focus:border-red-500' : 
'border-gray-200 
focus:border-[#FF5C1A]'}`}
[39m
[31m+                    
                     />
[39m
[31m+                    
                     
{noteFormErrors.content 
&& (
[39m
[31m+                    
                         
<span data-testid="content
-error" 
className="text-[11px] 
font-semibold 
text-red-500 ml-1">{noteFo
rmErrors.content}</span>
[39m
[31m+                    
                     )}
[39m
[31m+                    
                 </div>
[39m
[31m+ 
[39m
[31m+                    
                 <div 
className="space-y-1.5">
[39m
[31m+                    
                     
<label className="text-xs 
font-bold text-gray-700 
ml-1 uppercase 
tracking-wider">Linked 
Quiz ID <span 
className="text-gray-400 f
ont-medium">(optional)</sp
an></label>
[39m
[31m+                    
                     
<input
[39m
[31m+                    
                         
type="text"
[39m
[31m+                    
                         
placeholder="Enter quiz 
ID to link"
[39m
[31m+                    
                         v
alue={noteForm.linkedQuizI
d}
[39m
[31m+                    
                         
onChange={e => 
setNoteForm(f => ({ ...f, 
linkedQuizId: 
e.target.value }))}
[39m
[31m+                    
                         
className="w-full px-4 
py-2 bg-white border-1.5 
border-gray-200 
rounded-xl text-sm 
focus:outline-none 
focus:border-[#FF5C1A] 
transition-colors"
[39m
[31m+                    
                     />
[39m
[31m+                    
                 </div>
[39m
[31m+ 
[39m
[31m+                    
                 <div 
className="flex 
items-center gap-3 pt-2">
[39m
[31m+                    
                     
<button
[39m
[31m+                    
                         
type="submit"
[39m
[31m+                    
                         
disabled={noteSubmitting}
[39m
[31m+                    
                         
className="flex-1 
sm:flex-none px-6 py-2.5 
bg-[#FF5C1A] text-white 
rounded-xl text-sm 
font-bold 
hover:bg-[#e65217] 
transition-all 
disabled:opacity-50"
[39m
[31m+                    
                     >
[39m
[31m+                    
                         
{noteSubmitting ? 
'Saving...' : 'Save Note'}
[39m
[31m+                    
                     
</button>
[39m
[31m+                    
                     
<button
[39m
[31m+                    
                         
type="button"
[39m
[31m+                    
                         
onClick={() => { 
setShowNoteForm(false); se
tNoteForm(EMPTY_NOTE_FORM)
; setNoteFormErrors({}); 
}}
[39m
[31m+                    
                         
className="flex-1 
sm:flex-none px-6 py-2.5 
bg-white border-1.5 
border-gray-200 
text-gray-600 rounded-xl 
text-sm font-bold 
hover:bg-gray-50 
transition-all"
[39m
[31m+                    
                     >
[39m
[31m+                    
                         
Cancel
[39m
[31m+                    
                     
</button>
[39m
[31m+                    
                 </div>
[39m
[31m+                    
             
</motion.form>
[39m
[31m+                    
         )}
[39m
[31m+                    
     </AnimatePresence>
[39m
[31m+ 
[39m
[31m+                    
     {notes.length === 0 
? (
[39m
[31m+                    
         <div 
className="p-12 
text-center">
[39m
[31m+                    
             <FileText 
size={24} 
className="mx-auto 
text-gray-300 mb-3" />
[39m
[31m+                    
             <p 
className="text-sm 
text-gray-500 
font-medium">No notes 
yet. Start by creating 
one!</p>
[39m
[31m+                    
         </div>
[39m
[31m+                    
     ) : (
[39m
[31m+                    
         <div 
className="divide-y 
divide-gray-50">
[39m
[31m+                    
             
{notes.map(note => (
[39m
[31m+                    
                 <div 
key={note.id} 
className="flex flex-col 
sm:flex-row 
sm:items-center 
justify-between p-5 
hover:bg-gray-50/50 
transition-colors gap-4">
[39m
[31m+                    
                     <div 
className="flex-1 
min-w-0">
[39m
[31m+                    
                         
<h4 
className="text-[15px] 
font-bold text-gray-900 
truncate 
mb-0.5">{note.title}</h4>
[39m
[31m+                    
                         
<p className="text-xs 
font-semibold 
text-gray-400 uppercase tr
acking-tight">{note.subjec
t}</p>
[39m
[31m+                    
                     
</div>
[39m
[31m+                    
                     <div 
className="flex 
items-center 
justify-between 
sm:justify-end gap-5">
[39m
[31m+                    
                         
<div className="flex 
items-center gap-3">
[39m
[31m+                    
                          
   <span 
className={`text-[10px] 
font-extrabold uppercase 
tracking-widest px-2.5 
py-1 rounded-full
[39m
[31m+                    
                          
       ${note.published ? 
'bg-emerald-100 
text-emerald-700' : 
'bg-gray-100 
text-gray-500'}`}>
[39m
[31m+                    
                          
       {note.published ? 
'Published' : 'Draft'}
[39m
[31m+                    
                          
   </span>
[39m
[31m+                    
                          
   <button
[39m
[31m+                    
                          
       onClick={() => 
handlePublishToggle(note)}
[39m
[31m+                    
                          
       className="p-1 
hover:bg-gray-200 
rounded-lg 
transition-colors group"
[39m
[31m+                    
                          
       
title={note.published ? 
'Unpublish' : 'Publish'}
[39m
[31m+                    
                          
   >
[39m
[31m+                    
                          
       {note.published
[39m
[31m+                    
                          
           ? <ToggleRight 
size={24} className="text-
emerald-500" />
[39m
[31m+                    
                          
           : <ToggleLeft 
size={24} 
className="text-gray-400 g
roup-hover:text-gray-600" 
/>
[39m
[31m+                    
                          
       }
[39m
[31m+                    
                          
   </button>
[39m
[31m+                    
                         
</div>
[39m
[31m+                    
                         
<button
[39m
[31m+                    
                          
   onClick={() => 
handleDeleteNote(note.id 
|| (note as any)._id)}
[39m
[31m+                    
                          
   className="p-2 
text-gray-400 
hover:text-red-500 
hover:bg-red-50 
rounded-lg transition-all"
[39m
[31m+                    
                          
   title="Delete Note"
[39m
[31m+                    
                         >
[39m
[31m+                    
                          
   <Trash2 size={18} />
[39m
[31m+                    
                         
</button>
[39m
[31m+                    
                     
</div>
[39m
[31m+                    
                 </div>
[39m
[31m+                    
             ))}
[39m
[31m+                    
         </div>
[39m
[31m+                    
     )}
[39m
[31m+                    
 </div>
[39m
[31m+                 
</div>
[39m
[31m+ 
[39m
[31m+             </main>
[39m
[31m+ 
[39m
[31m+             {/* 
Preview Modal */}
[39m
[31m+             
<AnimatePresence>
[39m
[31m+                 
{previewQuiz && (
[39m
[31m+                    
 <motion.div
[39m
[31m+                    
     initial={{ opacity: 
0 }}
[39m
[31m+                    
     animate={{ opacity: 
1 }}
[39m
[31m+                    
     exit={{ opacity: 0 }}
[39m
[31m+                    
     onClick={() => 
setPreviewQuiz(null)}
[39m
[31m+                    
     className="fixed 
inset-0 bg-black/60 
backdrop-blur-sm z-[100] 
flex items-center 
justify-center p-4 sm:p-6"
[39m
[31m+                    
 >
[39m
[31m+                    
     <motion.div
[39m
[31m+                    
         initial={{ 
scale: 0.95, opacity: 0, 
y: 20 }}
[39m
[31m+                    
         animate={{ 
scale: 1, opacity: 1, y: 
0 }}
[39m
[31m+                    
         exit={{ scale: 
0.95, opacity: 0, y: 20 }}
[39m
[31m+                    
         onClick={e => 
e.stopPropagation()}
[39m
[31m+                    
         
className="bg-white 
rounded-2xl w-full 
max-w-2xl max-h-[90vh] 
flex flex-col 
overflow-hidden 
shadow-2xl"
[39m
[31m+                    
     >
[39m
[31m+                    
         <div 
className="p-5 sm:p-6 
border-b border-gray-100 
flex items-start 
justify-between bg-white 
sticky top-0 z-10">
[39m
[31m+                    
             <div 
className="space-y-1.5">
[39m
[31m+                    
                 <div 
className="flex 
items-center gap-2">
[39m
[31m+                    
                     <span
[39m
[31m+                    
                         
className="text-[10px] 
font-extrabold uppercase 
tracking-widest px-2.5 
py-1 rounded-full"
[39m
[31m+                    
                         
style={{
[39m
[31m+                    
                          
   background: SUBJECT_COL
ORS[previewQuiz.subject]?.
bg || 
SUBJECT_COLORS.Default.bg,
[39m
[31m+                    
                          
   color: SUBJECT_COLORS[p
reviewQuiz.subject]?.text 
|| SUBJECT_COLORS.Default.
text
[39m
[31m+                    
                         
}}
[39m
[31m+                    
                     >
[39m
[31m+                    
                         
{previewQuiz.subject}
[39m
[31m+                    
                     
</span>
[39m
[31m+                    
                     
<span className="text-xs 
font-bold text-gray-400 
flex items-center gap-1">
[39m
[31m+                    
                         
<Hash size={12} />
[39m
[31m+                    
                         {
previewQuiz.questionCount}
 Questions
[39m
[31m+                    
                     
</span>
[39m
[31m+                    
                 </div>
[39m
[31m+                    
                 <h2 
className="text-xl 
sm:text-2xl 
font-extrabold 
text-gray-900 leading-tigh
t">{previewQuiz.title}</h2
>
[39m
[31m+                    
             </div>
[39m
[31m+                    
             <button
[39m
[31m+                    
                 
onClick={() => 
setPreviewQuiz(null)}
[39m
[31m+                    
                 
className="p-2 bg-gray-50 
hover:bg-gray-100 
rounded-full 
text-gray-400 
hover:text-gray-600 
transition-colors"
[39m
[31m+                    
             >
[39m
[31m+                    
                 <X 
size={20} />
[39m
[31m+                    
             </button>
[39m
[31m+                    
         </div>
[39m
[31m+ 
[39m
[31m+                    
         <div 
className="p-5 sm:p-6 
overflow-y-auto flex-1 
bg-gray-50/50 space-y-4">
[39m
[31m+                    
             
{Array.from({ length: Math
.min(previewQuiz.questionC
ount, 5) }).map((_, i) => 
(
[39m
[31m+                    
                 <div 
key={i} 
className="bg-white 
border border-gray-100 
rounded-2xl p-5 
shadow-sm">
[39m
[31m+                    
                     <div 
className="flex 
items-start gap-4 mb-5">
[39m
[31m+                    
                         
<div className="w-8 h-8 
rounded-xl bg-[#FFF3EE] 
text-[#FF5C1A] flex 
items-center 
justify-center text-sm 
font-black flex-shrink-0 
shadow-sm 
shadow-[#FF5C1A]/10">
[39m
[31m+                    
                          
   {i + 1}
[39m
[31m+                    
                         
</div>
[39m
[31m+                    
                         
<h4 className="text-sm 
sm:text-[15px] font-bold 
text-gray-700 
leading-relaxed pt-1">
[39m
[31m+                    
                          
   This is a mock sample 
question about {previewQui
z.subject.toLowerCase()} 
matching the difficulty 
level of this quiz. Can 
you select the correct 
answer below?
[39m
[31m+                    
                         
</h4>
[39m
[31m+                    
                     
</div>
[39m
[31m+                    
                     <div 
className="grid 
grid-cols-1 
sm:grid-cols-2 gap-3 
sm:pl-12">
[39m
[31m+                    
                         
{['Option A', 'Option B', 
'Option C', 'Option 
D'].map((opt, optIdx) => (
[39m
[31m+                    
                          
   <div key={optIdx} 
className="px-4 py-3 
bg-gray-50 border-1.5 
border-gray-100 
rounded-xl text-sm 
font-semibold 
text-gray-600 
hover:border-[#FF5C1A]/30 
hover:bg-white 
transition-all 
cursor-default">
[39m
[31m+                    
                          
       {opt}
[39m
[31m+                    
                          
   </div>
[39m
[31m+                    
                         
))}
[39m
[31m+                    
                     
</div>
[39m
[31m+                    
                 </div>
[39m
[31m+                    
             ))}
[39m
[31m+                    
             {previewQuiz.
questionCount > 5 && (
[39m
[31m+                    
                 <div 
className="text-center 
py-4 text-gray-400 
text-sm font-bold 
bg-white/50 rounded-xl 
border border-dashed 
border-gray-200">
[39m
[31m+                    
                     + {pr
eviewQuiz.questionCount - 
5} more questions in the 
full quiz
[39m
[31m+                    
                 </div>
[39m
[31m+                    
             )}
[39m
[31m+                    
         </div>
[39m
[31m+ 
[39m
[31m+                    
         <div 
className="p-5 sm:p-6 
border-t border-gray-100 
flex flex-col sm:flex-row 
gap-3 bg-white sticky 
bottom-0">
[39m
[31m+                    
             <button
[39m
[31m+                    
                 
onClick={() => 
setPreviewQuiz(null)}
[39m
[31m+                    
                 
className="flex-1 
sm:flex-none px-6 py-3 
border-1.5 
border-gray-200 
text-gray-600 rounded-xl 
text-sm font-bold 
hover:bg-gray-50 
transition-all 
text-center"
[39m
[31m+                    
             >
[39m
[31m+                    
                 Close 
Preview
[39m
[31m+                    
             </button>
[39m
[31m+                    
             <button 
className="flex-1 px-6 
py-3 bg-[#FF5C1A] 
text-white rounded-xl 
text-sm font-bold 
hover:bg-[#e65217] 
transition-all flex 
items-center 
justify-center gap-2 
shadow-lg 
shadow-[#FF5C1A]/20">
[39m
[31m+                    
                 <Copy 
size={18} />
[39m
[31m+                    
                 
<span>Duplicate to My 
Quizzes</span>
[39m
[31m+                    
             </button>
[39m
[31m+                    
         </div>
[39m
[31m+                    
     </motion.div>
[39m
[31m+                    
 </motion.div>
[39m
[31m+                 )}
[39m
[31m+             
</AnimatePresence>
[39m
[31m+         </div>
[39m
[31m+     );
[39m
[31m+ }
[39m
[31m+ 
[39m
[31m+ interface 
QuizCardProps {
[39m
[31m+     quiz: 
LibraryQuiz;
[39m
[31m+     index: number;
[39m
[31m+     subjectStyle: 
{ bg: string; text: 
string; dot: string };
[39m
[31m+     diffStyle: { 
bg: string; text: string 
} | null;
[39m
[31m+     onPreview?: () 
=> void;
[39m
[31m+ }
[39m
[31m+ 
[39m
[31m+ function 
QuizCard({ quiz, index, 
subjectStyle, diffStyle, 
onPreview }: 
QuizCardProps) {
[39m
[31m+     const 
[hovered, setHovered] = 
useState(false);
[39m
[31m+ 
[39m
[31m+     return (
[39m
[31m+         <motion.div
[39m
[31m+             
initial={{ opacity: 0, y: 
16 }}
[39m
[31m+             
animate={{ opacity: 1, y: 
0 }}
[39m
[31m+             
transition={{ delay: 
index * 0.05 }}
[39m
[31m+             
onMouseEnter={() => 
setHovered(true)}
[39m
[31m+             
onMouseLeave={() => 
setHovered(false)}
[39m
[31m+             
className={`group 
bg-white rounded-2xl 
border-1.5 transition-all 
duration-300 flex 
flex-col overflow-hidden 
h-full
[39m
[31m+                 
${hovered ? 
'border-[#FF5C1A] 
shadow-xl 
shadow-[#FF5C1A]/10 
-translate-y-1' : 
'border-gray-100 
shadow-sm'}`}
[39m
[31m+         >
[39m
[31m+             <div
[39m
[31m+                 
className="h-1.5 w-full 
bg-gradient-to-r"
[39m
[31m+                 
style={{ backgroundImage: 
`linear-gradient(to 
right, 
${subjectStyle.dot}, 
${subjectStyle.text})` }}
[39m
[31m+             />
[39m
[31m+             <div 
className="p-5 flex 
flex-col flex-1">
[39m
[31m+                 
<div className="flex 
items-start 
justify-between gap-3 
mb-4">
[39m
[31m+                    
 <div className="flex 
flex-wrap gap-2">
[39m
[31m+                    
     <span
[39m
[31m+                    
         
className="text-[10px] 
font-extrabold uppercase 
tracking-widest px-2.5 
py-1 rounded-full"
[39m
[31m+                    
         style={{ 
background: 
subjectStyle.bg, color: 
subjectStyle.text }}
[39m
[31m+                    
     >
[39m
[31m+                    
         {quiz.subject}
[39m
[31m+                    
     </span>
[39m
[31m+                    
     {diffStyle && 
quiz.difficulty && (
[39m
[31m+                    
         <span
[39m
[31m+                    
             
className="text-[10px] 
font-extrabold uppercase 
tracking-widest px-2.5 
py-1 rounded-full"
[39m
[31m+                    
             style={{ 
background: diffStyle.bg, 
color: diffStyle.text }}
[39m
[31m+                    
         >
[39m
[31m+                    
             
{quiz.difficulty}
[39m
[31m+                    
         </span>
[39m
[31m+                    
     )}
[39m
[31m+                    
 </div>
[39m
[31m+                    
 {quiz.rating && (
[39m
[31m+                    
     <div className="flex 
items-center gap-1.5 
bg-amber-50 px-2 py-0.5 
rounded-lg">
[39m
[31m+                    
         <Star size={12} 
className="text-amber-500 
fill-amber-500" />
[39m
[31m+                    
         <span 
className="text-xs 
font-black text-amber-700"
>{quiz.rating}</span>
[39m
[31m+                    
     </div>
[39m
[31m+                    
 )}
[39m
[31m+                 
</div>
[39m
[31m+ 
[39m
[31m+                 
<div className="mb-5 
flex-1">
[39m
[31m+                    
 <h3 
className="text-[17px] 
font-black text-gray-900 
leading-tight mb-1 group-h
over:text-[#FF5C1A] 
transition-colors 
line-clamp-2">
[39m
[31m+                    
     {quiz.title}
[39m
[31m+                    
 </h3>
[39m
[31m+                    
 {quiz.author && (
[39m
[31m+                    
     <p 
className="text-xs 
font-bold 
text-gray-400">by <span cl
assName="text-gray-600">{q
uiz.author}</span></p>
[39m
[31m+                    
 )}
[39m
[31m+                 
</div>
[39m
[31m+ 
[39m
[31m+                 
<div className="flex 
items-center 
justify-between py-4 
border-t border-gray-50 
mb-4">
[39m
[31m+                    
 <div className="flex 
items-center gap-4">
[39m
[31m+                    
     <div className="flex 
items-center gap-1.5 
text-gray-500">
[39m
[31m+                    
         <Hash size={14} 
className="text-gray-400" 
/>
[39m
[31m+                    
         <span 
className="text-[13px] fon
t-bold">{quiz.questionCoun
t}</span>
[39m
[31m+                    
     </div>
[39m
[31m+                    
     {quiz.plays !== 
undefined && (
[39m
[31m+                    
         <div 
className="flex 
items-center gap-1.5 
text-gray-500">
[39m
[31m+                    
             <Users 
size={14} 
className="text-gray-400" 
/>
[39m
[31m+                    
             <span 
className="text-[13px] 
font-bold">
[39m
[31m+                    
                 
{quiz.plays >= 1000 ? 
`${(quiz.plays / 
1000).toFixed(1)}k` : 
quiz.plays}
[39m
[31m+                    
             </span>
[39m
[31m+                    
         </div>
[39m
[31m+                    
     )}
[39m
[31m+                    
 </div>
[39m
[31m+                    
 {quiz.createdAt && (
[39m
[31m+                    
     <div className="flex 
items-center gap-1.5 
text-gray-400">
[39m
[31m+                    
         <Clock size={13} 
/>
[39m
[31m+                    
         <span 
className="text-[11px] 
font-bold font-mono 
tracking-tighter uppercase
">{quiz.createdAt}</span>
[39m
[31m+                    
     </div>
[39m
[31m+                    
 )}
[39m
[31m+                 
</div>
[39m
[31m+ 
[39m
[31m+                 
<button
[39m
[31m+                    
 onClick={onPreview}
[39m
[31m+                    
 className={`flex 
items-center 
justify-center gap-2 
w-full py-3 rounded-xl 
text-[13px] font-black 
transition-all 
duration-300
[39m
[31m+                    
     ${hovered
[39m
[31m+                    
         ? 'bg-[#FF5C1A] 
text-white shadow-lg 
shadow-[#FF5C1A]/20'
[39m
[31m+                    
         : 'bg-gray-50 
text-gray-700 
hover:bg-gray-100'}`}
[39m
[31m+                 >
[39m
[31m+                    
 <Eye size={16} />
[39m
[31m+                    
 <span>PREVIEW QUIZ</span>
[39m
[31m+                 
</button>
[39m
[31m+             </div>
[39m
[31m+         
</motion.div>
[39m
[31m+     );
[39m
[31m+ }
[39m
[31m+[39m

[36m [2mΓ¥»[22m src/pag
es/Library.test.ts:[2m79:
24[22m[39m
    [90m 77|[39m [34mde
scribe[39m([32m'Library 
ΓÇô publish toggle 
(Requirement 
5.4)'[39m[33m,[39m () 
[33m=>[39m {
    [90m 78|[39m     
[34mit[39m([32m'calls 
updateDoc to flip the 
published 
field'[39m[33m,[39m () 
[33m=>[39m {
    [90m 79|[39m        
 [34mexpect[39m(source)
[33m.[39m[34mtoContain[
39m([32m'updateDoc('[39m
)[33m;[39m
    [90m   |[39m        
                
[31m^[39m
    [90m 80|[39m        
 [34mexpect[39m(source)
[33m.[39m[34mtoContain[
39m([32m'published: !note
.published'[39m)[33m;[3
9m
    [90m 81|[39m     
})[33m;[39m

[31m[2mΓÄ»ΓÄ»ΓÄ»ΓÄ»ΓÄ»ΓÄ
»ΓÄ»ΓÄ»ΓÄ»ΓÄ»ΓÄ»ΓÄ»ΓÄ»ΓÄ»Γ
Ä»ΓÄ»ΓÄ»ΓÄ»ΓÄ»ΓÄ»ΓÄ»ΓÄ»[38
/75]ΓÄ»[22m[39m

[41m[1m FAIL [22m[49m 
src/pages/Library.test.ts
[2m > [22mLibrary ΓÇô 
publish toggle 
(Requirement 5.4)[2m > 
[22mtargets the correct 
Firestore document path
[31m[1mAssertionError[2
2m: expected 'import { 
useState } from 
\'react\';\rΓÇª' to 
contain 'doc(db, 
\'notes\', note.id)'[39m

[32m- Expected[39m
[31m+ Received[39m

[32m- doc(db, 'notes', 
note.id)[39m
[31m+ import { useState 
} from 'react';
[39m
[31m+ import { motion, 
AnimatePresence } from 
'framer-motion';
[39m
[31m+ import {
[39m
[31m+     Search, 
BookOpen, Eye, Library as 
LibraryIcon,
[39m
[31m+     Users, Hash, 
Star, TrendingUp, Clock, 
Filter,
[39m
[31m+     Plus, 
ToggleLeft, ToggleRight, 
FileText, Trash2, X, Copy
[39m
[31m+ } from 
'lucide-react';
[39m
[31m+ import { apiFetch 
} from '../utils/api';
[39m
[31m+ import { useAuth } 
from 
'../contexts/AuthContext';
[39m
[31m+ import { useNotes 
} from 
'../hooks/useNotes';
[39m
[31m+ import { 
TeacherSidebar } from '../
components/TeacherSidebar'
;
[39m
[31m+ import { 
TeacherHeader } from '../c
omponents/TeacherHeader';
[39m
[31m+ import { 
useBreakpoint } from 
'../hooks/useBreakpoint';
[39m
[31m+ import type { Note 
} from '../types/student';
[39m
[31m+ 
[39m
[31m+ export interface 
LibraryQuiz {
[39m
[31m+     id: string;
[39m
[31m+     title: string;
[39m
[31m+     subject: 
string;
[39m
[31m+     questionCount: 
number;
[39m
[31m+     author?: 
string;
[39m
[31m+     plays?: number;
[39m
[31m+     rating?: 
number;
[39m
[31m+     difficulty?: 
'Easy' | 'Medium' | 
'Hard';
[39m
[31m+     createdAt?: 
string;
[39m
[31m+ }
[39m
[31m+ 
[39m
[31m+ // Pure filter 
function (exported for 
testing)
[39m
[31m+ // 
eslint-disable-next-line r
eact-refresh/only-export-c
omponents
[39m
[31m+ export function 
filterLibraryQuizzes(
[39m
[31m+     quizzes: 
LibraryQuiz[],
[39m
[31m+     query: string,
[39m
[31m+     subject: string
[39m
[31m+ ): LibraryQuiz[] {
[39m
[31m+     let result = 
quizzes;
[39m
[31m+     if 
(query.trim()) {
[39m
[31m+         const 
lower = 
query.toLowerCase();
[39m
[31m+         result = 
result.filter(
[39m
[31m+             q => q.
title.toLowerCase().includ
es(lower) || q.subject.toL
owerCase().includes(lower)
[39m
[31m+         );
[39m
[31m+     }
[39m
[31m+     if (subject 
!== 'all') {
[39m
[31m+         result = 
result.filter(q => 
q.subject === subject);
[39m
[31m+     }
[39m
[31m+     return result;
[39m
[31m+ }
[39m
[31m+ 
[39m
[31m+ const 
SUBJECT_COLORS: 
Record<string, { bg: 
string; text: string; 
dot: string }> = {
[39m
[31m+     Geography: { 
bg: '#E0F2FE', text: 
'#0369A1', dot: '#38BDF8' 
},
[39m
[31m+     Mathematics: { 
bg: '#FEF3C7', text: 
'#B45309', dot: '#FBBF24' 
},
[39m
[31m+     Science: { bg: 
'#EDE9FE', text: 
'#6D28D9', dot: '#A78BFA' 
},
[39m
[31m+     History: { bg: 
'#FCE7F3', text: 
'#9D174D', dot: '#F472B6' 
},
[39m
[31m+     English: { bg: 
'#DCFCE7', text: 
'#166534', dot: '#4ADE80' 
},
[39m
[31m+     Default: { bg: 
'#F3F4F6', text: 
'#374151', dot: '#9CA3AF' 
},
[39m
[31m+ };
[39m
[31m+ 
[39m
[31m+ const 
DIFFICULTY_COLORS: 
Record<string, { bg: 
string; text: string }> = 
{
[39m
[31m+     Easy: { bg: 
'#DCFCE7', text: 
'#166534' },
[39m
[31m+     Medium: { bg: 
'#FEF3C7', text: 
'#B45309' },
[39m
[31m+     Hard: { bg: 
'#FEE2E2', text: 
'#991B1B' },
[39m
[31m+ };
[39m
[31m+ 
[39m
[31m+ const 
MOCK_QUIZZES: 
LibraryQuiz[] = [
[39m
[31m+     { id: '1', 
title: 'World Capitals 
Challenge', subject: 
'Geography', 
questionCount: 25, 
author: 'Ms. Rivera', 
plays: 1240, rating: 4.8, 
difficulty: 'Medium', 
createdAt: '2 days ago' },
[39m
[31m+     { id: '2', 
title: 'Algebra 
Fundamentals', subject: 
'Mathematics', 
questionCount: 20, 
author: 'Mr. Chen', 
plays: 890, rating: 4.6, 
difficulty: 'Hard', 
createdAt: '1 week ago' },
[39m
[31m+     { id: '3', 
title: 'The Periodic 
Table', subject: 
'Science', questionCount: 
30, author: 'Dr. Patel', 
plays: 2100, rating: 4.9, 
difficulty: 'Medium', 
createdAt: '3 days ago' },
[39m
[31m+     { id: '4', 
title: 'World War II 
Overview', subject: 
'History', questionCount: 
18, author: 'Prof. 
Adams', plays: 670, 
rating: 4.4, difficulty: 
'Easy', createdAt: '5 
days ago' },
[39m
[31m+     { id: '5', 
title: 'Shakespeare & 
Sonnets', subject: 
'English', questionCount: 
15, author: 'Ms. Okafor', 
plays: 430, rating: 4.7, 
difficulty: 'Hard', 
createdAt: '1 week ago' },
[39m
[31m+     { id: '6', 
title: 'Continents & 
Oceans', subject: 
'Geography', 
questionCount: 12, 
author: 'Mr. Torres', 
plays: 980, rating: 4.5, 
difficulty: 'Easy', 
createdAt: '4 days ago' },
[39m
[31m+     { id: '7', 
title: 'Fractions & 
Decimals', subject: 
'Mathematics', 
questionCount: 22, 
author: 'Ms. Kim', plays: 
560, rating: 4.3, 
difficulty: 'Medium', 
createdAt: '2 weeks ago' 
},
[39m
[31m+     { id: '8', 
title: 'Human Body 
Systems', subject: 
'Science', questionCount: 
28, author: 'Dr. Nguyen', 
plays: 1560, rating: 4.8, 
difficulty: 'Medium', 
createdAt: '6 days ago' },
[39m
[31m+ ];
[39m
[31m+ 
[39m
[31m+ const SORT_OPTIONS 
= [
[39m
[31m+     { label: 'Most 
Popular', value: 'plays', 
icon: TrendingUp },
[39m
[31m+     { label: 'Top 
Rated', value: 'rating', 
icon: Star },
[39m
[31m+     { label: 
'Newest', value: 
'newest', icon: Clock },
[39m
[31m+ ];
[39m
[31m+ 
[39m
[31m+ function 
sortQuizzes(quizzes: 
LibraryQuiz[], sort: 
string): LibraryQuiz[] {
[39m
[31m+     return 
[...quizzes].sort((a, b) 
=> {
[39m
[31m+         if (sort 
=== 'plays') return 
(b.plays ?? 0) - (a.plays 
?? 0);
[39m
[31m+         if (sort 
=== 'rating') return 
(b.rating ?? 0) - 
(a.rating ?? 0);
[39m
[31m+         return 0;
[39m
[31m+     });
[39m
[31m+ }
[39m
[31m+ 
[39m
[31m+ interface 
NoteFormState {
[39m
[31m+     title: string;
[39m
[31m+     subject: 
string;
[39m
[31m+     content: 
string;
[39m
[31m+     linkedQuizId: 
string;
[39m
[31m+ }
[39m
[31m+ 
[39m
[31m+ const 
EMPTY_NOTE_FORM: 
NoteFormState = { title: 
'', subject: '', content: 
'', linkedQuizId: '' };
[39m
[31m+ 
[39m
[31m+ export function 
Library() {
[39m
[31m+     const { user } 
= useAuth();
[39m
[31m+     const { notes, 
refresh } = useNotes({ 
authorUid: user?._id });
[39m
[31m+     const { 
isMobile } = 
useBreakpoint();
[39m
[31m+ 
[39m
[31m+     const 
[quizzes] = useState<Libra
ryQuiz[]>(MOCK_QUIZZES);
[39m
[31m+     const 
[searchQuery, 
setSearchQuery] = 
useState('');
[39m
[31m+     const 
[subjectFilter, 
setSubjectFilter] = 
useState('all');
[39m
[31m+     const [sortBy, 
setSortBy] = 
useState('plays');
[39m
[31m+     const 
[showSortMenu, 
setShowSortMenu] = 
useState(false);
[39m
[31m+     const 
[isSidebarOpen, 
setIsSidebarOpen] = 
useState(false);
[39m
[31m+     const 
[previewQuiz, 
setPreviewQuiz] = 
useState<LibraryQuiz | 
null>(null);
[39m
[31m+ 
[39m
[31m+     const 
[showNoteForm, 
setShowNoteForm] = 
useState(false);
[39m
[31m+     const 
[noteForm, setNoteForm] = 
useState<NoteFormState>(EM
PTY_NOTE_FORM);
[39m
[31m+     const 
[noteFormErrors, 
setNoteFormErrors] = 
useState<{ title?: 
string; content?: string 
}>({});
[39m
[31m+     const 
[noteSubmitting, 
setNoteSubmitting] = 
useState(false);
[39m
[31m+ 
[39m
[31m+     const subjects 
= ['all', 
...Array.from(new 
Set(quizzes.map(q => 
q.subject)))];
[39m
[31m+     const filtered 
= sortQuizzes(filterLibrar
yQuizzes(quizzes, 
searchQuery, 
subjectFilter), sortBy);
[39m
[31m+     const 
totalPlays = 
quizzes.reduce((s, q) => 
s + (q.plays ?? 0), 0);
[39m
[31m+     const 
activeSortLabel = 
SORT_OPTIONS.find(o => 
o.value === 
sortBy)?.label ?? 'Sort';
[39m
[31m+ 
[39m
[31m+     async function 
handleNoteSubmit(e: 
React.FormEvent) {
[39m
[31m+         
e.preventDefault();
[39m
[31m+         const 
errors: { title?: string; 
content?: string } = {};
[39m
[31m+         if 
(!noteForm.title.trim()) 
errors.title = 'Title is 
required';
[39m
[31m+         if (!noteFo
rm.content.trim()) 
errors.content = 'Content 
is required';
[39m
[31m+         
setNoteFormErrors(errors);
[39m
[31m+         if (Object.
keys(errors).length > 0) 
return;
[39m
[31m+ 
[39m
[31m+         
setNoteSubmitting(true);
[39m
[31m+         try {
[39m
[31m+             await 
apiFetch('/api/notes', {
[39m
[31m+                 
method: 'POST',
[39m
[31m+                 
body: {
[39m
[31m+                    
 title: 
noteForm.title.trim(),
[39m
[31m+                    
 subject: 
noteForm.subject.trim(),
[39m
[31m+                    
 content: 
noteForm.content.trim(),
[39m
[31m+                    
 linkedQuizId: noteForm.li
nkedQuizId.trim() || null,
[39m
[31m+                 }
[39m
[31m+             });
[39m
[31m+             setNote
Form(EMPTY_NOTE_FORM);
[39m
[31m+             
setNoteFormErrors({});
[39m
[31m+             
setShowNoteForm(false);
[39m
[31m+             
refresh();
[39m
[31m+         } catch 
(err) {
[39m
[31m+             
console.error('Failed to 
save note:', err);
[39m
[31m+         } finally {
[39m
[31m+             
setNoteSubmitting(false);
[39m
[31m+         }
[39m
[31m+     }
[39m
[31m+ 
[39m
[31m+     async function 
handlePublishToggle(note: 
Note) {
[39m
[31m+         try {
[39m
[31m+             await a
piFetch(`/api/notes/${note
.id || (note as 
any)._id}`, {
[39m
[31m+                 
method: 'PATCH',
[39m
[31m+                 
body: { published: 
!note.published }
[39m
[31m+             });
[39m
[31m+             
refresh();
[39m
[31m+         } catch 
(err) {
[39m
[31m+             
console.error('Failed to 
toggle publish state:', 
err);
[39m
[31m+         }
[39m
[31m+     }
[39m
[31m+ 
[39m
[31m+     async function 
handleDeleteNote(id: 
string) {
[39m
[31m+         if 
(!window.confirm('Are you 
sure you want to delete 
this note?')) return;
[39m
[31m+         try {
[39m
[31m+             await a
piFetch(`/api/notes/${id}`
, {
[39m
[31m+                 
method: 'DELETE'
[39m
[31m+             });
[39m
[31m+             
refresh();
[39m
[31m+         } catch 
(err) {
[39m
[31m+             
console.error('Failed to 
delete note:', err);
[39m
[31m+         }
[39m
[31m+     }
[39m
[31m+ 
[39m
[31m+     return (
[39m
[31m+         <div 
className="flex 
min-h-screen bg-[#F5F5F5] 
overflow-x-hidden">
[39m
[31m+             
<TeacherSidebar 
isOpen={isSidebarOpen} 
onClose={() => 
setIsSidebarOpen(false)} 
/>
[39m
[31m+ 
[39m
[31m+             {/* 
Main Content */}
[39m
[31m+             <main 
className="flex-1 
lg:ml-[240px] p-0 pb-8 
min-w-0 transition-all 
duration-300">
[39m
[31m+                 
<TeacherHeader
[39m
[31m+                    
 title="Library"
[39m
[31m+                    
 searchQuery={searchQuery}
[39m
[31m+                    
 onSearchChange={setSearch
Query}
[39m
[31m+                    
 onMenuClick={() => 
setIsSidebarOpen(true)}
[39m
[31m+                 />
[39m
[31m+ 
[39m
[31m+                 
{/* Header Section */}
[39m
[31m+                 
<div className="bg-gradien
t-to-br from-[#FF5C1A] 
to-[#FF8C42] pt-12 pb-8 
px-4 sm:px-6">
[39m
[31m+                    
 <div 
className="max-w-[1100px] 
mx-auto">
[39m
[31m+                    
     <div className="flex 
flex-col md:flex-row 
md:items-end 
justify-between gap-6 
mb-8">
[39m
[31m+                    
         <div 
className="space-y-3">
[39m
[31m+                    
             <div 
className="inline-flex 
items-center gap-1.5 
bg-white/20 rounded-full 
px-3 py-1 scale-95 
origin-left">
[39m
[31m+                    
                 
<LibraryIcon size={13} 
className="text-white/90" 
/>
[39m
[31m+                    
                 <span 
className="text-[12px] 
font-semibold 
text-white/90 uppercase 
tracking-wider">Public 
Library</span>
[39m
[31m+                    
             </div>
[39m
[31m+                    
             <h1 
className="text-3xl 
sm:text-4xl 
font-extrabold text-white 
leading-tight 
m-0">Discover Quizzes</h1>
[39m
[31m+                    
             <p 
className="text-white/80 
text-sm sm:text-base 
max-w-md m-0">
[39m
[31m+                    
                 Browse 
{quizzes.length} 
community-made quizzes 
across all subjects
[39m
[31m+                    
             </p>
[39m
[31m+                    
         </div>
[39m
[31m+ 
[39m
[31m+                    
         <div 
className="flex flex-wrap 
gap-3 relative">
[39m
[31m+                    
             <button
[39m
[31m+                    
                 
onClick={() => 
setShowSortMenu(v => !v)}
[39m
[31m+                    
                 
className="flex 
items-center gap-3 px-4 
py-2.5 bg-white border 
border-gray-200 
rounded-xl text-sm 
font-bold text-gray-700 
hover:bg-gray-50 
transition-colors"
[39m
[31m+                    
             >
[39m
[31m+                    
                 
<TrendingUp size={16} 
className="text-gray-400" 
/>
[39m
[31m+                    
                 <span>{ac
tiveSortLabel}</span>
[39m
[31m+                    
             </button>
[39m
[31m+ 
[39m
[31m+                    
             
{showSortMenu && (
[39m
[31m+                    
                 <div 
className="absolute 
top-full right-0 mt-2 
bg-white rounded-xl 
shadow-xl border 
border-gray-100 z-50 
min-w-[180px] 
overflow-hidden py-1">
[39m
[31m+                    
                     
{SORT_OPTIONS.map(opt => (
[39m
[31m+                    
                         
<button
[39m
[31m+                    
                          
   key={opt.value}
[39m
[31m+                    
                          
   onClick={() => { 
setSortBy(opt.value); 
setShowSortMenu(false); }}
[39m
[31m+                    
                          
   className={`flex 
items-center gap-3 w-full 
px-4 py-2.5 text-sm 
transition-colors 
text-left
[39m
[31m+                    
                          
       ${sortBy === 
opt.value ? 'bg-[#FFF3EE] 
text-[#FF5C1A] font-bold' 
: 'text-gray-600 
hover:bg-gray-50'}`}
[39m
[31m+                    
                         >
[39m
[31m+                    
                          
   <opt.icon size={16} />
[39m
[31m+                    
                          
   {opt.label}
[39m
[31m+                    
                         
</button>
[39m
[31m+                    
                     ))}
[39m
[31m+                    
                 </div>
[39m
[31m+                    
             )}
[39m
[31m+                    
         </div>
[39m
[31m+                    
     </div>
[39m
[31m+                    
 </div>
[39m
[31m+                 
</div>
[39m
[31m+ 
[39m
[31m+                 
<div 
className="max-w-[1100px] 
mx-auto px-4 sm:px-6 
pb-12">
[39m
[31m+                    
 <div className="bg-white 
rounded-b-2xl p-4 sm:p-5 
pt-0 mb-6 border-t 
border-gray-100 
shadow-sm">
[39m
[31m+                    
     <div className="flex 
gap-2.5 overflow-x-auto 
pb-2 scrollbar-hide -mx-1 
px-1">
[39m
[31m+                    
         {subjects.map(s 
=> {
[39m
[31m+                    
             const active 
= subjectFilter === s;
[39m
[31m+                    
             const color 
= s !== 'all' ? 
(SUBJECT_COLORS[s] ?? 
SUBJECT_COLORS.Default) : 
null;
[39m
[31m+                    
             return (
[39m
[31m+                    
                 <button
[39m
[31m+                    
                     
key={s}
[39m
[31m+                    
                     
onClick={() => 
setSubjectFilter(s)}
[39m
[31m+                    
                     
className={`flex 
items-center gap-2 px-4 
py-1.5 rounded-full 
border-1.5 text-sm 
font-bold 
whitespace-nowrap 
transition-all
[39m
[31m+                    
                         
${active
[39m
[31m+                    
                          
   ? 'bg-[#FF5C1A] 
border-[#FF5C1A] 
text-white shadow-md 
shadow-[#FF5C1A]/20'
[39m
[31m+                    
                          
   : 'bg-white 
border-gray-200 
text-gray-600 
hover:border-[#FF5C1A] 
hover:text-[#FF5C1A]'}`}
[39m
[31m+                    
                 >
[39m
[31m+                    
                     
{color && !active && (
[39m
[31m+                    
                         
<span
[39m
[31m+                    
                          
   className="w-2 h-2 
rounded-full 
flex-shrink-0"
[39m
[31m+                    
                          
   style={{ background: 
color.dot }}
[39m
[31m+                    
                         
/>
[39m
[31m+                    
                     )}
[39m
[31m+                    
                     {s 
=== 'all' ? 'All 
Subjects' : s}
[39m
[31m+                    
                 </button>
[39m
[31m+                    
             );
[39m
[31m+                    
         })}
[39m
[31m+                    
     </div>
[39m
[31m+                    
 </div>
[39m
[31m+ 
[39m
[31m+                    
 <div className="mb-4 
flex items-center 
justify-between">
[39m
[31m+                    
     <span 
className="text-sm 
text-gray-500 
font-semibold">
[39m
[31m+                    
         
{filtered.length} 
{filtered.length === 1 ? 
'quiz' : 'quizzes'} found
[39m
[31m+                    
     </span>
[39m
[31m+                    
 </div>
[39m
[31m+ 
[39m
[31m+                    
 {filtered.length === 0 ? 
(
[39m
[31m+                    
     <div 
className="text-center 
py-20 px-6 bg-white 
rounded-2xl border 
border-dashed 
border-gray-200">
[39m
[31m+                    
         <LibraryIcon 
size={32} 
className="mx-auto 
text-gray-300 mb-4" />
[39m
[31m+                    
         <h3 
className="text-lg 
font-bold text-gray-900 
mb-2">No quizzes 
found</h3>
[39m
[31m+                    
         <p 
className="text-sm 
text-gray-500">Try a 
different search term or 
subject filter.</p>
[39m
[31m+                    
     </div>
[39m
[31m+                    
 ) : (
[39m
[31m+                    
     <div className="grid 
grid-cols-1 
md:grid-cols-2 
lg:grid-cols-3 gap-6">
[39m
[31m+                    
         
{filtered.map((quiz, i) 
=> {
[39m
[31m+                    
             const 
subjectStyle = SUBJECT_COL
ORS[quiz.subject] ?? 
SUBJECT_COLORS.Default;
[39m
[31m+                    
             const 
diffStyle = 
quiz.difficulty ? DIFFICUL
TY_COLORS[quiz.difficulty]
 : null;
[39m
[31m+                    
             return (
[39m
[31m+                    
                 <QuizCard
[39m
[31m+                    
                     
key={quiz.id}
[39m
[31m+                    
                     
quiz={quiz}
[39m
[31m+                    
                     
index={i}
[39m
[31m+                    
                     subje
ctStyle={subjectStyle}
[39m
[31m+                    
                     
diffStyle={diffStyle}
[39m
[31m+                    
                     
onPreview={() => 
setPreviewQuiz(quiz)}
[39m
[31m+                    
                 />
[39m
[31m+                    
             );
[39m
[31m+                    
         })}
[39m
[31m+                    
     </div>
[39m
[31m+                    
 )}
[39m
[31m+                 
</div>
[39m
[31m+ 
[39m
[31m+                 
{/* Notes Section */}
[39m
[31m+                 
<div 
className="max-w-[1100px] 
mx-auto px-4 sm:px-6 
mb-12">
[39m
[31m+                    
 <div className="bg-white 
rounded-2xl 
overflow-hidden shadow-sm 
border border-gray-100">
[39m
[31m+                    
     <div className="flex 
items-center 
justify-between p-5 
border-b border-gray-50">
[39m
[31m+                    
         <div 
className="flex 
items-center gap-3">
[39m
[31m+                    
             <FileText 
size={20} className="text-
[#FF5C1A]" />
[39m
[31m+                    
             <h2 
className="text-lg 
font-bold 
text-gray-900">My 
Notes</h2>
[39m
[31m+                    
             <span 
className="text-[11px] 
font-bold text-gray-500 
bg-gray-100 rounded-full 
px-2 py-0.5">{notes.length
}</span>
[39m
[31m+                    
         </div>
[39m
[31m+                    
         <button
[39m
[31m+                    
             onClick={() 
=> setShowNoteForm(v => 
!v)}
[39m
[31m+                    
             
className="flex 
items-center gap-2 px-4 
py-2 bg-[#FF5C1A] 
text-white rounded-xl 
text-sm font-bold 
hover:bg-[#e65217] 
transition-colors 
shadow-sm"
[39m
[31m+                    
         >
[39m
[31m+                    
             <Plus 
size={16} />
[39m
[31m+                    
             <span>New 
Note</span>
[39m
[31m+                    
         </button>
[39m
[31m+                    
     </div>
[39m
[31m+ 
[39m
[31m+                    
     <AnimatePresence>
[39m
[31m+                    
         {showNoteForm && 
(
[39m
[31m+                    
             <motion.form
[39m
[31m+                    
                 
initial={{ height: 0, 
opacity: 0 }}
[39m
[31m+                    
                 
animate={{ height: 
'auto', opacity: 1 }}
[39m
[31m+                    
                 exit={{ 
height: 0, opacity: 0 }}
[39m
[31m+                    
                 onSubmit=
{handleNoteSubmit}
[39m
[31m+                    
                 
className="p-5 border-b 
border-gray-50 
bg-gray-50/50 space-y-4 
overflow-hidden"
[39m
[31m+                    
             >
[39m
[31m+                    
                 <div 
className="grid 
grid-cols-1 
sm:grid-cols-2 gap-4">
[39m
[31m+                    
                     <div 
className="space-y-1.5">
[39m
[31m+                    
                         
<label className="text-xs 
font-bold text-gray-700 
ml-1 uppercase tracking-wi
der">Title</label>
[39m
[31m+                    
                         
<input
[39m
[31m+                    
                          
   type="text"
[39m
[31m+                    
                          
   placeholder="Note 
title"
[39m
[31m+                    
                          
   value={noteForm.title}
[39m
[31m+                    
                          
   onChange={e => 
setNoteForm(f => ({ ...f, 
title: e.target.value }))}
[39m
[31m+                    
                          
   className={`w-full 
px-4 py-2 bg-white 
border-1.5 rounded-xl 
text-sm 
focus:outline-none 
transition-colors
[39m
[31m+                    
                          
       
${noteFormErrors.title ? 
'border-red-400 
focus:border-red-500' : 
'border-gray-200 
focus:border-[#FF5C1A]'}`}
[39m
[31m+                    
                         
/>
[39m
[31m+                    
                         
{noteFormErrors.title && (
[39m
[31m+                    
                          
   <span 
data-testid="title-error" 
className="text-[11px] 
font-semibold 
text-red-500 ml-1">{noteFo
rmErrors.title}</span>
[39m
[31m+                    
                         
)}
[39m
[31m+                    
                     
</div>
[39m
[31m+                    
                     <div 
className="space-y-1.5">
[39m
[31m+                    
                         
<label className="text-xs 
font-bold text-gray-700 
ml-1 uppercase tracking-wi
der">Subject</label>
[39m
[31m+                    
                         
<input
[39m
[31m+                    
                          
   type="text"
[39m
[31m+                    
                          
   placeholder="e.g. 
Mathematics"
[39m
[31m+                    
                          
   
value={noteForm.subject}
[39m
[31m+                    
                          
   onChange={e => 
setNoteForm(f => ({ ...f, 
subject: e.target.value 
}))}
[39m
[31m+                    
                          
   className="w-full px-4 
py-2 bg-white border-1.5 
border-gray-200 
rounded-xl text-sm 
focus:outline-none 
focus:border-[#FF5C1A] 
transition-colors"
[39m
[31m+                    
                         
/>
[39m
[31m+                    
                     
</div>
[39m
[31m+                    
                 </div>
[39m
[31m+ 
[39m
[31m+                    
                 <div 
className="space-y-1.5">
[39m
[31m+                    
                     
<label className="text-xs 
font-bold text-gray-700 
ml-1 uppercase tracking-wi
der">Content</label>
[39m
[31m+                    
                     
<textarea
[39m
[31m+                    
                         
placeholder="Write your 
note here..."
[39m
[31m+                    
                         
value={noteForm.content}
[39m
[31m+                    
                         
rows={4}
[39m
[31m+                    
                         
onChange={e => 
setNoteForm(f => ({ ...f, 
content: e.target.value 
}))}
[39m
[31m+                    
                         
className={`w-full px-4 
py-3 bg-white border-1.5 
rounded-xl text-sm 
focus:outline-none 
transition-colors 
resize-none
[39m
[31m+                    
                          
   
${noteFormErrors.content 
? 'border-red-400 
focus:border-red-500' : 
'border-gray-200 
focus:border-[#FF5C1A]'}`}
[39m
[31m+                    
                     />
[39m
[31m+                    
                     
{noteFormErrors.content 
&& (
[39m
[31m+                    
                         
<span data-testid="content
-error" 
className="text-[11px] 
font-semibold 
text-red-500 ml-1">{noteFo
rmErrors.content}</span>
[39m
[31m+                    
                     )}
[39m
[31m+                    
                 </div>
[39m
[31m+ 
[39m
[31m+                    
                 <div 
className="space-y-1.5">
[39m
[31m+                    
                     
<label className="text-xs 
font-bold text-gray-700 
ml-1 uppercase 
tracking-wider">Linked 
Quiz ID <span 
className="text-gray-400 f
ont-medium">(optional)</sp
an></label>
[39m
[31m+                    
                     
<input
[39m
[31m+                    
                         
type="text"
[39m
[31m+                    
                         
placeholder="Enter quiz 
ID to link"
[39m
[31m+                    
                         v
alue={noteForm.linkedQuizI
d}
[39m
[31m+                    
                         
onChange={e => 
setNoteForm(f => ({ ...f, 
linkedQuizId: 
e.target.value }))}
[39m
[31m+                    
                         
className="w-full px-4 
py-2 bg-white border-1.5 
border-gray-200 
rounded-xl text-sm 
focus:outline-none 
focus:border-[#FF5C1A] 
transition-colors"
[39m
[31m+                    
                     />
[39m
[31m+                    
                 </div>
[39m
[31m+ 
[39m
[31m+                    
                 <div 
className="flex 
items-center gap-3 pt-2">
[39m
[31m+                    
                     
<button
[39m
[31m+                    
                         
type="submit"
[39m
[31m+                    
                         
disabled={noteSubmitting}
[39m
[31m+                    
                         
className="flex-1 
sm:flex-none px-6 py-2.5 
bg-[#FF5C1A] text-white 
rounded-xl text-sm 
font-bold 
hover:bg-[#e65217] 
transition-all 
disabled:opacity-50"
[39m
[31m+                    
                     >
[39m
[31m+                    
                         
{noteSubmitting ? 
'Saving...' : 'Save Note'}
[39m
[31m+                    
                     
</button>
[39m
[31m+                    
                     
<button
[39m
[31m+                    
                         
type="button"
[39m
[31m+                    
                         
onClick={() => { 
setShowNoteForm(false); se
tNoteForm(EMPTY_NOTE_FORM)
; setNoteFormErrors({}); 
}}
[39m
[31m+                    
                         
className="flex-1 
sm:flex-none px-6 py-2.5 
bg-white border-1.5 
border-gray-200 
text-gray-600 rounded-xl 
text-sm font-bold 
hover:bg-gray-50 
transition-all"
[39m
[31m+                    
                     >
[39m
[31m+                    
                         
Cancel
[39m
[31m+                    
                     
</button>
[39m
[31m+                    
                 </div>
[39m
[31m+                    
             
</motion.form>
[39m
[31m+                    
         )}
[39m
[31m+                    
     </AnimatePresence>
[39m
[31m+ 
[39m
[31m+                    
     {notes.length === 0 
? (
[39m
[31m+                    
         <div 
className="p-12 
text-center">
[39m
[31m+                    
             <FileText 
size={24} 
className="mx-auto 
text-gray-300 mb-3" />
[39m
[31m+                    
             <p 
className="text-sm 
text-gray-500 
font-medium">No notes 
yet. Start by creating 
one!</p>
[39m
[31m+                    
         </div>
[39m
[31m+                    
     ) : (
[39m
[31m+                    
         <div 
className="divide-y 
divide-gray-50">
[39m
[31m+                    
             
{notes.map(note => (
[39m
[31m+                    
                 <div 
key={note.id} 
className="flex flex-col 
sm:flex-row 
sm:items-center 
justify-between p-5 
hover:bg-gray-50/50 
transition-colors gap-4">
[39m
[31m+                    
                     <div 
className="flex-1 
min-w-0">
[39m
[31m+                    
                         
<h4 
className="text-[15px] 
font-bold text-gray-900 
truncate 
mb-0.5">{note.title}</h4>
[39m
[31m+                    
                         
<p className="text-xs 
font-semibold 
text-gray-400 uppercase tr
acking-tight">{note.subjec
t}</p>
[39m
[31m+                    
                     
</div>
[39m
[31m+                    
                     <div 
className="flex 
items-center 
justify-between 
sm:justify-end gap-5">
[39m
[31m+                    
                         
<div className="flex 
items-center gap-3">
[39m
[31m+                    
                          
   <span 
className={`text-[10px] 
font-extrabold uppercase 
tracking-widest px-2.5 
py-1 rounded-full
[39m
[31m+                    
                          
       ${note.published ? 
'bg-emerald-100 
text-emerald-700' : 
'bg-gray-100 
text-gray-500'}`}>
[39m
[31m+                    
                          
       {note.published ? 
'Published' : 'Draft'}
[39m
[31m+                    
                          
   </span>
[39m
[31m+                    
                          
   <button
[39m
[31m+                    
                          
       onClick={() => 
handlePublishToggle(note)}
[39m
[31m+                    
                          
       className="p-1 
hover:bg-gray-200 
rounded-lg 
transition-colors group"
[39m
[31m+                    
                          
       
title={note.published ? 
'Unpublish' : 'Publish'}
[39m
[31m+                    
                          
   >
[39m
[31m+                    
                          
       {note.published
[39m
[31m+                    
                          
           ? <ToggleRight 
size={24} className="text-
emerald-500" />
[39m
[31m+                    
                          
           : <ToggleLeft 
size={24} 
className="text-gray-400 g
roup-hover:text-gray-600" 
/>
[39m
[31m+                    
                          
       }
[39m
[31m+                    
                          
   </button>
[39m
[31m+                    
                         
</div>
[39m
[31m+                    
                         
<button
[39m
[31m+                    
                          
   onClick={() => 
handleDeleteNote(note.id 
|| (note as any)._id)}
[39m
[31m+                    
                          
   className="p-2 
text-gray-400 
hover:text-red-500 
hover:bg-red-50 
rounded-lg transition-all"
[39m
[31m+                    
                          
   title="Delete Note"
[39m
[31m+                    
                         >
[39m
[31m+                    
                          
   <Trash2 size={18} />
[39m
[31m+                    
                         
</button>
[39m
[31m+                    
                     
</div>
[39m
[31m+                    
                 </div>
[39m
[31m+                    
             ))}
[39m
[31m+                    
         </div>
[39m
[31m+                    
     )}
[39m
[31m+                    
 </div>
[39m
[31m+                 
</div>
[39m
[31m+ 
[39m
[31m+             </main>
[39m
[31m+ 
[39m
[31m+             {/* 
Preview Modal */}
[39m
[31m+             
<AnimatePresence>
[39m
[31m+                 
{previewQuiz && (
[39m
[31m+                    
 <motion.div
[39m
[31m+                    
     initial={{ opacity: 
0 }}
[39m
[31m+                    
     animate={{ opacity: 
1 }}
[39m
[31m+                    
     exit={{ opacity: 0 }}
[39m
[31m+                    
     onClick={() => 
setPreviewQuiz(null)}
[39m
[31m+                    
     className="fixed 
inset-0 bg-black/60 
backdrop-blur-sm z-[100] 
flex items-center 
justify-center p-4 sm:p-6"
[39m
[31m+                    
 >
[39m
[31m+                    
     <motion.div
[39m
[31m+                    
         initial={{ 
scale: 0.95, opacity: 0, 
y: 20 }}
[39m
[31m+                    
         animate={{ 
scale: 1, opacity: 1, y: 
0 }}
[39m
[31m+                    
         exit={{ scale: 
0.95, opacity: 0, y: 20 }}
[39m
[31m+                    
         onClick={e => 
e.stopPropagation()}
[39m
[31m+                    
         
className="bg-white 
rounded-2xl w-full 
max-w-2xl max-h-[90vh] 
flex flex-col 
overflow-hidden 
shadow-2xl"
[39m
[31m+                    
     >
[39m
[31m+                    
         <div 
className="p-5 sm:p-6 
border-b border-gray-100 
flex items-start 
justify-between bg-white 
sticky top-0 z-10">
[39m
[31m+                    
             <div 
className="space-y-1.5">
[39m
[31m+                    
                 <div 
className="flex 
items-center gap-2">
[39m
[31m+                    
                     <span
[39m
[31m+                    
                         
className="text-[10px] 
font-extrabold uppercase 
tracking-widest px-2.5 
py-1 rounded-full"
[39m
[31m+                    
                         
style={{
[39m
[31m+                    
                          
   background: SUBJECT_COL
ORS[previewQuiz.subject]?.
bg || 
SUBJECT_COLORS.Default.bg,
[39m
[31m+                    
                          
   color: SUBJECT_COLORS[p
reviewQuiz.subject]?.text 
|| SUBJECT_COLORS.Default.
text
[39m
[31m+                    
                         
}}
[39m
[31m+                    
                     >
[39m
[31m+                    
                         
{previewQuiz.subject}
[39m
[31m+                    
                     
</span>
[39m
[31m+                    
                     
<span className="text-xs 
font-bold text-gray-400 
flex items-center gap-1">
[39m
[31m+                    
                         
<Hash size={12} />
[39m
[31m+                    
                         {
previewQuiz.questionCount}
 Questions
[39m
[31m+                    
                     
</span>
[39m
[31m+                    
                 </div>
[39m
[31m+                    
                 <h2 
className="text-xl 
sm:text-2xl 
font-extrabold 
text-gray-900 leading-tigh
t">{previewQuiz.title}</h2
>
[39m
[31m+                    
             </div>
[39m
[31m+                    
             <button
[39m
[31m+                    
                 
onClick={() => 
setPreviewQuiz(null)}
[39m
[31m+                    
                 
className="p-2 bg-gray-50 
hover:bg-gray-100 
rounded-full 
text-gray-400 
hover:text-gray-600 
transition-colors"
[39m
[31m+                    
             >
[39m
[31m+                    
                 <X 
size={20} />
[39m
[31m+                    
             </button>
[39m
[31m+                    
         </div>
[39m
[31m+ 
[39m
[31m+                    
         <div 
className="p-5 sm:p-6 
overflow-y-auto flex-1 
bg-gray-50/50 space-y-4">
[39m
[31m+                    
             
{Array.from({ length: Math
.min(previewQuiz.questionC
ount, 5) }).map((_, i) => 
(
[39m
[31m+                    
                 <div 
key={i} 
className="bg-white 
border border-gray-100 
rounded-2xl p-5 
shadow-sm">
[39m
[31m+                    
                     <div 
className="flex 
items-start gap-4 mb-5">
[39m
[31m+                    
                         
<div className="w-8 h-8 
rounded-xl bg-[#FFF3EE] 
text-[#FF5C1A] flex 
items-center 
justify-center text-sm 
font-black flex-shrink-0 
shadow-sm 
shadow-[#FF5C1A]/10">
[39m
[31m+                    
                          
   {i + 1}
[39m
[31m+                    
                         
</div>
[39m
[31m+                    
                         
<h4 className="text-sm 
sm:text-[15px] font-bold 
text-gray-700 
leading-relaxed pt-1">
[39m
[31m+                    
                          
   This is a mock sample 
question about {previewQui
z.subject.toLowerCase()} 
matching the difficulty 
level of this quiz. Can 
you select the correct 
answer below?
[39m
[31m+                    
                         
</h4>
[39m
[31m+                    
                     
</div>
[39m
[31m+                    
                     <div 
className="grid 
grid-cols-1 
sm:grid-cols-2 gap-3 
sm:pl-12">
[39m
[31m+                    
                         
{['Option A', 'Option B', 
'Option C', 'Option 
D'].map((opt, optIdx) => (
[39m
[31m+                    
                          
   <div key={optIdx} 
className="px-4 py-3 
bg-gray-50 border-1.5 
border-gray-100 
rounded-xl text-sm 
font-semibold 
text-gray-600 
hover:border-[#FF5C1A]/30 
hover:bg-white 
transition-all 
cursor-default">
[39m
[31m+                    
                          
       {opt}
[39m
[31m+                    
                          
   </div>
[39m
[31m+                    
                         
))}
[39m
[31m+                    
                     
</div>
[39m
[31m+                    
                 </div>
[39m
[31m+                    
             ))}
[39m
[31m+                    
             {previewQuiz.
questionCount > 5 && (
[39m
[31m+                    
                 <div 
className="text-center 
py-4 text-gray-400 
text-sm font-bold 
bg-white/50 rounded-xl 
border border-dashed 
border-gray-200">
[39m
[31m+                    
                     + {pr
eviewQuiz.questionCount - 
5} more questions in the 
full quiz
[39m
[31m+                    
                 </div>
[39m
[31m+                    
             )}
[39m
[31m+                    
         </div>
[39m
[31m+ 
[39m
[31m+                    
         <div 
className="p-5 sm:p-6 
border-t border-gray-100 
flex flex-col sm:flex-row 
gap-3 bg-white sticky 
bottom-0">
[39m
[31m+                    
             <button
[39m
[31m+                    
                 
onClick={() => 
setPreviewQuiz(null)}
[39m
[31m+                    
                 
className="flex-1 
sm:flex-none px-6 py-3 
border-1.5 
border-gray-200 
text-gray-600 rounded-xl 
text-sm font-bold 
hover:bg-gray-50 
transition-all 
text-center"
[39m
[31m+                    
             >
[39m
[31m+                    
                 Close 
Preview
[39m
[31m+                    
             </button>
[39m
[31m+                    
             <button 
className="flex-1 px-6 
py-3 bg-[#FF5C1A] 
text-white rounded-xl 
text-sm font-bold 
hover:bg-[#e65217] 
transition-all flex 
items-center 
justify-center gap-2 
shadow-lg 
shadow-[#FF5C1A]/20">
[39m
[31m+                    
                 <Copy 
size={18} />
[39m
[31m+                    
                 
<span>Duplicate to My 
Quizzes</span>
[39m
[31m+                    
             </button>
[39m
[31m+                    
         </div>
[39m
[31m+                    
     </motion.div>
[39m
[31m+                    
 </motion.div>
[39m
[31m+                 )}
[39m
[31m+             
</AnimatePresence>
[39m
[31m+         </div>
[39m
[31m+     );
[39m
[31m+ }
[39m
[31m+ 
[39m
[31m+ interface 
QuizCardProps {
[39m
[31m+     quiz: 
LibraryQuiz;
[39m
[31m+     index: number;
[39m
[31m+     subjectStyle: 
{ bg: string; text: 
string; dot: string };
[39m
[31m+     diffStyle: { 
bg: string; text: string 
} | null;
[39m
[31m+     onPreview?: () 
=> void;
[39m
[31m+ }
[39m
[31m+ 
[39m
[31m+ function 
QuizCard({ quiz, index, 
subjectStyle, diffStyle, 
onPreview }: 
QuizCardProps) {
[39m
[31m+     const 
[hovered, setHovered] = 
useState(false);
[39m
[31m+ 
[39m
[31m+     return (
[39m
[31m+         <motion.div
[39m
[31m+             
initial={{ opacity: 0, y: 
16 }}
[39m
[31m+             
animate={{ opacity: 1, y: 
0 }}
[39m
[31m+             
transition={{ delay: 
index * 0.05 }}
[39m
[31m+             
onMouseEnter={() => 
setHovered(true)}
[39m
[31m+             
onMouseLeave={() => 
setHovered(false)}
[39m
[31m+             
className={`group 
bg-white rounded-2xl 
border-1.5 transition-all 
duration-300 flex 
flex-col overflow-hidden 
h-full
[39m
[31m+                 
${hovered ? 
'border-[#FF5C1A] 
shadow-xl 
shadow-[#FF5C1A]/10 
-translate-y-1' : 
'border-gray-100 
shadow-sm'}`}
[39m
[31m+         >
[39m
[31m+             <div
[39m
[31m+                 
className="h-1.5 w-full 
bg-gradient-to-r"
[39m
[31m+                 
style={{ backgroundImage: 
`linear-gradient(to 
right, 
${subjectStyle.dot}, 
${subjectStyle.text})` }}
[39m
[31m+             />
[39m
[31m+             <div 
className="p-5 flex 
flex-col flex-1">
[39m
[31m+                 
<div className="flex 
items-start 
justify-between gap-3 
mb-4">
[39m
[31m+                    
 <div className="flex 
flex-wrap gap-2">
[39m
[31m+                    
     <span
[39m
[31m+                    
         
className="text-[10px] 
font-extrabold uppercase 
tracking-widest px-2.5 
py-1 rounded-full"
[39m
[31m+                    
         style={{ 
background: 
subjectStyle.bg, color: 
subjectStyle.text }}
[39m
[31m+                    
     >
[39m
[31m+                    
         {quiz.subject}
[39m
[31m+                    
     </span>
[39m
[31m+                    
     {diffStyle && 
quiz.difficulty && (
[39m
[31m+                    
         <span
[39m
[31m+                    
             
className="text-[10px] 
font-extrabold uppercase 
tracking-widest px-2.5 
py-1 rounded-full"
[39m
[31m+                    
             style={{ 
background: diffStyle.bg, 
color: diffStyle.text }}
[39m
[31m+                    
         >
[39m
[31m+                    
             
{quiz.difficulty}
[39m
[31m+                    
         </span>
[39m
[31m+                    
     )}
[39m
[31m+                    
 </div>
[39m
[31m+                    
 {quiz.rating && (
[39m
[31m+                    
     <div className="flex 
items-center gap-1.5 
bg-amber-50 px-2 py-0.5 
rounded-lg">
[39m
[31m+                    
         <Star size={12} 
className="text-amber-500 
fill-amber-500" />
[39m
[31m+                    
         <span 
className="text-xs 
font-black text-amber-700"
>{quiz.rating}</span>
[39m
[31m+                    
     </div>
[39m
[31m+                    
 )}
[39m
[31m+                 
</div>
[39m
[31m+ 
[39m
[31m+                 
<div className="mb-5 
flex-1">
[39m
[31m+                    
 <h3 
className="text-[17px] 
font-black text-gray-900 
leading-tight mb-1 group-h
over:text-[#FF5C1A] 
transition-colors 
line-clamp-2">
[39m
[31m+                    
     {quiz.title}
[39m
[31m+                    
 </h3>
[39m
[31m+                    
 {quiz.author && (
[39m
[31m+                    
     <p 
className="text-xs 
font-bold 
text-gray-400">by <span cl
assName="text-gray-600">{q
uiz.author}</span></p>
[39m
[31m+                    
 )}
[39m
[31m+                 
</div>
[39m
[31m+ 
[39m
[31m+                 
<div className="flex 
items-center 
justify-between py-4 
border-t border-gray-50 
mb-4">
[39m
[31m+                    
 <div className="flex 
items-center gap-4">
[39m
[31m+                    
     <div className="flex 
items-center gap-1.5 
text-gray-500">
[39m
[31m+                    
         <Hash size={14} 
className="text-gray-400" 
/>
[39m
[31m+                    
         <span 
className="text-[13px] fon
t-bold">{quiz.questionCoun
t}</span>
[39m
[31m+                    
     </div>
[39m
[31m+                    
     {quiz.plays !== 
undefined && (
[39m
[31m+                    
         <div 
className="flex 
items-center gap-1.5 
text-gray-500">
[39m
[31m+                    
             <Users 
size={14} 
className="text-gray-400" 
/>
[39m
[31m+                    
             <span 
className="text-[13px] 
font-bold">
[39m
[31m+                    
                 
{quiz.plays >= 1000 ? 
`${(quiz.plays / 
1000).toFixed(1)}k` : 
quiz.plays}
[39m
[31m+                    
             </span>
[39m
[31m+                    
         </div>
[39m
[31m+                    
     )}
[39m
[31m+                    
 </div>
[39m
[31m+                    
 {quiz.createdAt && (
[39m
[31m+                    
     <div className="flex 
items-center gap-1.5 
text-gray-400">
[39m
[31m+                    
         <Clock size={13} 
/>
[39m
[31m+                    
         <span 
className="text-[11px] 
font-bold font-mono 
tracking-tighter uppercase
">{quiz.createdAt}</span>
[39m
[31m+                    
     </div>
[39m
[31m+                    
 )}
[39m
[31m+                 
</div>
[39m
[31m+ 
[39m
[31m+                 
<button
[39m
[31m+                    
 onClick={onPreview}
[39m
[31m+                    
 className={`flex 
items-center 
justify-center gap-2 
w-full py-3 rounded-xl 
text-[13px] font-black 
transition-all 
duration-300
[39m
[31m+                    
     ${hovered
[39m
[31m+                    
         ? 'bg-[#FF5C1A] 
text-white shadow-lg 
shadow-[#FF5C1A]/20'
[39m
[31m+                    
         : 'bg-gray-50 
text-gray-700 
hover:bg-gray-100'}`}
[39m
[31m+                 >
[39m
[31m+                    
 <Eye size={16} />
[39m
[31m+                    
 <span>PREVIEW QUIZ</span>
[39m
[31m+                 
</button>
[39m
[31m+             </div>
[39m
[31m+         
</motion.div>
[39m
[31m+     );
[39m
[31m+ }
[39m
[31m+[39m

[36m [2mΓ¥»[22m src/pag
es/Library.test.ts:[2m84:
24[22m[39m
    [90m 82|[39m
    [90m 83|[39m     [3
4mit[39m([32m'targets 
the correct Firestore 
document 
path'[39m[33m,[39m () 
[33m=>[39m {
    [90m 84|[39m        
 [34mexpect[39m(source)
[33m.[39m[34mtoContain[
39m([32m"doc(db, 
'notes', 
note.id)"[39m)[33m;[39m
    [90m   |[39m        
                
[31m^[39m
    [90m 85|[39m     
})[33m;[39m
    [90m 86|[39m

[31m[2mΓÄ»ΓÄ»ΓÄ»ΓÄ»ΓÄ»ΓÄ
»ΓÄ»ΓÄ»ΓÄ»ΓÄ»ΓÄ»ΓÄ»ΓÄ»ΓÄ»Γ
Ä»ΓÄ»ΓÄ»ΓÄ»ΓÄ»ΓÄ»ΓÄ»ΓÄ»[39
/75]ΓÄ»[22m[39m

[41m[1m FAIL [22m[49m 
src/pages/Library.test.ts
[2m > [22mLibrary ΓÇô 
publish toggle 
(Requirement 5.4)[2m > 
[22mimports updateDoc 
from firebase/firestore
[31m[1mAssertionError[2
2m: expected 'import { 
useState } from 
\'react\';\rΓÇª' to 
contain 'updateDoc'[39m

[32m- Expected[39m
[31m+ Received[39m

[32m- updateDoc[39m
[31m+ import { useState 
} from 'react';
[39m
[31m+ import { motion, 
AnimatePresence } from 
'framer-motion';
[39m
[31m+ import {
[39m
[31m+     Search, 
BookOpen, Eye, Library as 
LibraryIcon,
[39m
[31m+     Users, Hash, 
Star, TrendingUp, Clock, 
Filter,
[39m
[31m+     Plus, 
ToggleLeft, ToggleRight, 
FileText, Trash2, X, Copy
[39m
[31m+ } from 
'lucide-react';
[39m
[31m+ import { apiFetch 
} from '../utils/api';
[39m
[31m+ import { useAuth } 
from 
'../contexts/AuthContext';
[39m
[31m+ import { useNotes 
} from 
'../hooks/useNotes';
[39m
[31m+ import { 
TeacherSidebar } from '../
components/TeacherSidebar'
;
[39m
[31m+ import { 
TeacherHeader } from '../c
omponents/TeacherHeader';
[39m
[31m+ import { 
useBreakpoint } from 
'../hooks/useBreakpoint';
[39m
[31m+ import type { Note 
} from '../types/student';
[39m
[31m+ 
[39m
[31m+ export interface 
LibraryQuiz {
[39m
[31m+     id: string;
[39m
[31m+     title: string;
[39m
[31m+     subject: 
string;
[39m
[31m+     questionCount: 
number;
[39m
[31m+     author?: 
string;
[39m
[31m+     plays?: number;
[39m
[31m+     rating?: 
number;
[39m
[31m+     difficulty?: 
'Easy' | 'Medium' | 
'Hard';
[39m
[31m+     createdAt?: 
string;
[39m
[31m+ }
[39m
[31m+ 
[39m
[31m+ // Pure filter 
function (exported for 
testing)
[39m
[31m+ // 
eslint-disable-next-line r
eact-refresh/only-export-c
omponents
[39m
[31m+ export function 
filterLibraryQuizzes(
[39m
[31m+     quizzes: 
LibraryQuiz[],
[39m
[31m+     query: string,
[39m
[31m+     subject: string
[39m
[31m+ ): LibraryQuiz[] {
[39m
[31m+     let result = 
quizzes;
[39m
[31m+     if 
(query.trim()) {
[39m
[31m+         const 
lower = 
query.toLowerCase();
[39m
[31m+         result = 
result.filter(
[39m
[31m+             q => q.
title.toLowerCase().includ
es(lower) || q.subject.toL
owerCase().includes(lower)
[39m
[31m+         );
[39m
[31m+     }
[39m
[31m+     if (subject 
!== 'all') {
[39m
[31m+         result = 
result.filter(q => 
q.subject === subject);
[39m
[31m+     }
[39m
[31m+     return result;
[39m
[31m+ }
[39m
[31m+ 
[39m
[31m+ const 
SUBJECT_COLORS: 
Record<string, { bg: 
string; text: string; 
dot: string }> = {
[39m
[31m+     Geography: { 
bg: '#E0F2FE', text: 
'#0369A1', dot: '#38BDF8' 
},
[39m
[31m+     Mathematics: { 
bg: '#FEF3C7', text: 
'#B45309', dot: '#FBBF24' 
},
[39m
[31m+     Science: { bg: 
'#EDE9FE', text: 
'#6D28D9', dot: '#A78BFA' 
},
[39m
[31m+     History: { bg: 
'#FCE7F3', text: 
'#9D174D', dot: '#F472B6' 
},
[39m
[31m+     English: { bg: 
'#DCFCE7', text: 
'#166534', dot: '#4ADE80' 
},
[39m
[31m+     Default: { bg: 
'#F3F4F6', text: 
'#374151', dot: '#9CA3AF' 
},
[39m
[31m+ };
[39m
[31m+ 
[39m
[31m+ const 
DIFFICULTY_COLORS: 
Record<string, { bg: 
string; text: string }> = 
{
[39m
[31m+     Easy: { bg: 
'#DCFCE7', text: 
'#166534' },
[39m
[31m+     Medium: { bg: 
'#FEF3C7', text: 
'#B45309' },
[39m
[31m+     Hard: { bg: 
'#FEE2E2', text: 
'#991B1B' },
[39m
[31m+ };
[39m
[31m+ 
[39m
[31m+ const 
MOCK_QUIZZES: 
LibraryQuiz[] = [
[39m
[31m+     { id: '1', 
title: 'World Capitals 
Challenge', subject: 
'Geography', 
questionCount: 25, 
author: 'Ms. Rivera', 
plays: 1240, rating: 4.8, 
difficulty: 'Medium', 
createdAt: '2 days ago' },
[39m
[31m+     { id: '2', 
title: 'Algebra 
Fundamentals', subject: 
'Mathematics', 
questionCount: 20, 
author: 'Mr. Chen', 
plays: 890, rating: 4.6, 
difficulty: 'Hard', 
createdAt: '1 week ago' },
[39m
[31m+     { id: '3', 
title: 'The Periodic 
Table', subject: 
'Science', questionCount: 
30, author: 'Dr. Patel', 
plays: 2100, rating: 4.9, 
difficulty: 'Medium', 
createdAt: '3 days ago' },
[39m
[31m+     { id: '4', 
title: 'World War II 
Overview', subject: 
'History', questionCount: 
18, author: 'Prof. 
Adams', plays: 670, 
rating: 4.4, difficulty: 
'Easy', createdAt: '5 
days ago' },
[39m
[31m+     { id: '5', 
title: 'Shakespeare & 
Sonnets', subject: 
'English', questionCount: 
15, author: 'Ms. Okafor', 
plays: 430, rating: 4.7, 
difficulty: 'Hard', 
createdAt: '1 week ago' },
[39m
[31m+     { id: '6', 
title: 'Continents & 
Oceans', subject: 
'Geography', 
questionCount: 12, 
author: 'Mr. Torres', 
plays: 980, rating: 4.5, 
difficulty: 'Easy', 
createdAt: '4 days ago' },
[39m
[31m+     { id: '7', 
title: 'Fractions & 
Decimals', subject: 
'Mathematics', 
questionCount: 22, 
author: 'Ms. Kim', plays: 
560, rating: 4.3, 
difficulty: 'Medium', 
createdAt: '2 weeks ago' 
},
[39m
[31m+     { id: '8', 
title: 'Human Body 
Systems', subject: 
'Science', questionCount: 
28, author: 'Dr. Nguyen', 
plays: 1560, rating: 4.8, 
difficulty: 'Medium', 
createdAt: '6 days ago' },
[39m
[31m+ ];
[39m
[31m+ 
[39m
[31m+ const SORT_OPTIONS 
= [
[39m
[31m+     { label: 'Most 
Popular', value: 'plays', 
icon: TrendingUp },
[39m
[31m+     { label: 'Top 
Rated', value: 'rating', 
icon: Star },
[39m
[31m+     { label: 
'Newest', value: 
'newest', icon: Clock },
[39m
[31m+ ];
[39m
[31m+ 
[39m
[31m+ function 
sortQuizzes(quizzes: 
LibraryQuiz[], sort: 
string): LibraryQuiz[] {
[39m
[31m+     return 
[...quizzes].sort((a, b) 
=> {
[39m
[31m+         if (sort 
=== 'plays') return 
(b.plays ?? 0) - (a.plays 
?? 0);
[39m
[31m+         if (sort 
=== 'rating') return 
(b.rating ?? 0) - 
(a.rating ?? 0);
[39m
[31m+         return 0;
[39m
[31m+     });
[39m
[31m+ }
[39m
[31m+ 
[39m
[31m+ interface 
NoteFormState {
[39m
[31m+     title: string;
[39m
[31m+     subject: 
string;
[39m
[31m+     content: 
string;
[39m
[31m+     linkedQuizId: 
string;
[39m
[31m+ }
[39m
[31m+ 
[39m
[31m+ const 
EMPTY_NOTE_FORM: 
NoteFormState = { title: 
'', subject: '', content: 
'', linkedQuizId: '' };
[39m
[31m+ 
[39m
[31m+ export function 
Library() {
[39m
[31m+     const { user } 
= useAuth();
[39m
[31m+     const { notes, 
refresh } = useNotes({ 
authorUid: user?._id });
[39m
[31m+     const { 
isMobile } = 
useBreakpoint();
[39m
[31m+ 
[39m
[31m+     const 
[quizzes] = useState<Libra
ryQuiz[]>(MOCK_QUIZZES);
[39m
[31m+     const 
[searchQuery, 
setSearchQuery] = 
useState('');
[39m
[31m+     const 
[subjectFilter, 
setSubjectFilter] = 
useState('all');
[39m
[31m+     const [sortBy, 
setSortBy] = 
useState('plays');
[39m
[31m+     const 
[showSortMenu, 
setShowSortMenu] = 
useState(false);
[39m
[31m+     const 
[isSidebarOpen, 
setIsSidebarOpen] = 
useState(false);
[39m
[31m+     const 
[previewQuiz, 
setPreviewQuiz] = 
useState<LibraryQuiz | 
null>(null);
[39m
[31m+ 
[39m
[31m+     const 
[showNoteForm, 
setShowNoteForm] = 
useState(false);
[39m
[31m+     const 
[noteForm, setNoteForm] = 
useState<NoteFormState>(EM
PTY_NOTE_FORM);
[39m
[31m+     const 
[noteFormErrors, 
setNoteFormErrors] = 
useState<{ title?: 
string; content?: string 
}>({});
[39m
[31m+     const 
[noteSubmitting, 
setNoteSubmitting] = 
useState(false);
[39m
[31m+ 
[39m
[31m+     const subjects 
= ['all', 
...Array.from(new 
Set(quizzes.map(q => 
q.subject)))];
[39m
[31m+     const filtered 
= sortQuizzes(filterLibrar
yQuizzes(quizzes, 
searchQuery, 
subjectFilter), sortBy);
[39m
[31m+     const 
totalPlays = 
quizzes.reduce((s, q) => 
s + (q.plays ?? 0), 0);
[39m
[31m+     const 
activeSortLabel = 
SORT_OPTIONS.find(o => 
o.value === 
sortBy)?.label ?? 'Sort';
[39m
[31m+ 
[39m
[31m+     async function 
handleNoteSubmit(e: 
React.FormEvent) {
[39m
[31m+         
e.preventDefault();
[39m
[31m+         const 
errors: { title?: string; 
content?: string } = {};
[39m
[31m+         if 
(!noteForm.title.trim()) 
errors.title = 'Title is 
required';
[39m
[31m+         if (!noteFo
rm.content.trim()) 
errors.content = 'Content 
is required';
[39m
[31m+         
setNoteFormErrors(errors);
[39m
[31m+         if (Object.
keys(errors).length > 0) 
return;
[39m
[31m+ 
[39m
[31m+         
setNoteSubmitting(true);
[39m
[31m+         try {
[39m
[31m+             await 
apiFetch('/api/notes', {
[39m
[31m+                 
method: 'POST',
[39m
[31m+                 
body: {
[39m
[31m+                    
 title: 
noteForm.title.trim(),
[39m
[31m+                    
 subject: 
noteForm.subject.trim(),
[39m
[31m+                    
 content: 
noteForm.content.trim(),
[39m
[31m+                    
 linkedQuizId: noteForm.li
nkedQuizId.trim() || null,
[39m
[31m+                 }
[39m
[31m+             });
[39m
[31m+             setNote
Form(EMPTY_NOTE_FORM);
[39m
[31m+             
setNoteFormErrors({});
[39m
[31m+             
setShowNoteForm(false);
[39m
[31m+             
refresh();
[39m
[31m+         } catch 
(err) {
[39m
[31m+             
console.error('Failed to 
save note:', err);
[39m
[31m+         } finally {
[39m
[31m+             
setNoteSubmitting(false);
[39m
[31m+         }
[39m
[31m+     }
[39m
[31m+ 
[39m
[31m+     async function 
handlePublishToggle(note: 
Note) {
[39m
[31m+         try {
[39m
[31m+             await a
piFetch(`/api/notes/${note
.id || (note as 
any)._id}`, {
[39m
[31m+                 
method: 'PATCH',
[39m
[31m+                 
body: { published: 
!note.published }
[39m
[31m+             });
[39m
[31m+             
refresh();
[39m
[31m+         } catch 
(err) {
[39m
[31m+             
console.error('Failed to 
toggle publish state:', 
err);
[39m
[31m+         }
[39m
[31m+     }
[39m
[31m+ 
[39m
[31m+     async function 
handleDeleteNote(id: 
string) {
[39m
[31m+         if 
(!window.confirm('Are you 
sure you want to delete 
this note?')) return;
[39m
[31m+         try {
[39m
[31m+             await a
piFetch(`/api/notes/${id}`
, {
[39m
[31m+                 
method: 'DELETE'
[39m
[31m+             });
[39m
[31m+             
refresh();
[39m
[31m+         } catch 
(err) {
[39m
[31m+             
console.error('Failed to 
delete note:', err);
[39m
[31m+         }
[39m
[31m+     }
[39m
[31m+ 
[39m
[31m+     return (
[39m
[31m+         <div 
className="flex 
min-h-screen bg-[#F5F5F5] 
overflow-x-hidden">
[39m
[31m+             
<TeacherSidebar 
isOpen={isSidebarOpen} 
onClose={() => 
setIsSidebarOpen(false)} 
/>
[39m
[31m+ 
[39m
[31m+             {/* 
Main Content */}
[39m
[31m+             <main 
className="flex-1 
lg:ml-[240px] p-0 pb-8 
min-w-0 transition-all 
duration-300">
[39m
[31m+                 
<TeacherHeader
[39m
[31m+                    
 title="Library"
[39m
[31m+                    
 searchQuery={searchQuery}
[39m
[31m+                    
 onSearchChange={setSearch
Query}
[39m
[31m+                    
 onMenuClick={() => 
setIsSidebarOpen(true)}
[39m
[31m+                 />
[39m
[31m+ 
[39m
[31m+                 
{/* Header Section */}
[39m
[31m+                 
<div className="bg-gradien
t-to-br from-[#FF5C1A] 
to-[#FF8C42] pt-12 pb-8 
px-4 sm:px-6">
[39m
[31m+                    
 <div 
className="max-w-[1100px] 
mx-auto">
[39m
[31m+                    
     <div className="flex 
flex-col md:flex-row 
md:items-end 
justify-between gap-6 
mb-8">
[39m
[31m+                    
         <div 
className="space-y-3">
[39m
[31m+                    
             <div 
className="inline-flex 
items-center gap-1.5 
bg-white/20 rounded-full 
px-3 py-1 scale-95 
origin-left">
[39m
[31m+                    
                 
<LibraryIcon size={13} 
className="text-white/90" 
/>
[39m
[31m+                    
                 <span 
className="text-[12px] 
font-semibold 
text-white/90 uppercase 
tracking-wider">Public 
Library</span>
[39m
[31m+                    
             </div>
[39m
[31m+                    
             <h1 
className="text-3xl 
sm:text-4xl 
font-extrabold text-white 
leading-tight 
m-0">Discover Quizzes</h1>
[39m
[31m+                    
             <p 
className="text-white/80 
text-sm sm:text-base 
max-w-md m-0">
[39m
[31m+                    
                 Browse 
{quizzes.length} 
community-made quizzes 
across all subjects
[39m
[31m+                    
             </p>
[39m
[31m+                    
         </div>
[39m
[31m+ 
[39m
[31m+                    
         <div 
className="flex flex-wrap 
gap-3 relative">
[39m
[31m+                    
             <button
[39m
[31m+                    
                 
onClick={() => 
setShowSortMenu(v => !v)}
[39m
[31m+                    
                 
className="flex 
items-center gap-3 px-4 
py-2.5 bg-white border 
border-gray-200 
rounded-xl text-sm 
font-bold text-gray-700 
hover:bg-gray-50 
transition-colors"
[39m
[31m+                    
             >
[39m
[31m+                    
                 
<TrendingUp size={16} 
className="text-gray-400" 
/>
[39m
[31m+                    
                 <span>{ac
tiveSortLabel}</span>
[39m
[31m+                    
             </button>
[39m
[31m+ 
[39m
[31m+                    
             
{showSortMenu && (
[39m
[31m+                    
                 <div 
className="absolute 
top-full right-0 mt-2 
bg-white rounded-xl 
shadow-xl border 
border-gray-100 z-50 
min-w-[180px] 
overflow-hidden py-1">
[39m
[31m+                    
                     
{SORT_OPTIONS.map(opt => (
[39m
[31m+                    
                         
<button
[39m
[31m+                    
                          
   key={opt.value}
[39m
[31m+                    
                          
   onClick={() => { 
setSortBy(opt.value); 
setShowSortMenu(false); }}
[39m
[31m+                    
                          
   className={`flex 
items-center gap-3 w-full 
px-4 py-2.5 text-sm 
transition-colors 
text-left
[39m
[31m+                    
                          
       ${sortBy === 
opt.value ? 'bg-[#FFF3EE] 
text-[#FF5C1A] font-bold' 
: 'text-gray-600 
hover:bg-gray-50'}`}
[39m
[31m+                    
                         >
[39m
[31m+                    
                          
   <opt.icon size={16} />
[39m
[31m+                    
                          
   {opt.label}
[39m
[31m+                    
                         
</button>
[39m
[31m+                    
                     ))}
[39m
[31m+                    
                 </div>
[39m
[31m+                    
             )}
[39m
[31m+                    
         </div>
[39m
[31m+                    
     </div>
[39m
[31m+                    
 </div>
[39m
[31m+                 
</div>
[39m
[31m+ 
[39m
[31m+                 
<div 
className="max-w-[1100px] 
mx-auto px-4 sm:px-6 
pb-12">
[39m
[31m+                    
 <div className="bg-white 
rounded-b-2xl p-4 sm:p-5 
pt-0 mb-6 border-t 
border-gray-100 
shadow-sm">
[39m
[31m+                    
     <div className="flex 
gap-2.5 overflow-x-auto 
pb-2 scrollbar-hide -mx-1 
px-1">
[39m
[31m+                    
         {subjects.map(s 
=> {
[39m
[31m+                    
             const active 
= subjectFilter === s;
[39m
[31m+                    
             const color 
= s !== 'all' ? 
(SUBJECT_COLORS[s] ?? 
SUBJECT_COLORS.Default) : 
null;
[39m
[31m+                    
             return (
[39m
[31m+                    
                 <button
[39m
[31m+                    
                     
key={s}
[39m
[31m+                    
                     
onClick={() => 
setSubjectFilter(s)}
[39m
[31m+                    
                     
className={`flex 
items-center gap-2 px-4 
py-1.5 rounded-full 
border-1.5 text-sm 
font-bold 
whitespace-nowrap 
transition-all
[39m
[31m+                    
                         
${active
[39m
[31m+                    
                          
   ? 'bg-[#FF5C1A] 
border-[#FF5C1A] 
text-white shadow-md 
shadow-[#FF5C1A]/20'
[39m
[31m+                    
                          
   : 'bg-white 
border-gray-200 
text-gray-600 
hover:border-[#FF5C1A] 
hover:text-[#FF5C1A]'}`}
[39m
[31m+                    
                 >
[39m
[31m+                    
                     
{color && !active && (
[39m
[31m+                    
                         
<span
[39m
[31m+                    
                          
   className="w-2 h-2 
rounded-full 
flex-shrink-0"
[39m
[31m+                    
                          
   style={{ background: 
color.dot }}
[39m
[31m+                    
                         
/>
[39m
[31m+                    
                     )}
[39m
[31m+                    
                     {s 
=== 'all' ? 'All 
Subjects' : s}
[39m
[31m+                    
                 </button>
[39m
[31m+                    
             );
[39m
[31m+                    
         })}
[39m
[31m+                    
     </div>
[39m
[31m+                    
 </div>
[39m
[31m+ 
[39m
[31m+                    
 <div className="mb-4 
flex items-center 
justify-between">
[39m
[31m+                    
     <span 
className="text-sm 
text-gray-500 
font-semibold">
[39m
[31m+                    
         
{filtered.length} 
{filtered.length === 1 ? 
'quiz' : 'quizzes'} found
[39m
[31m+                    
     </span>
[39m
[31m+                    
 </div>
[39m
[31m+ 
[39m
[31m+                    
 {filtered.length === 0 ? 
(
[39m
[31m+                    
     <div 
className="text-center 
py-20 px-6 bg-white 
rounded-2xl border 
border-dashed 
border-gray-200">
[39m
[31m+                    
         <LibraryIcon 
size={32} 
className="mx-auto 
text-gray-300 mb-4" />
[39m
[31m+                    
         <h3 
className="text-lg 
font-bold text-gray-900 
mb-2">No quizzes 
found</h3>
[39m
[31m+                    
         <p 
className="text-sm 
text-gray-500">Try a 
different search term or 
subject filter.</p>
[39m
[31m+                    
     </div>
[39m
[31m+                    
 ) : (
[39m
[31m+                    
     <div className="grid 
grid-cols-1 
md:grid-cols-2 
lg:grid-cols-3 gap-6">
[39m
[31m+                    
         
{filtered.map((quiz, i) 
=> {
[39m
[31m+                    
             const 
subjectStyle = SUBJECT_COL
ORS[quiz.subject] ?? 
SUBJECT_COLORS.Default;
[39m
[31m+                    
             const 
diffStyle = 
quiz.difficulty ? DIFFICUL
TY_COLORS[quiz.difficulty]
 : null;
[39m
[31m+                    
             return (
[39m
[31m+                    
                 <QuizCard
[39m
[31m+                    
                     
key={quiz.id}
[39m
[31m+                    
                     
quiz={quiz}
[39m
[31m+                    
                     
index={i}
[39m
[31m+                    
                     subje
ctStyle={subjectStyle}
[39m
[31m+                    
                     
diffStyle={diffStyle}
[39m
[31m+                    
                     
onPreview={() => 
setPreviewQuiz(quiz)}
[39m
[31m+                    
                 />
[39m
[31m+                    
             );
[39m
[31m+                    
         })}
[39m
[31m+                    
     </div>
[39m
[31m+                    
 )}
[39m
[31m+                 
</div>
[39m
[31m+ 
[39m
[31m+                 
{/* Notes Section */}
[39m
[31m+                 
<div 
className="max-w-[1100px] 
mx-auto px-4 sm:px-6 
mb-12">
[39m
[31m+                    
 <div className="bg-white 
rounded-2xl 
overflow-hidden shadow-sm 
border border-gray-100">
[39m
[31m+                    
     <div className="flex 
items-center 
justify-between p-5 
border-b border-gray-50">
[39m
[31m+                    
         <div 
className="flex 
items-center gap-3">
[39m
[31m+                    
             <FileText 
size={20} className="text-
[#FF5C1A]" />
[39m
[31m+                    
             <h2 
className="text-lg 
font-bold 
text-gray-900">My 
Notes</h2>
[39m
[31m+                    
             <span 
className="text-[11px] 
font-bold text-gray-500 
bg-gray-100 rounded-full 
px-2 py-0.5">{notes.length
}</span>
[39m
[31m+                    
         </div>
[39m
[31m+                    
         <button
[39m
[31m+                    
             onClick={() 
=> setShowNoteForm(v => 
!v)}
[39m
[31m+                    
             
className="flex 
items-center gap-2 px-4 
py-2 bg-[#FF5C1A] 
text-white rounded-xl 
text-sm font-bold 
hover:bg-[#e65217] 
transition-colors 
shadow-sm"
[39m
[31m+                    
         >
[39m
[31m+                    
             <Plus 
size={16} />
[39m
[31m+                    
             <span>New 
Note</span>
[39m
[31m+                    
         </button>
[39m
[31m+                    
     </div>
[39m
[31m+ 
[39m
[31m+                    
     <AnimatePresence>
[39m
[31m+                    
         {showNoteForm && 
(
[39m
[31m+                    
             <motion.form
[39m
[31m+                    
                 
initial={{ height: 0, 
opacity: 0 }}
[39m
[31m+                    
                 
animate={{ height: 
'auto', opacity: 1 }}
[39m
[31m+                    
                 exit={{ 
height: 0, opacity: 0 }}
[39m
[31m+                    
                 onSubmit=
{handleNoteSubmit}
[39m
[31m+                    
                 
className="p-5 border-b 
border-gray-50 
bg-gray-50/50 space-y-4 
overflow-hidden"
[39m
[31m+                    
             >
[39m
[31m+                    
                 <div 
className="grid 
grid-cols-1 
sm:grid-cols-2 gap-4">
[39m
[31m+                    
                     <div 
className="space-y-1.5">
[39m
[31m+                    
                         
<label className="text-xs 
font-bold text-gray-700 
ml-1 uppercase tracking-wi
der">Title</label>
[39m
[31m+                    
                         
<input
[39m
[31m+                    
                          
   type="text"
[39m
[31m+                    
                          
   placeholder="Note 
title"
[39m
[31m+                    
                          
   value={noteForm.title}
[39m
[31m+                    
                          
   onChange={e => 
setNoteForm(f => ({ ...f, 
title: e.target.value }))}
[39m
[31m+                    
                          
   className={`w-full 
px-4 py-2 bg-white 
border-1.5 rounded-xl 
text-sm 
focus:outline-none 
transition-colors
[39m
[31m+                    
                          
       
${noteFormErrors.title ? 
'border-red-400 
focus:border-red-500' : 
'border-gray-200 
focus:border-[#FF5C1A]'}`}
[39m
[31m+                    
                         
/>
[39m
[31m+                    
                         
{noteFormErrors.title && (
[39m
[31m+                    
                          
   <span 
data-testid="title-error" 
className="text-[11px] 
font-semibold 
text-red-500 ml-1">{noteFo
rmErrors.title}</span>
[39m
[31m+                    
                         
)}
[39m
[31m+                    
                     
</div>
[39m
[31m+                    
                     <div 
className="space-y-1.5">
[39m
[31m+                    
                         
<label className="text-xs 
font-bold text-gray-700 
ml-1 uppercase tracking-wi
der">Subject</label>
[39m
[31m+                    
                         
<input
[39m
[31m+                    
                          
   type="text"
[39m
[31m+                    
                          
   placeholder="e.g. 
Mathematics"
[39m
[31m+                    
                          
   
value={noteForm.subject}
[39m
[31m+                    
                          
   onChange={e => 
setNoteForm(f => ({ ...f, 
subject: e.target.value 
}))}
[39m
[31m+                    
                          
   className="w-full px-4 
py-2 bg-white border-1.5 
border-gray-200 
rounded-xl text-sm 
focus:outline-none 
focus:border-[#FF5C1A] 
transition-colors"
[39m
[31m+                    
                         
/>
[39m
[31m+                    
                     
</div>
[39m
[31m+                    
                 </div>
[39m
[31m+ 
[39m
[31m+                    
                 <div 
className="space-y-1.5">
[39m
[31m+                    
                     
<label className="text-xs 
font-bold text-gray-700 
ml-1 uppercase tracking-wi
der">Content</label>
[39m
[31m+                    
                     
<textarea
[39m
[31m+                    
                         
placeholder="Write your 
note here..."
[39m
[31m+                    
                         
value={noteForm.content}
[39m
[31m+                    
                         
rows={4}
[39m
[31m+                    
                         
onChange={e => 
setNoteForm(f => ({ ...f, 
content: e.target.value 
}))}
[39m
[31m+                    
                         
className={`w-full px-4 
py-3 bg-white border-1.5 
rounded-xl text-sm 
focus:outline-none 
transition-colors 
resize-none
[39m
[31m+                    
                          
   
${noteFormErrors.content 
? 'border-red-400 
focus:border-red-500' : 
'border-gray-200 
focus:border-[#FF5C1A]'}`}
[39m
[31m+                    
                     />
[39m
[31m+                    
                     
{noteFormErrors.content 
&& (
[39m
[31m+                    
                         
<span data-testid="content
-error" 
className="text-[11px] 
font-semibold 
text-red-500 ml-1">{noteFo
rmErrors.content}</span>
[39m
[31m+                    
                     )}
[39m
[31m+                    
                 </div>
[39m
[31m+ 
[39m
[31m+                    
                 <div 
className="space-y-1.5">
[39m
[31m+                    
                     
<label className="text-xs 
font-bold text-gray-700 
ml-1 uppercase 
tracking-wider">Linked 
Quiz ID <span 
className="text-gray-400 f
ont-medium">(optional)</sp
an></label>
[39m
[31m+                    
                     
<input
[39m
[31m+                    
                         
type="text"
[39m
[31m+                    
                         
placeholder="Enter quiz 
ID to link"
[39m
[31m+                    
                         v
alue={noteForm.linkedQuizI
d}
[39m
[31m+                    
                         
onChange={e => 
setNoteForm(f => ({ ...f, 
linkedQuizId: 
e.target.value }))}
[39m
[31m+                    
                         
className="w-full px-4 
py-2 bg-white border-1.5 
border-gray-200 
rounded-xl text-sm 
focus:outline-none 
focus:border-[#FF5C1A] 
transition-colors"
[39m
[31m+                    
                     />
[39m
[31m+                    
                 </div>
[39m
[31m+ 
[39m
[31m+                    
                 <div 
className="flex 
items-center gap-3 pt-2">
[39m
[31m+                    
                     
<button
[39m
[31m+                    
                         
type="submit"
[39m
[31m+                    
                         
disabled={noteSubmitting}
[39m
[31m+                    
                         
className="flex-1 
sm:flex-none px-6 py-2.5 
bg-[#FF5C1A] text-white 
rounded-xl text-sm 
font-bold 
hover:bg-[#e65217] 
transition-all 
disabled:opacity-50"
[39m
[31m+                    
                     >
[39m
[31m+                    
                         
{noteSubmitting ? 
'Saving...' : 'Save Note'}
[39m
[31m+                    
                     
</button>
[39m
[31m+                    
                     
<button
[39m
[31m+                    
                         
type="button"
[39m
[31m+                    
                         
onClick={() => { 
setShowNoteForm(false); se
tNoteForm(EMPTY_NOTE_FORM)
; setNoteFormErrors({}); 
}}
[39m
[31m+                    
                         
className="flex-1 
sm:flex-none px-6 py-2.5 
bg-white border-1.5 
border-gray-200 
text-gray-600 rounded-xl 
text-sm font-bold 
hover:bg-gray-50 
transition-all"
[39m
[31m+                    
                     >
[39m
[31m+                    
                         
Cancel
[39m
[31m+                    
                     
</button>
[39m
[31m+                    
                 </div>
[39m
[31m+                    
             
</motion.form>
[39m
[31m+                    
         )}
[39m
[31m+                    
     </AnimatePresence>
[39m
[31m+ 
[39m
[31m+                    
     {notes.length === 0 
? (
[39m
[31m+                    
         <div 
className="p-12 
text-center">
[39m
[31m+                    
             <FileText 
size={24} 
className="mx-auto 
text-gray-300 mb-3" />
[39m
[31m+                    
             <p 
className="text-sm 
text-gray-500 
font-medium">No notes 
yet. Start by creating 
one!</p>
[39m
[31m+                    
         </div>
[39m
[31m+                    
     ) : (
[39m
[31m+                    
         <div 
className="divide-y 
divide-gray-50">
[39m
[31m+                    
             
{notes.map(note => (
[39m
[31m+                    
                 <div 
key={note.id} 
className="flex flex-col 
sm:flex-row 
sm:items-center 
justify-between p-5 
hover:bg-gray-50/50 
transition-colors gap-4">
[39m
[31m+                    
                     <div 
className="flex-1 
min-w-0">
[39m
[31m+                    
                         
<h4 
className="text-[15px] 
font-bold text-gray-900 
truncate 
mb-0.5">{note.title}</h4>
[39m
[31m+                    
                         
<p className="text-xs 
font-semibold 
text-gray-400 uppercase tr
acking-tight">{note.subjec
t}</p>
[39m
[31m+                    
                     
</div>
[39m
[31m+                    
                     <div 
className="flex 
items-center 
justify-between 
sm:justify-end gap-5">
[39m
[31m+                    
                         
<div className="flex 
items-center gap-3">
[39m
[31m+                    
                          
   <span 
className={`text-[10px] 
font-extrabold uppercase 
tracking-widest px-2.5 
py-1 rounded-full
[39m
[31m+                    
                          
       ${note.published ? 
'bg-emerald-100 
text-emerald-700' : 
'bg-gray-100 
text-gray-500'}`}>
[39m
[31m+                    
                          
       {note.published ? 
'Published' : 'Draft'}
[39m
[31m+                    
                          
   </span>
[39m
[31m+                    
                          
   <button
[39m
[31m+                    
                          
       onClick={() => 
handlePublishToggle(note)}
[39m
[31m+                    
                          
       className="p-1 
hover:bg-gray-200 
rounded-lg 
transition-colors group"
[39m
[31m+                    
                          
       
title={note.published ? 
'Unpublish' : 'Publish'}
[39m
[31m+                    
                          
   >
[39m
[31m+                    
                          
       {note.published
[39m
[31m+                    
                          
           ? <ToggleRight 
size={24} className="text-
emerald-500" />
[39m
[31m+                    
                          
           : <ToggleLeft 
size={24} 
className="text-gray-400 g
roup-hover:text-gray-600" 
/>
[39m
[31m+                    
                          
       }
[39m
[31m+                    
                          
   </button>
[39m
[31m+                    
                         
</div>
[39m
[31m+                    
                         
<button
[39m
[31m+                    
                          
   onClick={() => 
handleDeleteNote(note.id 
|| (note as any)._id)}
[39m
[31m+                    
                          
   className="p-2 
text-gray-400 
hover:text-red-500 
hover:bg-red-50 
rounded-lg transition-all"
[39m
[31m+                    
                          
   title="Delete Note"
[39m
[31m+                    
                         >
[39m
[31m+                    
                          
   <Trash2 size={18} />
[39m
[31m+                    
                         
</button>
[39m
[31m+                    
                     
</div>
[39m
[31m+                    
                 </div>
[39m
[31m+                    
             ))}
[39m
[31m+                    
         </div>
[39m
[31m+                    
     )}
[39m
[31m+                    
 </div>
[39m
[31m+                 
</div>
[39m
[31m+ 
[39m
[31m+             </main>
[39m
[31m+ 
[39m
[31m+             {/* 
Preview Modal */}
[39m
[31m+             
<AnimatePresence>
[39m
[31m+                 
{previewQuiz && (
[39m
[31m+                    
 <motion.div
[39m
[31m+                    
     initial={{ opacity: 
0 }}
[39m
[31m+                    
     animate={{ opacity: 
1 }}
[39m
[31m+                    
     exit={{ opacity: 0 }}
[39m
[31m+                    
     onClick={() => 
setPreviewQuiz(null)}
[39m
[31m+                    
     className="fixed 
inset-0 bg-black/60 
backdrop-blur-sm z-[100] 
flex items-center 
justify-center p-4 sm:p-6"
[39m
[31m+                    
 >
[39m
[31m+                    
     <motion.div
[39m
[31m+                    
         initial={{ 
scale: 0.95, opacity: 0, 
y: 20 }}
[39m
[31m+                    
         animate={{ 
scale: 1, opacity: 1, y: 
0 }}
[39m
[31m+                    
         exit={{ scale: 
0.95, opacity: 0, y: 20 }}
[39m
[31m+                    
         onClick={e => 
e.stopPropagation()}
[39m
[31m+                    
         
className="bg-white 
rounded-2xl w-full 
max-w-2xl max-h-[90vh] 
flex flex-col 
overflow-hidden 
shadow-2xl"
[39m
[31m+                    
     >
[39m
[31m+                    
         <div 
className="p-5 sm:p-6 
border-b border-gray-100 
flex items-start 
justify-between bg-white 
sticky top-0 z-10">
[39m
[31m+                    
             <div 
className="space-y-1.5">
[39m
[31m+                    
                 <div 
className="flex 
items-center gap-2">
[39m
[31m+                    
                     <span
[39m
[31m+                    
                         
className="text-[10px] 
font-extrabold uppercase 
tracking-widest px-2.5 
py-1 rounded-full"
[39m
[31m+                    
                         
style={{
[39m
[31m+                    
                          
   background: SUBJECT_COL
ORS[previewQuiz.subject]?.
bg || 
SUBJECT_COLORS.Default.bg,
[39m
[31m+                    
                          
   color: SUBJECT_COLORS[p
reviewQuiz.subject]?.text 
|| SUBJECT_COLORS.Default.
text
[39m
[31m+                    
                         
}}
[39m
[31m+                    
                     >
[39m
[31m+                    
                         
{previewQuiz.subject}
[39m
[31m+                    
                     
</span>
[39m
[31m+                    
                     
<span className="text-xs 
font-bold text-gray-400 
flex items-center gap-1">
[39m
[31m+                    
                         
<Hash size={12} />
[39m
[31m+                    
                         {
previewQuiz.questionCount}
 Questions
[39m
[31m+                    
                     
</span>
[39m
[31m+                    
                 </div>
[39m
[31m+                    
                 <h2 
className="text-xl 
sm:text-2xl 
font-extrabold 
text-gray-900 leading-tigh
t">{previewQuiz.title}</h2
>
[39m
[31m+                    
             </div>
[39m
[31m+                    
             <button
[39m
[31m+                    
                 
onClick={() => 
setPreviewQuiz(null)}
[39m
[31m+                    
                 
className="p-2 bg-gray-50 
hover:bg-gray-100 
rounded-full 
text-gray-400 
hover:text-gray-600 
transition-colors"
[39m
[31m+                    
             >
[39m
[31m+                    
                 <X 
size={20} />
[39m
[31m+                    
             </button>
[39m
[31m+                    
         </div>
[39m
[31m+ 
[39m
[31m+                    
         <div 
className="p-5 sm:p-6 
overflow-y-auto flex-1 
bg-gray-50/50 space-y-4">
[39m
[31m+                    
             
{Array.from({ length: Math
.min(previewQuiz.questionC
ount, 5) }).map((_, i) => 
(
[39m
[31m+                    
                 <div 
key={i} 
className="bg-white 
border border-gray-100 
rounded-2xl p-5 
shadow-sm">
[39m
[31m+                    
                     <div 
className="flex 
items-start gap-4 mb-5">
[39m
[31m+                    
                         
<div className="w-8 h-8 
rounded-xl bg-[#FFF3EE] 
text-[#FF5C1A] flex 
items-center 
justify-center text-sm 
font-black flex-shrink-0 
shadow-sm 
shadow-[#FF5C1A]/10">
[39m
[31m+                    
                          
   {i + 1}
[39m
[31m+                    
                         
</div>
[39m
[31m+                    
                         
<h4 className="text-sm 
sm:text-[15px] font-bold 
text-gray-700 
leading-relaxed pt-1">
[39m
[31m+                    
                          
   This is a mock sample 
question about {previewQui
z.subject.toLowerCase()} 
matching the difficulty 
level of this quiz. Can 
you select the correct 
answer below?
[39m
[31m+                    
                         
</h4>
[39m
[31m+                    
                     
</div>
[39m
[31m+                    
                     <div 
className="grid 
grid-cols-1 
sm:grid-cols-2 gap-3 
sm:pl-12">
[39m
[31m+                    
                         
{['Option A', 'Option B', 
'Option C', 'Option 
D'].map((opt, optIdx) => (
[39m
[31m+                    
                          
   <div key={optIdx} 
className="px-4 py-3 
bg-gray-50 border-1.5 
border-gray-100 
rounded-xl text-sm 
font-semibold 
text-gray-600 
hover:border-[#FF5C1A]/30 
hover:bg-white 
transition-all 
cursor-default">
[39m
[31m+                    
                          
       {opt}
[39m
[31m+                    
                          
   </div>
[39m
[31m+                    
                         
))}
[39m
[31m+                    
                     
</div>
[39m
[31m+                    
                 </div>
[39m
[31m+                    
             ))}
[39m
[31m+                    
             {previewQuiz.
questionCount > 5 && (
[39m
[31m+                    
                 <div 
className="text-center 
py-4 text-gray-400 
text-sm font-bold 
bg-white/50 rounded-xl 
border border-dashed 
border-gray-200">
[39m
[31m+                    
                     + {pr
eviewQuiz.questionCount - 
5} more questions in the 
full quiz
[39m
[31m+                    
                 </div>
[39m
[31m+                    
             )}
[39m
[31m+                    
         </div>
[39m
[31m+ 
[39m
[31m+                    
         <div 
className="p-5 sm:p-6 
border-t border-gray-100 
flex flex-col sm:flex-row 
gap-3 bg-white sticky 
bottom-0">
[39m
[31m+                    
             <button
[39m
[31m+                    
                 
onClick={() => 
setPreviewQuiz(null)}
[39m
[31m+                    
                 
className="flex-1 
sm:flex-none px-6 py-3 
border-1.5 
border-gray-200 
text-gray-600 rounded-xl 
text-sm font-bold 
hover:bg-gray-50 
transition-all 
text-center"
[39m
[31m+                    
             >
[39m
[31m+                    
                 Close 
Preview
[39m
[31m+                    
             </button>
[39m
[31m+                    
             <button 
className="flex-1 px-6 
py-3 bg-[#FF5C1A] 
text-white rounded-xl 
text-sm font-bold 
hover:bg-[#e65217] 
transition-all flex 
items-center 
justify-center gap-2 
shadow-lg 
shadow-[#FF5C1A]/20">
[39m
[31m+                    
                 <Copy 
size={18} />
[39m
[31m+                    
                 
<span>Duplicate to My 
Quizzes</span>
[39m
[31m+                    
             </button>
[39m
[31m+                    
         </div>
[39m
[31m+                    
     </motion.div>
[39m
[31m+                    
 </motion.div>
[39m
[31m+                 )}
[39m
[31m+             
</AnimatePresence>
[39m
[31m+         </div>
[39m
[31m+     );
[39m
[31m+ }
[39m
[31m+ 
[39m
[31m+ interface 
QuizCardProps {
[39m
[31m+     quiz: 
LibraryQuiz;
[39m
[31m+     index: number;
[39m
[31m+     subjectStyle: 
{ bg: string; text: 
string; dot: string };
[39m
[31m+     diffStyle: { 
bg: string; text: string 
} | null;
[39m
[31m+     onPreview?: () 
=> void;
[39m
[31m+ }
[39m
[31m+ 
[39m
[31m+ function 
QuizCard({ quiz, index, 
subjectStyle, diffStyle, 
onPreview }: 
QuizCardProps) {
[39m
[31m+     const 
[hovered, setHovered] = 
useState(false);
[39m
[31m+ 
[39m
[31m+     return (
[39m
[31m+         <motion.div
[39m
[31m+             
initial={{ opacity: 0, y: 
16 }}
[39m
[31m+             
animate={{ opacity: 1, y: 
0 }}
[39m
[31m+             
transition={{ delay: 
index * 0.05 }}
[39m
[31m+             
onMouseEnter={() => 
setHovered(true)}
[39m
[31m+             
onMouseLeave={() => 
setHovered(false)}
[39m
[31m+             
className={`group 
bg-white rounded-2xl 
border-1.5 transition-all 
duration-300 flex 
flex-col overflow-hidden 
h-full
[39m
[31m+                 
${hovered ? 
'border-[#FF5C1A] 
shadow-xl 
shadow-[#FF5C1A]/10 
-translate-y-1' : 
'border-gray-100 
shadow-sm'}`}
[39m
[31m+         >
[39m
[31m+             <div
[39m
[31m+                 
className="h-1.5 w-full 
bg-gradient-to-r"
[39m
[31m+                 
style={{ backgroundImage: 
`linear-gradient(to 
right, 
${subjectStyle.dot}, 
${subjectStyle.text})` }}
[39m
[31m+             />
[39m
[31m+             <div 
className="p-5 flex 
flex-col flex-1">
[39m
[31m+                 
<div className="flex 
items-start 
justify-between gap-3 
mb-4">
[39m
[31m+                    
 <div className="flex 
flex-wrap gap-2">
[39m
[31m+                    
     <span
[39m
[31m+                    
         
className="text-[10px] 
font-extrabold uppercase 
tracking-widest px-2.5 
py-1 rounded-full"
[39m
[31m+                    
         style={{ 
background: 
subjectStyle.bg, color: 
subjectStyle.text }}
[39m
[31m+                    
     >
[39m
[31m+                    
         {quiz.subject}
[39m
[31m+                    
     </span>
[39m
[31m+                    
     {diffStyle && 
quiz.difficulty && (
[39m
[31m+                    
         <span
[39m
[31m+                    
             
className="text-[10px] 
font-extrabold uppercase 
tracking-widest px-2.5 
py-1 rounded-full"
[39m
[31m+                    
             style={{ 
background: diffStyle.bg, 
color: diffStyle.text }}
[39m
[31m+                    
         >
[39m
[31m+                    
             
{quiz.difficulty}
[39m
[31m+                    
         </span>
[39m
[31m+                    
     )}
[39m
[31m+                    
 </div>
[39m
[31m+                    
 {quiz.rating && (
[39m
[31m+                    
     <div className="flex 
items-center gap-1.5 
bg-amber-50 px-2 py-0.5 
rounded-lg">
[39m
[31m+                    
         <Star size={12} 
className="text-amber-500 
fill-amber-500" />
[39m
[31m+                    
         <span 
className="text-xs 
font-black text-amber-700"
>{quiz.rating}</span>
[39m
[31m+                    
     </div>
[39m
[31m+                    
 )}
[39m
[31m+                 
</div>
[39m
[31m+ 
[39m
[31m+                 
<div className="mb-5 
flex-1">
[39m
[31m+                    
 <h3 
className="text-[17px] 
font-black text-gray-900 
leading-tight mb-1 group-h
over:text-[#FF5C1A] 
transition-colors 
line-clamp-2">
[39m
[31m+                    
     {quiz.title}
[39m
[31m+                    
 </h3>
[39m
[31m+                    
 {quiz.author && (
[39m
[31m+                    
     <p 
className="text-xs 
font-bold 
text-gray-400">by <span cl
assName="text-gray-600">{q
uiz.author}</span></p>
[39m
[31m+                    
 )}
[39m
[31m+                 
</div>
[39m
[31m+ 
[39m
[31m+                 
<div className="flex 
items-center 
justify-between py-4 
border-t border-gray-50 
mb-4">
[39m
[31m+                    
 <div className="flex 
items-center gap-4">
[39m
[31m+                    
     <div className="flex 
items-center gap-1.5 
text-gray-500">
[39m
[31m+                    
         <Hash size={14} 
className="text-gray-400" 
/>
[39m
[31m+                    
         <span 
className="text-[13px] fon
t-bold">{quiz.questionCoun
t}</span>
[39m
[31m+                    
     </div>
[39m
[31m+                    
     {quiz.plays !== 
undefined && (
[39m
[31m+                    
         <div 
className="flex 
items-center gap-1.5 
text-gray-500">
[39m
[31m+                    
             <Users 
size={14} 
className="text-gray-400" 
/>
[39m
[31m+                    
             <span 
className="text-[13px] 
font-bold">
[39m
[31m+                    
                 
{quiz.plays >= 1000 ? 
`${(quiz.plays / 
1000).toFixed(1)}k` : 
quiz.plays}
[39m
[31m+                    
             </span>
[39m
[31m+                    
         </div>
[39m
[31m+                    
     )}
[39m
[31m+                    
 </div>
[39m
[31m+                    
 {quiz.createdAt && (
[39m
[31m+                    
     <div className="flex 
items-center gap-1.5 
text-gray-400">
[39m
[31m+                    
         <Clock size={13} 
/>
[39m
[31m+                    
         <span 
className="text-[11px] 
font-bold font-mono 
tracking-tighter uppercase
">{quiz.createdAt}</span>
[39m
[31m+                    
     </div>
[39m
[31m+                    
 )}
[39m
[31m+                 
</div>
[39m
[31m+ 
[39m
[31m+                 
<button
[39m
[31m+                    
 onClick={onPreview}
[39m
[31m+                    
 className={`flex 
items-center 
justify-center gap-2 
w-full py-3 rounded-xl 
text-[13px] font-black 
transition-all 
duration-300
[39m
[31m+                    
     ${hovered
[39m
[31m+                    
         ? 'bg-[#FF5C1A] 
text-white shadow-lg 
shadow-[#FF5C1A]/20'
[39m
[31m+                    
         : 'bg-gray-50 
text-gray-700 
hover:bg-gray-100'}`}
[39m
[31m+                 >
[39m
[31m+                    
 <Eye size={16} />
[39m
[31m+                    
 <span>PREVIEW QUIZ</span>
[39m
[31m+                 
</button>
[39m
[31m+             </div>
[39m
[31m+         
</motion.div>
[39m
[31m+     );
[39m
[31m+ }
[39m
[31m+[39m

[36m [2mΓ¥»[22m src/pag
es/Library.test.ts:[2m88:
24[22m[39m
    [90m 86|[39m
    [90m 87|[39m     [3
4mit[39m([32m'imports 
updateDoc from firebase/fi
restore'[39m[33m,[39m 
() [33m=>[39m {
    [90m 88|[39m        
 [34mexpect[39m(source)
[33m.[39m[34mtoContain[
39m([32m'updateDoc'[39m)
[33m;[39m
    [90m   |[39m        
                
[31m^[39m
    [90m 89|[39m        
 [34mexpect[39m(source)
[33m.[39m[34mtoContain[
39m([32m"from 'firebase/f
irestore'"[39m)[33m;[39
m
    [90m 90|[39m     
})[33m;[39m

[31m[2mΓÄ»ΓÄ»ΓÄ»ΓÄ»ΓÄ»ΓÄ
»ΓÄ»ΓÄ»ΓÄ»ΓÄ»ΓÄ»ΓÄ»ΓÄ»ΓÄ»Γ
Ä»ΓÄ»ΓÄ»ΓÄ»ΓÄ»ΓÄ»ΓÄ»ΓÄ»[40
/75]ΓÄ»[22m[39m

[41m[1m FAIL [22m[49m 
src/pages/LoginPage.explor
atory.test.ts[2m > 
[22mBUG EXPLORATION 1.4 
ΓÇö Already-authenticated 
user, userProfile=null 
ΓåÆ no redirect[2m > 
[22mFIXED: userProfile 
is now populated after 
sign-in
[31m[1mAssertionError[2
2m: expected 'import { 
createContext, 
useContext, uΓÇª' to 
contain 'setUserProfile(bu
ildUserProfile(fbUseΓÇª'[
39m

[32m- Expected[39m
[31m+ Received[39m

[32m- setUserProfile(buil
dUserProfile(fbUser, 
role))[39m
[31m+ import { 
createContext, 
useContext, useEffect, 
useState, type ReactNode 
} from 'react';
[39m
[31m+ import type { 
UserProfile } from 
'../types/student';
[39m
[31m+ 
[39m
[31m+ interface User {
[39m
[31m+     _id: string;
[39m
[31m+     email: string;
[39m
[31m+     displayName: 
string;
[39m
[31m+     role: 
'student' | 'teacher';
[39m
[31m+     token: string;
[39m
[31m+     teacherId?: 
string;
[39m
[31m+     department?: 
string;
[39m
[31m+     subjects?: 
string[];
[39m
[31m+     idCardImage?: 
string;
[39m
[31m+     post?: string;
[39m
[31m+ }
[39m
[31m+ 
[39m
[31m+ interface 
AuthContextType {
[39m
[31m+     user: User | 
null;
[39m
[31m+     userProfile: 
UserProfile | null;
[39m
[31m+     loading: 
boolean;
[39m
[31m+     signUp: 
(email: string, password: 
string, displayName: 
string, role: string) => 
Promise<{ error: any }>;
[39m
[31m+     signIn: 
(email: string, password: 
string, role?: string) => 
Promise<{ error: any }>;
[39m
[31m+     
signInWithGoogle: () => 
Promise<{ error: any }>;
[39m
[31m+     signOut: () => 
Promise<void>;
[39m
[31m+     refreshUser: 
() => Promise<void>;
[39m
[31m+ }
[39m
[31m+ 
[39m
[31m+ const AuthContext 
= createContext<AuthContex
tType | 
undefined>(undefined);
[39m
[31m+ 
[39m
[31m+ const VITE_API_URL 
= import.meta.env.VITE_API
_URL || '/api';
[39m
[31m+ const API_BASE = VI
TE_API_URL.endsWith('/api'
) ? VITE_API_URL : `${VITE
_API_URL.replace(/\/$/, 
'')}/api`;
[39m
[31m+ const API_URL = 
`${API_BASE}/auth`;
[39m
[31m+ 
[39m
[31m+ export function 
AuthProvider({ children 
}: { children: ReactNode 
}) {
[39m
[31m+     const [user, 
setUser] = useState<User 
| null>(null);
[39m
[31m+     const 
[userProfile, 
setUserProfile] = 
useState<UserProfile | 
null>(null);
[39m
[31m+     const 
[loading, setLoading] = 
useState(true);
[39m
[31m+ 
[39m
[31m+     // Initial 
load: Check if token 
exists
[39m
[31m+     useEffect(() 
=> {
[39m
[31m+         const 
syncAuth = () => {
[39m
[31m+             const 
storedUser = localStorage.
getItem('user');
[39m
[31m+             if 
(storedUser) {
[39m
[31m+                 
try {
[39m
[31m+                    
 const parsedUser = 
JSON.parse(storedUser);
[39m
[31m+                    
 setUser(parsedUser);
[39m
[31m+                    
 setUserProfile({
[39m
[31m+                    
     uid: parsedUser._id,
[39m
[31m+                    
     email: 
parsedUser.email,
[39m
[31m+                    
     displayName: 
parsedUser.displayName,
[39m
[31m+                    
     role: 
parsedUser.role,
[39m
[31m+                    
     streak: 0,
[39m
[31m+                    
     lastActiveDate: new D
ate().toISOString().slice(
0, 10),
[39m
[31m+                    
     createdAt: new 
Date().toISOString()
[39m
[31m+                    
 });
[39m
[31m+                 } 
catch (e) {
[39m
[31m+                    
 localStorage.removeItem('
user');
[39m
[31m+                    
 setUser(null);
[39m
[31m+                    
 setUserProfile(null);
[39m
[31m+                 }
[39m
[31m+             } else 
{
[39m
[31m+                 
setUser(null);
[39m
[31m+                 
setUserProfile(null);
[39m
[31m+             }
[39m
[31m+             
setLoading(false);
[39m
[31m+         };
[39m
[31m+ 
[39m
[31m+         syncAuth();
[39m
[31m+ 
[39m
[31m+         // Listen 
for changes from other 
tabs
[39m
[31m+         window.addE
ventListener('storage', 
(e) => {
[39m
[31m+             if 
(e.key === 'user') {
[39m
[31m+                 
syncAuth();
[39m
[31m+             }
[39m
[31m+         });
[39m
[31m+ 
[39m
[31m+         return () 
=> window.removeEventListe
ner('storage', syncAuth);
[39m
[31m+     }, []);
[39m
[31m+ 
[39m
[31m+     const signUp = 
async (email: string, 
password: string, 
displayName: string, 
role: string) => {
[39m
[31m+         try {
[39m
[31m+             const 
response = await fetch(`${
API_URL}/register`, {
[39m
[31m+                 
method: 'POST',
[39m
[31m+                 
headers: { 
'Content-Type': 
'application/json' },
[39m
[31m+                 
body: JSON.stringify({ 
email, password, 
displayName, role }),
[39m
[31m+             });
[39m
[31m+ 
[39m
[31m+             const 
data = await 
response.json().catch(() 
=> ({ message: 'Invalid 
server response' }));
[39m
[31m+             if 
(!response.ok) throw new 
Error(data.message || 
'Signup failed');
[39m
[31m+ 
[39m
[31m+             localSt
orage.setItem('user', 
JSON.stringify(data));
[39m
[31m+             
setUser(data);
[39m
[31m+             
setUserProfile({
[39m
[31m+                 
uid: data._id,
[39m
[31m+                 
email: data.email,
[39m
[31m+                 
displayName: 
data.displayName,
[39m
[31m+                 
role: data.role,
[39m
[31m+                 
streak: 0,
[39m
[31m+                 
lastActiveDate: new Date()
.toISOString().slice(0, 
10),
[39m
[31m+                 
createdAt: new 
Date().toISOString()
[39m
[31m+             });
[39m
[31m+ 
[39m
[31m+             return 
{ error: null };
[39m
[31m+         } catch 
(error: any) {
[39m
[31m+             
console.error('Signup 
error:', error);
[39m
[31m+             return 
{ error };
[39m
[31m+         }
[39m
[31m+     };
[39m
[31m+ 
[39m
[31m+     const signIn = 
async (email: string, 
password: string, role?: 
string) => {
[39m
[31m+         try {
[39m
[31m+             const 
response = await 
fetch(`${API_URL}/login`, 
{
[39m
[31m+                 
method: 'POST',
[39m
[31m+                 
headers: { 
'Content-Type': 
'application/json' },
[39m
[31m+                 
body: JSON.stringify({ 
email, password, role }),
[39m
[31m+             });
[39m
[31m+ 
[39m
[31m+             const 
data = await 
response.json().catch(() 
=> ({ message: 'Invalid 
server response' }));
[39m
[31m+             if 
(!response.ok) throw new 
Error(data.message || 
'Login failed');
[39m
[31m+ 
[39m
[31m+             localSt
orage.setItem('user', 
JSON.stringify(data));
[39m
[31m+             
setUser(data);
[39m
[31m+             
setUserProfile({
[39m
[31m+                 
uid: data._id,
[39m
[31m+                 
email: data.email,
[39m
[31m+                 
displayName: 
data.displayName,
[39m
[31m+                 
role: data.role,
[39m
[31m+                 
streak: 0,
[39m
[31m+                 
lastActiveDate: new Date()
.toISOString().slice(0, 
10),
[39m
[31m+                 
createdAt: new 
Date().toISOString()
[39m
[31m+             });
[39m
[31m+ 
[39m
[31m+             return 
{ error: null };
[39m
[31m+         } catch 
(error: any) {
[39m
[31m+             
console.error('Signin 
error:', error);
[39m
[31m+             return 
{ error };
[39m
[31m+         }
[39m
[31m+     };
[39m
[31m+ 
[39m
[31m+     const signOut 
= async () => {
[39m
[31m+         localStorag
e.removeItem('user');
[39m
[31m+         
setUser(null);
[39m
[31m+         
setUserProfile(null);
[39m
[31m+     };
[39m
[31m+ 
[39m
[31m+     const 
refreshUser = async () => 
{
[39m
[31m+         if (!user) 
return;
[39m
[31m+         try {
[39m
[31m+             const 
response = await fetch(`${
API_BASE}/user/profile`, {
[39m
[31m+                 
headers: {
[39m
[31m+                    
 'Authorization': `Bearer 
${user.token}`
[39m
[31m+                 }
[39m
[31m+             });
[39m
[31m+             if 
(response.ok) {
[39m
[31m+                 
const data = await 
response.json();
[39m
[31m+                 
const updatedUser = { 
...user, ...data };
[39m
[31m+                 loc
alStorage.setItem('user', 
JSON.stringify(updatedUser
));
[39m
[31m+                 
setUser(updatedUser);
[39m
[31m+             }
[39m
[31m+         } catch 
(error) {
[39m
[31m+             
console.error('Error 
refreshing user:', error);
[39m
[31m+         }
[39m
[31m+     };
[39m
[31m+ 
[39m
[31m+     return (
[39m
[31m+         
<AuthContext.Provider 
value={{ user, 
userProfile, loading, 
signUp, signIn, signOut, 
refreshUser, 
signInWithGoogle: async 
() => ({ error: 'Not 
implemented' }) }}>
[39m
[31m+             
{children}
[39m
[31m+         
</AuthContext.Provider>
[39m
[31m+     );
[39m
[31m+ }
[39m
[31m+ 
[39m
[31m+ export function 
useAuth() {
[39m
[31m+     const context 
= useContext(AuthContext);
[39m
[31m+     if (context 
=== undefined) {
[39m
[31m+         throw new 
Error('useAuth must be 
used within an 
AuthProvider');
[39m
[31m+     }
[39m
[31m+     return context;
[39m
[31m+ }
[39m
[31m+[39m

[36m [2mΓ¥»[22m src/pag
es/LoginPage.exploratory.t
est.ts:[2m185:28[22m[39
m
    [90m183|[39m
    [90m184|[39m        
 // After the fix: 
setUserProfile is called 
with a real value aΓÇª
    [90m185|[39m        
 expect(authSource).toCont
ain('setUserProfile(buildU
serProfile(ΓÇª
    [90m   |[39m        
                    
[31m^[39m
    [90m186|[39m     
})[33m;[39m
    [90m187|[39m

[31m[2mΓÄ»ΓÄ»ΓÄ»ΓÄ»ΓÄ»ΓÄ
»ΓÄ»ΓÄ»ΓÄ»ΓÄ»ΓÄ»ΓÄ»ΓÄ»ΓÄ»Γ
Ä»ΓÄ»ΓÄ»ΓÄ»ΓÄ»ΓÄ»ΓÄ»ΓÄ»[41
/75]ΓÄ»[22m[39m

[41m[1m FAIL [22m[49m 
src/pages/LoginPage.test.t
s[2m > [22mLoginPage 
ΓÇô source structure 
(Requirements 2.2, 2.3, 
2.4)[2m > [22mcalls 
signIn on form submit
[31m[1mAssertionError[2
2m: expected 'import { 
useState, useEffect } 
from \ΓÇª' to contain 
'signIn(email, 
password)'[39m

[32m- Expected[39m
[31m+ Received[39m

[32m- signIn(email, 
password)[39m
[31m+ import { useState, 
useEffect } from 'react';
[39m
[31m+ import { 
useNavigate, Link } from 
'react-router-dom';
[39m
[31m+ import { Helmet } 
from 'react-helmet-async';
[39m
[31m+ import { Mail, 
Lock, Eye, EyeOff } from 
'lucide-react';
[39m
[31m+ import { useAuth } 
from 
'../contexts/AuthContext';
[39m
[31m+ import { 
getRedirectPath } from 
'../utils/scoring';
[39m
[31m+ import { 
useBreakpoint } from 
'../hooks/useBreakpoint';
[39m
[31m+ 
[39m
[31m+ function 
friendlyError(code: 
string): string {
[39m
[31m+     if (code.includ
es('invalid-credential') 
|| code.includes('wrong-pa
ssword') || code.includes(
'user-not-found')) {
[39m
[31m+         return 
'Incorrect email or 
password. Please try 
again.';
[39m
[31m+     }
[39m
[31m+     if (code.includ
es('too-many-requests')) {
[39m
[31m+         return 
'Too many failed 
attempts. Please wait a 
moment and try again.';
[39m
[31m+     }
[39m
[31m+     if (code.includ
es('user-disabled')) {
[39m
[31m+         return 
'This account has been 
disabled. Contact 
support.';
[39m
[31m+     }
[39m
[31m+     if (code.includ
es('network-request-failed
')) {
[39m
[31m+         return 
'Network error. Check 
your connection and try 
again.';
[39m
[31m+     }
[39m
[31m+     if (code.includ
es('popup-closed-by-user')
) {
[39m
[31m+         return 
'Sign-in popup was 
closed. Please try 
again.';
[39m
[31m+     }
[39m
[31m+     if 
(code.includes('not 
supported')) {
[39m
[31m+         return 
code;
[39m
[31m+     }
[39m
[31m+     return 
'Something went wrong. 
Please try again.';
[39m
[31m+ }
[39m
[31m+ 
[39m
[31m+ export function 
LoginPage() {
[39m
[31m+     const [email, 
setEmail] = useState('');
[39m
[31m+     const 
[password, setPassword] = 
useState('');
[39m
[31m+     const 
[showPassword, 
setShowPassword] = 
useState(false);
[39m
[31m+     const [error, 
setError] = useState('');
[39m
[31m+     const 
[submitting, 
setSubmitting] = 
useState(false);
[39m
[31m+     const [role, 
setRole] = 
useState<'student' | 
'teacher'>('student');
[39m
[31m+ 
[39m
[31m+     const { 
signIn, signInWithGoogle, 
user, userProfile, 
loading } = useAuth();
[39m
[31m+     const navigate 
= useNavigate();
[39m
[31m+     const { 
isMobile } = 
useBreakpoint();
[39m
[31m+ 
[39m
[31m+     useEffect(() 
=> {
[39m
[31m+         
document.title = 'Login 
ΓÇö Quizly';
[39m
[31m+         document.qu
erySelector('meta[name="de
scription"]')
[39m
[31m+             
?.setAttribute('content', 
'Sign in to your Quizly 
account. Access your 
teacher dashboard or 
student reports.');
[39m
[31m+     }, []);
[39m
[31m+ 
[39m
[31m+     useEffect(() 
=> {
[39m
[31m+         if (user 
&& userProfile && 
!loading) {
[39m
[31m+             navigat
e(getRedirectPath(userProf
ile.role), { replace: 
true });
[39m
[31m+         }
[39m
[31m+     }, [user, 
userProfile, loading, 
navigate]);
[39m
[31m+ 
[39m
[31m+     const 
handleSubmit = async (e: 
React.FormEvent) => {
[39m
[31m+         
e.preventDefault();
[39m
[31m+         
setError('');
[39m
[31m+         
setSubmitting(true);
[39m
[31m+         try {
[39m
[31m+             localSt
orage.setItem('userRole', 
role);
[39m
[31m+             const 
{ error: signInError } = 
await signIn(email, 
password, role);
[39m
[31m+             if 
(signInError) {
[39m
[31m+                 
const code = (signInError 
as { code?: string 
}).code ?? 
signInError.message ?? '';
[39m
[31m+                 set
Error(friendlyError(code))
;
[39m
[31m+             }
[39m
[31m+         } catch 
(err: any) {
[39m
[31m+             
setError(err.message || 
'An error occurred during 
sign in');
[39m
[31m+         } finally {
[39m
[31m+             
setSubmitting(false);
[39m
[31m+         }
[39m
[31m+     };
[39m
[31m+ 
[39m
[31m+     const 
handleGoogleSignIn = 
async () => {
[39m
[31m+         
setError('');
[39m
[31m+         
setSubmitting(true);
[39m
[31m+         try {
[39m
[31m+             localSt
orage.setItem('userRole', 
role);
[39m
[31m+             const 
{ error: googleError } = 
await signInWithGoogle();
[39m
[31m+             if 
(googleError) {
[39m
[31m+                 
const code = (googleError 
as { code?: string 
}).code ?? 
googleError.message ?? '';
[39m
[31m+                 set
Error(friendlyError(code))
;
[39m
[31m+             }
[39m
[31m+         } catch 
(err) {
[39m
[31m+             const 
code = (err as { code?: 
string }).code ?? (err 
instanceof Error ? 
err.message : '');
[39m
[31m+             setErro
r(friendlyError(code));
[39m
[31m+         } finally {
[39m
[31m+             
setSubmitting(false);
[39m
[31m+         }
[39m
[31m+     };
[39m
[31m+ 
[39m
[31m+     return (
[39m
[31m+         <>
[39m
[31m+             
<Helmet>
[39m
[31m+                 
<title>Log In ΓÇö 
Quizly</title>
[39m
[31m+                 
<meta name="description" 
content="Sign in to your 
Quizly account to manage 
quizzes and view student 
results." />
[39m
[31m+             
</Helmet>
[39m
[31m+ 
[39m
[31m+             {/* 
Full-viewport layout ΓÇö 
scrollable on mobile */}
[39m
[31m+             <div 
style={{
[39m
[31m+                 
minHeight: '100vh',
[39m
[31m+                 
display: 'flex',
[39m
[31m+                 
flexDirection: 'column',
[39m
[31m+                 
background: '#F3F4F6',
[39m
[31m+                 
fontFamily: "'Inter', 
-apple-system, 
BlinkMacSystemFont, 
sans-serif",
[39m
[31m+             }}>
[39m
[31m+                 
{/* ΓöÇΓöÇ Navbar ΓöÇΓöÇ 
*/}
[39m
[31m+                 
<header style={{
[39m
[31m+                    
 flexShrink: 0,
[39m
[31m+                    
 height: 52,
[39m
[31m+                    
 background: 'white',
[39m
[31m+                    
 borderBottom: '1px solid 
#E5E7EB',
[39m
[31m+                    
 display: 'flex',
[39m
[31m+                    
 alignItems: 'center',
[39m
[31m+                    
 justifyContent: 
'space-between',
[39m
[31m+                    
 padding: '0 28px',
[39m
[31m+                 }}>
[39m
[31m+                    
 <Link to="/" style={{ 
display: 'flex', 
alignItems: 'center', 
gap: 9, textDecoration: 
'none' }}>
[39m
[31m+                    
     {/* Logo mark */}
[39m
[31m+                    
     <div style={{
[39m
[31m+                    
         width: 30, 
height: 30, borderRadius: 
7,
[39m
[31m+                    
         background: 
'#FF5C1A',
[39m
[31m+                    
         display: 'flex', 
alignItems: 'center', 
justifyContent: 'center',
[39m
[31m+                    
         flexShrink: 0,
[39m
[31m+                    
     }}>
[39m
[31m+                    
         <svg width="15" 
height="15" viewBox="0 0 
20 20" fill="none">
[39m
[31m+                    
             <path d="M3 
5h14M3 10h14M3 15h8" 
stroke="white" 
strokeWidth="2.2" 
strokeLinecap="round" />
[39m
[31m+                    
         </svg>
[39m
[31m+                    
     </div>
[39m
[31m+                    
     <span style={{ 
fontWeight: 700, 
fontSize: '1rem', color: 
'#111827', letterSpacing: 
'-0.2px' }}>
[39m
[31m+                    
         Quizly
[39m
[31m+                    
     </span>
[39m
[31m+                    
 </Link>
[39m
[31m+                    
 <a
[39m
[31m+                    
     href="#"
[39m
[31m+                    
     style={{ fontSize: 
'0.85rem', color: 
'#6B7280', 
textDecoration: 'none', 
fontWeight: 500 }}
[39m
[31m+                    
     onMouseEnter={e => (e
.currentTarget.style.color
 = '#111827')}
[39m
[31m+                    
     onMouseLeave={e => (e
.currentTarget.style.color
 = '#6B7280')}
[39m
[31m+                    
 >
[39m
[31m+                    
     Help Center
[39m
[31m+                    
 </a>
[39m
[31m+                 
</header>
[39m
[31m+ 
[39m
[31m+                 
{/* ΓöÇΓöÇ Body ΓöÇΓöÇ */}
[39m
[31m+                 
<div style={{
[39m
[31m+                    
 flex: 1,
[39m
[31m+                    
 display: 'flex',
[39m
[31m+                    
 alignItems: 'center',
[39m
[31m+                    
 justifyContent: 'center',
[39m
[31m+                    
 gap: 40,
[39m
[31m+                    
 padding: isMobile ? 
'24px 16px' : '0 24px',
[39m
[31m+                 }}>
[39m
[31m+                    
 {/* Left ΓÇö 
illustration + copy 
(hidden on mobile) */}
[39m
[31m+                    
 {!isMobile && <div 
style={{
[39m
[31m+                    
     flex: '0 1 380px',
[39m
[31m+                    
     display: 'flex',
[39m
[31m+                    
     flexDirection: 
'column',
[39m
[31m+                    
     gap: 20,
[39m
[31m+                    
 }}>
[39m
[31m+                    
     <div style={{
[39m
[31m+                    
         borderRadius: 14,
[39m
[31m+                    
         overflow: 
'hidden',
[39m
[31m+                    
         background: 
'#FDE8DC',
[39m
[31m+                    
         aspectRatio: 
'4/3',
[39m
[31m+                    
         maxHeight: 260,
[39m
[31m+                    
     }}>
[39m
[31m+                    
         <img
[39m
[31m+                    
             src="https://
images.unsplash.com/photo-
1434030216411-0b793f4b4173
?w=800&q=80"
[39m
[31m+                    
             alt="Student 
studying"
[39m
[31m+                    
             style={{ 
width: '100%', height: 
'100%', objectFit: 
'cover', display: 'block' 
}}
[39m
[31m+                    
         />
[39m
[31m+                    
     </div>
[39m
[31m+                    
     <div>
[39m
[31m+                    
         <h2 style={{
[39m
[31m+                    
             fontSize: 
'1.55rem', fontWeight: 
800, color: '#111827',
[39m
[31m+                    
             margin: '0 0 
8px', lineHeight: 1.25,
[39m
[31m+                    
         }}>
[39m
[31m+                    
             Master your 
subjects with interactive 
quizzes.
[39m
[31m+                    
         </h2>
[39m
[31m+                    
         <p style={{ 
fontSize: '0.9rem', 
color: '#6B7280', margin: 
0, lineHeight: 1.6 }}>
[39m
[31m+                    
             Join over 
10,000 students and 
teachers worldwide in the 
ultimate learning journey 
with Quizly.
[39m
[31m+                    
         </p>
[39m
[31m+                    
     </div>
[39m
[31m+                    
 </div>}
[39m
[31m+ 
[39m
[31m+                    
 {/* Right ΓÇö form card 
*/}
[39m
[31m+                    
 <div style={{
[39m
[31m+                    
     flex: '0 1 360px',
[39m
[31m+                    
     background: 'white',
[39m
[31m+                    
     borderRadius: 14,
[39m
[31m+                    
     padding: '28px 28px 
24px',
[39m
[31m+                    
     boxShadow: '0 2px 
16px rgba(0,0,0,0.07)',
[39m
[31m+                    
 }}>
[39m
[31m+                    
     <h1 style={{ 
fontSize: '1.35rem', 
fontWeight: 700, color: 
'#111827', margin: '0 0 
4px' }}>
[39m
[31m+                    
         Welcome Back
[39m
[31m+                    
     </h1>
[39m
[31m+                    
     <p style={{ 
fontSize: '0.82rem', 
color: '#9CA3AF', margin: 
'0 0 18px' }}>
[39m
[31m+                    
         Please enter 
your details to sign in
[39m
[31m+                    
     </p>
[39m
[31m+ 
[39m
[31m+                    
     {/* Role toggle */}
[39m
[31m+                    
     <div
[39m
[31m+                    
         role="group"
[39m
[31m+                    
         
aria-label="Select role"
[39m
[31m+                    
         style={{
[39m
[31m+                    
             display: 
'flex',
[39m
[31m+                    
             background: 
'#F3F4F6',
[39m
[31m+                    
             
borderRadius: 8,
[39m
[31m+                    
             padding: 3,
[39m
[31m+                    
             
marginBottom: 18,
[39m
[31m+                    
         }}
[39m
[31m+                    
     >
[39m
[31m+                    
         {(['student', 
'teacher'] as 
const).map((r) => (
[39m
[31m+                    
             <button
[39m
[31m+                    
                 key={r}
[39m
[31m+                    
                 
type="button"
[39m
[31m+                    
                 
data-testid={`role-${r}`}
[39m
[31m+                    
                 
onClick={() => setRole(r)}
[39m
[31m+                    
                 
aria-pressed={role === r}
[39m
[31m+                    
                 style={{
[39m
[31m+                    
                     
flex: 1,
[39m
[31m+                    
                     
padding: '7px 0',
[39m
[31m+                    
                     
borderRadius: 6,
[39m
[31m+                    
                     
border: 'none',
[39m
[31m+                    
                     
cursor: 'pointer',
[39m
[31m+                    
                     
fontWeight: 600,
[39m
[31m+                    
                     
fontSize: '0.82rem',
[39m
[31m+                    
                     
transition: 'all 0.15s',
[39m
[31m+                    
                     
background: role === r ? 
'white' : 'transparent',
[39m
[31m+                    
                     
color: role === r ? 
'#FF5C1A' : '#6B7280',
[39m
[31m+                    
                     
boxShadow: role === r ? 
'0 1px 3px 
rgba(0,0,0,0.1)' : 'none',
[39m
[31m+                    
                 }}
[39m
[31m+                    
             >
[39m
[31m+                    
                 {r === 
'student' ? 'Student' : 
'Teacher'}
[39m
[31m+                    
             </button>
[39m
[31m+                    
         ))}
[39m
[31m+                    
     </div>
[39m
[31m+ 
[39m
[31m+                    
     {/* Error banner */}
[39m
[31m+                    
     {error && (
[39m
[31m+                    
         <div
[39m
[31m+                    
             role="alert"
[39m
[31m+                    
             data-testid="
error-message"
[39m
[31m+                    
             style={{
[39m
[31m+                    
                 
background: '#FEF2F2', 
border: '1px solid 
#FECACA',
[39m
[31m+                    
                 color: 
'#DC2626', borderRadius: 
7,
[39m
[31m+                    
                 padding: 
'9px 12px', marginBottom: 
14,
[39m
[31m+                    
                 
fontSize: '0.82rem', 
display: 'flex', 
alignItems: 'center', 
gap: 7,
[39m
[31m+                    
             }}
[39m
[31m+                    
         >
[39m
[31m+                    
             <svg 
width="14" height="14" 
viewBox="0 0 24 24" 
fill="none" 
stroke="currentColor" 
strokeWidth="2">
[39m
[31m+                    
                 <circle 
cx="12" cy="12" r="10" 
/><line x1="12" y1="8" 
x2="12" y2="12" /><line 
x1="12" y1="16" 
x2="12.01" y2="16" />
[39m
[31m+                    
             </svg>
[39m
[31m+                    
             {error}
[39m
[31m+                    
         </div>
[39m
[31m+                    
     )}
[39m
[31m+ 
[39m
[31m+                    
     <form 
onSubmit={handleSubmit} 
noValidate>
[39m
[31m+                    
         {/* Email */}
[39m
[31m+                    
         <div style={{ 
marginBottom: 13 }}>
[39m
[31m+                    
             <label 
htmlFor="email" style={{
[39m
[31m+                    
                 display: 
'block', fontSize: 
'0.82rem', fontWeight: 
500,
[39m
[31m+                    
                 color: 
'#374151', marginBottom: 
5,
[39m
[31m+                    
             }}>
[39m
[31m+                    
                 Email 
Address
[39m
[31m+                    
             </label>
[39m
[31m+                    
             <div 
style={{ position: 
'relative' }}>
[39m
[31m+                    
                 <Mail 
size={14} style={{
[39m
[31m+                    
                     
position: 'absolute', 
left: 11, top: '50%',
[39m
[31m+                    
                     
transform: 
'translateY(-50%)', 
color: '#9CA3AF', 
pointerEvents: 'none',
[39m
[31m+                    
                 }} />
[39m
[31m+                    
                 <input
[39m
[31m+                    
                     
id="email"
[39m
[31m+                    
                     
type="email"
[39m
[31m+                    
                     place
holder="name@example.com"
[39m
[31m+                    
                     
value={email}
[39m
[31m+                    
                     
onChange={(e) => 
setEmail(e.target.value)}
[39m
[31m+                    
                     
required
[39m
[31m+                    
                     
style={{
[39m
[31m+                    
                         
width: '100%', padding: 
'9px 12px 9px 34px',
[39m
[31m+                    
                         
background: 'white', 
border: '1px solid 
#D1D5DB',
[39m
[31m+                    
                         
borderRadius: 7, 
fontSize: '0.875rem', 
outline: 'none',
[39m
[31m+                    
                         
boxSizing: 'border-box', 
color: '#111827',
[39m
[31m+                    
                         
transition: 'border-color 
0.15s',
[39m
[31m+                    
                     }}
[39m
[31m+                    
                     
onFocus={e => (e.target.st
yle.borderColor = 
'#FF5C1A')}
[39m
[31m+                    
                     
onBlur={e => (e.target.sty
le.borderColor = 
'#D1D5DB')}
[39m
[31m+                    
                 />
[39m
[31m+                    
             </div>
[39m
[31m+                    
         </div>
[39m
[31m+ 
[39m
[31m+                    
         {/* Password */}
[39m
[31m+                    
         <div style={{ 
marginBottom: 16 }}>
[39m
[31m+                    
             <div 
style={{ display: 'flex', 
justifyContent: 
'space-between', 
alignItems: 'center', 
marginBottom: 5 }}>
[39m
[31m+                    
                 <label 
htmlFor="password" 
style={{ fontSize: 
'0.82rem', fontWeight: 
500, color: '#374151' }}>
[39m
[31m+                    
                     
Password
[39m
[31m+                    
                 </label>
[39m
[31m+                    
                 <button 
type="button" style={{
[39m
[31m+                    
                     
background: 'none', 
border: 'none', color: 
'#FF5C1A',
[39m
[31m+                    
                     
cursor: 'pointer', 
fontSize: '0.78rem', 
fontWeight: 500, padding: 
0,
[39m
[31m+                    
                 }}>
[39m
[31m+                    
                     
Forgot password?
[39m
[31m+                    
                 </button>
[39m
[31m+                    
             </div>
[39m
[31m+                    
             <div 
style={{ position: 
'relative' }}>
[39m
[31m+                    
                 <Lock 
size={14} style={{
[39m
[31m+                    
                     
position: 'absolute', 
left: 11, top: '50%',
[39m
[31m+                    
                     
transform: 
'translateY(-50%)', 
color: '#9CA3AF', 
pointerEvents: 'none',
[39m
[31m+                    
                 }} />
[39m
[31m+                    
                 <input
[39m
[31m+                    
                     
id="password"
[39m
[31m+                    
                     
type={showPassword ? 
'text' : 'password'}
[39m
[31m+                    
                     place
holder="ΓÇóΓÇóΓÇóΓÇóΓÇóΓÇó
ΓÇóΓÇó"
[39m
[31m+                    
                     
value={password}
[39m
[31m+                    
                     
onChange={(e) => setPasswo
rd(e.target.value)}
[39m
[31m+                    
                     
required
[39m
[31m+                    
                     
style={{
[39m
[31m+                    
                         
width: '100%', padding: 
'9px 36px 9px 34px',
[39m
[31m+                    
                         
background: 'white', 
border: '1px solid 
#D1D5DB',
[39m
[31m+                    
                         
borderRadius: 7, 
fontSize: '0.875rem', 
outline: 'none',
[39m
[31m+                    
                         
boxSizing: 'border-box', 
color: '#111827',
[39m
[31m+                    
                         
transition: 'border-color 
0.15s',
[39m
[31m+                    
                     }}
[39m
[31m+                    
                     
onFocus={e => (e.target.st
yle.borderColor = 
'#FF5C1A')}
[39m
[31m+                    
                     
onBlur={e => (e.target.sty
le.borderColor = 
'#D1D5DB')}
[39m
[31m+                    
                 />
[39m
[31m+                    
                 <button
[39m
[31m+                    
                     
type="button"
[39m
[31m+                    
                     
onClick={() => setShowPass
word(!showPassword)}
[39m
[31m+                    
                     
style={{
[39m
[31m+                    
                         
position: 'absolute', 
right: 10, top: '50%',
[39m
[31m+                    
                         
transform: 
'translateY(-50%)', 
background: 'none',
[39m
[31m+                    
                         
border: 'none', cursor: 
'pointer', color: 
'#9CA3AF', padding: 0,
[39m
[31m+                    
                     }}
[39m
[31m+                    
                 >
[39m
[31m+                    
                     
{showPassword ? <EyeOff 
size={14} /> : <Eye 
size={14} />}
[39m
[31m+                    
                 </button>
[39m
[31m+                    
             </div>
[39m
[31m+                    
         </div>
[39m
[31m+ 
[39m
[31m+                    
         {/* Sign In */}
[39m
[31m+                    
         <button
[39m
[31m+                    
             type="submit"
[39m
[31m+                    
             
disabled={submitting}
[39m
[31m+                    
             data-testid="
submit-button"
[39m
[31m+                    
             style={{
[39m
[31m+                    
                 width: 
'100%', padding: '10px',
[39m
[31m+                    
                 
background: submitting ? 
'#FDBA74' : '#FF5C1A',
[39m
[31m+                    
                 color: 
'white', border: 'none', 
borderRadius: 7,
[39m
[31m+                    
                 
fontWeight: 600, 
fontSize: '0.9rem',
[39m
[31m+                    
                 cursor: 
submitting ? 
'not-allowed' : 'pointer',
[39m
[31m+                    
                 
marginBottom: 14,
[39m
[31m+                    
                 display: 
'flex', alignItems: 
'center', justifyContent: 
'center', gap: 7,
[39m
[31m+                    
                 
transition: 'background 
0.15s',
[39m
[31m+                    
             }}
[39m
[31m+                    
             
onMouseEnter={e => { if 
(!submitting) 
(e.currentTarget as HTMLBu
ttonElement).style.backgro
und = '#E54E10'; }}
[39m
[31m+                    
             
onMouseLeave={e => { if 
(!submitting) 
(e.currentTarget as HTMLBu
ttonElement).style.backgro
und = '#FF5C1A'; }}
[39m
[31m+                    
         >
[39m
[31m+                    
             {submitting 
&& (
[39m
[31m+                    
                 <span
[39m
[31m+                    
                     data-
testid="loading-indicator"
[39m
[31m+                    
                     
style={{
[39m
[31m+                    
                         
width: 14, height: 14,
[39m
[31m+                    
                         
border: '2px solid 
rgba(255,255,255,0.35)',
[39m
[31m+                    
                         
borderTopColor: 'white', 
borderRadius: '50%',
[39m
[31m+                    
                         
display: 'inline-block',
[39m
[31m+                    
                         
animation: 'qm-spin 0.7s 
linear infinite',
[39m
[31m+                    
                     }}
[39m
[31m+                    
                 />
[39m
[31m+                    
             )}
[39m
[31m+                    
             {submitting 
? 'Signing inΓÇª' : 'Sign 
In'}
[39m
[31m+                    
         </button>
[39m
[31m+                    
     </form>
[39m
[31m+ 
[39m
[31m+                    
     {/* Divider */}
[39m
[31m+                    
     <div style={{ 
display: 'flex', 
alignItems: 'center', 
gap: 10, marginBottom: 12 
}}>
[39m
[31m+                    
         <div style={{ 
flex: 1, height: 1, 
background: '#E5E7EB' }} 
/>
[39m
[31m+                    
         <span style={{ 
color: '#9CA3AF', 
fontSize: '0.75rem', 
whiteSpace: 'nowrap' 
}}>Or continue with</span>
[39m
[31m+                    
         <div style={{ 
flex: 1, height: 1, 
background: '#E5E7EB' }} 
/>
[39m
[31m+                    
     </div>
[39m
[31m+ 
[39m
[31m+                    
     {/* Google */}
[39m
[31m+                    
     <button
[39m
[31m+                    
         type="button"
[39m
[31m+                    
         onClick={handleGo
ogleSignIn}
[39m
[31m+                    
         
disabled={submitting}
[39m
[31m+                    
         data-testid="goog
le-signin-button"
[39m
[31m+                    
         style={{
[39m
[31m+                    
             width: 
'100%', padding: '9px',
[39m
[31m+                    
             background: 
'white', border: '1px 
solid #E5E7EB',
[39m
[31m+                    
             
borderRadius: 7, 
fontWeight: 500, 
fontSize: '0.875rem',
[39m
[31m+                    
             cursor: 
loading ? 'not-allowed' : 
'pointer',
[39m
[31m+                    
             display: 
'flex', alignItems: 
'center', justifyContent: 
'center',
[39m
[31m+                    
             gap: 9, 
color: '#374151', 
marginBottom: 16,
[39m
[31m+                    
             transition: 
'border-color 0.15s, 
background 0.15s',
[39m
[31m+                    
         }}
[39m
[31m+                    
         onMouseEnter={e 
=> {
[39m
[31m+                    
             
(e.currentTarget as HTMLBu
ttonElement).style.backgro
und = '#F9FAFB';
[39m
[31m+                    
             
(e.currentTarget as HTMLBu
ttonElement).style.borderC
olor = '#D1D5DB';
[39m
[31m+                    
         }}
[39m
[31m+                    
         onMouseLeave={e 
=> {
[39m
[31m+                    
             
(e.currentTarget as HTMLBu
ttonElement).style.backgro
und = 'white';
[39m
[31m+                    
             
(e.currentTarget as HTMLBu
ttonElement).style.borderC
olor = '#E5E7EB';
[39m
[31m+                    
         }}
[39m
[31m+                    
     >
[39m
[31m+                    
         <svg width="17" 
height="17" viewBox="0 0 
18 18" fill="none">
[39m
[31m+                    
             <path 
d="M17.64 9.2c0-.637-.057-
1.251-.164-1.84H9v3.481h4.
844c-.209 1.125-.843 
2.078-1.796 2.717v2.258h2.
908c1.702-1.567 
2.684-3.875 2.684-6.615z" 
fill="#4285F4" />
[39m
[31m+                    
             <path d="M9 
18c2.43 0 4.467-.806 5.956
-2.18l-2.908-2.259c-.806.5
4-1.837.86-3.048.86-2.344 
0-4.328-1.584-5.036-3.711H
.957v2.332A8.997 8.997 0 
0 0 9 18z" fill="#34A853" 
/>
[39m
[31m+                    
             <path 
d="M3.964 10.71A5.41 5.41 
0 0 1 3.682 9c0-.593.102-1
.17.282-1.71V4.958H.957A8.
996 8.996 0 0 0 0 9c0 
1.452.348 2.827.957 
4.042l3.007-2.332z" 
fill="#FBBC05" />
[39m
[31m+                    
             <path d="M9 
3.58c1.321 0 2.508.454 
3.44 1.345l2.582-2.58C13.4
63.891 11.426 0 9 0A8.997 
8.997 0 0 0 .957 
4.958L3.964 7.29C4.672 
5.163 6.656 3.58 9 3.58z" 
fill="#EA4335" />
[39m
[31m+                    
         </svg>
[39m
[31m+                    
         Google
[39m
[31m+                    
     </button>
[39m
[31m+ 
[39m
[31m+                    
     {/* Sign up */}
[39m
[31m+                    
     <p style={{ 
textAlign: 'center', 
fontSize: '0.82rem', 
color: '#6B7280', margin: 
0 }}>
[39m
[31m+                    
         Don't have an 
account?{' '}
[39m
[31m+                    
         <Link
[39m
[31m+                    
             to="/signup"
[39m
[31m+                    
             
data-testid="signup-link"
[39m
[31m+                    
             style={{ 
color: '#FF5C1A', 
fontWeight: 600, 
textDecoration: 'none' }}
[39m
[31m+                    
         >
[39m
[31m+                    
             Create an 
account
[39m
[31m+                    
         </Link>
[39m
[31m+                    
     </p>
[39m
[31m+                    
 </div>
[39m
[31m+                 
</div>
[39m
[31m+ 
[39m
[31m+                 
{/* ΓöÇΓöÇ Footer ΓöÇΓöÇ 
*/}
[39m
[31m+                 
<footer style={{
[39m
[31m+                    
 flexShrink: 0,
[39m
[31m+                    
 minHeight: 44,
[39m
[31m+                    
 background: 'white',
[39m
[31m+                    
 borderTop: '1px solid 
#E5E7EB',
[39m
[31m+                    
 display: 'flex',
[39m
[31m+                    
 alignItems: 'center',
[39m
[31m+                    
 justifyContent: isMobile 
? 'center' : 
'space-between',
[39m
[31m+                    
 flexDirection: isMobile 
? 'column' : 'row',
[39m
[31m+                    
 padding: isMobile ? 
'12px 16px' : '0 28px',
[39m
[31m+                    
 gap: isMobile ? 8 : 0,
[39m
[31m+                    
 fontSize: '0.78rem',
[39m
[31m+                    
 color: '#9CA3AF',
[39m
[31m+                 }}>
[39m
[31m+                    
 <span>┬⌐ {new 
Date().getFullYear()} 
Quizly. All rights 
reserved.</span>
[39m
[31m+                    
 <div style={{ display: 
'flex', gap: 18 }}>
[39m
[31m+                    
     <Link to="/privacy" 
style={{ color: 
'#6B7280', 
textDecoration: 'none' 
}}>Privacy Policy</Link>
[39m
[31m+                    
     <Link to="/terms" 
style={{ color: 
'#6B7280', 
textDecoration: 'none' 
}}>Terms of Service</Link>
[39m
[31m+                    
 </div>
[39m
[31m+                 
</footer>
[39m
[31m+             </div>
[39m
[31m+ 
[39m
[31m+             
<style>{`
[39m
[31m+                 
@keyframes qm-spin { to { 
transform: 
rotate(360deg); } }
[39m
[31m+             
`}</style>
[39m
[31m+         </>
[39m
[31m+     );
[39m
[31m+ }
[39m
[31m+[39m

[36m [2mΓ¥»[22m src/pag
es/LoginPage.test.ts:[2m7
7:24[22m[39m
    [90m 75|[39m
    [90m 76|[39m     
[34mit[39m([32m'calls 
signIn on form 
submit'[39m[33m,[39m 
() [33m=>[39m {
    [90m 77|[39m        
 [34mexpect[39m(source)
[33m.[39m[34mtoContain[
39m([32m'signIn(email, pa
ssword)'[39m)[33m;[39m
    [90m   |[39m        
                
[31m^[39m
    [90m 78|[39m     
})[33m;[39m
    [90m 79|[39m

[31m[2mΓÄ»ΓÄ»ΓÄ»ΓÄ»ΓÄ»ΓÄ
»ΓÄ»ΓÄ»ΓÄ»ΓÄ»ΓÄ»ΓÄ»ΓÄ»ΓÄ»Γ
Ä»ΓÄ»ΓÄ»ΓÄ»ΓÄ»ΓÄ»ΓÄ»ΓÄ»[42
/75]ΓÄ»[22m[39m

[41m[1m FAIL [22m[49m 
src/pages/LoginPage.test.t
s[2m > [22mLoginPage 
ΓÇô source structure 
(Requirements 2.2, 2.3, 
2.4)[2m > [22mdisables 
submit button while 
loading
[31m[1mAssertionError[2
2m: expected 'import { 
useState, useEffect } 
from \ΓÇª' to contain 
'disabled={loading}'[39m

[32m- Expected[39m
[31m+ Received[39m

[32m- 
disabled={loading}[39m
[31m+ import { useState, 
useEffect } from 'react';
[39m
[31m+ import { 
useNavigate, Link } from 
'react-router-dom';
[39m
[31m+ import { Helmet } 
from 'react-helmet-async';
[39m
[31m+ import { Mail, 
Lock, Eye, EyeOff } from 
'lucide-react';
[39m
[31m+ import { useAuth } 
from 
'../contexts/AuthContext';
[39m
[31m+ import { 
getRedirectPath } from 
'../utils/scoring';
[39m
[31m+ import { 
useBreakpoint } from 
'../hooks/useBreakpoint';
[39m
[31m+ 
[39m
[31m+ function 
friendlyError(code: 
string): string {
[39m
[31m+     if (code.includ
es('invalid-credential') 
|| code.includes('wrong-pa
ssword') || code.includes(
'user-not-found')) {
[39m
[31m+         return 
'Incorrect email or 
password. Please try 
again.';
[39m
[31m+     }
[39m
[31m+     if (code.includ
es('too-many-requests')) {
[39m
[31m+         return 
'Too many failed 
attempts. Please wait a 
moment and try again.';
[39m
[31m+     }
[39m
[31m+     if (code.includ
es('user-disabled')) {
[39m
[31m+         return 
'This account has been 
disabled. Contact 
support.';
[39m
[31m+     }
[39m
[31m+     if (code.includ
es('network-request-failed
')) {
[39m
[31m+         return 
'Network error. Check 
your connection and try 
again.';
[39m
[31m+     }
[39m
[31m+     if (code.includ
es('popup-closed-by-user')
) {
[39m
[31m+         return 
'Sign-in popup was 
closed. Please try 
again.';
[39m
[31m+     }
[39m
[31m+     if 
(code.includes('not 
supported')) {
[39m
[31m+         return 
code;
[39m
[31m+     }
[39m
[31m+     return 
'Something went wrong. 
Please try again.';
[39m
[31m+ }
[39m
[31m+ 
[39m
[31m+ export function 
LoginPage() {
[39m
[31m+     const [email, 
setEmail] = useState('');
[39m
[31m+     const 
[password, setPassword] = 
useState('');
[39m
[31m+     const 
[showPassword, 
setShowPassword] = 
useState(false);
[39m
[31m+     const [error, 
setError] = useState('');
[39m
[31m+     const 
[submitting, 
setSubmitting] = 
useState(false);
[39m
[31m+     const [role, 
setRole] = 
useState<'student' | 
'teacher'>('student');
[39m
[31m+ 
[39m
[31m+     const { 
signIn, signInWithGoogle, 
user, userProfile, 
loading } = useAuth();
[39m
[31m+     const navigate 
= useNavigate();
[39m
[31m+     const { 
isMobile } = 
useBreakpoint();
[39m
[31m+ 
[39m
[31m+     useEffect(() 
=> {
[39m
[31m+         
document.title = 'Login 
ΓÇö Quizly';
[39m
[31m+         document.qu
erySelector('meta[name="de
scription"]')
[39m
[31m+             
?.setAttribute('content', 
'Sign in to your Quizly 
account. Access your 
teacher dashboard or 
student reports.');
[39m
[31m+     }, []);
[39m
[31m+ 
[39m
[31m+     useEffect(() 
=> {
[39m
[31m+         if (user 
&& userProfile && 
!loading) {
[39m
[31m+             navigat
e(getRedirectPath(userProf
ile.role), { replace: 
true });
[39m
[31m+         }
[39m
[31m+     }, [user, 
userProfile, loading, 
navigate]);
[39m
[31m+ 
[39m
[31m+     const 
handleSubmit = async (e: 
React.FormEvent) => {
[39m
[31m+         
e.preventDefault();
[39m
[31m+         
setError('');
[39m
[31m+         
setSubmitting(true);
[39m
[31m+         try {
[39m
[31m+             localSt
orage.setItem('userRole', 
role);
[39m
[31m+             const 
{ error: signInError } = 
await signIn(email, 
password, role);
[39m
[31m+             if 
(signInError) {
[39m
[31m+                 
const code = (signInError 
as { code?: string 
}).code ?? 
signInError.message ?? '';
[39m
[31m+                 set
Error(friendlyError(code))
;
[39m
[31m+             }
[39m
[31m+         } catch 
(err: any) {
[39m
[31m+             
setError(err.message || 
'An error occurred during 
sign in');
[39m
[31m+         } finally {
[39m
[31m+             
setSubmitting(false);
[39m
[31m+         }
[39m
[31m+     };
[39m
[31m+ 
[39m
[31m+     const 
handleGoogleSignIn = 
async () => {
[39m
[31m+         
setError('');
[39m
[31m+         
setSubmitting(true);
[39m
[31m+         try {
[39m
[31m+             localSt
orage.setItem('userRole', 
role);
[39m
[31m+             const 
{ error: googleError } = 
await signInWithGoogle();
[39m
[31m+             if 
(googleError) {
[39m
[31m+                 
const code = (googleError 
as { code?: string 
}).code ?? 
googleError.message ?? '';
[39m
[31m+                 set
Error(friendlyError(code))
;
[39m
[31m+             }
[39m
[31m+         } catch 
(err) {
[39m
[31m+             const 
code = (err as { code?: 
string }).code ?? (err 
instanceof Error ? 
err.message : '');
[39m
[31m+             setErro
r(friendlyError(code));
[39m
[31m+         } finally {
[39m
[31m+             
setSubmitting(false);
[39m
[31m+         }
[39m
[31m+     };
[39m
[31m+ 
[39m
[31m+     return (
[39m
[31m+         <>
[39m
[31m+             
<Helmet>
[39m
[31m+                 
<title>Log In ΓÇö 
Quizly</title>
[39m
[31m+                 
<meta name="description" 
content="Sign in to your 
Quizly account to manage 
quizzes and view student 
results." />
[39m
[31m+             
</Helmet>
[39m
[31m+ 
[39m
[31m+             {/* 
Full-viewport layout ΓÇö 
scrollable on mobile */}
[39m
[31m+             <div 
style={{
[39m
[31m+                 
minHeight: '100vh',
[39m
[31m+                 
display: 'flex',
[39m
[31m+                 
flexDirection: 'column',
[39m
[31m+                 
background: '#F3F4F6',
[39m
[31m+                 
fontFamily: "'Inter', 
-apple-system, 
BlinkMacSystemFont, 
sans-serif",
[39m
[31m+             }}>
[39m
[31m+                 
{/* ΓöÇΓöÇ Navbar ΓöÇΓöÇ 
*/}
[39m
[31m+                 
<header style={{
[39m
[31m+                    
 flexShrink: 0,
[39m
[31m+                    
 height: 52,
[39m
[31m+                    
 background: 'white',
[39m
[31m+                    
 borderBottom: '1px solid 
#E5E7EB',
[39m
[31m+                    
 display: 'flex',
[39m
[31m+                    
 alignItems: 'center',
[39m
[31m+                    
 justifyContent: 
'space-between',
[39m
[31m+                    
 padding: '0 28px',
[39m
[31m+                 }}>
[39m
[31m+                    
 <Link to="/" style={{ 
display: 'flex', 
alignItems: 'center', 
gap: 9, textDecoration: 
'none' }}>
[39m
[31m+                    
     {/* Logo mark */}
[39m
[31m+                    
     <div style={{
[39m
[31m+                    
         width: 30, 
height: 30, borderRadius: 
7,
[39m
[31m+                    
         background: 
'#FF5C1A',
[39m
[31m+                    
         display: 'flex', 
alignItems: 'center', 
justifyContent: 'center',
[39m
[31m+                    
         flexShrink: 0,
[39m
[31m+                    
     }}>
[39m
[31m+                    
         <svg width="15" 
height="15" viewBox="0 0 
20 20" fill="none">
[39m
[31m+                    
             <path d="M3 
5h14M3 10h14M3 15h8" 
stroke="white" 
strokeWidth="2.2" 
strokeLinecap="round" />
[39m
[31m+                    
         </svg>
[39m
[31m+                    
     </div>
[39m
[31m+                    
     <span style={{ 
fontWeight: 700, 
fontSize: '1rem', color: 
'#111827', letterSpacing: 
'-0.2px' }}>
[39m
[31m+                    
         Quizly
[39m
[31m+                    
     </span>
[39m
[31m+                    
 </Link>
[39m
[31m+                    
 <a
[39m
[31m+                    
     href="#"
[39m
[31m+                    
     style={{ fontSize: 
'0.85rem', color: 
'#6B7280', 
textDecoration: 'none', 
fontWeight: 500 }}
[39m
[31m+                    
     onMouseEnter={e => (e
.currentTarget.style.color
 = '#111827')}
[39m
[31m+                    
     onMouseLeave={e => (e
.currentTarget.style.color
 = '#6B7280')}
[39m
[31m+                    
 >
[39m
[31m+                    
     Help Center
[39m
[31m+                    
 </a>
[39m
[31m+                 
</header>
[39m
[31m+ 
[39m
[31m+                 
{/* ΓöÇΓöÇ Body ΓöÇΓöÇ */}
[39m
[31m+                 
<div style={{
[39m
[31m+                    
 flex: 1,
[39m
[31m+                    
 display: 'flex',
[39m
[31m+                    
 alignItems: 'center',
[39m
[31m+                    
 justifyContent: 'center',
[39m
[31m+                    
 gap: 40,
[39m
[31m+                    
 padding: isMobile ? 
'24px 16px' : '0 24px',
[39m
[31m+                 }}>
[39m
[31m+                    
 {/* Left ΓÇö 
illustration + copy 
(hidden on mobile) */}
[39m
[31m+                    
 {!isMobile && <div 
style={{
[39m
[31m+                    
     flex: '0 1 380px',
[39m
[31m+                    
     display: 'flex',
[39m
[31m+                    
     flexDirection: 
'column',
[39m
[31m+                    
     gap: 20,
[39m
[31m+                    
 }}>
[39m
[31m+                    
     <div style={{
[39m
[31m+                    
         borderRadius: 14,
[39m
[31m+                    
         overflow: 
'hidden',
[39m
[31m+                    
         background: 
'#FDE8DC',
[39m
[31m+                    
         aspectRatio: 
'4/3',
[39m
[31m+                    
         maxHeight: 260,
[39m
[31m+                    
     }}>
[39m
[31m+                    
         <img
[39m
[31m+                    
             src="https://
images.unsplash.com/photo-
1434030216411-0b793f4b4173
?w=800&q=80"
[39m
[31m+                    
             alt="Student 
studying"
[39m
[31m+                    
             style={{ 
width: '100%', height: 
'100%', objectFit: 
'cover', display: 'block' 
}}
[39m
[31m+                    
         />
[39m
[31m+                    
     </div>
[39m
[31m+                    
     <div>
[39m
[31m+                    
         <h2 style={{
[39m
[31m+                    
             fontSize: 
'1.55rem', fontWeight: 
800, color: '#111827',
[39m
[31m+                    
             margin: '0 0 
8px', lineHeight: 1.25,
[39m
[31m+                    
         }}>
[39m
[31m+                    
             Master your 
subjects with interactive 
quizzes.
[39m
[31m+                    
         </h2>
[39m
[31m+                    
         <p style={{ 
fontSize: '0.9rem', 
color: '#6B7280', margin: 
0, lineHeight: 1.6 }}>
[39m
[31m+                    
             Join over 
10,000 students and 
teachers worldwide in the 
ultimate learning journey 
with Quizly.
[39m
[31m+                    
         </p>
[39m
[31m+                    
     </div>
[39m
[31m+                    
 </div>}
[39m
[31m+ 
[39m
[31m+                    
 {/* Right ΓÇö form card 
*/}
[39m
[31m+                    
 <div style={{
[39m
[31m+                    
     flex: '0 1 360px',
[39m
[31m+                    
     background: 'white',
[39m
[31m+                    
     borderRadius: 14,
[39m
[31m+                    
     padding: '28px 28px 
24px',
[39m
[31m+                    
     boxShadow: '0 2px 
16px rgba(0,0,0,0.07)',
[39m
[31m+                    
 }}>
[39m
[31m+                    
     <h1 style={{ 
fontSize: '1.35rem', 
fontWeight: 700, color: 
'#111827', margin: '0 0 
4px' }}>
[39m
[31m+                    
         Welcome Back
[39m
[31m+                    
     </h1>
[39m
[31m+                    
     <p style={{ 
fontSize: '0.82rem', 
color: '#9CA3AF', margin: 
'0 0 18px' }}>
[39m
[31m+                    
         Please enter 
your details to sign in
[39m
[31m+                    
     </p>
[39m
[31m+ 
[39m
[31m+                    
     {/* Role toggle */}
[39m
[31m+                    
     <div
[39m
[31m+                    
         role="group"
[39m
[31m+                    
         
aria-label="Select role"
[39m
[31m+                    
         style={{
[39m
[31m+                    
             display: 
'flex',
[39m
[31m+                    
             background: 
'#F3F4F6',
[39m
[31m+                    
             
borderRadius: 8,
[39m
[31m+                    
             padding: 3,
[39m
[31m+                    
             
marginBottom: 18,
[39m
[31m+                    
         }}
[39m
[31m+                    
     >
[39m
[31m+                    
         {(['student', 
'teacher'] as 
const).map((r) => (
[39m
[31m+                    
             <button
[39m
[31m+                    
                 key={r}
[39m
[31m+                    
                 
type="button"
[39m
[31m+                    
                 
data-testid={`role-${r}`}
[39m
[31m+                    
                 
onClick={() => setRole(r)}
[39m
[31m+                    
                 
aria-pressed={role === r}
[39m
[31m+                    
                 style={{
[39m
[31m+                    
                     
flex: 1,
[39m
[31m+                    
                     
padding: '7px 0',
[39m
[31m+                    
                     
borderRadius: 6,
[39m
[31m+                    
                     
border: 'none',
[39m
[31m+                    
                     
cursor: 'pointer',
[39m
[31m+                    
                     
fontWeight: 600,
[39m
[31m+                    
                     
fontSize: '0.82rem',
[39m
[31m+                    
                     
transition: 'all 0.15s',
[39m
[31m+                    
                     
background: role === r ? 
'white' : 'transparent',
[39m
[31m+                    
                     
color: role === r ? 
'#FF5C1A' : '#6B7280',
[39m
[31m+                    
                     
boxShadow: role === r ? 
'0 1px 3px 
rgba(0,0,0,0.1)' : 'none',
[39m
[31m+                    
                 }}
[39m
[31m+                    
             >
[39m
[31m+                    
                 {r === 
'student' ? 'Student' : 
'Teacher'}
[39m
[31m+                    
             </button>
[39m
[31m+                    
         ))}
[39m
[31m+                    
     </div>
[39m
[31m+ 
[39m
[31m+                    
     {/* Error banner */}
[39m
[31m+                    
     {error && (
[39m
[31m+                    
         <div
[39m
[31m+                    
             role="alert"
[39m
[31m+                    
             data-testid="
error-message"
[39m
[31m+                    
             style={{
[39m
[31m+                    
                 
background: '#FEF2F2', 
border: '1px solid 
#FECACA',
[39m
[31m+                    
                 color: 
'#DC2626', borderRadius: 
7,
[39m
[31m+                    
                 padding: 
'9px 12px', marginBottom: 
14,
[39m
[31m+                    
                 
fontSize: '0.82rem', 
display: 'flex', 
alignItems: 'center', 
gap: 7,
[39m
[31m+                    
             }}
[39m
[31m+                    
         >
[39m
[31m+                    
             <svg 
width="14" height="14" 
viewBox="0 0 24 24" 
fill="none" 
stroke="currentColor" 
strokeWidth="2">
[39m
[31m+                    
                 <circle 
cx="12" cy="12" r="10" 
/><line x1="12" y1="8" 
x2="12" y2="12" /><line 
x1="12" y1="16" 
x2="12.01" y2="16" />
[39m
[31m+                    
             </svg>
[39m
[31m+                    
             {error}
[39m
[31m+                    
         </div>
[39m
[31m+                    
     )}
[39m
[31m+ 
[39m
[31m+                    
     <form 
onSubmit={handleSubmit} 
noValidate>
[39m
[31m+                    
         {/* Email */}
[39m
[31m+                    
         <div style={{ 
marginBottom: 13 }}>
[39m
[31m+                    
             <label 
htmlFor="email" style={{
[39m
[31m+                    
                 display: 
'block', fontSize: 
'0.82rem', fontWeight: 
500,
[39m
[31m+                    
                 color: 
'#374151', marginBottom: 
5,
[39m
[31m+                    
             }}>
[39m
[31m+                    
                 Email 
Address
[39m
[31m+                    
             </label>
[39m
[31m+                    
             <div 
style={{ position: 
'relative' }}>
[39m
[31m+                    
                 <Mail 
size={14} style={{
[39m
[31m+                    
                     
position: 'absolute', 
left: 11, top: '50%',
[39m
[31m+                    
                     
transform: 
'translateY(-50%)', 
color: '#9CA3AF', 
pointerEvents: 'none',
[39m
[31m+                    
                 }} />
[39m
[31m+                    
                 <input
[39m
[31m+                    
                     
id="email"
[39m
[31m+                    
                     
type="email"
[39m
[31m+                    
                     place
holder="name@example.com"
[39m
[31m+                    
                     
value={email}
[39m
[31m+                    
                     
onChange={(e) => 
setEmail(e.target.value)}
[39m
[31m+                    
                     
required
[39m
[31m+                    
                     
style={{
[39m
[31m+                    
                         
width: '100%', padding: 
'9px 12px 9px 34px',
[39m
[31m+                    
                         
background: 'white', 
border: '1px solid 
#D1D5DB',
[39m
[31m+                    
                         
borderRadius: 7, 
fontSize: '0.875rem', 
outline: 'none',
[39m
[31m+                    
                         
boxSizing: 'border-box', 
color: '#111827',
[39m
[31m+                    
                         
transition: 'border-color 
0.15s',
[39m
[31m+                    
                     }}
[39m
[31m+                    
                     
onFocus={e => (e.target.st
yle.borderColor = 
'#FF5C1A')}
[39m
[31m+                    
                     
onBlur={e => (e.target.sty
le.borderColor = 
'#D1D5DB')}
[39m
[31m+                    
                 />
[39m
[31m+                    
             </div>
[39m
[31m+                    
         </div>
[39m
[31m+ 
[39m
[31m+                    
         {/* Password */}
[39m
[31m+                    
         <div style={{ 
marginBottom: 16 }}>
[39m
[31m+                    
             <div 
style={{ display: 'flex', 
justifyContent: 
'space-between', 
alignItems: 'center', 
marginBottom: 5 }}>
[39m
[31m+                    
                 <label 
htmlFor="password" 
style={{ fontSize: 
'0.82rem', fontWeight: 
500, color: '#374151' }}>
[39m
[31m+                    
                     
Password
[39m
[31m+                    
                 </label>
[39m
[31m+                    
                 <button 
type="button" style={{
[39m
[31m+                    
                     
background: 'none', 
border: 'none', color: 
'#FF5C1A',
[39m
[31m+                    
                     
cursor: 'pointer', 
fontSize: '0.78rem', 
fontWeight: 500, padding: 
0,
[39m
[31m+                    
                 }}>
[39m
[31m+                    
                     
Forgot password?
[39m
[31m+                    
                 </button>
[39m
[31m+                    
             </div>
[39m
[31m+                    
             <div 
style={{ position: 
'relative' }}>
[39m
[31m+                    
                 <Lock 
size={14} style={{
[39m
[31m+                    
                     
position: 'absolute', 
left: 11, top: '50%',
[39m
[31m+                    
                     
transform: 
'translateY(-50%)', 
color: '#9CA3AF', 
pointerEvents: 'none',
[39m
[31m+                    
                 }} />
[39m
[31m+                    
                 <input
[39m
[31m+                    
                     
id="password"
[39m
[31m+                    
                     
type={showPassword ? 
'text' : 'password'}
[39m
[31m+                    
                     place
holder="ΓÇóΓÇóΓÇóΓÇóΓÇóΓÇó
ΓÇóΓÇó"
[39m
[31m+                    
                     
value={password}
[39m
[31m+                    
                     
onChange={(e) => setPasswo
rd(e.target.value)}
[39m
[31m+                    
                     
required
[39m
[31m+                    
                     
style={{
[39m
[31m+                    
                         
width: '100%', padding: 
'9px 36px 9px 34px',
[39m
[31m+                    
                         
background: 'white', 
border: '1px solid 
#D1D5DB',
[39m
[31m+                    
                         
borderRadius: 7, 
fontSize: '0.875rem', 
outline: 'none',
[39m
[31m+                    
                         
boxSizing: 'border-box', 
color: '#111827',
[39m
[31m+                    
                         
transition: 'border-color 
0.15s',
[39m
[31m+                    
                     }}
[39m
[31m+                    
                     
onFocus={e => (e.target.st
yle.borderColor = 
'#FF5C1A')}
[39m
[31m+                    
                     
onBlur={e => (e.target.sty
le.borderColor = 
'#D1D5DB')}
[39m
[31m+                    
                 />
[39m
[31m+                    
                 <button
[39m
[31m+                    
                     
type="button"
[39m
[31m+                    
                     
onClick={() => setShowPass
word(!showPassword)}
[39m
[31m+                    
                     
style={{
[39m
[31m+                    
                         
position: 'absolute', 
right: 10, top: '50%',
[39m
[31m+                    
                         
transform: 
'translateY(-50%)', 
background: 'none',
[39m
[31m+                    
                         
border: 'none', cursor: 
'pointer', color: 
'#9CA3AF', padding: 0,
[39m
[31m+                    
                     }}
[39m
[31m+                    
                 >
[39m
[31m+                    
                     
{showPassword ? <EyeOff 
size={14} /> : <Eye 
size={14} />}
[39m
[31m+                    
                 </button>
[39m
[31m+                    
             </div>
[39m
[31m+                    
         </div>
[39m
[31m+ 
[39m
[31m+                    
         {/* Sign In */}
[39m
[31m+                    
         <button
[39m
[31m+                    
             type="submit"
[39m
[31m+                    
             
disabled={submitting}
[39m
[31m+                    
             data-testid="
submit-button"
[39m
[31m+                    
             style={{
[39m
[31m+                    
                 width: 
'100%', padding: '10px',
[39m
[31m+                    
                 
background: submitting ? 
'#FDBA74' : '#FF5C1A',
[39m
[31m+                    
                 color: 
'white', border: 'none', 
borderRadius: 7,
[39m
[31m+                    
                 
fontWeight: 600, 
fontSize: '0.9rem',
[39m
[31m+                    
                 cursor: 
submitting ? 
'not-allowed' : 'pointer',
[39m
[31m+                    
                 
marginBottom: 14,
[39m
[31m+                    
                 display: 
'flex', alignItems: 
'center', justifyContent: 
'center', gap: 7,
[39m
[31m+                    
                 
transition: 'background 
0.15s',
[39m
[31m+                    
             }}
[39m
[31m+                    
             
onMouseEnter={e => { if 
(!submitting) 
(e.currentTarget as HTMLBu
ttonElement).style.backgro
und = '#E54E10'; }}
[39m
[31m+                    
             
onMouseLeave={e => { if 
(!submitting) 
(e.currentTarget as HTMLBu
ttonElement).style.backgro
und = '#FF5C1A'; }}
[39m
[31m+                    
         >
[39m
[31m+                    
             {submitting 
&& (
[39m
[31m+                    
                 <span
[39m
[31m+                    
                     data-
testid="loading-indicator"
[39m
[31m+                    
                     
style={{
[39m
[31m+                    
                         
width: 14, height: 14,
[39m
[31m+                    
                         
border: '2px solid 
rgba(255,255,255,0.35)',
[39m
[31m+                    
                         
borderTopColor: 'white', 
borderRadius: '50%',
[39m
[31m+                    
                         
display: 'inline-block',
[39m
[31m+                    
                         
animation: 'qm-spin 0.7s 
linear infinite',
[39m
[31m+                    
                     }}
[39m
[31m+                    
                 />
[39m
[31m+                    
             )}
[39m
[31m+                    
             {submitting 
? 'Signing inΓÇª' : 'Sign 
In'}
[39m
[31m+                    
         </button>
[39m
[31m+                    
     </form>
[39m
[31m+ 
[39m
[31m+                    
     {/* Divider */}
[39m
[31m+                    
     <div style={{ 
display: 'flex', 
alignItems: 'center', 
gap: 10, marginBottom: 12 
}}>
[39m
[31m+                    
         <div style={{ 
flex: 1, height: 1, 
background: '#E5E7EB' }} 
/>
[39m
[31m+                    
         <span style={{ 
color: '#9CA3AF', 
fontSize: '0.75rem', 
whiteSpace: 'nowrap' 
}}>Or continue with</span>
[39m
[31m+                    
         <div style={{ 
flex: 1, height: 1, 
background: '#E5E7EB' }} 
/>
[39m
[31m+                    
     </div>
[39m
[31m+ 
[39m
[31m+                    
     {/* Google */}
[39m
[31m+                    
     <button
[39m
[31m+                    
         type="button"
[39m
[31m+                    
         onClick={handleGo
ogleSignIn}
[39m
[31m+                    
         
disabled={submitting}
[39m
[31m+                    
         data-testid="goog
le-signin-button"
[39m
[31m+                    
         style={{
[39m
[31m+                    
             width: 
'100%', padding: '9px',
[39m
[31m+                    
             background: 
'white', border: '1px 
solid #E5E7EB',
[39m
[31m+                    
             
borderRadius: 7, 
fontWeight: 500, 
fontSize: '0.875rem',
[39m
[31m+                    
             cursor: 
loading ? 'not-allowed' : 
'pointer',
[39m
[31m+                    
             display: 
'flex', alignItems: 
'center', justifyContent: 
'center',
[39m
[31m+                    
             gap: 9, 
color: '#374151', 
marginBottom: 16,
[39m
[31m+                    
             transition: 
'border-color 0.15s, 
background 0.15s',
[39m
[31m+                    
         }}
[39m
[31m+                    
         onMouseEnter={e 
=> {
[39m
[31m+                    
             
(e.currentTarget as HTMLBu
ttonElement).style.backgro
und = '#F9FAFB';
[39m
[31m+                    
             
(e.currentTarget as HTMLBu
ttonElement).style.borderC
olor = '#D1D5DB';
[39m
[31m+                    
         }}
[39m
[31m+                    
         onMouseLeave={e 
=> {
[39m
[31m+                    
             
(e.currentTarget as HTMLBu
ttonElement).style.backgro
und = 'white';
[39m
[31m+                    
             
(e.currentTarget as HTMLBu
ttonElement).style.borderC
olor = '#E5E7EB';
[39m
[31m+                    
         }}
[39m
[31m+                    
     >
[39m
[31m+                    
         <svg width="17" 
height="17" viewBox="0 0 
18 18" fill="none">
[39m
[31m+                    
             <path 
d="M17.64 9.2c0-.637-.057-
1.251-.164-1.84H9v3.481h4.
844c-.209 1.125-.843 
2.078-1.796 2.717v2.258h2.
908c1.702-1.567 
2.684-3.875 2.684-6.615z" 
fill="#4285F4" />
[39m
[31m+                    
             <path d="M9 
18c2.43 0 4.467-.806 5.956
-2.18l-2.908-2.259c-.806.5
4-1.837.86-3.048.86-2.344 
0-4.328-1.584-5.036-3.711H
.957v2.332A8.997 8.997 0 
0 0 9 18z" fill="#34A853" 
/>
[39m
[31m+                    
             <path 
d="M3.964 10.71A5.41 5.41 
0 0 1 3.682 9c0-.593.102-1
.17.282-1.71V4.958H.957A8.
996 8.996 0 0 0 0 9c0 
1.452.348 2.827.957 
4.042l3.007-2.332z" 
fill="#FBBC05" />
[39m
[31m+                    
             <path d="M9 
3.58c1.321 0 2.508.454 
3.44 1.345l2.582-2.58C13.4
63.891 11.426 0 9 0A8.997 
8.997 0 0 0 .957 
4.958L3.964 7.29C4.672 
5.163 6.656 3.58 9 3.58z" 
fill="#EA4335" />
[39m
[31m+                    
         </svg>
[39m
[31m+                    
         Google
[39m
[31m+                    
     </button>
[39m
[31m+ 
[39m
[31m+                    
     {/* Sign up */}
[39m
[31m+                    
     <p style={{ 
textAlign: 'center', 
fontSize: '0.82rem', 
color: '#6B7280', margin: 
0 }}>
[39m
[31m+                    
         Don't have an 
account?{' '}
[39m
[31m+                    
         <Link
[39m
[31m+                    
             to="/signup"
[39m
[31m+                    
             
data-testid="signup-link"
[39m
[31m+                    
             style={{ 
color: '#FF5C1A', 
fontWeight: 600, 
textDecoration: 'none' }}
[39m
[31m+                    
         >
[39m
[31m+                    
             Create an 
account
[39m
[31m+                    
         </Link>
[39m
[31m+                    
     </p>
[39m
[31m+                    
 </div>
[39m
[31m+                 
</div>
[39m
[31m+ 
[39m
[31m+                 
{/* ΓöÇΓöÇ Footer ΓöÇΓöÇ 
*/}
[39m
[31m+                 
<footer style={{
[39m
[31m+                    
 flexShrink: 0,
[39m
[31m+                    
 minHeight: 44,
[39m
[31m+                    
 background: 'white',
[39m
[31m+                    
 borderTop: '1px solid 
#E5E7EB',
[39m
[31m+                    
 display: 'flex',
[39m
[31m+                    
 alignItems: 'center',
[39m
[31m+                    
 justifyContent: isMobile 
? 'center' : 
'space-between',
[39m
[31m+                    
 flexDirection: isMobile 
? 'column' : 'row',
[39m
[31m+                    
 padding: isMobile ? 
'12px 16px' : '0 28px',
[39m
[31m+                    
 gap: isMobile ? 8 : 0,
[39m
[31m+                    
 fontSize: '0.78rem',
[39m
[31m+                    
 color: '#9CA3AF',
[39m
[31m+                 }}>
[39m
[31m+                    
 <span>┬⌐ {new 
Date().getFullYear()} 
Quizly. All rights 
reserved.</span>
[39m
[31m+                    
 <div style={{ display: 
'flex', gap: 18 }}>
[39m
[31m+                    
     <Link to="/privacy" 
style={{ color: 
'#6B7280', 
textDecoration: 'none' 
}}>Privacy Policy</Link>
[39m
[31m+                    
     <Link to="/terms" 
style={{ color: 
'#6B7280', 
textDecoration: 'none' 
}}>Terms of Service</Link>
[39m
[31m+                    
 </div>
[39m
[31m+                 
</footer>
[39m
[31m+             </div>
[39m
[31m+ 
[39m
[31m+             
<style>{`
[39m
[31m+                 
@keyframes qm-spin { to { 
transform: 
rotate(360deg); } }
[39m
[31m+             
`}</style>
[39m
[31m+         </>
[39m
[31m+     );
[39m
[31m+ }
[39m
[31m+[39m

[36m [2mΓ¥»[22m src/pag
es/LoginPage.test.ts:[2m8
1:24[22m[39m
    [90m 79|[39m
    [90m 80|[39m     [3
4mit[39m([32m'disables 
submit button while 
loading'[39m[33m,[39m 
() [33m=>[39m {
    [90m 81|[39m        
 [34mexpect[39m(source)
[33m.[39m[34mtoContain[
39m([32m'disabled={loadin
g}'[39m)[33m;[39m
    [90m   |[39m        
                
[31m^[39m
    [90m 82|[39m     
})[33m;[39m
    [90m 83|[39m

[31m[2mΓÄ»ΓÄ»ΓÄ»ΓÄ»ΓÄ»ΓÄ
»ΓÄ»ΓÄ»ΓÄ»ΓÄ»ΓÄ»ΓÄ»ΓÄ»ΓÄ»Γ
Ä»ΓÄ»ΓÄ»ΓÄ»ΓÄ»ΓÄ»ΓÄ»ΓÄ»[43
/75]ΓÄ»[22m[39m

[41m[1m FAIL [22m[49m 
src/pages/MyQuizzes.test.t
s[2m > [22mfilterQuizzes
BySearch[2m > 
[22mProperty 1 ΓÇô every 
result title contains the 
query (case-insensitive)
[31m[1mError[22m: 
Property failed after 1 
tests
{ seed: 1054998325, path: 
"0:0:0:0", endOnFailure: 
true }
Counterexample: [[]," "]
Shrunk 3 time(s)

Hint: Enable verbose mode 
in order to have the list 
of all failing values 
encountered during the 
run[39m
[90m [2mΓ¥»[22m 
buildError node_modules/fa
st-check/lib/fast-check.js
:[2m2434:16[22m[39m
[90m [2mΓ¥»[22m 
throwIfFailed node_modules
/fast-check/lib/fast-check
.js:[2m2441:8[22m[39m
[90m [2mΓ¥»[22m 
reportRunDetails node_modu
les/fast-check/lib/fast-ch
eck.js:[2m2457:14[22m[3
9m
[90m [2mΓ¥»[22m 
Proxy.assert node_modules/
fast-check/lib/fast-check.
js:[2m2514:7[22m[39m
[36m [2mΓ¥»[22m src/pag
es/MyQuizzes.test.ts:[2m2
4:12[22m[39m
    [90m 22|[39m [34mde
scribe[39m([32m'filterQu
izzesBySearch'[39m[33m,
[39m () [33m=>[39m {
    [90m 23|[39m     
it('Property 1 ΓÇô every 
result title contains the 
query (case-insenΓÇª
    [90m 24|[39m        
 fc[33m.[39m[34massert
[39m(
    [90m   |[39m        
    [31m^[39m
    [90m 25|[39m        
     fc[33m.[39m[34mpro
perty[39m(
    [90m 26|[39m        
         
quizArrayArb[33m,[39m

[31m[1mCaused by: 
TypeError[22m: 
filterQuizzesBySearch is 
not a function[39m
[36m [2mΓ¥»[22m src/pag
es/MyQuizzes.test.ts:[2m2
9:37[22m[39m
[90m [2mΓ¥»[22m 
Property.predicate node_mo
dules/fast-check/lib/fast-
check.js:[2m1329:99[22m
[39m
[90m [2mΓ¥»[22m 
Property.run node_modules/
fast-check/lib/fast-check.
js:[2m1298:24[22m[39m
[90m [2mΓ¥»[22m runIt n
ode_modules/fast-check/lib
/fast-check.js:[2m2477:24
[22m[39m
[90m [2mΓ¥»[22m check n
ode_modules/fast-check/lib
/fast-check.js:[2m2509:20
4[22m[39m
[90m [2mΓ¥»[22m 
Proxy.assert node_modules/
fast-check/lib/fast-check.
js:[2m2512:14[22m[39m
[90m [2mΓ¥»[22m src/pag
es/MyQuizzes.test.ts:[2m2
4:12[22m[39m

[31m[2mΓÄ»ΓÄ»ΓÄ»ΓÄ»ΓÄ»ΓÄ
»ΓÄ»ΓÄ»ΓÄ»ΓÄ»ΓÄ»ΓÄ»ΓÄ»ΓÄ»Γ
Ä»ΓÄ»ΓÄ»ΓÄ»ΓÄ»ΓÄ»ΓÄ»ΓÄ»[44
/75]ΓÄ»[22m[39m

[41m[1m FAIL [22m[49m 
src/pages/MyQuizzes.test.t
s[2m > [22mfilterQuizzes
ByStatus[2m > 
[22mProperty 2 ΓÇô every 
result matches the active 
status when filter is 
"active"
[31m[1mError[22m: 
Property failed after 1 
tests
{ seed: 763901939, path: 
"0:0", endOnFailure: true 
}
Counterexample: [[]]
Shrunk 1 time(s)

Hint: Enable verbose mode 
in order to have the list 
of all failing values 
encountered during the 
run[39m
[90m [2mΓ¥»[22m 
buildError node_modules/fa
st-check/lib/fast-check.js
:[2m2434:16[22m[39m
[90m [2mΓ¥»[22m 
throwIfFailed node_modules
/fast-check/lib/fast-check
.js:[2m2441:8[22m[39m
[90m [2mΓ¥»[22m 
reportRunDetails node_modu
les/fast-check/lib/fast-ch
eck.js:[2m2457:14[22m[3
9m
[90m [2mΓ¥»[22m 
Proxy.assert node_modules/
fast-check/lib/fast-check.
js:[2m2514:7[22m[39m
[36m [2mΓ¥»[22m src/pag
es/MyQuizzes.test.ts:[2m4
4:12[22m[39m
    [90m 42|[39m [34mde
scribe[39m([32m'filterQu
izzesByStatus'[39m[33m,
[39m () [33m=>[39m {
    [90m 43|[39m     
it('Property 2 ΓÇô every 
result matches the active 
status when filteΓÇª
    [90m 44|[39m        
 fc[33m.[39m[34massert
[39m(
    [90m   |[39m        
    [31m^[39m
    [90m 45|[39m        
     fc[33m.[39m[34mpro
perty[39m(quizArrayArb[3
3m,[39m (quizzes) 
[33m=>[39m {
    [90m 46|[39m        
         const results = f
ilterQuizzesByStatus(quizz
es, 'activeΓÇª

[31m[1mCaused by: 
TypeError[22m: 
filterQuizzesByStatus is 
not a function[39m
[36m [2mΓ¥»[22m src/pag
es/MyQuizzes.test.ts:[2m4
6:33[22m[39m
[90m [2mΓ¥»[22m 
Property.predicate node_mo
dules/fast-check/lib/fast-
check.js:[2m1329:99[22m
[39m
[90m [2mΓ¥»[22m 
Property.run node_modules/
fast-check/lib/fast-check.
js:[2m1298:24[22m[39m
[90m [2mΓ¥»[22m runIt n
ode_modules/fast-check/lib
/fast-check.js:[2m2477:24
[22m[39m
[90m [2mΓ¥»[22m check n
ode_modules/fast-check/lib
/fast-check.js:[2m2509:20
4[22m[39m
[90m [2mΓ¥»[22m 
Proxy.assert node_modules/
fast-check/lib/fast-check.
js:[2m2512:14[22m[39m
[90m [2mΓ¥»[22m src/pag
es/MyQuizzes.test.ts:[2m4
4:12[22m[39m

[31m[2mΓÄ»ΓÄ»ΓÄ»ΓÄ»ΓÄ»ΓÄ
»ΓÄ»ΓÄ»ΓÄ»ΓÄ»ΓÄ»ΓÄ»ΓÄ»ΓÄ»Γ
Ä»ΓÄ»ΓÄ»ΓÄ»ΓÄ»ΓÄ»ΓÄ»ΓÄ»[45
/75]ΓÄ»[22m[39m

[41m[1m FAIL [22m[49m 
src/pages/MyQuizzes.test.t
s[2m > [22mfilterQuizzes
ByStatus[2m > 
[22mProperty 2 ΓÇô every 
result matches the draft 
status when filter is 
"draft"
[31m[1mError[22m: 
Property failed after 1 
tests
{ seed: -528536727, path: 
"0:0", endOnFailure: true 
}
Counterexample: [[]]
Shrunk 1 time(s)

Hint: Enable verbose mode 
in order to have the list 
of all failing values 
encountered during the 
run[39m
[90m [2mΓ¥»[22m 
buildError node_modules/fa
st-check/lib/fast-check.js
:[2m2434:16[22m[39m
[90m [2mΓ¥»[22m 
throwIfFailed node_modules
/fast-check/lib/fast-check
.js:[2m2441:8[22m[39m
[90m [2mΓ¥»[22m 
reportRunDetails node_modu
les/fast-check/lib/fast-ch
eck.js:[2m2457:14[22m[3
9m
[90m [2mΓ¥»[22m 
Proxy.assert node_modules/
fast-check/lib/fast-check.
js:[2m2514:7[22m[39m
[36m [2mΓ¥»[22m src/pag
es/MyQuizzes.test.ts:[2m5
4:12[22m[39m
    [90m 52|[39m
    [90m 53|[39m     
it('Property 2 ΓÇô every 
result matches the draft 
status when filterΓÇª
    [90m 54|[39m        
 fc[33m.[39m[34massert
[39m(
    [90m   |[39m        
    [31m^[39m
    [90m 55|[39m        
     fc[33m.[39m[34mpro
perty[39m(quizArrayArb[3
3m,[39m (quizzes) 
[33m=>[39m {
    [90m 56|[39m        
         const results = f
ilterQuizzesByStatus(quizz
es, 'draft'ΓÇª

[31m[1mCaused by: 
TypeError[22m: 
filterQuizzesByStatus is 
not a function[39m
[36m [2mΓ¥»[22m src/pag
es/MyQuizzes.test.ts:[2m5
6:33[22m[39m
[90m [2mΓ¥»[22m 
Property.predicate node_mo
dules/fast-check/lib/fast-
check.js:[2m1329:99[22m
[39m
[90m [2mΓ¥»[22m 
Property.run node_modules/
fast-check/lib/fast-check.
js:[2m1298:24[22m[39m
[90m [2mΓ¥»[22m runIt n
ode_modules/fast-check/lib
/fast-check.js:[2m2477:24
[22m[39m
[90m [2mΓ¥»[22m check n
ode_modules/fast-check/lib
/fast-check.js:[2m2509:20
4[22m[39m
[90m [2mΓ¥»[22m 
Proxy.assert node_modules/
fast-check/lib/fast-check.
js:[2m2512:14[22m[39m
[90m [2mΓ¥»[22m src/pag
es/MyQuizzes.test.ts:[2m5
4:12[22m[39m

[31m[2mΓÄ»ΓÄ»ΓÄ»ΓÄ»ΓÄ»ΓÄ
»ΓÄ»ΓÄ»ΓÄ»ΓÄ»ΓÄ»ΓÄ»ΓÄ»ΓÄ»Γ
Ä»ΓÄ»ΓÄ»ΓÄ»ΓÄ»ΓÄ»ΓÄ»ΓÄ»[46
/75]ΓÄ»[22m[39m

[41m[1m FAIL [22m[49m 
src/pages/MyQuizzes.test.t
s[2m > [22mfilterQuizzes
ByStatus[2m > 
[22mProperty 2 ΓÇô "all" 
filter returns the full 
list unchanged
[31m[1mError[22m: 
Property failed after 1 
tests
{ seed: -272029490, path: 
"0:0", endOnFailure: true 
}
Counterexample: [[]]
Shrunk 1 time(s)

Hint: Enable verbose mode 
in order to have the list 
of all failing values 
encountered during the 
run[39m
[90m [2mΓ¥»[22m 
buildError node_modules/fa
st-check/lib/fast-check.js
:[2m2434:16[22m[39m
[90m [2mΓ¥»[22m 
throwIfFailed node_modules
/fast-check/lib/fast-check
.js:[2m2441:8[22m[39m
[90m [2mΓ¥»[22m 
reportRunDetails node_modu
les/fast-check/lib/fast-ch
eck.js:[2m2457:14[22m[3
9m
[90m [2mΓ¥»[22m 
Proxy.assert node_modules/
fast-check/lib/fast-check.
js:[2m2514:7[22m[39m
[36m [2mΓ¥»[22m src/pag
es/MyQuizzes.test.ts:[2m6
4:12[22m[39m
    [90m 62|[39m
    [90m 63|[39m     
it('Property 2 ΓÇô "all" 
filter returns the full 
list unchanged', ()ΓÇª
    [90m 64|[39m        
 fc[33m.[39m[34massert
[39m(
    [90m   |[39m        
    [31m^[39m
    [90m 65|[39m        
     fc[33m.[39m[34mpro
perty[39m(quizArrayArb[3
3m,[39m (quizzes) 
[33m=>[39m {
    [90m 66|[39m        
         [35mconst[39m 
results [33m=[39m [34mf
ilterQuizzesByStatus[39m(
quizzes[33m,[39m [32m'a
ll'[39m)[33m;[39m

[31m[1mCaused by: 
TypeError[22m: 
filterQuizzesByStatus is 
not a function[39m
[36m [2mΓ¥»[22m src/pag
es/MyQuizzes.test.ts:[2m6
6:33[22m[39m
[90m [2mΓ¥»[22m 
Property.predicate node_mo
dules/fast-check/lib/fast-
check.js:[2m1329:99[22m
[39m
[90m [2mΓ¥»[22m 
Property.run node_modules/
fast-check/lib/fast-check.
js:[2m1298:24[22m[39m
[90m [2mΓ¥»[22m runIt n
ode_modules/fast-check/lib
/fast-check.js:[2m2477:24
[22m[39m
[90m [2mΓ¥»[22m check n
ode_modules/fast-check/lib
/fast-check.js:[2m2509:20
4[22m[39m
[90m [2mΓ¥»[22m 
Proxy.assert node_modules/
fast-check/lib/fast-check.
js:[2m2512:14[22m[39m
[90m [2mΓ¥»[22m src/pag
es/MyQuizzes.test.ts:[2m6
4:12[22m[39m

[31m[2mΓÄ»ΓÄ»ΓÄ»ΓÄ»ΓÄ»ΓÄ
»ΓÄ»ΓÄ»ΓÄ»ΓÄ»ΓÄ»ΓÄ»ΓÄ»ΓÄ»Γ
Ä»ΓÄ»ΓÄ»ΓÄ»ΓÄ»ΓÄ»ΓÄ»ΓÄ»[47
/75]ΓÄ»[22m[39m

[41m[1m FAIL [22m[49m 
src/pages/MyQuizzes.test.t
s[2m > [22mfilterSession
sByDate[2m > 
[22mProperty 4 ΓÇô 
filtered count Γëñ 
unfiltered count for "7d"
[31m[1mError[22m: 
Property failed after 1 
tests
{ seed: 336549266, path: 
"0:0", endOnFailure: true 
}
Counterexample: [[]]
Shrunk 1 time(s)

Hint: Enable verbose mode 
in order to have the list 
of all failing values 
encountered during the 
run[39m
[90m [2mΓ¥»[22m 
buildError node_modules/fa
st-check/lib/fast-check.js
:[2m2434:16[22m[39m
[90m [2mΓ¥»[22m 
throwIfFailed node_modules
/fast-check/lib/fast-check
.js:[2m2441:8[22m[39m
[90m [2mΓ¥»[22m 
reportRunDetails node_modu
les/fast-check/lib/fast-ch
eck.js:[2m2457:14[22m[3
9m
[90m [2mΓ¥»[22m 
Proxy.assert node_modules/
fast-check/lib/fast-check.
js:[2m2514:7[22m[39m
[36m [2mΓ¥»[22m src/pag
es/MyQuizzes.test.ts:[2m1
22:12[22m[39m
    [90m120|[39m [34mde
scribe[39m([32m'filterSe
ssionsByDate'[39m[33m,[
39m () [33m=>[39m {
    [90m121|[39m     
it('Property 4 ΓÇô 
filtered count Γëñ 
unfiltered count for 
"7d"', () =ΓÇª
    [90m122|[39m        
 fc[33m.[39m[34massert
[39m(
    [90m   |[39m        
    [31m^[39m
    [90m123|[39m        
     fc[33m.[39m[34mpro
perty[39m(sessionArrayArb
[33m,[39m (sessions) 
[33m=>[39m {
    [90m124|[39m        
         [35mconst[39m 
filtered [33m=[39m [34m
filterSessionsByDate[39m(
sessions[33m,[39m 
[32m'7d'[39m)[33m;[39m

[31m[1mCaused by: 
TypeError[22m: 
filterSessionsByDate is 
not a function[39m
[36m [2mΓ¥»[22m src/pag
es/MyQuizzes.test.ts:[2m1
24:34[22m[39m
[90m [2mΓ¥»[22m 
Property.predicate node_mo
dules/fast-check/lib/fast-
check.js:[2m1329:99[22m
[39m
[90m [2mΓ¥»[22m 
Property.run node_modules/
fast-check/lib/fast-check.
js:[2m1298:24[22m[39m
[90m [2mΓ¥»[22m runIt n
ode_modules/fast-check/lib
/fast-check.js:[2m2477:24
[22m[39m
[90m [2mΓ¥»[22m check n
ode_modules/fast-check/lib
/fast-check.js:[2m2509:20
4[22m[39m
[90m [2mΓ¥»[22m 
Proxy.assert node_modules/
fast-check/lib/fast-check.
js:[2m2512:14[22m[39m
[90m [2mΓ¥»[22m src/pag
es/MyQuizzes.test.ts:[2m1
22:12[22m[39m

[31m[2mΓÄ»ΓÄ»ΓÄ»ΓÄ»ΓÄ»ΓÄ
»ΓÄ»ΓÄ»ΓÄ»ΓÄ»ΓÄ»ΓÄ»ΓÄ»ΓÄ»Γ
Ä»ΓÄ»ΓÄ»ΓÄ»ΓÄ»ΓÄ»ΓÄ»ΓÄ»[48
/75]ΓÄ»[22m[39m

[41m[1m FAIL [22m[49m 
src/pages/MyQuizzes.test.t
s[2m > [22mfilterSession
sByDate[2m > 
[22mProperty 4 ΓÇô 
filtered count Γëñ 
unfiltered count for "30d"
[31m[1mError[22m: 
Property failed after 1 
tests
{ seed: 469021305, path: 
"0:0", endOnFailure: true 
}
Counterexample: [[]]
Shrunk 1 time(s)

Hint: Enable verbose mode 
in order to have the list 
of all failing values 
encountered during the 
run[39m
[90m [2mΓ¥»[22m 
buildError node_modules/fa
st-check/lib/fast-check.js
:[2m2434:16[22m[39m
[90m [2mΓ¥»[22m 
throwIfFailed node_modules
/fast-check/lib/fast-check
.js:[2m2441:8[22m[39m
[90m [2mΓ¥»[22m 
reportRunDetails node_modu
les/fast-check/lib/fast-ch
eck.js:[2m2457:14[22m[3
9m
[90m [2mΓ¥»[22m 
Proxy.assert node_modules/
fast-check/lib/fast-check.
js:[2m2514:7[22m[39m
[36m [2mΓ¥»[22m src/pag
es/MyQuizzes.test.ts:[2m1
32:12[22m[39m
    [90m130|[39m
    [90m131|[39m     
it('Property 4 ΓÇô 
filtered count Γëñ 
unfiltered count for 
"30d"', () ΓÇª
    [90m132|[39m        
 fc[33m.[39m[34massert
[39m(
    [90m   |[39m        
    [31m^[39m
    [90m133|[39m        
     fc[33m.[39m[34mpro
perty[39m(sessionArrayArb
[33m,[39m (sessions) 
[33m=>[39m {
    [90m134|[39m        
         [35mconst[39m 
filtered [33m=[39m [34m
filterSessionsByDate[39m(
sessions[33m,[39m [32m'
30d'[39m)[33m;[39m

[31m[1mCaused by: 
TypeError[22m: 
filterSessionsByDate is 
not a function[39m
[36m [2mΓ¥»[22m src/pag
es/MyQuizzes.test.ts:[2m1
34:34[22m[39m
[90m [2mΓ¥»[22m 
Property.predicate node_mo
dules/fast-check/lib/fast-
check.js:[2m1329:99[22m
[39m
[90m [2mΓ¥»[22m 
Property.run node_modules/
fast-check/lib/fast-check.
js:[2m1298:24[22m[39m
[90m [2mΓ¥»[22m runIt n
ode_modules/fast-check/lib
/fast-check.js:[2m2477:24
[22m[39m
[90m [2mΓ¥»[22m check n
ode_modules/fast-check/lib
/fast-check.js:[2m2509:20
4[22m[39m
[90m [2mΓ¥»[22m 
Proxy.assert node_modules/
fast-check/lib/fast-check.
js:[2m2512:14[22m[39m
[90m [2mΓ¥»[22m src/pag
es/MyQuizzes.test.ts:[2m1
32:12[22m[39m

[31m[2mΓÄ»ΓÄ»ΓÄ»ΓÄ»ΓÄ»ΓÄ
»ΓÄ»ΓÄ»ΓÄ»ΓÄ»ΓÄ»ΓÄ»ΓÄ»ΓÄ»Γ
Ä»ΓÄ»ΓÄ»ΓÄ»ΓÄ»ΓÄ»ΓÄ»ΓÄ»[49
/75]ΓÄ»[22m[39m

[41m[1m FAIL [22m[49m 
src/pages/MyQuizzes.test.t
s[2m > [22mfilterSession
sByDate[2m > 
[22mProperty 4 ΓÇô "all" 
range returns the full 
list
[31m[1mError[22m: 
Property failed after 1 
tests
{ seed: 1072548491, path: 
"0:0", endOnFailure: true 
}
Counterexample: [[]]
Shrunk 1 time(s)

Hint: Enable verbose mode 
in order to have the list 
of all failing values 
encountered during the 
run[39m
[90m [2mΓ¥»[22m 
buildError node_modules/fa
st-check/lib/fast-check.js
:[2m2434:16[22m[39m
[90m [2mΓ¥»[22m 
throwIfFailed node_modules
/fast-check/lib/fast-check
.js:[2m2441:8[22m[39m
[90m [2mΓ¥»[22m 
reportRunDetails node_modu
les/fast-check/lib/fast-ch
eck.js:[2m2457:14[22m[3
9m
[90m [2mΓ¥»[22m 
Proxy.assert node_modules/
fast-check/lib/fast-check.
js:[2m2514:7[22m[39m
[36m [2mΓ¥»[22m src/pag
es/MyQuizzes.test.ts:[2m1
42:12[22m[39m
    [90m140|[39m
    [90m141|[39m     [3
4mit[39m([32m'Property 
4 ΓÇô "all" range returns 
the full 
list'[39m[33m,[39m () 
[33m=>[39m {
    [90m142|[39m        
 fc[33m.[39m[34massert
[39m(
    [90m   |[39m        
    [31m^[39m
    [90m143|[39m        
     fc[33m.[39m[34mpro
perty[39m(sessionArrayArb
[33m,[39m (sessions) 
[33m=>[39m {
    [90m144|[39m        
         [35mconst[39m 
filtered [33m=[39m [34m
filterSessionsByDate[39m(
sessions[33m,[39m [32m'
all'[39m)[33m;[39m

[31m[1mCaused by: 
TypeError[22m: 
filterSessionsByDate is 
not a function[39m
[36m [2mΓ¥»[22m src/pag
es/MyQuizzes.test.ts:[2m1
44:34[22m[39m
[90m [2mΓ¥»[22m 
Property.predicate node_mo
dules/fast-check/lib/fast-
check.js:[2m1329:99[22m
[39m
[90m [2mΓ¥»[22m 
Property.run node_modules/
fast-check/lib/fast-check.
js:[2m1298:24[22m[39m
[90m [2mΓ¥»[22m runIt n
ode_modules/fast-check/lib
/fast-check.js:[2m2477:24
[22m[39m
[90m [2mΓ¥»[22m check n
ode_modules/fast-check/lib
/fast-check.js:[2m2509:20
4[22m[39m
[90m [2mΓ¥»[22m 
Proxy.assert node_modules/
fast-check/lib/fast-check.
js:[2m2512:14[22m[39m
[90m [2mΓ¥»[22m src/pag
es/MyQuizzes.test.ts:[2m1
42:12[22m[39m

[31m[2mΓÄ»ΓÄ»ΓÄ»ΓÄ»ΓÄ»ΓÄ
»ΓÄ»ΓÄ»ΓÄ»ΓÄ»ΓÄ»ΓÄ»ΓÄ»ΓÄ»Γ
Ä»ΓÄ»ΓÄ»ΓÄ»ΓÄ»ΓÄ»ΓÄ»ΓÄ»[50
/75]ΓÄ»[22m[39m

[41m[1m FAIL [22m[49m 
src/pages/PrivacyTerms.tes
t.ts[2m > 
[22mPrivacyPage[2m > 
[22mhas a unique meta 
description
[31m[1mAssertionError[2
2m: expected '// src/pages
/PrivacyPage.tsx\r\nimporΓ
Çª' to contain 'collects, 
uses, and protects'[39m

[32m- Expected[39m
[31m+ Received[39m

[32m- collects, uses, 
and protects[39m
[31m+ // 
src/pages/PrivacyPage.tsx
[39m
[31m+ import { useEffect 
} from 'react';
[39m
[31m+ import { Link } 
from 'react-router-dom';
[39m
[31m+ import { ArrowLeft 
} from 'lucide-react';
[39m
[31m+ 
[39m
[31m+ export function 
PrivacyPage() {
[39m
[31m+   useEffect(() => {
[39m
[31m+     document.title 
= 'Privacy Policy ΓÇö 
Quizly';
[39m
[31m+     
window.scrollTo(0, 0);
[39m
[31m+   }, []);
[39m
[31m+ 
[39m
[31m+   const 
sectionStyle = { 
marginBottom: 40 };
[39m
[31m+   const h2Style = 
{ fontSize: 22, 
fontWeight: 700, color: 
'#111827', marginBottom: 
12 };
[39m
[31m+   const pStyle = { 
fontSize: 15, color: 
'#374151', lineHeight: 
1.8, marginBottom: 12 };
[39m
[31m+ 
[39m
[31m+   return (
[39m
[31m+     <div style={{ 
minHeight: '100vh', 
background: '#F9FAFB', 
fontFamily: "'Inter', 
sans-serif" }}>
[39m
[31m+       <header 
style={{
[39m
[31m+         
background: '#FFFFFF', 
borderBottom: '1px solid 
#E5E7EB',
[39m
[31m+         padding: 
'16px 24px', display: 
'flex', alignItems: 
'center', gap: 16,
[39m
[31m+       }}>
[39m
[31m+         <Link 
to="/" style={{
[39m
[31m+           display: 
'flex', alignItems: 
'center', gap: 8,
[39m
[31m+           color: 
'#6B7280', 
textDecoration: 'none', 
fontSize: 14, fontWeight: 
500,
[39m
[31m+         }}>
[39m
[31m+           
<ArrowLeft size={16} />
[39m
[31m+           Back to 
Quizly
[39m
[31m+         </Link>
[39m
[31m+         <div 
style={{ width: 1, 
height: 20, background: 
'#E5E7EB' }} />
[39m
[31m+         <span 
style={{ fontSize: 14, 
fontWeight: 600, color: 
'#111827' }}>Privacy 
Policy</span>
[39m
[31m+       </header>
[39m
[31m+ 
[39m
[31m+       <main 
style={{ maxWidth: 760, 
margin: '0 auto', 
padding: '60px 24px' }}>
[39m
[31m+         <h1 
style={{ fontSize: 36, 
fontWeight: 800, color: 
'#111827', marginBottom: 
8 }}>
[39m
[31m+           Privacy 
Policy
[39m
[31m+         </h1>
[39m
[31m+         <p 
style={{ fontSize: 14, 
color: '#9CA3AF', 
marginBottom: 48 }}>
[39m
[31m+           Last 
updated: March 1, 2026
[39m
[31m+         </p>
[39m
[31m+ 
[39m
[31m+         <div 
style={sectionStyle}>
[39m
[31m+           <h2 
style={h2Style}>1. 
Information We 
Collect</h2>
[39m
[31m+           <p 
style={pStyle}>
[39m
[31m+             Quizly 
collects information you 
provide when creating an 
account, including your
[39m
[31m+             name, 
email address, and role 
(teacher or student). We 
also collect quiz 
performance
[39m
[31m+             data, 
including scores, 
completion times, and 
answer history, to power 
your
[39m
[31m+             
personal dashboard and 
analytics.
[39m
[31m+           </p>
[39m
[31m+           <p 
style={pStyle}>
[39m
[31m+             When 
you join a live game 
session, we collect your 
display name and the 
answers
[39m
[31m+             you 
submit during the session.
[39m
[31m+           </p>
[39m
[31m+         </div>
[39m
[31m+ 
[39m
[31m+         <div 
style={sectionStyle}>
[39m
[31m+           <h2 
style={h2Style}>2. How We 
Use Your Information</h2>
[39m
[31m+           <p 
style={pStyle}>
[39m
[31m+             We use 
your information to 
provide and improve the 
Quizly service, including
[39m
[31m+             
authenticating your 
account, displaying your 
performance history, 
calculating
[39m
[31m+             
streaks and scores, and 
generating personalised 
quiz recommendations.
[39m
[31m+           </p>
[39m
[31m+           <p 
style={pStyle}>
[39m
[31m+             We do 
not sell your personal 
data to third parties. We 
do not use your data
[39m
[31m+             for 
advertising purposes.
[39m
[31m+           </p>
[39m
[31m+         </div>
[39m
[31m+ 
[39m
[31m+         <div 
style={sectionStyle}>
[39m
[31m+           <h2 
style={h2Style}>3. Data 
Storage</h2>
[39m
[31m+           <p 
style={pStyle}>
[39m
[31m+             Your 
data is stored securely 
using Google Firebase 
(Firestore and Firebase 
Authentication),
[39m
[31m+             which 
is hosted on Google Cloud 
infrastructure. Firebase 
complies with GDPR, SOC 2,
[39m
[31m+             and 
ISO 27001 standards.
[39m
[31m+           </p>
[39m
[31m+         </div>
[39m
[31m+ 
[39m
[31m+         <div 
style={sectionStyle}>
[39m
[31m+           <h2 
style={h2Style}>4. 
Children's Privacy</h2>
[39m
[31m+           <p 
style={pStyle}>
[39m
[31m+             Quizly 
is designed for use in 
educational settings, 
including by students 
under 13.
[39m
[31m+             
Teachers are responsible 
for obtaining appropriate 
parental consent before 
having
[39m
[31m+             
students create accounts. 
Students can participate 
in live game sessions 
without
[39m
[31m+             
creating an account ΓÇö 
only a display name is 
required.
[39m
[31m+           </p>
[39m
[31m+         </div>
[39m
[31m+ 
[39m
[31m+         <div 
style={sectionStyle}>
[39m
[31m+           <h2 
style={h2Style}>5. 
Cookies</h2>
[39m
[31m+           <p 
style={{ ...pStyle }} 
id="cookies">
[39m
[31m+             Quizly 
uses essential cookies 
for authentication 
(Firebase Auth session 
tokens).
[39m
[31m+             We do 
not use tracking cookies, 
advertising cookies, or 
third-party analytics 
cookies.
[39m
[31m+           </p>
[39m
[31m+         </div>
[39m
[31m+ 
[39m
[31m+         <div 
style={sectionStyle}>
[39m
[31m+           <h2 
style={h2Style}>6. Your 
Rights (GDPR)</h2>
[39m
[31m+           <p 
style={{ ...pStyle }} 
id="gdpr">
[39m
[31m+             If you 
are located in the 
European Economic Area, 
you have the right to 
access,
[39m
[31m+             
correct, or delete your 
personal data. To 
exercise these rights, 
contact us at
[39m
[31m+             
privacy@quizly.app. We 
will respond within 30 
days.
[39m
[31m+           </p>
[39m
[31m+         </div>
[39m
[31m+ 
[39m
[31m+         <div 
style={sectionStyle}>
[39m
[31m+           <h2 
style={h2Style}>7. 
Contact</h2>
[39m
[31m+           <p 
style={pStyle}>
[39m
[31m+             For 
privacy-related 
questions, contact us 
at{' '}
[39m
[31m+             <a href
="mailto:privacy@quizly.ap
p" style={{ color: 
'#FF5C1A' 
}}>privacy@quizly.app</a>.
[39m
[31m+           </p>
[39m
[31m+         </div>
[39m
[31m+       </main>
[39m
[31m+     </div>
[39m
[31m+   );
[39m
[31m+ }
[39m
[31m+[39m

[36m [2mΓ¥»[22m src/pag
es/PrivacyTerms.test.ts:[
2m36:27[22m[39m
    [90m 34|[39m
    [90m 35|[39m   
[34mit[39m([32m'has a 
unique meta description'[
39m[33m,[39m () 
[33m=>[39m {
    [90m 36|[39m     [3
4mexpect[39m(privacySourc
e)[33m.[39m[34mtoContai
n[39m([32m'collects, 
uses, and 
protects'[39m)[33m;[39m
    [90m   |[39m        
                   
[31m^[39m
    [90m 37|[39m   
})[33m;[39m
    [90m 38|[39m 
})[33m;[39m

[31m[2mΓÄ»ΓÄ»ΓÄ»ΓÄ»ΓÄ»ΓÄ
»ΓÄ»ΓÄ»ΓÄ»ΓÄ»ΓÄ»ΓÄ»ΓÄ»ΓÄ»Γ
Ä»ΓÄ»ΓÄ»ΓÄ»ΓÄ»ΓÄ»ΓÄ»ΓÄ»[51
/75]ΓÄ»[22m[39m

[41m[1m FAIL [22m[49m 
src/pages/PrivacyTerms.tes
t.ts[2m > 
[22mTermsPage[2m > 
[22mhas a unique meta 
description
[31m[1mAssertionError[2
2m: expected '// src/pages
/TermsPage.tsx\r\nimport 
ΓÇª' to contain 'terms of 
service and acceptable 
use'[39m

[32m- Expected[39m
[31m+ Received[39m

[32m- terms of service 
and acceptable use[39m
[31m+ // 
src/pages/TermsPage.tsx
[39m
[31m+ import { useEffect 
} from 'react';
[39m
[31m+ import { Link } 
from 'react-router-dom';
[39m
[31m+ import { ArrowLeft 
} from 'lucide-react';
[39m
[31m+ 
[39m
[31m+ export function 
TermsPage() {
[39m
[31m+   useEffect(() => {
[39m
[31m+     document.title 
= 'Terms of Service ΓÇö 
Quizly';
[39m
[31m+     
window.scrollTo(0, 0);
[39m
[31m+   }, []);
[39m
[31m+ 
[39m
[31m+   const 
sectionStyle = { 
marginBottom: 40 };
[39m
[31m+   const h2Style = 
{ fontSize: 22, 
fontWeight: 700, color: 
'#111827', marginBottom: 
12 };
[39m
[31m+   const pStyle = { 
fontSize: 15, color: 
'#374151', lineHeight: 
1.8, marginBottom: 12 };
[39m
[31m+ 
[39m
[31m+   return (
[39m
[31m+     <div style={{ 
minHeight: '100vh', 
background: '#F9FAFB', 
fontFamily: "'Inter', 
sans-serif" }}>
[39m
[31m+       <header 
style={{
[39m
[31m+         
background: '#FFFFFF', 
borderBottom: '1px solid 
#E5E7EB',
[39m
[31m+         padding: 
'16px 24px', display: 
'flex', alignItems: 
'center', gap: 16,
[39m
[31m+       }}>
[39m
[31m+         <Link 
to="/" style={{
[39m
[31m+           display: 
'flex', alignItems: 
'center', gap: 8,
[39m
[31m+           color: 
'#6B7280', 
textDecoration: 'none', 
fontSize: 14, fontWeight: 
500,
[39m
[31m+         }}>
[39m
[31m+           
<ArrowLeft size={16} />
[39m
[31m+           Back to 
Quizly
[39m
[31m+         </Link>
[39m
[31m+         <div 
style={{ width: 1, 
height: 20, background: 
'#E5E7EB' }} />
[39m
[31m+         <span 
style={{ fontSize: 14, 
fontWeight: 600, color: 
'#111827' }}>Terms of 
Service</span>
[39m
[31m+       </header>
[39m
[31m+ 
[39m
[31m+       <main 
style={{ maxWidth: 760, 
margin: '0 auto', 
padding: '60px 24px' }}>
[39m
[31m+         <h1 
style={{ fontSize: 36, 
fontWeight: 800, color: 
'#111827', marginBottom: 
8 }}>
[39m
[31m+           Terms of 
Service
[39m
[31m+         </h1>
[39m
[31m+         <p 
style={{ fontSize: 14, 
color: '#9CA3AF', 
marginBottom: 48 }}>
[39m
[31m+           Last 
updated: March 1, 2026
[39m
[31m+         </p>
[39m
[31m+ 
[39m
[31m+         <div 
style={sectionStyle}>
[39m
[31m+           <h2 
style={h2Style}>1. 
Acceptance of Terms</h2>
[39m
[31m+           <p 
style={pStyle}>
[39m
[31m+             By 
accessing or using 
Quizly, you agree to be 
bound by these Terms of 
Service.
[39m
[31m+             If you 
do not agree to these 
terms, do not use Quizly.
[39m
[31m+           </p>
[39m
[31m+         </div>
[39m
[31m+ 
[39m
[31m+         <div 
style={sectionStyle}>
[39m
[31m+           <h2 
style={h2Style}>2. Use of 
the Service</h2>
[39m
[31m+           <p 
style={pStyle}>
[39m
[31m+             Quizly 
is an educational quiz 
platform for teachers and 
students. You agree to use
[39m
[31m+             Quizly 
only for lawful, 
educational purposes. You 
must not use Quizly to 
distribute
[39m
[31m+             
harmful, abusive, or 
inappropriate content.
[39m
[31m+           </p>
[39m
[31m+           <p 
style={pStyle}>
[39m
[31m+             
Teachers are responsible 
for the content of 
quizzes they create and 
the conduct
[39m
[31m+             of 
game sessions they host.
[39m
[31m+           </p>
[39m
[31m+         </div>
[39m
[31m+ 
[39m
[31m+         <div 
style={sectionStyle}>
[39m
[31m+           <h2 
style={h2Style}>3. 
Accounts</h2>
[39m
[31m+           <p 
style={pStyle}>
[39m
[31m+             You 
are responsible for 
maintaining the security 
of your account 
credentials.
[39m
[31m+             You 
must not share your 
account with others or 
allow unauthorized access.
[39m
[31m+             Notify 
us immediately at 
support@quizly.app if you 
suspect unauthorized use.
[39m
[31m+           </p>
[39m
[31m+         </div>
[39m
[31m+ 
[39m
[31m+         <div 
style={sectionStyle}>
[39m
[31m+           <h2 
style={h2Style}>4. 
Intellectual Property</h2>
[39m
[31m+           <p 
style={pStyle}>
[39m
[31m+             Quiz 
content you create 
remains yours. By 
creating content on 
Quizly, you grant
[39m
[31m+             Quizly 
a limited licence to 
store and display that 
content to deliver the 
service.
[39m
[31m+             
Quizly's platform code, 
design, and branding are 
proprietary and may not 
be copied.
[39m
[31m+           </p>
[39m
[31m+         </div>
[39m
[31m+ 
[39m
[31m+         <div 
style={sectionStyle}>
[39m
[31m+           <h2 
style={h2Style}>5. 
Limitation of 
Liability</h2>
[39m
[31m+           <p 
style={pStyle}>
[39m
[31m+             Quizly 
is provided "as is" 
without warranties of any 
kind. Quizly is not liable
[39m
[31m+             for 
any indirect, incidental, 
or consequential damages 
arising from your use of
[39m
[31m+             the 
service.
[39m
[31m+           </p>
[39m
[31m+         </div>
[39m
[31m+ 
[39m
[31m+         <div 
style={sectionStyle}>
[39m
[31m+           <h2 
style={h2Style}>6. 
Termination</h2>
[39m
[31m+           <p 
style={pStyle}>
[39m
[31m+             We may 
suspend or terminate 
accounts that violate 
these terms. You may 
delete
[39m
[31m+             your 
account at any time from 
your account settings.
[39m
[31m+           </p>
[39m
[31m+         </div>
[39m
[31m+ 
[39m
[31m+         <div 
style={sectionStyle}>
[39m
[31m+           <h2 
style={h2Style}>7. 
Contact</h2>
[39m
[31m+           <p 
style={pStyle}>
[39m
[31m+             For 
questions about these 
terms, contact{' '}
[39m
[31m+             <a href
="mailto:legal@quizly.app"
 style={{ color: 
'#FF5C1A' 
}}>legal@quizly.app</a>.
[39m
[31m+           </p>
[39m
[31m+         </div>
[39m
[31m+       </main>
[39m
[31m+     </div>
[39m
[31m+   );
[39m
[31m+ }
[39m
[31m+[39m

[36m [2mΓ¥»[22m src/pag
es/PrivacyTerms.test.ts:[
2m56:25[22m[39m
    [90m 54|[39m
    [90m 55|[39m   
[34mit[39m([32m'has a 
unique meta description'[
39m[33m,[39m () 
[33m=>[39m {
    [90m 56|[39m     exp
ect(termsSource).toContain
('terms of service and 
acceptable useΓÇª
    [90m   |[39m        
                 
[31m^[39m
    [90m 57|[39m   
})[33m;[39m
    [90m 58|[39m 
})[33m;[39m

[31m[2mΓÄ»ΓÄ»ΓÄ»ΓÄ»ΓÄ»ΓÄ
»ΓÄ»ΓÄ»ΓÄ»ΓÄ»ΓÄ»ΓÄ»ΓÄ»ΓÄ»Γ
Ä»ΓÄ»ΓÄ»ΓÄ»ΓÄ»ΓÄ»ΓÄ»ΓÄ»[52
/75]ΓÄ»[22m[39m

[41m[1m FAIL [22m[49m 
src/pages/SignupPage.test.
ts[2m > [22mSignupPage 
ΓÇô Google OAuth 
(Requirement 1.9)[2m > 
[22mcalls 
signInWithGoogle on click
[31m[1mAssertionError[2
2m: expected 'import { 
useState, useEffect } 
from \ΓÇª' to contain 
'signInWithGoogle'[39m

[32m- Expected[39m
[31m+ Received[39m

[32m- 
signInWithGoogle[39m
[31m+ import { useState, 
useEffect } from 'react';
[39m
[31m+ import { 
useNavigate, Link } from 
'react-router-dom';
[39m
[31m+ import { Helmet } 
from 'react-helmet-async';
[39m
[31m+ import { Mail, 
Lock, Eye, EyeOff, Play, 
User } from 
'lucide-react';
[39m
[31m+ import { useAuth } 
from 
'../contexts/AuthContext';
[39m
[31m+ import { 
getRedirectPath } from 
'../utils/scoring';
[39m
[31m+ import { 
useBreakpoint } from 
'../hooks/useBreakpoint';
[39m
[31m+ 
[39m
[31m+ export function 
SignupPage() {
[39m
[31m+     const 
[displayName, 
setDisplayName] = 
useState('');
[39m
[31m+     const [email, 
setEmail] = useState('');
[39m
[31m+     const 
[password, setPassword] = 
useState('');
[39m
[31m+     const [role, 
setRole] = 
useState<'student' | 
'teacher'>('student');
[39m
[31m+     const 
[showPassword, 
setShowPassword] = 
useState(false);
[39m
[31m+     const [error, 
setError] = useState('');
[39m
[31m+     const 
[passwordError, 
setPasswordError] = 
useState('');
[39m
[31m+     const 
[loading, setLoading] = 
useState(false);
[39m
[31m+ 
[39m
[31m+     const { 
signUp, user, loading: 
authLoading } = useAuth();
[39m
[31m+     const navigate 
= useNavigate();
[39m
[31m+     const { 
isMobile } = 
useBreakpoint();
[39m
[31m+ 
[39m
[31m+     useEffect(() 
=> {
[39m
[31m+         
document.title = 'Sign Up 
Free ΓÇö Quizly';
[39m
[31m+         document.qu
erySelector('meta[name="de
scription"]')
[39m
[31m+             
?.setAttribute('content', 
'Create a free Quizly 
account. Start building 
AI-powered quizzes for 
your classroom in 
minutes.');
[39m
[31m+     }, []);
[39m
[31m+ 
[39m
[31m+     useEffect(() 
=> {
[39m
[31m+         if 
(!authLoading && user) {
[39m
[31m+             navigat
e(getRedirectPath(user.rol
e), { replace: true });
[39m
[31m+         }
[39m
[31m+     }, [user, 
authLoading, navigate]);
[39m
[31m+ 
[39m
[31m+     const 
validatePassword = 
(value: string): boolean 
=> {
[39m
[31m+         if 
(value.length < 6) {
[39m
[31m+             setPass
wordError('Password must 
be at least 6 
characters');
[39m
[31m+             return 
false;
[39m
[31m+         }
[39m
[31m+         
setPasswordError('');
[39m
[31m+         return 
true;
[39m
[31m+     };
[39m
[31m+ 
[39m
[31m+     const 
handleSubmit = async (e: 
React.FormEvent) => {
[39m
[31m+         
e.preventDefault();
[39m
[31m+         
setError('');
[39m
[31m+ 
[39m
[31m+         if (!valida
tePassword(password)) 
return;
[39m
[31m+ 
[39m
[31m+         
setLoading(true);
[39m
[31m+         try {
[39m
[31m+             const 
{ error: signUpError } = 
await signUp(email, 
password, displayName, 
role);
[39m
[31m+             if 
(signUpError) throw new 
Error(typeof signUpError 
=== 'string' ? 
signUpError : 'Signup 
failed');
[39m
[31m+             // 
Navigation handled by 
useEffect
[39m
[31m+         } catch 
(err: any) {
[39m
[31m+             
setError(err.message || 
'An error occurred during 
signup');
[39m
[31m+         } finally {
[39m
[31m+             
setLoading(false);
[39m
[31m+         }
[39m
[31m+     };
[39m
[31m+ 
[39m
[31m+     const 
handleGoogleSignIn = () 
=> {
[39m
[31m+         
setError('Google sign-up 
is currently unavailable. 
Please use 
email/password.');
[39m
[31m+     };
[39m
[31m+ 
[39m
[31m+     return (
[39m
[31m+         <>
[39m
[31m+             
<Helmet>
[39m
[31m+                 
<title>Sign Up Free ΓÇö 
Quizly</title>
[39m
[31m+                 
<meta name="description" 
content="Create a free 
Quizly account and start 
generating AI-powered 
quizzes in minutes." />
[39m
[31m+             
</Helmet>
[39m
[31m+             <div 
style={{ display: 'flex', 
minHeight: '100vh', 
fontFamily: "'Inter', 
sans-serif" }}>
[39m
[31m+                 
{/* Left panel (hidden on 
mobile) */}
[39m
[31m+                 
{!isMobile && <div 
style={{
[39m
[31m+                    
 width: '50%',
[39m
[31m+                    
 position: 'relative',
[39m
[31m+                    
 background: 
'linear-gradient(135deg, 
#1E1B4B 0%, #312E81 50%, 
#FF5C1A 100%)',
[39m
[31m+                    
 display: 'flex',
[39m
[31m+                    
 alignItems: 'center',
[39m
[31m+                    
 justifyContent: 'center',
[39m
[31m+                    
 overflow: 'hidden',
[39m
[31m+                 }}>
[39m
[31m+                    
 <div style={{
[39m
[31m+                    
     position: 'absolute',
[39m
[31m+                    
     inset: 0,
[39m
[31m+                    
     background: 
'rgba(0,0,0,0.55)',
[39m
[31m+                    
 }} />
[39m
[31m+                    
 <div style={{ position: 
'relative', zIndex: 1, 
textAlign: 'center', 
padding: '0 48px' }}>
[39m
[31m+                    
     <div style={{ 
display: 'flex', 
alignItems: 'center', 
justifyContent: 'center', 
gap: '10px', 
marginBottom: '32px' }}>
[39m
[31m+                    
         <div style={{
[39m
[31m+                    
             width: 
'44px', height: '44px', 
borderRadius: '10px',
[39m
[31m+                    
             background: 
'#FF5C1A', display: 
'flex', alignItems: 
'center', justifyContent: 
'center',
[39m
[31m+                    
         }}>
[39m
[31m+                    
             <Play 
size={22} color="white" 
fill="white" />
[39m
[31m+                    
         </div>
[39m
[31m+                    
         <span style={{ 
color: 'white', 
fontWeight: 700, 
fontSize: '1.4rem' 
}}>Quizly</span>
[39m
[31m+                    
     </div>
[39m
[31m+                    
     <h1 style={{
[39m
[31m+                    
         color: 'white', 
fontSize: '2rem', 
fontWeight: 700,
[39m
[31m+                    
         lineHeight: 1.3, 
marginBottom: '16px',
[39m
[31m+                    
     }}>
[39m
[31m+                    
         Start your 
learning journey today
[39m
[31m+                    
     </h1>
[39m
[31m+                    
     <p style={{ color: 
'rgba(255,255,255,0.75)', 
fontSize: '1rem', 
lineHeight: 1.6 }}>
[39m
[31m+                    
         Join thousands 
of students and teachers 
using Quizly to make 
learning engaging and 
effective.
[39m
[31m+                    
     </p>
[39m
[31m+                    
     <div style={{ 
display: 'flex', gap: 
'24px', justifyContent: 
'center', marginTop: 
'40px' }}>
[39m
[31m+                    
         {[['10K+', 
'Students'], ['500+', 
'Teachers'], ['50K+', 
'Quizzes']].map(([val, 
label]) => (
[39m
[31m+                    
             <div 
key={label} style={{ 
textAlign: 'center' }}>
[39m
[31m+                    
                 <div 
style={{ color: 
'#FF5C1A', fontWeight: 
700, fontSize: '1.5rem' 
}}>{val}</div>
[39m
[31m+                    
                 <div 
style={{ color: 
'rgba(255,255,255,0.65)', 
fontSize: '0.8rem' 
}}>{label}</div>
[39m
[31m+                    
             </div>
[39m
[31m+                    
         ))}
[39m
[31m+                    
     </div>
[39m
[31m+                    
 </div>
[39m
[31m+                 
</div>}
[39m
[31m+ 
[39m
[31m+                 
{/* Right panel */}
[39m
[31m+                 
<div style={{
[39m
[31m+                    
 width: isMobile ? '100%' 
: '50%',
[39m
[31m+                    
 background: '#FFFFFF',
[39m
[31m+                    
 display: 'flex',
[39m
[31m+                    
 flexDirection: 'column',
[39m
[31m+                    
 alignItems: 'center',
[39m
[31m+                    
 justifyContent: 'center',
[39m
[31m+                    
 padding: isMobile ? 
'32px 20px' : '48px 40px',
[39m
[31m+                    
 minHeight: isMobile ? 
'100vh' : 'auto',
[39m
[31m+                 }}>
[39m
[31m+                    
 <div style={{ width: 
'100%', maxWidth: '400px' 
}}>
[39m
[31m+                    
     <h2 style={{ 
fontSize: '1.6rem', 
fontWeight: 700, color: 
'#111827', marginBottom: 
'6px' }}>
[39m
[31m+                    
         Create your 
account
[39m
[31m+                    
     </h2>
[39m
[31m+                    
     <p style={{ color: 
'#6B7280', marginBottom: 
'28px', fontSize: 
'0.95rem' }}>
[39m
[31m+                    
         Sign up to get 
started with Quizly
[39m
[31m+                    
     </p>
[39m
[31m+ 
[39m
[31m+                    
     {/* Role toggle ΓÇö 
student / teacher */}
[39m
[31m+                    
     <div
[39m
[31m+                    
         role="group"
[39m
[31m+                    
         
aria-label="Select role"
[39m
[31m+                    
         style={{
[39m
[31m+                    
             display: 
'flex',
[39m
[31m+                    
             background: 
'#F3F4F6',
[39m
[31m+                    
             
borderRadius: '50px',
[39m
[31m+                    
             padding: 
'4px',
[39m
[31m+                    
             
marginBottom: '24px',
[39m
[31m+                    
         }}
[39m
[31m+                    
     >
[39m
[31m+                    
         {(['student', 
'teacher'] as 
const).map((r) => (
[39m
[31m+                    
             <button
[39m
[31m+                    
                 key={r}
[39m
[31m+                    
                 
type="button"
[39m
[31m+                    
                 
data-testid={`role-${r}`}
[39m
[31m+                    
                 
onClick={() => setRole(r)}
[39m
[31m+                    
                 
aria-pressed={role === r}
[39m
[31m+                    
                 style={{
[39m
[31m+                    
                     
flex: 1,
[39m
[31m+                    
                     
padding: '8px 0',
[39m
[31m+                    
                     
borderRadius: '50px',
[39m
[31m+                    
                     
border: 'none',
[39m
[31m+                    
                     
cursor: 'pointer',
[39m
[31m+                    
                     
fontWeight: 600,
[39m
[31m+                    
                     
fontSize: '0.9rem',
[39m
[31m+                    
                     
transition: 'all 0.2s',
[39m
[31m+                    
                     
background: role === r ? 
'#FF5C1A' : 'transparent',
[39m
[31m+                    
                     
color: role === r ? 
'white' : '#6B7280',
[39m
[31m+                    
                 }}
[39m
[31m+                    
             >
[39m
[31m+                    
                 {r.charAt
(0).toUpperCase() + 
r.slice(1)}
[39m
[31m+                    
             </button>
[39m
[31m+                    
         ))}
[39m
[31m+                    
     </div>
[39m
[31m+ 
[39m
[31m+                    
     {error && (
[39m
[31m+                    
         <div
[39m
[31m+                    
             role="alert"
[39m
[31m+                    
             data-testid="
error-message"
[39m
[31m+                    
             style={{
[39m
[31m+                    
                 
background: '#FEF2F2', 
border: '1px solid 
#FECACA',
[39m
[31m+                    
                 color: 
'#DC2626', borderRadius: 
'8px',
[39m
[31m+                    
                 padding: 
'10px 14px', 
marginBottom: '16px', 
fontSize: '0.875rem',
[39m
[31m+                    
             }}
[39m
[31m+                    
         >
[39m
[31m+                    
             {error}
[39m
[31m+                    
         </div>
[39m
[31m+                    
     )}
[39m
[31m+ 
[39m
[31m+                    
     <form 
onSubmit={handleSubmit} 
noValidate>
[39m
[31m+                    
         {/* Display name 
*/}
[39m
[31m+                    
         <div style={{ 
marginBottom: '16px' }}>
[39m
[31m+                    
             <label 
htmlFor="displayName" 
style={{ display: 
'block', fontSize: 
'0.875rem', fontWeight: 
500, color: '#374151', 
marginBottom: '6px' }}>
[39m
[31m+                    
                 Display 
Name
[39m
[31m+                    
             </label>
[39m
[31m+                    
             <div 
style={{ position: 
'relative' }}>
[39m
[31m+                    
                 <User 
size={16} style={{
[39m
[31m+                    
                     
position: 'absolute', 
left: '12px', top: '50%',
[39m
[31m+                    
                     
transform: 
'translateY(-50%)', 
color: '#9CA3AF',
[39m
[31m+                    
                 }} />
[39m
[31m+                    
                 <input
[39m
[31m+                    
                     
id="displayName"
[39m
[31m+                    
                     
type="text"
[39m
[31m+                    
                     
placeholder="Your name"
[39m
[31m+                    
                     
value={displayName}
[39m
[31m+                    
                     
onChange={(e) => setDispla
yName(e.target.value)}
[39m
[31m+                    
                     
required
[39m
[31m+                    
                     
style={{
[39m
[31m+                    
                         
width: '100%', padding: 
'10px 12px 10px 38px',
[39m
[31m+                    
                         
border: '1px solid 
#E5E7EB', borderRadius: 
'8px',
[39m
[31m+                    
                         
fontSize: '0.9rem', 
outline: 'none',
[39m
[31m+                    
                         
boxSizing: 'border-box', 
color: '#111827',
[39m
[31m+                    
                         
background: '#FAFAFA',
[39m
[31m+                    
                     }}
[39m
[31m+                    
                 />
[39m
[31m+                    
             </div>
[39m
[31m+                    
         </div>
[39m
[31m+ 
[39m
[31m+                    
         {/* Email */}
[39m
[31m+                    
         <div style={{ 
marginBottom: '16px' }}>
[39m
[31m+                    
             <label 
htmlFor="email" style={{ 
display: 'block', 
fontSize: '0.875rem', 
fontWeight: 500, color: 
'#374151', marginBottom: 
'6px' }}>
[39m
[31m+                    
                 Email
[39m
[31m+                    
             </label>
[39m
[31m+                    
             <div 
style={{ position: 
'relative' }}>
[39m
[31m+                    
                 <Mail 
size={16} style={{
[39m
[31m+                    
                     
position: 'absolute', 
left: '12px', top: '50%',
[39m
[31m+                    
                     
transform: 
'translateY(-50%)', 
color: '#9CA3AF',
[39m
[31m+                    
                 }} />
[39m
[31m+                    
                 <input
[39m
[31m+                    
                     
id="email"
[39m
[31m+                    
                     
type="email"
[39m
[31m+                    
                     place
holder="you@example.com"
[39m
[31m+                    
                     
value={email}
[39m
[31m+                    
                     
onChange={(e) => 
setEmail(e.target.value)}
[39m
[31m+                    
                     
required
[39m
[31m+                    
                     
style={{
[39m
[31m+                    
                         
width: '100%', padding: 
'10px 12px 10px 38px',
[39m
[31m+                    
                         
border: '1px solid 
#E5E7EB', borderRadius: 
'8px',
[39m
[31m+                    
                         
fontSize: '0.9rem', 
outline: 'none',
[39m
[31m+                    
                         
boxSizing: 'border-box', 
color: '#111827',
[39m
[31m+                    
                         
background: '#FAFAFA',
[39m
[31m+                    
                     }}
[39m
[31m+                    
                 />
[39m
[31m+                    
             </div>
[39m
[31m+                    
         </div>
[39m
[31m+ 
[39m
[31m+                    
         {/* Password */}
[39m
[31m+                    
         <div style={{ 
marginBottom: 
passwordError ? '4px' : 
'20px' }}>
[39m
[31m+                    
             <label 
htmlFor="password" 
style={{ display: 
'block', fontSize: 
'0.875rem', fontWeight: 
500, color: '#374151', 
marginBottom: '6px' }}>
[39m
[31m+                    
                 Password
[39m
[31m+                    
             </label>
[39m
[31m+                    
             <div 
style={{ position: 
'relative' }}>
[39m
[31m+                    
                 <Lock 
size={16} style={{
[39m
[31m+                    
                     
position: 'absolute', 
left: '12px', top: '50%',
[39m
[31m+                    
                     
transform: 
'translateY(-50%)', 
color: '#9CA3AF',
[39m
[31m+                    
                 }} />
[39m
[31m+                    
                 <input
[39m
[31m+                    
                     
id="password"
[39m
[31m+                    
                     
type={showPassword ? 
'text' : 'password'}
[39m
[31m+                    
                     
placeholder="Min. 6 
characters"
[39m
[31m+                    
                     
value={password}
[39m
[31m+                    
                     
onChange={(e) => {
[39m
[31m+                    
                         s
etPassword(e.target.value)
;
[39m
[31m+                    
                         
if (passwordError) validat
ePassword(e.target.value);
[39m
[31m+                    
                     }}
[39m
[31m+                    
                     
required
[39m
[31m+                    
                     
style={{
[39m
[31m+                    
                         
width: '100%', padding: 
'10px 38px 10px 38px',
[39m
[31m+                    
                         
border: passwordError ? 
'1px solid #FECACA' : 
'1px solid #E5E7EB',
[39m
[31m+                    
                         
borderRadius: '8px',
[39m
[31m+                    
                         
fontSize: '0.9rem', 
outline: 'none',
[39m
[31m+                    
                         
boxSizing: 'border-box', 
color: '#111827',
[39m
[31m+                    
                         
background: '#FAFAFA',
[39m
[31m+                    
                     }}
[39m
[31m+                    
                 />
[39m
[31m+                    
                 <button
[39m
[31m+                    
                     
type="button"
[39m
[31m+                    
                     
onClick={() => setShowPass
word(!showPassword)}
[39m
[31m+                    
                     
style={{
[39m
[31m+                    
                         
position: 'absolute', 
right: '12px', top: '50%',
[39m
[31m+                    
                         
transform: 
'translateY(-50%)', 
background: 'none',
[39m
[31m+                    
                         
border: 'none', cursor: 
'pointer', color: 
'#9CA3AF', padding: 0,
[39m
[31m+                    
                     }}
[39m
[31m+                    
                 >
[39m
[31m+                    
                     
{showPassword ? <EyeOff 
size={16} /> : <Eye 
size={16} />}
[39m
[31m+                    
                 </button>
[39m
[31m+                    
             </div>
[39m
[31m+                    
         </div>
[39m
[31m+ 
[39m
[31m+                    
         {/* Password 
validation error */}
[39m
[31m+                    
         {passwordError 
&& (
[39m
[31m+                    
             <div
[39m
[31m+                    
                 
role="alert"
[39m
[31m+                    
                 data-test
id="password-error"
[39m
[31m+                    
                 style={{
[39m
[31m+                    
                     
color: '#DC2626', 
fontSize: '0.8rem',
[39m
[31m+                    
                     
marginBottom: '16px', 
paddingLeft: '2px',
[39m
[31m+                    
                 }}
[39m
[31m+                    
             >
[39m
[31m+                    
                 
{passwordError}
[39m
[31m+                    
             </div>
[39m
[31m+                    
         )}
[39m
[31m+ 
[39m
[31m+                    
         {/* Submit 
button */}
[39m
[31m+                    
         <button
[39m
[31m+                    
             type="submit"
[39m
[31m+                    
             
disabled={loading}
[39m
[31m+                    
             data-testid="
submit-button"
[39m
[31m+                    
             style={{
[39m
[31m+                    
                 width: 
'100%', padding: '11px',
[39m
[31m+                    
                 
background: loading ? 
'#FDA07A' : '#FF5C1A',
[39m
[31m+                    
                 color: 
'white', border: 'none',
[39m
[31m+                    
                 
borderRadius: '8px', 
fontWeight: 600,
[39m
[31m+                    
                 
fontSize: '0.95rem', 
cursor: loading ? 
'not-allowed' : 'pointer',
[39m
[31m+                    
                 
marginBottom: '16px', 
transition: 'background 
0.2s',
[39m
[31m+                    
                 display: 
'flex', alignItems: 
'center', justifyContent: 
'center', gap: '8px',
[39m
[31m+                    
             }}
[39m
[31m+                    
         >
[39m
[31m+                    
             {loading && (
[39m
[31m+                    
                 <span
[39m
[31m+                    
                     data-
testid="loading-indicator"
[39m
[31m+                    
                     
style={{
[39m
[31m+                    
                         
width: '16px', height: 
'16px',
[39m
[31m+                    
                         
border: '2px solid 
rgba(255,255,255,0.4)',
[39m
[31m+                    
                         
borderTopColor: 'white',
[39m
[31m+                    
                         
borderRadius: '50%',
[39m
[31m+                    
                         
display: 'inline-block',
[39m
[31m+                    
                         
animation: 'spin 0.7s 
linear infinite',
[39m
[31m+                    
                     }}
[39m
[31m+                    
                 />
[39m
[31m+                    
             )}
[39m
[31m+                    
             {loading ? 
'Creating account...' : 
'Create Account'}
[39m
[31m+                    
         </button>
[39m
[31m+                    
     </form>
[39m
[31m+ 
[39m
[31m+                    
     {/* Divider */}
[39m
[31m+                    
     <div style={{ 
display: 'flex', 
alignItems: 'center', 
gap: '12px', 
marginBottom: '16px' }}>
[39m
[31m+                    
         <div style={{ 
flex: 1, height: '1px', 
background: '#E5E7EB' }} 
/>
[39m
[31m+                    
         <span style={{ 
color: '#9CA3AF', 
fontSize: '0.8rem', 
whiteSpace: 'nowrap' 
}}>Or continue with</span>
[39m
[31m+                    
         <div style={{ 
flex: 1, height: '1px', 
background: '#E5E7EB' }} 
/>
[39m
[31m+                    
     </div>
[39m
[31m+ 
[39m
[31m+                    
     {/* Google button */}
[39m
[31m+                    
     <button
[39m
[31m+                    
         type="button"
[39m
[31m+                    
         onClick={handleGo
ogleSignIn}
[39m
[31m+                    
         
disabled={loading}
[39m
[31m+                    
         data-testid="goog
le-signin-button"
[39m
[31m+                    
         style={{
[39m
[31m+                    
             width: 
'100%', padding: '10px',
[39m
[31m+                    
             background: 
'white', border: '1px 
solid #E5E7EB',
[39m
[31m+                    
             
borderRadius: '8px', 
fontWeight: 500,
[39m
[31m+                    
             fontSize: 
'0.9rem', cursor: loading 
? 'not-allowed' : 
'pointer',
[39m
[31m+                    
             display: 
'flex', alignItems: 
'center', justifyContent: 
'center',
[39m
[31m+                    
             gap: '10px', 
color: '#374151', 
marginBottom: '20px',
[39m
[31m+                    
         }}
[39m
[31m+                    
     >
[39m
[31m+                    
         <svg width="18" 
height="18" viewBox="0 0 
18 18" fill="none" xmlns="
http://www.w3.org/2000/svg
">
[39m
[31m+                    
             <path 
d="M17.64 9.2c0-.637-.057-
1.251-.164-1.84H9v3.481h4.
844c-.209 1.125-.843 
2.078-1.796 2.717v2.258h2.
908c1.702-1.567 
2.684-3.875 2.684-6.615z" 
fill="#4285F4" />
[39m
[31m+                    
             <path d="M9 
18c2.43 0 4.467-.806 5.956
-2.18l-2.908-2.259c-.806.5
4-1.837.86-3.048.86-2.344 
0-4.328-1.584-5.036-3.711H
.957v2.332A8.997 8.997 0 
0 0 9 18z" fill="#34A853" 
/>
[39m
[31m+                    
             <path 
d="M3.964 10.71A5.41 5.41 
0 0 1 3.682 9c0-.593.102-1
.17.282-1.71V4.958H.957A8.
996 8.996 0 0 0 0 9c0 
1.452.348 2.827.957 
4.042l3.007-2.332z" 
fill="#FBBC05" />
[39m
[31m+                    
             <path d="M9 
3.58c1.321 0 2.508.454 
3.44 1.345l2.582-2.58C13.4
63.891 11.426 0 9 0A8.997 
8.997 0 0 0 .957 
4.958L3.964 7.29C4.672 
5.163 6.656 3.58 9 3.58z" 
fill="#EA4335" />
[39m
[31m+                    
         </svg>
[39m
[31m+                    
         Continue with 
Google
[39m
[31m+                    
     </button>
[39m
[31m+ 
[39m
[31m+                    
     {/* Link to login */}
[39m
[31m+                    
     <p style={{ 
textAlign: 'center', 
fontSize: '0.875rem', 
color: '#6B7280', 
marginBottom: '32px' }}>
[39m
[31m+                    
         Already have an 
account?{' '}
[39m
[31m+                    
         <Link
[39m
[31m+                    
             to="/login"
[39m
[31m+                    
             
data-testid="login-link"
[39m
[31m+                    
             style={{
[39m
[31m+                    
                 color: 
'#FF5C1A',
[39m
[31m+                    
                 
fontWeight: 600,
[39m
[31m+                    
                 
fontSize: '0.875rem',
[39m
[31m+                    
                 
textDecoration: 'none',
[39m
[31m+                    
             }}
[39m
[31m+                    
         >
[39m
[31m+                    
             Sign in
[39m
[31m+                    
         </Link>
[39m
[31m+                    
     </p>
[39m
[31m+ 
[39m
[31m+                    
     {/* Footer */}
[39m
[31m+                    
     <p style={{ 
textAlign: 'center', 
fontSize: '0.75rem', 
color: '#9CA3AF' }}>
[39m
[31m+                    
         ┬⌐ {new 
Date().getFullYear()} 
Quizly. All rights 
reserved.
[39m
[31m+                    
     </p>
[39m
[31m+                    
 </div>
[39m
[31m+                 
</div>
[39m
[31m+             </div>
[39m
[31m+         </>
[39m
[31m+     );
[39m
[31m+ }
[39m
[31m+[39m

[36m [2mΓ¥»[22m src/pag
es/SignupPage.test.ts:[2m
178:24[22m[39m
    [90m176|[39m
    [90m177|[39m     
[34mit[39m([32m'calls 
signInWithGoogle on 
click'[39m[33m,[39m () 
[33m=>[39m {
    [90m178|[39m        
 [34mexpect[39m(source)
[33m.[39m[34mtoContain[
39m([32m'signInWithGoogle
'[39m)[33m;[39m
    [90m   |[39m        
                
[31m^[39m
    [90m179|[39m        
 [34mexpect[39m(source)
[33m.[39m[34mtoContain[
39m([32m'handleGoogleSign
In'[39m)[33m;[39m
    [90m180|[39m     
})[33m;[39m

[31m[2mΓÄ»ΓÄ»ΓÄ»ΓÄ»ΓÄ»ΓÄ
»ΓÄ»ΓÄ»ΓÄ»ΓÄ»ΓÄ»ΓÄ»ΓÄ»ΓÄ»Γ
Ä»ΓÄ»ΓÄ»ΓÄ»ΓÄ»ΓÄ»ΓÄ»ΓÄ»[53
/75]ΓÄ»[22m[39m

[41m[1m FAIL [22m[49m 
src/pages/StudentDashboard
.test.ts[2m > 
[22mStudentDashboard ΓÇô 
badge integration 
(Requirements 
2.1ΓÇô2.5)[2m > 
[22mrenders BadgeList 
component
[31m[1mAssertionError[2
2m: expected 'import { 
useState, useEffect, 
useRef ΓÇª' to contain 
'<BadgeList'[39m

[32m- Expected[39m
[31m+ Received[39m

[32m- <BadgeList[39m
[31m+ import { useState, 
useEffect, useRef } from 
'react';
[39m
[31m+ import { Link, 
useNavigate } from 
'react-router-dom';
[39m
[31m+ import { Flame, 
CheckCircle, BarChart2, 
BookOpen, Users, 
HelpCircle } from 
'lucide-react';
[39m
[31m+ import { 
StudentNavbar } from '../c
omponents/StudentNavbar';
[39m
[31m+ import { useAuth } 
from 
'../contexts/AuthContext';
[39m
[31m+ import { 
useStudentStats } from '..
/hooks/useStudentStats';
[39m
[31m+ import { useBadges 
} from 
'../hooks/useBadges';
[39m
[31m+ import 
ToastNotification from '..
/components/ToastNotificat
ion';
[39m
[31m+ import { 
evaluateBadges } from 
'../lib/badgeEngine';
[39m
[31m+ import { 
getContinueLearning, 
getInitials } from 
'../utils/scoring';
[39m
[31m+ import { 
useBreakpoint } from 
'../hooks/useBreakpoint';
[39m
[31m+ import type { 
BadgeRecord } from 
'../types/student';
[39m
[31m+ 
[39m
[31m+ const 
RECOMMENDED_QUIZZES = [
[39m
[31m+     { id: 
'practice-quiz', title: 
'Machine Learning', 
description: 'Test your 
ML fundamentals with 10 
questions.', color: 
'#3B82F6', bg: '#EFF6FF', 
emoji: '≡ƒñû' },
[39m
[31m+     { id: 
'practice-sql', title: 
'SQL Fundamentals', 
description: 'Master 
database queries with 10 
SQL questions.', color: 
'#10B981', bg: '#ECFDF5', 
emoji: '≡ƒùä∩╕Å' },
[39m
[31m+     { id: 
'practice-nn', title: 
'Neural Networks', 
description: 'Deep dive 
into neurons, layers, and 
training.', color: 
'#8B5CF6', bg: '#F5F3FF', 
emoji: '≡ƒºá' },
[39m
[31m+     { id: 
'practice-vcs', title: 
'Version Control', 
description: 'Check your 
Git command knowledge.', 
color: '#FF5C1A', bg: 
'#FFF3EE', emoji: '≡ƒî┐' 
},
[39m
[31m+ ];
[39m
[31m+ 
[39m
[31m+ function 
formatDate(iso: string): 
string {
[39m
[31m+     return new Date
(iso).toLocaleDateString(u
ndefined, { month: 
'short', day: 'numeric', 
year: 'numeric' });
[39m
[31m+ }
[39m
[31m+ 
[39m
[31m+ export function 
StudentDashboard() {
[39m
[31m+     const { user, 
userProfile } = useAuth();
[39m
[31m+     const navigate 
= useNavigate();
[39m
[31m+     const { 
records, streak, 
averageScore, 
totalCompleted, loading } 
= useStudentStats(user?._i
d);
[39m
[31m+     const { 
badges, loading: 
badgesLoading } = 
useBadges(user?._id);
[39m
[31m+     const 
[newBadges, setNewBadges] 
= useState<BadgeRecord[]>(
[]);
[39m
[31m+     const 
prevRecordsLengthRef = 
useRef<number | 
null>(null);
[39m
[31m+     const { 
isMobile } = 
useBreakpoint();
[39m
[31m+ 
[39m
[31m+     useEffect(() 
=> {
[39m
[31m+         
document.title = 'My 
Dashboard ΓÇö Quizly';
[39m
[31m+     }, []);
[39m
[31m+ 
[39m
[31m+     // After 
records update (new score 
saved), evaluate badges 
asynchronously
[39m
[31m+     useEffect(() 
=> {
[39m
[31m+         const uid 
= user?._id;
[39m
[31m+         if (!uid 
|| loading) return;
[39m
[31m+         // Only 
trigger when records 
length increases (new 
score recorded)
[39m
[31m+         if (prevRec
ordsLengthRef.current === 
null) {
[39m
[31m+             prevRec
ordsLengthRef.current = 
records.length;
[39m
[31m+             return;
[39m
[31m+         }
[39m
[31m+         if 
(records.length > prevReco
rdsLengthRef.current) {
[39m
[31m+             prevRec
ordsLengthRef.current = 
records.length;
[39m
[31m+             // 
Non-blocking: never 
awaited in the render path
[39m
[31m+             
evaluateBadges(uid, 
records, 
streak).then((awarded) => 
{
[39m
[31m+                 if 
(awarded.length > 0) {
[39m
[31m+                    
 setNewBadges((prev) => 
[...prev, ...awarded]);
[39m
[31m+                 }
[39m
[31m+             
}).catch(() => {
[39m
[31m+                 // 
Badge evaluation failure 
is silent ΓÇö never 
blocks the UI
[39m
[31m+             });
[39m
[31m+         } else {
[39m
[31m+             prevRec
ordsLengthRef.current = 
records.length;
[39m
[31m+         }
[39m
[31m+     }, [records, 
loading, user?._id, 
streak]);
[39m
[31m+ 
[39m
[31m+     const 
handleDismissToast = () 
=> {
[39m
[31m+         
setNewBadges((prev) => 
prev.slice(1));
[39m
[31m+     };
[39m
[31m+ 
[39m
[31m+     const 
continueLearning = getCont
inueLearning(records, 3);
[39m
[31m+ 
[39m
[31m+     const 
displayName = 
userProfile?.displayName 
?? user?.email ?? 
'Student';
[39m
[31m+     const initials 
= 
getInitials(displayName);
[39m
[31m+ 
[39m
[31m+     return (
[39m
[31m+         <div 
style={{ minHeight: 
'100vh', background: 
'#F5F5F5', fontFamily: 
"'Inter', sans-serif" }}>
[39m
[31m+             
<StudentNavbar activePage=
"/student/dashboard" />
[39m
[31m+ 
[39m
[31m+             {/* 
Toast notification for 
newly awarded badges ΓÇö 
shown one at a time */}
[39m
[31m+             
{newBadges.length > 0 && (
[39m
[31m+                 
<ToastNotification
[39m
[31m+                    
 badge={newBadges[0]}
[39m
[31m+                    
 onDismiss={handleDismissT
oast}
[39m
[31m+                 />
[39m
[31m+             )}
[39m
[31m+ 
[39m
[31m+             <div 
style={{ maxWidth: 1100, 
margin: '0 auto', 
padding: isMobile ? '24px 
16px' : '40px 24px' }}>
[39m
[31m+ 
[39m
[31m+                 
{/* Welcome header */}
[39m
[31m+                 
<div style={{ display: 
'flex', alignItems: 
'center', gap: 16, 
marginBottom: 32, 
flexWrap: 'wrap' }}>
[39m
[31m+                    
 {userProfile?.avatarUrl 
? (
[39m
[31m+                    
     <img
[39m
[31m+                    
         src={userProfile.
avatarUrl}
[39m
[31m+                    
         alt={displayName}
[39m
[31m+                    
         style={{ width: 
56, height: 56, 
borderRadius: '50%', 
objectFit: 'cover' }}
[39m
[31m+                    
     />
[39m
[31m+                    
 ) : (
[39m
[31m+                    
     <div style={{
[39m
[31m+                    
         width: 56, 
height: 56, borderRadius: 
'50%',
[39m
[31m+                    
         background: 
'#6366F1', color: '#fff',
[39m
[31m+                    
         display: 'flex', 
alignItems: 'center', 
justifyContent: 'center',
[39m
[31m+                    
         fontSize: 20, 
fontWeight: 700,
[39m
[31m+                    
     }}>
[39m
[31m+                    
         {initials}
[39m
[31m+                    
     </div>
[39m
[31m+                    
 )}
[39m
[31m+                    
 <div>
[39m
[31m+                    
     <h1 style={{ 
fontSize: 24, fontWeight: 
800, color: '#111827', 
margin: 0 }}>
[39m
[31m+                    
         Welcome back, 
{displayName}!
[39m
[31m+                    
     </h1>
[39m
[31m+                    
     <p style={{ 
fontSize: 14, color: 
'#6B7280', margin: '4px 0 
0' }}>
[39m
[31m+                    
         Keep up the 
great work.
[39m
[31m+                    
     </p>
[39m
[31m+                    
 </div>
[39m
[31m+                 
</div>
[39m
[31m+ 
[39m
[31m+                 
{loading ? (
[39m
[31m+                    
 <div
[39m
[31m+                    
     data-testid="stats-lo
ading"
[39m
[31m+                    
     style={{ display: 
'grid', 
gridTemplateColumns: 
isMobile ? '1fr' : 
'repeat(3, 1fr)', gap: 
16, marginBottom: 32 }}
[39m
[31m+                    
 >
[39m
[31m+                    
     {[0, 1, 2].map(i => (
[39m
[31m+                    
         <div key={i} 
style={{
[39m
[31m+                    
             background: 
'#fff', borderRadius: 12, 
padding: '20px 24px',
[39m
[31m+                    
             boxShadow: 
'0 1px 4px 
rgba(0,0,0,0.08)', 
height: 84,
[39m
[31m+                    
             animation: 
'pulse 1.5s ease-in-out 
infinite', opacity: 0.6,
[39m
[31m+                    
         }} />
[39m
[31m+                    
     ))}
[39m
[31m+                    
 </div>
[39m
[31m+                 ) 
: records.length === 0 ? (
[39m
[31m+                    
 <div
[39m
[31m+                    
     
data-testid="empty-state"
[39m
[31m+                    
     style={{
[39m
[31m+                    
         background: 
'#fff', borderRadius: 16, 
padding: '60px 24px',
[39m
[31m+                    
         textAlign: 
'center', boxShadow: '0 
1px 4px 
rgba(0,0,0,0.08)', 
marginBottom: 32,
[39m
[31m+                    
     }}
[39m
[31m+                    
 >
[39m
[31m+                    
     <div style={{
[39m
[31m+                    
         width: 64, 
height: 64, background: 
'#EEF2FF', borderRadius: 
'50%',
[39m
[31m+                    
         display: 'flex', 
alignItems: 'center', 
justifyContent: 'center', 
margin: '0 auto 20px',
[39m
[31m+                    
     }}>
[39m
[31m+                    
         <BookOpen 
size={28} color="#6366F1" 
/>
[39m
[31m+                    
     </div>
[39m
[31m+                    
     <h2 style={{ 
fontSize: 20, fontWeight: 
700, color: '#111827', 
margin: '0 0 8px' }}>
[39m
[31m+                    
         No quizzes 
completed yet
[39m
[31m+                    
     </h2>
[39m
[31m+                    
     <p style={{ 
fontSize: 14, color: 
'#6B7280', margin: '0 0 
24px' }}>
[39m
[31m+                    
         Take your first 
quiz to start tracking 
your progress!
[39m
[31m+                    
     </p>
[39m
[31m+                    
     <Link
[39m
[31m+                    
         to="/student"
[39m
[31m+                    
         style={{
[39m
[31m+                    
             display: 
'inline-block', 
background: '#6366F1', 
color: '#fff',
[39m
[31m+                    
             padding: 
'10px 24px', 
borderRadius: 8, 
fontWeight: 600,
[39m
[31m+                    
             fontSize: 
14, textDecoration: 
'none',
[39m
[31m+                    
         }}
[39m
[31m+                    
     >
[39m
[31m+                    
         Browse Quizzes
[39m
[31m+                    
     </Link>
[39m
[31m+                    
 </div>
[39m
[31m+                 ) 
: (
[39m
[31m+                    
 <>
[39m
[31m+                    
     {/* Stats row */}
[39m
[31m+                    
     <div
[39m
[31m+                    
         
data-testid="stats-row"
[39m
[31m+                    
         style={{ 
display: 'grid', 
gridTemplateColumns: 
isMobile ? '1fr' : 
'repeat(3, 1fr)', gap: 
16, marginBottom: 32 }}
[39m
[31m+                    
     >
[39m
[31m+                    
         <div style={{
[39m
[31m+                    
             background: 
'#fff', borderRadius: 12, 
padding: '20px 24px',
[39m
[31m+                    
             boxShadow: 
'0 1px 4px 
rgba(0,0,0,0.08)', 
display: 'flex', 
alignItems: 'center', 
gap: 16,
[39m
[31m+                    
         }}>
[39m
[31m+                    
             <div 
style={{ width: 44, 
height: 44, borderRadius: 
10, background: 
'#FFF3EE', display: 
'flex', alignItems: 
'center', justifyContent: 
'center' }}>
[39m
[31m+                    
                 <Flame 
size={22} color="#FF5C1A" 
/>
[39m
[31m+                    
             </div>
[39m
[31m+                    
             <div>
[39m
[31m+                    
                 <div 
style={{ fontSize: 28, 
fontWeight: 800, color: 
'#111827' }} data-testid="
streak-count">{streak}</di
v>
[39m
[31m+                    
                 <div 
style={{ fontSize: 13, 
color: '#6B7280' }}>Day 
Streak</div>
[39m
[31m+                    
             </div>
[39m
[31m+                    
         </div>
[39m
[31m+ 
[39m
[31m+                    
         <div style={{
[39m
[31m+                    
             background: 
'#fff', borderRadius: 12, 
padding: '20px 24px',
[39m
[31m+                    
             boxShadow: 
'0 1px 4px 
rgba(0,0,0,0.08)', 
display: 'flex', 
alignItems: 'center', 
gap: 16,
[39m
[31m+                    
         }}>
[39m
[31m+                    
             <div 
style={{ width: 44, 
height: 44, borderRadius: 
10, background: 
'#ECFDF5', display: 
'flex', alignItems: 
'center', justifyContent: 
'center' }}>
[39m
[31m+                    
                 
<CheckCircle size={22} 
color="#10B981" />
[39m
[31m+                    
             </div>
[39m
[31m+                    
             <div>
[39m
[31m+                    
                 <div 
style={{ fontSize: 28, 
fontWeight: 800, color: 
'#111827' }} data-testid="
total-completed">{totalCom
pleted}</div>
[39m
[31m+                    
                 <div 
style={{ fontSize: 13, 
color: '#6B7280' 
}}>Quizzes Completed</div>
[39m
[31m+                    
             </div>
[39m
[31m+                    
         </div>
[39m
[31m+ 
[39m
[31m+                    
         <div style={{
[39m
[31m+                    
             background: 
'#fff', borderRadius: 12, 
padding: '20px 24px',
[39m
[31m+                    
             boxShadow: 
'0 1px 4px 
rgba(0,0,0,0.08)', 
display: 'flex', 
alignItems: 'center', 
gap: 16,
[39m
[31m+                    
         }}>
[39m
[31m+                    
             <div 
style={{ width: 44, 
height: 44, borderRadius: 
10, background: 
'#EEF2FF', display: 
'flex', alignItems: 
'center', justifyContent: 
'center' }}>
[39m
[31m+                    
                 
<BarChart2 size={22} 
color="#6366F1" />
[39m
[31m+                    
             </div>
[39m
[31m+                    
             <div>
[39m
[31m+                    
                 <div 
style={{ fontSize: 28, 
fontWeight: 800, color: 
'#111827' }} data-testid="
average-score">{averageSco
re}%</div>
[39m
[31m+                    
                 <div 
style={{ fontSize: 13, 
color: '#6B7280' 
}}>Average Score</div>
[39m
[31m+                    
             </div>
[39m
[31m+                    
         </div>
[39m
[31m+                    
     </div>
[39m
[31m+ 
[39m
[31m+                    
     {/* Continue 
Learning */}
[39m
[31m+                    
     <section style={{ 
marginBottom: 32 }}>
[39m
[31m+                    
         <h2 style={{ 
fontSize: 18, fontWeight: 
700, color: '#111827', 
margin: '0 0 16px' }}>
[39m
[31m+                    
             Continue 
Learning
[39m
[31m+                    
         </h2>
[39m
[31m+                    
         <div style={{ 
display: 'grid', 
gridTemplateColumns: 
'repeat(auto-fill, 
minmax(280px, 1fr))', 
gap: 16 }}>
[39m
[31m+                    
             {continueLear
ning.map((record: any) => 
(
[39m
[31m+                    
                 <div
[39m
[31m+                    
                     
key={record._id || 
record.id}
[39m
[31m+                    
                     
onClick={() => navigate(`/
student/quiz/${record.quiz
Id}`)}
[39m
[31m+                    
                     
style={{
[39m
[31m+                    
                         
background: '#fff', 
borderRadius: 12, 
padding: '20px 24px',
[39m
[31m+                    
                         
boxShadow: '0 1px 4px 
rgba(0,0,0,0.08)', 
cursor: 'pointer', 
transition: 'box-shadow 
0.15s',
[39m
[31m+                    
                     }}
[39m
[31m+                    
                     
onMouseEnter={e => (e.curr
entTarget.style.boxShadow 
= '0 4px 16px 
rgba(0,0,0,0.12)')}
[39m
[31m+                    
                     
onMouseLeave={e => (e.curr
entTarget.style.boxShadow 
= '0 1px 4px 
rgba(0,0,0,0.08)')}
[39m
[31m+                    
                 >
[39m
[31m+                    
                     <h3 
style={{ fontSize: 15, 
fontWeight: 700, color: 
'#111827', margin: '0 0 
8px' }}>
[39m
[31m+                    
                         
{record.quizTitle}
[39m
[31m+                    
                     </h3>
[39m
[31m+                    
                     <div 
style={{ display: 'flex', 
justifyContent: 
'space-between', 
fontSize: 13, color: 
'#6B7280' }}>
[39m
[31m+                    
                         
<span>Score: <strong 
style={{ color: '#111827' 
}}>{record.score}/{record.
total}</strong></span>
[39m
[31m+                    
                         <
span>{formatDate(record.co
mpletedAt)}</span>
[39m
[31m+                    
                     
</div>
[39m
[31m+                    
                     <div 
style={{ marginTop: 12, 
height: 4, background: 
'#E5E7EB', borderRadius: 
99, overflow: 'hidden' }}>
[39m
[31m+                    
                         
<div style={{
[39m
[31m+                    
                          
   width: 
`${record.percentage}%`, 
height: '100%',
[39m
[31m+                    
                          
   background: 
record.percentage >= 80 ? 
'#10B981' : 
record.percentage >= 60 ? 
'#6366F1' : '#FF5C1A',
[39m
[31m+                    
                          
   borderRadius: 99,
[39m
[31m+                    
                         
}} />
[39m
[31m+                    
                     
</div>
[39m
[31m+                    
                     <div 
style={{ marginTop: 4, 
fontSize: 12, color: 
'#9CA3AF', textAlign: 
'right' }}>
[39m
[31m+                    
                         
{record.percentage}%
[39m
[31m+                    
                     
</div>
[39m
[31m+                    
                 </div>
[39m
[31m+                    
             ))}
[39m
[31m+                    
         </div>
[39m
[31m+                    
     </section>
[39m
[31m+                    
 </>
[39m
[31m+                 )}
[39m
[31m+ 
[39m
[31m+                 
{/* My Badges */}
[39m
[31m+                 
<section style={{ 
marginBottom: 32 }}>
[39m
[31m+                    
 <h2 style={{ fontSize: 
18, fontWeight: 700, 
color: '#111827', margin: 
'0 0 16px' }}>
[39m
[31m+                    
     My Badges
[39m
[31m+                    
 </h2>
[39m
[31m+                    
 {badgesLoading ? (
[39m
[31m+                    
     <div style={{ 
display: 'flex', gap: 12 
}}>
[39m
[31m+                    
         {[1, 2, 3].map(i 
=> (
[39m
[31m+                    
             <div key={i} 
style={{ width: 64, 
height: 84, background: 
'#fff', borderRadius: 8, 
opacity: 0.5 }} />
[39m
[31m+                    
         ))}
[39m
[31m+                    
     </div>
[39m
[31m+                    
 ) : (badges?.length ?? 
0) === 0 ? (
[39m
[31m+                    
     <p style={{ 
fontSize: 14, color: 
'#6B7280' }}>No badges 
earned yet. Keep 
playing!</p>
[39m
[31m+                    
 ) : (
[39m
[31m+                    
     <div style={{ 
display: 'flex', 
flexWrap: 'wrap', gap: 16 
}}>
[39m
[31m+                    
         
{badges?.map((badge: any) 
=> (
[39m
[31m+                    
             <div 
key={badge.id || 
badge.type} style={{
[39m
[31m+                    
                 width: 
80, display: 'flex', 
flexDirection: 'column', 
alignItems: 'center', 
textAlign: 'center'
[39m
[31m+                    
             }}>
[39m
[31m+                    
                 <div 
style={{
[39m
[31m+                    
                     
width: 56, height: 56, 
borderRadius: '50%', 
background: '#EEF2FF',
[39m
[31m+                    
                     
display: 'flex', 
alignItems: 'center', 
justifyContent: 'center', 
marginBottom: 8,
[39m
[31m+                    
                     
fontSize: 24, border: 
'2px solid #6366F1'
[39m
[31m+                    
                 }}>
[39m
[31m+                    
                     
{badge.icon || '≡ƒÅå'}
[39m
[31m+                    
                 </div>
[39m
[31m+                    
                 <span 
style={{ fontSize: 11, 
fontWeight: 600, color: 
'#374151' 
}}>{badge.name}</span>
[39m
[31m+                    
             </div>
[39m
[31m+                    
         ))}
[39m
[31m+                    
     </div>
[39m
[31m+                    
 )}
[39m
[31m+                 
</section>
[39m
[31m+ 
[39m
[31m+                 
{/* Recommended Quizzes 
*/}
[39m
[31m+                 
<section style={{ 
marginBottom: 32 }}>
[39m
[31m+                    
 <h2 style={{ fontSize: 
18, fontWeight: 700, 
color: '#111827', margin: 
'0 0 16px' }}>
[39m
[31m+                    
     Recommended Quizzes
[39m
[31m+                    
 </h2>
[39m
[31m+                    
 <div style={{ display: 
'grid', 
gridTemplateColumns: 
'repeat(auto-fill, 
minmax(220px, 1fr))', 
gap: 16 }}>
[39m
[31m+                    
     {RECOMMENDED_QUIZZES.
map(quiz => (
[39m
[31m+                    
         <Link 
key={quiz.id} to={`/studen
t/quiz/${quiz.id}`} 
style={{ textDecoration: 
'none' }}>
[39m
[31m+                    
             <div
[39m
[31m+                    
                 style={{
[39m
[31m+                    
                     
background: '#fff', 
borderRadius: 12, 
padding: '20px',
[39m
[31m+                    
                     
boxShadow: '0 1px 4px 
rgba(0,0,0,0.08)',
[39m
[31m+                    
                     
display: 'flex', 
flexDirection: 'column', 
alignItems: 'center',
[39m
[31m+                    
                     
textAlign: 'center', 
cursor: 'pointer', 
transition: 'box-shadow 
0.15s, transform 0.15s',
[39m
[31m+                    
                 }}
[39m
[31m+                    
                 
onMouseEnter={e => {
[39m
[31m+                    
                     
(e.currentTarget as HTMLDi
vElement).style.boxShadow 
= '0 4px 16px 
rgba(0,0,0,0.12)';
[39m
[31m+                    
                     
(e.currentTarget as HTMLDi
vElement).style.transform 
= 'translateY(-2px)';
[39m
[31m+                    
                 }}
[39m
[31m+                    
                 
onMouseLeave={e => {
[39m
[31m+                    
                     
(e.currentTarget as HTMLDi
vElement).style.boxShadow 
= '0 1px 4px 
rgba(0,0,0,0.08)';
[39m
[31m+                    
                     
(e.currentTarget as HTMLDi
vElement).style.transform 
= 'translateY(0)';
[39m
[31m+                    
                 }}
[39m
[31m+                    
             >
[39m
[31m+                    
                 <div 
style={{
[39m
[31m+                    
                     
width: 48, height: 48, 
borderRadius: '50%',
[39m
[31m+                    
                     
background: quiz.bg,
[39m
[31m+                    
                     
display: 'flex', 
alignItems: 'center', 
justifyContent: 'center', 
marginBottom: 12,
[39m
[31m+                    
                 }}>
[39m
[31m+                    
                     
<HelpCircle size={22} 
color={quiz.color} />
[39m
[31m+                    
                 </div>
[39m
[31m+                    
                 <h3 
style={{ fontSize: 14, 
fontWeight: 700, color: 
'#111827', margin: '0 0 
6px' }}>
[39m
[31m+                    
                     
{quiz.title}
[39m
[31m+                    
                 </h3>
[39m
[31m+                    
                 <p 
style={{ fontSize: 12, 
color: '#6B7280', margin: 
'0 0 16px', lineHeight: 
1.5 }}>
[39m
[31m+                    
                     
{quiz.description}
[39m
[31m+                    
                 </p>
[39m
[31m+                    
                 <div 
style={{
[39m
[31m+                    
                     
width: '100%', 
background: '#FF5C1A', 
color: '#fff',
[39m
[31m+                    
                     
borderRadius: 8, padding: 
'8px 0',
[39m
[31m+                    
                     
fontWeight: 600, 
fontSize: 13, marginTop: 
'auto',
[39m
[31m+                    
                 }}>
[39m
[31m+                    
                     
Start Quiz
[39m
[31m+                    
                 </div>
[39m
[31m+                    
             </div>
[39m
[31m+                    
         </Link>
[39m
[31m+                    
     ))}
[39m
[31m+                    
 </div>
[39m
[31m+                 
</section>
[39m
[31m+ 
[39m
[31m+                 
{/* Join Live Game CTA */}
[39m
[31m+                 
<div style={{
[39m
[31m+                    
 background: 
'linear-gradient(135deg, 
#6366F1 0%, #8B5CF6 
100%)',
[39m
[31m+                    
 borderRadius: 16, 
padding: isMobile ? '24px 
20px' : '32px 40px',
[39m
[31m+                    
 display: 'flex', 
alignItems: 'center', 
justifyContent: 
'space-between',
[39m
[31m+                    
 flexDirection: isMobile 
? 'column' : 'row',
[39m
[31m+                    
 textAlign: isMobile ? 
'center' : 'left',
[39m
[31m+                    
 flexWrap: 'wrap', gap: 
16,
[39m
[31m+                 }}>
[39m
[31m+                    
 <div>
[39m
[31m+                    
     <h2 style={{ 
fontSize: 20, fontWeight: 
800, color: '#fff', 
margin: '0 0 6px' }}>
[39m
[31m+                    
         Ready for a live 
challenge?
[39m
[31m+                    
     </h2>
[39m
[31m+                    
     <p style={{ 
fontSize: 14, color: 
'rgba(255,255,255,0.8)', 
margin: 0 }}>
[39m
[31m+                    
         Join a 
teacher-hosted game 
session with a game code.
[39m
[31m+                    
     </p>
[39m
[31m+                    
 </div>
[39m
[31m+                    
 <Link
[39m
[31m+                    
     to="/join"
[39m
[31m+                    
     data-testid="join-liv
e-game-btn"
[39m
[31m+                    
     style={{
[39m
[31m+                    
         display: 
'inline-flex', 
alignItems: 'center', 
gap: 8,
[39m
[31m+                    
         background: 
'#fff', color: '#6366F1',
[39m
[31m+                    
         padding: '12px 
28px', borderRadius: 10,
[39m
[31m+                    
         fontWeight: 700, 
fontSize: 15, 
textDecoration: 'none', 
whiteSpace: 'nowrap',
[39m
[31m+                    
     }}
[39m
[31m+                    
 >
[39m
[31m+                    
     <Users size={18} />
[39m
[31m+                    
     Join Live Game
[39m
[31m+                    
 </Link>
[39m
[31m+                 
</div>
[39m
[31m+ 
[39m
[31m+             </div>
[39m
[31m+             
<style>{`@keyframes pulse 
{ 0%, 100% { opacity: 
0.6; } 50% { opacity: 
0.3; } }`}</style>
[39m
[31m+         </div>
[39m
[31m+     );
[39m
[31m+ }
[39m
[31m+[39m

[36m [2mΓ¥»[22m src/pag
es/StudentDashboard.test.t
s:[2m213:24[22m[39m
    [90m211|[39m     
[90m// Requirement 2.2 
ΓÇö BadgeList component 
is rendered[39m
    [90m212|[39m     [3
4mit[39m([32m'renders 
BadgeList component'[39m
[33m,[39m () 
[33m=>[39m {
    [90m213|[39m        
 [34mexpect[39m(source)
[33m.[39m[34mtoContain[
39m([32m'<BadgeList'[39m
)[33m;[39m
    [90m   |[39m        
                
[31m^[39m
    [90m214|[39m     
})[33m;[39m
    [90m215|[39m

[31m[2mΓÄ»ΓÄ»ΓÄ»ΓÄ»ΓÄ»ΓÄ
»ΓÄ»ΓÄ»ΓÄ»ΓÄ»ΓÄ»ΓÄ»ΓÄ»ΓÄ»Γ
Ä»ΓÄ»ΓÄ»ΓÄ»ΓÄ»ΓÄ»ΓÄ»ΓÄ»[54
/75]ΓÄ»[22m[39m

[41m[1m FAIL [22m[49m 
src/pages/StudentDashboard
.test.ts[2m > 
[22mStudentDashboard ΓÇô 
badge integration 
(Requirements 
2.1ΓÇô2.5)[2m > 
[22mpasses loading prop 
to BadgeList
[31m[1mAssertionError[2
2m: expected 'import { 
useState, useEffect, 
useRef ΓÇª' to contain 'lo
ading={badgesLoading}'[39
m

[32m- Expected[39m
[31m+ Received[39m

[32m- loading={badgesLoad
ing}[39m
[31m+ import { useState, 
useEffect, useRef } from 
'react';
[39m
[31m+ import { Link, 
useNavigate } from 
'react-router-dom';
[39m
[31m+ import { Flame, 
CheckCircle, BarChart2, 
BookOpen, Users, 
HelpCircle } from 
'lucide-react';
[39m
[31m+ import { 
StudentNavbar } from '../c
omponents/StudentNavbar';
[39m
[31m+ import { useAuth } 
from 
'../contexts/AuthContext';
[39m
[31m+ import { 
useStudentStats } from '..
/hooks/useStudentStats';
[39m
[31m+ import { useBadges 
} from 
'../hooks/useBadges';
[39m
[31m+ import 
ToastNotification from '..
/components/ToastNotificat
ion';
[39m
[31m+ import { 
evaluateBadges } from 
'../lib/badgeEngine';
[39m
[31m+ import { 
getContinueLearning, 
getInitials } from 
'../utils/scoring';
[39m
[31m+ import { 
useBreakpoint } from 
'../hooks/useBreakpoint';
[39m
[31m+ import type { 
BadgeRecord } from 
'../types/student';
[39m
[31m+ 
[39m
[31m+ const 
RECOMMENDED_QUIZZES = [
[39m
[31m+     { id: 
'practice-quiz', title: 
'Machine Learning', 
description: 'Test your 
ML fundamentals with 10 
questions.', color: 
'#3B82F6', bg: '#EFF6FF', 
emoji: '≡ƒñû' },
[39m
[31m+     { id: 
'practice-sql', title: 
'SQL Fundamentals', 
description: 'Master 
database queries with 10 
SQL questions.', color: 
'#10B981', bg: '#ECFDF5', 
emoji: '≡ƒùä∩╕Å' },
[39m
[31m+     { id: 
'practice-nn', title: 
'Neural Networks', 
description: 'Deep dive 
into neurons, layers, and 
training.', color: 
'#8B5CF6', bg: '#F5F3FF', 
emoji: '≡ƒºá' },
[39m
[31m+     { id: 
'practice-vcs', title: 
'Version Control', 
description: 'Check your 
Git command knowledge.', 
color: '#FF5C1A', bg: 
'#FFF3EE', emoji: '≡ƒî┐' 
},
[39m
[31m+ ];
[39m
[31m+ 
[39m
[31m+ function 
formatDate(iso: string): 
string {
[39m
[31m+     return new Date
(iso).toLocaleDateString(u
ndefined, { month: 
'short', day: 'numeric', 
year: 'numeric' });
[39m
[31m+ }
[39m
[31m+ 
[39m
[31m+ export function 
StudentDashboard() {
[39m
[31m+     const { user, 
userProfile } = useAuth();
[39m
[31m+     const navigate 
= useNavigate();
[39m
[31m+     const { 
records, streak, 
averageScore, 
totalCompleted, loading } 
= useStudentStats(user?._i
d);
[39m
[31m+     const { 
badges, loading: 
badgesLoading } = 
useBadges(user?._id);
[39m
[31m+     const 
[newBadges, setNewBadges] 
= useState<BadgeRecord[]>(
[]);
[39m
[31m+     const 
prevRecordsLengthRef = 
useRef<number | 
null>(null);
[39m
[31m+     const { 
isMobile } = 
useBreakpoint();
[39m
[31m+ 
[39m
[31m+     useEffect(() 
=> {
[39m
[31m+         
document.title = 'My 
Dashboard ΓÇö Quizly';
[39m
[31m+     }, []);
[39m
[31m+ 
[39m
[31m+     // After 
records update (new score 
saved), evaluate badges 
asynchronously
[39m
[31m+     useEffect(() 
=> {
[39m
[31m+         const uid 
= user?._id;
[39m
[31m+         if (!uid 
|| loading) return;
[39m
[31m+         // Only 
trigger when records 
length increases (new 
score recorded)
[39m
[31m+         if (prevRec
ordsLengthRef.current === 
null) {
[39m
[31m+             prevRec
ordsLengthRef.current = 
records.length;
[39m
[31m+             return;
[39m
[31m+         }
[39m
[31m+         if 
(records.length > prevReco
rdsLengthRef.current) {
[39m
[31m+             prevRec
ordsLengthRef.current = 
records.length;
[39m
[31m+             // 
Non-blocking: never 
awaited in the render path
[39m
[31m+             
evaluateBadges(uid, 
records, 
streak).then((awarded) => 
{
[39m
[31m+                 if 
(awarded.length > 0) {
[39m
[31m+                    
 setNewBadges((prev) => 
[...prev, ...awarded]);
[39m
[31m+                 }
[39m
[31m+             
}).catch(() => {
[39m
[31m+                 // 
Badge evaluation failure 
is silent ΓÇö never 
blocks the UI
[39m
[31m+             });
[39m
[31m+         } else {
[39m
[31m+             prevRec
ordsLengthRef.current = 
records.length;
[39m
[31m+         }
[39m
[31m+     }, [records, 
loading, user?._id, 
streak]);
[39m
[31m+ 
[39m
[31m+     const 
handleDismissToast = () 
=> {
[39m
[31m+         
setNewBadges((prev) => 
prev.slice(1));
[39m
[31m+     };
[39m
[31m+ 
[39m
[31m+     const 
continueLearning = getCont
inueLearning(records, 3);
[39m
[31m+ 
[39m
[31m+     const 
displayName = 
userProfile?.displayName 
?? user?.email ?? 
'Student';
[39m
[31m+     const initials 
= 
getInitials(displayName);
[39m
[31m+ 
[39m
[31m+     return (
[39m
[31m+         <div 
style={{ minHeight: 
'100vh', background: 
'#F5F5F5', fontFamily: 
"'Inter', sans-serif" }}>
[39m
[31m+             
<StudentNavbar activePage=
"/student/dashboard" />
[39m
[31m+ 
[39m
[31m+             {/* 
Toast notification for 
newly awarded badges ΓÇö 
shown one at a time */}
[39m
[31m+             
{newBadges.length > 0 && (
[39m
[31m+                 
<ToastNotification
[39m
[31m+                    
 badge={newBadges[0]}
[39m
[31m+                    
 onDismiss={handleDismissT
oast}
[39m
[31m+                 />
[39m
[31m+             )}
[39m
[31m+ 
[39m
[31m+             <div 
style={{ maxWidth: 1100, 
margin: '0 auto', 
padding: isMobile ? '24px 
16px' : '40px 24px' }}>
[39m
[31m+ 
[39m
[31m+                 
{/* Welcome header */}
[39m
[31m+                 
<div style={{ display: 
'flex', alignItems: 
'center', gap: 16, 
marginBottom: 32, 
flexWrap: 'wrap' }}>
[39m
[31m+                    
 {userProfile?.avatarUrl 
? (
[39m
[31m+                    
     <img
[39m
[31m+                    
         src={userProfile.
avatarUrl}
[39m
[31m+                    
         alt={displayName}
[39m
[31m+                    
         style={{ width: 
56, height: 56, 
borderRadius: '50%', 
objectFit: 'cover' }}
[39m
[31m+                    
     />
[39m
[31m+                    
 ) : (
[39m
[31m+                    
     <div style={{
[39m
[31m+                    
         width: 56, 
height: 56, borderRadius: 
'50%',
[39m
[31m+                    
         background: 
'#6366F1', color: '#fff',
[39m
[31m+                    
         display: 'flex', 
alignItems: 'center', 
justifyContent: 'center',
[39m
[31m+                    
         fontSize: 20, 
fontWeight: 700,
[39m
[31m+                    
     }}>
[39m
[31m+                    
         {initials}
[39m
[31m+                    
     </div>
[39m
[31m+                    
 )}
[39m
[31m+                    
 <div>
[39m
[31m+                    
     <h1 style={{ 
fontSize: 24, fontWeight: 
800, color: '#111827', 
margin: 0 }}>
[39m
[31m+                    
         Welcome back, 
{displayName}!
[39m
[31m+                    
     </h1>
[39m
[31m+                    
     <p style={{ 
fontSize: 14, color: 
'#6B7280', margin: '4px 0 
0' }}>
[39m
[31m+                    
         Keep up the 
great work.
[39m
[31m+                    
     </p>
[39m
[31m+                    
 </div>
[39m
[31m+                 
</div>
[39m
[31m+ 
[39m
[31m+                 
{loading ? (
[39m
[31m+                    
 <div
[39m
[31m+                    
     data-testid="stats-lo
ading"
[39m
[31m+                    
     style={{ display: 
'grid', 
gridTemplateColumns: 
isMobile ? '1fr' : 
'repeat(3, 1fr)', gap: 
16, marginBottom: 32 }}
[39m
[31m+                    
 >
[39m
[31m+                    
     {[0, 1, 2].map(i => (
[39m
[31m+                    
         <div key={i} 
style={{
[39m
[31m+                    
             background: 
'#fff', borderRadius: 12, 
padding: '20px 24px',
[39m
[31m+                    
             boxShadow: 
'0 1px 4px 
rgba(0,0,0,0.08)', 
height: 84,
[39m
[31m+                    
             animation: 
'pulse 1.5s ease-in-out 
infinite', opacity: 0.6,
[39m
[31m+                    
         }} />
[39m
[31m+                    
     ))}
[39m
[31m+                    
 </div>
[39m
[31m+                 ) 
: records.length === 0 ? (
[39m
[31m+                    
 <div
[39m
[31m+                    
     
data-testid="empty-state"
[39m
[31m+                    
     style={{
[39m
[31m+                    
         background: 
'#fff', borderRadius: 16, 
padding: '60px 24px',
[39m
[31m+                    
         textAlign: 
'center', boxShadow: '0 
1px 4px 
rgba(0,0,0,0.08)', 
marginBottom: 32,
[39m
[31m+                    
     }}
[39m
[31m+                    
 >
[39m
[31m+                    
     <div style={{
[39m
[31m+                    
         width: 64, 
height: 64, background: 
'#EEF2FF', borderRadius: 
'50%',
[39m
[31m+                    
         display: 'flex', 
alignItems: 'center', 
justifyContent: 'center', 
margin: '0 auto 20px',
[39m
[31m+                    
     }}>
[39m
[31m+                    
         <BookOpen 
size={28} color="#6366F1" 
/>
[39m
[31m+                    
     </div>
[39m
[31m+                    
     <h2 style={{ 
fontSize: 20, fontWeight: 
700, color: '#111827', 
margin: '0 0 8px' }}>
[39m
[31m+                    
         No quizzes 
completed yet
[39m
[31m+                    
     </h2>
[39m
[31m+                    
     <p style={{ 
fontSize: 14, color: 
'#6B7280', margin: '0 0 
24px' }}>
[39m
[31m+                    
         Take your first 
quiz to start tracking 
your progress!
[39m
[31m+                    
     </p>
[39m
[31m+                    
     <Link
[39m
[31m+                    
         to="/student"
[39m
[31m+                    
         style={{
[39m
[31m+                    
             display: 
'inline-block', 
background: '#6366F1', 
color: '#fff',
[39m
[31m+                    
             padding: 
'10px 24px', 
borderRadius: 8, 
fontWeight: 600,
[39m
[31m+                    
             fontSize: 
14, textDecoration: 
'none',
[39m
[31m+                    
         }}
[39m
[31m+                    
     >
[39m
[31m+                    
         Browse Quizzes
[39m
[31m+                    
     </Link>
[39m
[31m+                    
 </div>
[39m
[31m+                 ) 
: (
[39m
[31m+                    
 <>
[39m
[31m+                    
     {/* Stats row */}
[39m
[31m+                    
     <div
[39m
[31m+                    
         
data-testid="stats-row"
[39m
[31m+                    
         style={{ 
display: 'grid', 
gridTemplateColumns: 
isMobile ? '1fr' : 
'repeat(3, 1fr)', gap: 
16, marginBottom: 32 }}
[39m
[31m+                    
     >
[39m
[31m+                    
         <div style={{
[39m
[31m+                    
             background: 
'#fff', borderRadius: 12, 
padding: '20px 24px',
[39m
[31m+                    
             boxShadow: 
'0 1px 4px 
rgba(0,0,0,0.08)', 
display: 'flex', 
alignItems: 'center', 
gap: 16,
[39m
[31m+                    
         }}>
[39m
[31m+                    
             <div 
style={{ width: 44, 
height: 44, borderRadius: 
10, background: 
'#FFF3EE', display: 
'flex', alignItems: 
'center', justifyContent: 
'center' }}>
[39m
[31m+                    
                 <Flame 
size={22} color="#FF5C1A" 
/>
[39m
[31m+                    
             </div>
[39m
[31m+                    
             <div>
[39m
[31m+                    
                 <div 
style={{ fontSize: 28, 
fontWeight: 800, color: 
'#111827' }} data-testid="
streak-count">{streak}</di
v>
[39m
[31m+                    
                 <div 
style={{ fontSize: 13, 
color: '#6B7280' }}>Day 
Streak</div>
[39m
[31m+                    
             </div>
[39m
[31m+                    
         </div>
[39m
[31m+ 
[39m
[31m+                    
         <div style={{
[39m
[31m+                    
             background: 
'#fff', borderRadius: 12, 
padding: '20px 24px',
[39m
[31m+                    
             boxShadow: 
'0 1px 4px 
rgba(0,0,0,0.08)', 
display: 'flex', 
alignItems: 'center', 
gap: 16,
[39m
[31m+                    
         }}>
[39m
[31m+                    
             <div 
style={{ width: 44, 
height: 44, borderRadius: 
10, background: 
'#ECFDF5', display: 
'flex', alignItems: 
'center', justifyContent: 
'center' }}>
[39m
[31m+                    
                 
<CheckCircle size={22} 
color="#10B981" />
[39m
[31m+                    
             </div>
[39m
[31m+                    
             <div>
[39m
[31m+                    
                 <div 
style={{ fontSize: 28, 
fontWeight: 800, color: 
'#111827' }} data-testid="
total-completed">{totalCom
pleted}</div>
[39m
[31m+                    
                 <div 
style={{ fontSize: 13, 
color: '#6B7280' 
}}>Quizzes Completed</div>
[39m
[31m+                    
             </div>
[39m
[31m+                    
         </div>
[39m
[31m+ 
[39m
[31m+                    
         <div style={{
[39m
[31m+                    
             background: 
'#fff', borderRadius: 12, 
padding: '20px 24px',
[39m
[31m+                    
             boxShadow: 
'0 1px 4px 
rgba(0,0,0,0.08)', 
display: 'flex', 
alignItems: 'center', 
gap: 16,
[39m
[31m+                    
         }}>
[39m
[31m+                    
             <div 
style={{ width: 44, 
height: 44, borderRadius: 
10, background: 
'#EEF2FF', display: 
'flex', alignItems: 
'center', justifyContent: 
'center' }}>
[39m
[31m+                    
                 
<BarChart2 size={22} 
color="#6366F1" />
[39m
[31m+                    
             </div>
[39m
[31m+                    
             <div>
[39m
[31m+                    
                 <div 
style={{ fontSize: 28, 
fontWeight: 800, color: 
'#111827' }} data-testid="
average-score">{averageSco
re}%</div>
[39m
[31m+                    
                 <div 
style={{ fontSize: 13, 
color: '#6B7280' 
}}>Average Score</div>
[39m
[31m+                    
             </div>
[39m
[31m+                    
         </div>
[39m
[31m+                    
     </div>
[39m
[31m+ 
[39m
[31m+                    
     {/* Continue 
Learning */}
[39m
[31m+                    
     <section style={{ 
marginBottom: 32 }}>
[39m
[31m+                    
         <h2 style={{ 
fontSize: 18, fontWeight: 
700, color: '#111827', 
margin: '0 0 16px' }}>
[39m
[31m+                    
             Continue 
Learning
[39m
[31m+                    
         </h2>
[39m
[31m+                    
         <div style={{ 
display: 'grid', 
gridTemplateColumns: 
'repeat(auto-fill, 
minmax(280px, 1fr))', 
gap: 16 }}>
[39m
[31m+                    
             {continueLear
ning.map((record: any) => 
(
[39m
[31m+                    
                 <div
[39m
[31m+                    
                     
key={record._id || 
record.id}
[39m
[31m+                    
                     
onClick={() => navigate(`/
student/quiz/${record.quiz
Id}`)}
[39m
[31m+                    
                     
style={{
[39m
[31m+                    
                         
background: '#fff', 
borderRadius: 12, 
padding: '20px 24px',
[39m
[31m+                    
                         
boxShadow: '0 1px 4px 
rgba(0,0,0,0.08)', 
cursor: 'pointer', 
transition: 'box-shadow 
0.15s',
[39m
[31m+                    
                     }}
[39m
[31m+                    
                     
onMouseEnter={e => (e.curr
entTarget.style.boxShadow 
= '0 4px 16px 
rgba(0,0,0,0.12)')}
[39m
[31m+                    
                     
onMouseLeave={e => (e.curr
entTarget.style.boxShadow 
= '0 1px 4px 
rgba(0,0,0,0.08)')}
[39m
[31m+                    
                 >
[39m
[31m+                    
                     <h3 
style={{ fontSize: 15, 
fontWeight: 700, color: 
'#111827', margin: '0 0 
8px' }}>
[39m
[31m+                    
                         
{record.quizTitle}
[39m
[31m+                    
                     </h3>
[39m
[31m+                    
                     <div 
style={{ display: 'flex', 
justifyContent: 
'space-between', 
fontSize: 13, color: 
'#6B7280' }}>
[39m
[31m+                    
                         
<span>Score: <strong 
style={{ color: '#111827' 
}}>{record.score}/{record.
total}</strong></span>
[39m
[31m+                    
                         <
span>{formatDate(record.co
mpletedAt)}</span>
[39m
[31m+                    
                     
</div>
[39m
[31m+                    
                     <div 
style={{ marginTop: 12, 
height: 4, background: 
'#E5E7EB', borderRadius: 
99, overflow: 'hidden' }}>
[39m
[31m+                    
                         
<div style={{
[39m
[31m+                    
                          
   width: 
`${record.percentage}%`, 
height: '100%',
[39m
[31m+                    
                          
   background: 
record.percentage >= 80 ? 
'#10B981' : 
record.percentage >= 60 ? 
'#6366F1' : '#FF5C1A',
[39m
[31m+                    
                          
   borderRadius: 99,
[39m
[31m+                    
                         
}} />
[39m
[31m+                    
                     
</div>
[39m
[31m+                    
                     <div 
style={{ marginTop: 4, 
fontSize: 12, color: 
'#9CA3AF', textAlign: 
'right' }}>
[39m
[31m+                    
                         
{record.percentage}%
[39m
[31m+                    
                     
</div>
[39m
[31m+                    
                 </div>
[39m
[31m+                    
             ))}
[39m
[31m+                    
         </div>
[39m
[31m+                    
     </section>
[39m
[31m+                    
 </>
[39m
[31m+                 )}
[39m
[31m+ 
[39m
[31m+                 
{/* My Badges */}
[39m
[31m+                 
<section style={{ 
marginBottom: 32 }}>
[39m
[31m+                    
 <h2 style={{ fontSize: 
18, fontWeight: 700, 
color: '#111827', margin: 
'0 0 16px' }}>
[39m
[31m+                    
     My Badges
[39m
[31m+                    
 </h2>
[39m
[31m+                    
 {badgesLoading ? (
[39m
[31m+                    
     <div style={{ 
display: 'flex', gap: 12 
}}>
[39m
[31m+                    
         {[1, 2, 3].map(i 
=> (
[39m
[31m+                    
             <div key={i} 
style={{ width: 64, 
height: 84, background: 
'#fff', borderRadius: 8, 
opacity: 0.5 }} />
[39m
[31m+                    
         ))}
[39m
[31m+                    
     </div>
[39m
[31m+                    
 ) : (badges?.length ?? 
0) === 0 ? (
[39m
[31m+                    
     <p style={{ 
fontSize: 14, color: 
'#6B7280' }}>No badges 
earned yet. Keep 
playing!</p>
[39m
[31m+                    
 ) : (
[39m
[31m+                    
     <div style={{ 
display: 'flex', 
flexWrap: 'wrap', gap: 16 
}}>
[39m
[31m+                    
         
{badges?.map((badge: any) 
=> (
[39m
[31m+                    
             <div 
key={badge.id || 
badge.type} style={{
[39m
[31m+                    
                 width: 
80, display: 'flex', 
flexDirection: 'column', 
alignItems: 'center', 
textAlign: 'center'
[39m
[31m+                    
             }}>
[39m
[31m+                    
                 <div 
style={{
[39m
[31m+                    
                     
width: 56, height: 56, 
borderRadius: '50%', 
background: '#EEF2FF',
[39m
[31m+                    
                     
display: 'flex', 
alignItems: 'center', 
justifyContent: 'center', 
marginBottom: 8,
[39m
[31m+                    
                     
fontSize: 24, border: 
'2px solid #6366F1'
[39m
[31m+                    
                 }}>
[39m
[31m+                    
                     
{badge.icon || '≡ƒÅå'}
[39m
[31m+                    
                 </div>
[39m
[31m+                    
                 <span 
style={{ fontSize: 11, 
fontWeight: 600, color: 
'#374151' 
}}>{badge.name}</span>
[39m
[31m+                    
             </div>
[39m
[31m+                    
         ))}
[39m
[31m+                    
     </div>
[39m
[31m+                    
 )}
[39m
[31m+                 
</section>
[39m
[31m+ 
[39m
[31m+                 
{/* Recommended Quizzes 
*/}
[39m
[31m+                 
<section style={{ 
marginBottom: 32 }}>
[39m
[31m+                    
 <h2 style={{ fontSize: 
18, fontWeight: 700, 
color: '#111827', margin: 
'0 0 16px' }}>
[39m
[31m+                    
     Recommended Quizzes
[39m
[31m+                    
 </h2>
[39m
[31m+                    
 <div style={{ display: 
'grid', 
gridTemplateColumns: 
'repeat(auto-fill, 
minmax(220px, 1fr))', 
gap: 16 }}>
[39m
[31m+                    
     {RECOMMENDED_QUIZZES.
map(quiz => (
[39m
[31m+                    
         <Link 
key={quiz.id} to={`/studen
t/quiz/${quiz.id}`} 
style={{ textDecoration: 
'none' }}>
[39m
[31m+                    
             <div
[39m
[31m+                    
                 style={{
[39m
[31m+                    
                     
background: '#fff', 
borderRadius: 12, 
padding: '20px',
[39m
[31m+                    
                     
boxShadow: '0 1px 4px 
rgba(0,0,0,0.08)',
[39m
[31m+                    
                     
display: 'flex', 
flexDirection: 'column', 
alignItems: 'center',
[39m
[31m+                    
                     
textAlign: 'center', 
cursor: 'pointer', 
transition: 'box-shadow 
0.15s, transform 0.15s',
[39m
[31m+                    
                 }}
[39m
[31m+                    
                 
onMouseEnter={e => {
[39m
[31m+                    
                     
(e.currentTarget as HTMLDi
vElement).style.boxShadow 
= '0 4px 16px 
rgba(0,0,0,0.12)';
[39m
[31m+                    
                     
(e.currentTarget as HTMLDi
vElement).style.transform 
= 'translateY(-2px)';
[39m
[31m+                    
                 }}
[39m
[31m+                    
                 
onMouseLeave={e => {
[39m
[31m+                    
                     
(e.currentTarget as HTMLDi
vElement).style.boxShadow 
= '0 1px 4px 
rgba(0,0,0,0.08)';
[39m
[31m+                    
                     
(e.currentTarget as HTMLDi
vElement).style.transform 
= 'translateY(0)';
[39m
[31m+                    
                 }}
[39m
[31m+                    
             >
[39m
[31m+                    
                 <div 
style={{
[39m
[31m+                    
                     
width: 48, height: 48, 
borderRadius: '50%',
[39m
[31m+                    
                     
background: quiz.bg,
[39m
[31m+                    
                     
display: 'flex', 
alignItems: 'center', 
justifyContent: 'center', 
marginBottom: 12,
[39m
[31m+                    
                 }}>
[39m
[31m+                    
                     
<HelpCircle size={22} 
color={quiz.color} />
[39m
[31m+                    
                 </div>
[39m
[31m+                    
                 <h3 
style={{ fontSize: 14, 
fontWeight: 700, color: 
'#111827', margin: '0 0 
6px' }}>
[39m
[31m+                    
                     
{quiz.title}
[39m
[31m+                    
                 </h3>
[39m
[31m+                    
                 <p 
style={{ fontSize: 12, 
color: '#6B7280', margin: 
'0 0 16px', lineHeight: 
1.5 }}>
[39m
[31m+                    
                     
{quiz.description}
[39m
[31m+                    
                 </p>
[39m
[31m+                    
                 <div 
style={{
[39m
[31m+                    
                     
width: '100%', 
background: '#FF5C1A', 
color: '#fff',
[39m
[31m+                    
                     
borderRadius: 8, padding: 
'8px 0',
[39m
[31m+                    
                     
fontWeight: 600, 
fontSize: 13, marginTop: 
'auto',
[39m
[31m+                    
                 }}>
[39m
[31m+                    
                     
Start Quiz
[39m
[31m+                    
                 </div>
[39m
[31m+                    
             </div>
[39m
[31m+                    
         </Link>
[39m
[31m+                    
     ))}
[39m
[31m+                    
 </div>
[39m
[31m+                 
</section>
[39m
[31m+ 
[39m
[31m+                 
{/* Join Live Game CTA */}
[39m
[31m+                 
<div style={{
[39m
[31m+                    
 background: 
'linear-gradient(135deg, 
#6366F1 0%, #8B5CF6 
100%)',
[39m
[31m+                    
 borderRadius: 16, 
padding: isMobile ? '24px 
20px' : '32px 40px',
[39m
[31m+                    
 display: 'flex', 
alignItems: 'center', 
justifyContent: 
'space-between',
[39m
[31m+                    
 flexDirection: isMobile 
? 'column' : 'row',
[39m
[31m+                    
 textAlign: isMobile ? 
'center' : 'left',
[39m
[31m+                    
 flexWrap: 'wrap', gap: 
16,
[39m
[31m+                 }}>
[39m
[31m+                    
 <div>
[39m
[31m+                    
     <h2 style={{ 
fontSize: 20, fontWeight: 
800, color: '#fff', 
margin: '0 0 6px' }}>
[39m
[31m+                    
         Ready for a live 
challenge?
[39m
[31m+                    
     </h2>
[39m
[31m+                    
     <p style={{ 
fontSize: 14, color: 
'rgba(255,255,255,0.8)', 
margin: 0 }}>
[39m
[31m+                    
         Join a 
teacher-hosted game 
session with a game code.
[39m
[31m+                    
     </p>
[39m
[31m+                    
 </div>
[39m
[31m+                    
 <Link
[39m
[31m+                    
     to="/join"
[39m
[31m+                    
     data-testid="join-liv
e-game-btn"
[39m
[31m+                    
     style={{
[39m
[31m+                    
         display: 
'inline-flex', 
alignItems: 'center', 
gap: 8,
[39m
[31m+                    
         background: 
'#fff', color: '#6366F1',
[39m
[31m+                    
         padding: '12px 
28px', borderRadius: 10,
[39m
[31m+                    
         fontWeight: 700, 
fontSize: 15, 
textDecoration: 'none', 
whiteSpace: 'nowrap',
[39m
[31m+                    
     }}
[39m
[31m+                    
 >
[39m
[31m+                    
     <Users size={18} />
[39m
[31m+                    
     Join Live Game
[39m
[31m+                    
 </Link>
[39m
[31m+                 
</div>
[39m
[31m+ 
[39m
[31m+             </div>
[39m
[31m+             
<style>{`@keyframes pulse 
{ 0%, 100% { opacity: 
0.6; } 50% { opacity: 
0.3; } }`}</style>
[39m
[31m+         </div>
[39m
[31m+     );
[39m
[31m+ }
[39m
[31m+[39m

[36m [2mΓ¥»[22m src/pag
es/StudentDashboard.test.t
s:[2m235:24[22m[39m
    [90m233|[39m     
[34mit[39m([32m'passes 
loading prop to BadgeList'
[39m[33m,[39m () 
[33m=>[39m {
    [90m234|[39m        
 [34mexpect[39m(source)
[33m.[39m[34mtoContain[
39m([32m'badgesLoading'[
39m)[33m;[39m
    [90m235|[39m        
 [34mexpect[39m(source)
[33m.[39m[34mtoContain[
39m([32m'loading={badgesL
oading}'[39m)[33m;[39m
    [90m   |[39m        
                
[31m^[39m
    [90m236|[39m     
})[33m;[39m
    [90m237|[39m

[31m[2mΓÄ»ΓÄ»ΓÄ»ΓÄ»ΓÄ»ΓÄ
»ΓÄ»ΓÄ»ΓÄ»ΓÄ»ΓÄ»ΓÄ»ΓÄ»ΓÄ»Γ
Ä»ΓÄ»ΓÄ»ΓÄ»ΓÄ»ΓÄ»ΓÄ»ΓÄ»[55
/75]ΓÄ»[22m[39m

[41m[1m FAIL [22m[49m 
src/pages/TeacherPages.lay
out.test.ts[2m > 
[22mReports layout ΓÇô 
background and padding 
(Property 5, Requirements 
4.1, 4.4)[2m > [22mmain 
content area has 
responsive padding
[31m[1mAssertionError[2
2m: expected false to be 
true // Object.is 
equality[39m

[32m- Expected[39m
[31m+ Received[39m

[32m- true[39m
[31m+ false[39m

[36m [2mΓ¥»[22m src/pag
es/TeacherPages.layout.tes
t.ts:[2m53:84[22m[39m
    [90m 51|[39m       
const hasInlinePadding = 
source.includes("padding: 
'0 2rem 2rem'ΓÇª
    [90m 52|[39m       
const hasResponsiveInlineP
adding = 
source.includes("padding: 
isMΓÇª
    [90m 53|[39m       
expect(hasTailwindPadding 
|| hasInlinePadding || 
hasResponsiveInΓÇª
    [90m   |[39m        
                          
                          
                        
[31m^[39m
    [90m 54|[39m     
})[33m;[39m
    [90m 55|[39m   
})[33m;[39m

[31m[2mΓÄ»ΓÄ»ΓÄ»ΓÄ»ΓÄ»ΓÄ
»ΓÄ»ΓÄ»ΓÄ»ΓÄ»ΓÄ»ΓÄ»ΓÄ»ΓÄ»Γ
Ä»ΓÄ»ΓÄ»ΓÄ»ΓÄ»ΓÄ»ΓÄ»ΓÄ»[56
/75]ΓÄ»[22m[39m

[41m[1m FAIL [22m[49m 
src/contexts/AuthContext.t
est.ts[2m > 
[22mPRESERVATION 5.7 ΓÇö 
signOut clears 
localStorage role and 
sets user to null[2m > 
[22msource calls 
localStorage.removeItem 
with userRole key on 
sign-out
[31m[1mAssertionError[2
2m: expected 'import { 
createContext, 
useContext, uΓÇª' to 
contain 'localStorage.remo
veItem(\'userRole\')'[39m

[32m- Expected[39m
[31m+ Received[39m

[32m- localStorage.remove
Item('userRole')[39m
[31m+ import { 
createContext, 
useContext, useEffect, 
useState, type ReactNode 
} from 'react';
[39m
[31m+ import type { 
UserProfile } from 
'../types/student';
[39m
[31m+ 
[39m
[31m+ interface User {
[39m
[31m+     _id: string;
[39m
[31m+     email: string;
[39m
[31m+     displayName: 
string;
[39m
[31m+     role: 
'student' | 'teacher';
[39m
[31m+     token: string;
[39m
[31m+     teacherId?: 
string;
[39m
[31m+     department?: 
string;
[39m
[31m+     subjects?: 
string[];
[39m
[31m+     idCardImage?: 
string;
[39m
[31m+     post?: string;
[39m
[31m+ }
[39m
[31m+ 
[39m
[31m+ interface 
AuthContextType {
[39m
[31m+     user: User | 
null;
[39m
[31m+     userProfile: 
UserProfile | null;
[39m
[31m+     loading: 
boolean;
[39m
[31m+     signUp: 
(email: string, password: 
string, displayName: 
string, role: string) => 
Promise<{ error: any }>;
[39m
[31m+     signIn: 
(email: string, password: 
string, role?: string) => 
Promise<{ error: any }>;
[39m
[31m+     
signInWithGoogle: () => 
Promise<{ error: any }>;
[39m
[31m+     signOut: () => 
Promise<void>;
[39m
[31m+     refreshUser: 
() => Promise<void>;
[39m
[31m+ }
[39m
[31m+ 
[39m
[31m+ const AuthContext 
= createContext<AuthContex
tType | 
undefined>(undefined);
[39m
[31m+ 
[39m
[31m+ const VITE_API_URL 
= import.meta.env.VITE_API
_URL || '/api';
[39m
[31m+ const API_BASE = VI
TE_API_URL.endsWith('/api'
) ? VITE_API_URL : `${VITE
_API_URL.replace(/\/$/, 
'')}/api`;
[39m
[31m+ const API_URL = 
`${API_BASE}/auth`;
[39m
[31m+ 
[39m
[31m+ export function 
AuthProvider({ children 
}: { children: ReactNode 
}) {
[39m
[31m+     const [user, 
setUser] = useState<User 
| null>(null);
[39m
[31m+     const 
[userProfile, 
setUserProfile] = 
useState<UserProfile | 
null>(null);
[39m
[31m+     const 
[loading, setLoading] = 
useState(true);
[39m
[31m+ 
[39m
[31m+     // Initial 
load: Check if token 
exists
[39m
[31m+     useEffect(() 
=> {
[39m
[31m+         const 
syncAuth = () => {
[39m
[31m+             const 
storedUser = localStorage.
getItem('user');
[39m
[31m+             if 
(storedUser) {
[39m
[31m+                 
try {
[39m
[31m+                    
 const parsedUser = 
JSON.parse(storedUser);
[39m
[31m+                    
 setUser(parsedUser);
[39m
[31m+                    
 setUserProfile({
[39m
[31m+                    
     uid: parsedUser._id,
[39m
[31m+                    
     email: 
parsedUser.email,
[39m
[31m+                    
     displayName: 
parsedUser.displayName,
[39m
[31m+                    
     role: 
parsedUser.role,
[39m
[31m+                    
     streak: 0,
[39m
[31m+                    
     lastActiveDate: new D
ate().toISOString().slice(
0, 10),
[39m
[31m+                    
     createdAt: new 
Date().toISOString()
[39m
[31m+                    
 });
[39m
[31m+                 } 
catch (e) {
[39m
[31m+                    
 localStorage.removeItem('
user');
[39m
[31m+                    
 setUser(null);
[39m
[31m+                    
 setUserProfile(null);
[39m
[31m+                 }
[39m
[31m+             } else 
{
[39m
[31m+                 
setUser(null);
[39m
[31m+                 
setUserProfile(null);
[39m
[31m+             }
[39m
[31m+             
setLoading(false);
[39m
[31m+         };
[39m
[31m+ 
[39m
[31m+         syncAuth();
[39m
[31m+ 
[39m
[31m+         // Listen 
for changes from other 
tabs
[39m
[31m+         window.addE
ventListener('storage', 
(e) => {
[39m
[31m+             if 
(e.key === 'user') {
[39m
[31m+                 
syncAuth();
[39m
[31m+             }
[39m
[31m+         });
[39m
[31m+ 
[39m
[31m+         return () 
=> window.removeEventListe
ner('storage', syncAuth);
[39m
[31m+     }, []);
[39m
[31m+ 
[39m
[31m+     const signUp = 
async (email: string, 
password: string, 
displayName: string, 
role: string) => {
[39m
[31m+         try {
[39m
[31m+             const 
response = await fetch(`${
API_URL}/register`, {
[39m
[31m+                 
method: 'POST',
[39m
[31m+                 
headers: { 
'Content-Type': 
'application/json' },
[39m
[31m+                 
body: JSON.stringify({ 
email, password, 
displayName, role }),
[39m
[31m+             });
[39m
[31m+ 
[39m
[31m+             const 
data = await 
response.json().catch(() 
=> ({ message: 'Invalid 
server response' }));
[39m
[31m+             if 
(!response.ok) throw new 
Error(data.message || 
'Signup failed');
[39m
[31m+ 
[39m
[31m+             localSt
orage.setItem('user', 
JSON.stringify(data));
[39m
[31m+             
setUser(data);
[39m
[31m+             
setUserProfile({
[39m
[31m+                 
uid: data._id,
[39m
[31m+                 
email: data.email,
[39m
[31m+                 
displayName: 
data.displayName,
[39m
[31m+                 
role: data.role,
[39m
[31m+                 
streak: 0,
[39m
[31m+                 
lastActiveDate: new Date()
.toISOString().slice(0, 
10),
[39m
[31m+                 
createdAt: new 
Date().toISOString()
[39m
[31m+             });
[39m
[31m+ 
[39m
[31m+             return 
{ error: null };
[39m
[31m+         } catch 
(error: any) {
[39m
[31m+             
console.error('Signup 
error:', error);
[39m
[31m+             return 
{ error };
[39m
[31m+         }
[39m
[31m+     };
[39m
[31m+ 
[39m
[31m+     const signIn = 
async (email: string, 
password: string, role?: 
string) => {
[39m
[31m+         try {
[39m
[31m+             const 
response = await 
fetch(`${API_URL}/login`, 
{
[39m
[31m+                 
method: 'POST',
[39m
[31m+                 
headers: { 
'Content-Type': 
'application/json' },
[39m
[31m+                 
body: JSON.stringify({ 
email, password, role }),
[39m
[31m+             });
[39m
[31m+ 
[39m
[31m+             const 
data = await 
response.json().catch(() 
=> ({ message: 'Invalid 
server response' }));
[39m
[31m+             if 
(!response.ok) throw new 
Error(data.message || 
'Login failed');
[39m
[31m+ 
[39m
[31m+             localSt
orage.setItem('user', 
JSON.stringify(data));
[39m
[31m+             
setUser(data);
[39m
[31m+             
setUserProfile({
[39m
[31m+                 
uid: data._id,
[39m
[31m+                 
email: data.email,
[39m
[31m+                 
displayName: 
data.displayName,
[39m
[31m+                 
role: data.role,
[39m
[31m+                 
streak: 0,
[39m
[31m+                 
lastActiveDate: new Date()
.toISOString().slice(0, 
10),
[39m
[31m+                 
createdAt: new 
Date().toISOString()
[39m
[31m+             });
[39m
[31m+ 
[39m
[31m+             return 
{ error: null };
[39m
[31m+         } catch 
(error: any) {
[39m
[31m+             
console.error('Signin 
error:', error);
[39m
[31m+             return 
{ error };
[39m
[31m+         }
[39m
[31m+     };
[39m
[31m+ 
[39m
[31m+     const signOut 
= async () => {
[39m
[31m+         localStorag
e.removeItem('user');
[39m
[31m+         
setUser(null);
[39m
[31m+         
setUserProfile(null);
[39m
[31m+     };
[39m
[31m+ 
[39m
[31m+     const 
refreshUser = async () => 
{
[39m
[31m+         if (!user) 
return;
[39m
[31m+         try {
[39m
[31m+             const 
response = await fetch(`${
API_BASE}/user/profile`, {
[39m
[31m+                 
headers: {
[39m
[31m+                    
 'Authorization': `Bearer 
${user.token}`
[39m
[31m+                 }
[39m
[31m+             });
[39m
[31m+             if 
(response.ok) {
[39m
[31m+                 
const data = await 
response.json();
[39m
[31m+                 
const updatedUser = { 
...user, ...data };
[39m
[31m+                 loc
alStorage.setItem('user', 
JSON.stringify(updatedUser
));
[39m
[31m+                 
setUser(updatedUser);
[39m
[31m+             }
[39m
[31m+         } catch 
(error) {
[39m
[31m+             
console.error('Error 
refreshing user:', error);
[39m
[31m+         }
[39m
[31m+     };
[39m
[31m+ 
[39m
[31m+     return (
[39m
[31m+         
<AuthContext.Provider 
value={{ user, 
userProfile, loading, 
signUp, signIn, signOut, 
refreshUser, 
signInWithGoogle: async 
() => ({ error: 'Not 
implemented' }) }}>
[39m
[31m+             
{children}
[39m
[31m+         
</AuthContext.Provider>
[39m
[31m+     );
[39m
[31m+ }
[39m
[31m+ 
[39m
[31m+ export function 
useAuth() {
[39m
[31m+     const context 
= useContext(AuthContext);
[39m
[31m+     if (context 
=== undefined) {
[39m
[31m+         throw new 
Error('useAuth must be 
used within an 
AuthProvider');
[39m
[31m+     }
[39m
[31m+     return context;
[39m
[31m+ }
[39m
[31m+[39m

[36m [2mΓ¥»[22m src/con
texts/AuthContext.test.ts:
[2m21:24[22m[39m
    [90m 19|[39m 
describe('PRESERVATION 
5.7 ΓÇö signOut clears 
localStorage role and 
setsΓÇª
    [90m 20|[39m     
it('source calls 
localStorage.removeItem 
with userRole key on 
signΓÇª
    [90m 21|[39m        
 expect(source).toContain(
"localStorage.removeItem('
userRole')"ΓÇª
    [90m   |[39m        
                
[31m^[39m
    [90m 22|[39m     
})[33m;[39m
    [90m 23|[39m

[31m[2mΓÄ»ΓÄ»ΓÄ»ΓÄ»ΓÄ»ΓÄ
»ΓÄ»ΓÄ»ΓÄ»ΓÄ»ΓÄ»ΓÄ»ΓÄ»ΓÄ»Γ
Ä»ΓÄ»ΓÄ»ΓÄ»ΓÄ»ΓÄ»ΓÄ»ΓÄ»[57
/75]ΓÄ»[22m[39m

[41m[1m FAIL [22m[49m 
src/contexts/AuthContext.t
est.ts[2m > 
[22mPRESERVATION 5.7 ΓÇö 
signOut clears 
localStorage role and 
sets user to null[2m > 
[22msource calls 
firebaseSignOut on 
sign-out
[31m[1mAssertionError[2
2m: expected 'import { 
createContext, 
useContext, uΓÇª' to 
contain 'firebaseSignOut(a
uth)'[39m

[32m- Expected[39m
[31m+ Received[39m

[32m- 
firebaseSignOut(auth)[39m
[31m+ import { 
createContext, 
useContext, useEffect, 
useState, type ReactNode 
} from 'react';
[39m
[31m+ import type { 
UserProfile } from 
'../types/student';
[39m
[31m+ 
[39m
[31m+ interface User {
[39m
[31m+     _id: string;
[39m
[31m+     email: string;
[39m
[31m+     displayName: 
string;
[39m
[31m+     role: 
'student' | 'teacher';
[39m
[31m+     token: string;
[39m
[31m+     teacherId?: 
string;
[39m
[31m+     department?: 
string;
[39m
[31m+     subjects?: 
string[];
[39m
[31m+     idCardImage?: 
string;
[39m
[31m+     post?: string;
[39m
[31m+ }
[39m
[31m+ 
[39m
[31m+ interface 
AuthContextType {
[39m
[31m+     user: User | 
null;
[39m
[31m+     userProfile: 
UserProfile | null;
[39m
[31m+     loading: 
boolean;
[39m
[31m+     signUp: 
(email: string, password: 
string, displayName: 
string, role: string) => 
Promise<{ error: any }>;
[39m
[31m+     signIn: 
(email: string, password: 
string, role?: string) => 
Promise<{ error: any }>;
[39m
[31m+     
signInWithGoogle: () => 
Promise<{ error: any }>;
[39m
[31m+     signOut: () => 
Promise<void>;
[39m
[31m+     refreshUser: 
() => Promise<void>;
[39m
[31m+ }
[39m
[31m+ 
[39m
[31m+ const AuthContext 
= createContext<AuthContex
tType | 
undefined>(undefined);
[39m
[31m+ 
[39m
[31m+ const VITE_API_URL 
= import.meta.env.VITE_API
_URL || '/api';
[39m
[31m+ const API_BASE = VI
TE_API_URL.endsWith('/api'
) ? VITE_API_URL : `${VITE
_API_URL.replace(/\/$/, 
'')}/api`;
[39m
[31m+ const API_URL = 
`${API_BASE}/auth`;
[39m
[31m+ 
[39m
[31m+ export function 
AuthProvider({ children 
}: { children: ReactNode 
}) {
[39m
[31m+     const [user, 
setUser] = useState<User 
| null>(null);
[39m
[31m+     const 
[userProfile, 
setUserProfile] = 
useState<UserProfile | 
null>(null);
[39m
[31m+     const 
[loading, setLoading] = 
useState(true);
[39m
[31m+ 
[39m
[31m+     // Initial 
load: Check if token 
exists
[39m
[31m+     useEffect(() 
=> {
[39m
[31m+         const 
syncAuth = () => {
[39m
[31m+             const 
storedUser = localStorage.
getItem('user');
[39m
[31m+             if 
(storedUser) {
[39m
[31m+                 
try {
[39m
[31m+                    
 const parsedUser = 
JSON.parse(storedUser);
[39m
[31m+                    
 setUser(parsedUser);
[39m
[31m+                    
 setUserProfile({
[39m
[31m+                    
     uid: parsedUser._id,
[39m
[31m+                    
     email: 
parsedUser.email,
[39m
[31m+                    
     displayName: 
parsedUser.displayName,
[39m
[31m+                    
     role: 
parsedUser.role,
[39m
[31m+                    
     streak: 0,
[39m
[31m+                    
     lastActiveDate: new D
ate().toISOString().slice(
0, 10),
[39m
[31m+                    
     createdAt: new 
Date().toISOString()
[39m
[31m+                    
 });
[39m
[31m+                 } 
catch (e) {
[39m
[31m+                    
 localStorage.removeItem('
user');
[39m
[31m+                    
 setUser(null);
[39m
[31m+                    
 setUserProfile(null);
[39m
[31m+                 }
[39m
[31m+             } else 
{
[39m
[31m+                 
setUser(null);
[39m
[31m+                 
setUserProfile(null);
[39m
[31m+             }
[39m
[31m+             
setLoading(false);
[39m
[31m+         };
[39m
[31m+ 
[39m
[31m+         syncAuth();
[39m
[31m+ 
[39m
[31m+         // Listen 
for changes from other 
tabs
[39m
[31m+         window.addE
ventListener('storage', 
(e) => {
[39m
[31m+             if 
(e.key === 'user') {
[39m
[31m+                 
syncAuth();
[39m
[31m+             }
[39m
[31m+         });
[39m
[31m+ 
[39m
[31m+         return () 
=> window.removeEventListe
ner('storage', syncAuth);
[39m
[31m+     }, []);
[39m
[31m+ 
[39m
[31m+     const signUp = 
async (email: string, 
password: string, 
displayName: string, 
role: string) => {
[39m
[31m+         try {
[39m
[31m+             const 
response = await fetch(`${
API_URL}/register`, {
[39m
[31m+                 
method: 'POST',
[39m
[31m+                 
headers: { 
'Content-Type': 
'application/json' },
[39m
[31m+                 
body: JSON.stringify({ 
email, password, 
displayName, role }),
[39m
[31m+             });
[39m
[31m+ 
[39m
[31m+             const 
data = await 
response.json().catch(() 
=> ({ message: 'Invalid 
server response' }));
[39m
[31m+             if 
(!response.ok) throw new 
Error(data.message || 
'Signup failed');
[39m
[31m+ 
[39m
[31m+             localSt
orage.setItem('user', 
JSON.stringify(data));
[39m
[31m+             
setUser(data);
[39m
[31m+             
setUserProfile({
[39m
[31m+                 
uid: data._id,
[39m
[31m+                 
email: data.email,
[39m
[31m+                 
displayName: 
data.displayName,
[39m
[31m+                 
role: data.role,
[39m
[31m+                 
streak: 0,
[39m
[31m+                 
lastActiveDate: new Date()
.toISOString().slice(0, 
10),
[39m
[31m+                 
createdAt: new 
Date().toISOString()
[39m
[31m+             });
[39m
[31m+ 
[39m
[31m+             return 
{ error: null };
[39m
[31m+         } catch 
(error: any) {
[39m
[31m+             
console.error('Signup 
error:', error);
[39m
[31m+             return 
{ error };
[39m
[31m+         }
[39m
[31m+     };
[39m
[31m+ 
[39m
[31m+     const signIn = 
async (email: string, 
password: string, role?: 
string) => {
[39m
[31m+         try {
[39m
[31m+             const 
response = await 
fetch(`${API_URL}/login`, 
{
[39m
[31m+                 
method: 'POST',
[39m
[31m+                 
headers: { 
'Content-Type': 
'application/json' },
[39m
[31m+                 
body: JSON.stringify({ 
email, password, role }),
[39m
[31m+             });
[39m
[31m+ 
[39m
[31m+             const 
data = await 
response.json().catch(() 
=> ({ message: 'Invalid 
server response' }));
[39m
[31m+             if 
(!response.ok) throw new 
Error(data.message || 
'Login failed');
[39m
[31m+ 
[39m
[31m+             localSt
orage.setItem('user', 
JSON.stringify(data));
[39m
[31m+             
setUser(data);
[39m
[31m+             
setUserProfile({
[39m
[31m+                 
uid: data._id,
[39m
[31m+                 
email: data.email,
[39m
[31m+                 
displayName: 
data.displayName,
[39m
[31m+                 
role: data.role,
[39m
[31m+                 
streak: 0,
[39m
[31m+                 
lastActiveDate: new Date()
.toISOString().slice(0, 
10),
[39m
[31m+                 
createdAt: new 
Date().toISOString()
[39m
[31m+             });
[39m
[31m+ 
[39m
[31m+             return 
{ error: null };
[39m
[31m+         } catch 
(error: any) {
[39m
[31m+             
console.error('Signin 
error:', error);
[39m
[31m+             return 
{ error };
[39m
[31m+         }
[39m
[31m+     };
[39m
[31m+ 
[39m
[31m+     const signOut 
= async () => {
[39m
[31m+         localStorag
e.removeItem('user');
[39m
[31m+         
setUser(null);
[39m
[31m+         
setUserProfile(null);
[39m
[31m+     };
[39m
[31m+ 
[39m
[31m+     const 
refreshUser = async () => 
{
[39m
[31m+         if (!user) 
return;
[39m
[31m+         try {
[39m
[31m+             const 
response = await fetch(`${
API_BASE}/user/profile`, {
[39m
[31m+                 
headers: {
[39m
[31m+                    
 'Authorization': `Bearer 
${user.token}`
[39m
[31m+                 }
[39m
[31m+             });
[39m
[31m+             if 
(response.ok) {
[39m
[31m+                 
const data = await 
response.json();
[39m
[31m+                 
const updatedUser = { 
...user, ...data };
[39m
[31m+                 loc
alStorage.setItem('user', 
JSON.stringify(updatedUser
));
[39m
[31m+                 
setUser(updatedUser);
[39m
[31m+             }
[39m
[31m+         } catch 
(error) {
[39m
[31m+             
console.error('Error 
refreshing user:', error);
[39m
[31m+         }
[39m
[31m+     };
[39m
[31m+ 
[39m
[31m+     return (
[39m
[31m+         
<AuthContext.Provider 
value={{ user, 
userProfile, loading, 
signUp, signIn, signOut, 
refreshUser, 
signInWithGoogle: async 
() => ({ error: 'Not 
implemented' }) }}>
[39m
[31m+             
{children}
[39m
[31m+         
</AuthContext.Provider>
[39m
[31m+     );
[39m
[31m+ }
[39m
[31m+ 
[39m
[31m+ export function 
useAuth() {
[39m
[31m+     const context 
= useContext(AuthContext);
[39m
[31m+     if (context 
=== undefined) {
[39m
[31m+         throw new 
Error('useAuth must be 
used within an 
AuthProvider');
[39m
[31m+     }
[39m
[31m+     return context;
[39m
[31m+ }
[39m
[31m+[39m

[36m [2mΓ¥»[22m src/con
texts/AuthContext.test.ts:
[2m33:24[22m[39m
    [90m 31|[39m
    [90m 32|[39m     
[34mit[39m([32m'source 
calls firebaseSignOut on 
sign-out'[39m[33m,[39m 
() [33m=>[39m {
    [90m 33|[39m        
 [34mexpect[39m(source)
[33m.[39m[34mtoContain[
39m([32m'firebaseSignOut(
auth)'[39m)[33m;[39m
    [90m   |[39m        
                
[31m^[39m
    [90m 34|[39m     
})[33m;[39m
    [90m 35|[39m

[31m[2mΓÄ»ΓÄ»ΓÄ»ΓÄ»ΓÄ»ΓÄ
»ΓÄ»ΓÄ»ΓÄ»ΓÄ»ΓÄ»ΓÄ»ΓÄ»ΓÄ»Γ
Ä»ΓÄ»ΓÄ»ΓÄ»ΓÄ»ΓÄ»ΓÄ»ΓÄ»[58
/75]ΓÄ»[22m[39m

[41m[1m FAIL [22m[49m 
src/contexts/AuthContext.t
est.ts[2m > 
[22mPRESERVATION 5.7 ΓÇö 
signOut clears 
localStorage role and 
sets user to null[2m > 
[22msignOut awaits the 
Firebase sign-out call
[31m[1mAssertionError[2
2m: expected 'import { 
createContext, 
useContext, uΓÇª' to 
contain 'await firebaseSig
nOut(auth)'[39m

[32m- Expected[39m
[31m+ Received[39m

[32m- await 
firebaseSignOut(auth)[39m
[31m+ import { 
createContext, 
useContext, useEffect, 
useState, type ReactNode 
} from 'react';
[39m
[31m+ import type { 
UserProfile } from 
'../types/student';
[39m
[31m+ 
[39m
[31m+ interface User {
[39m
[31m+     _id: string;
[39m
[31m+     email: string;
[39m
[31m+     displayName: 
string;
[39m
[31m+     role: 
'student' | 'teacher';
[39m
[31m+     token: string;
[39m
[31m+     teacherId?: 
string;
[39m
[31m+     department?: 
string;
[39m
[31m+     subjects?: 
string[];
[39m
[31m+     idCardImage?: 
string;
[39m
[31m+     post?: string;
[39m
[31m+ }
[39m
[31m+ 
[39m
[31m+ interface 
AuthContextType {
[39m
[31m+     user: User | 
null;
[39m
[31m+     userProfile: 
UserProfile | null;
[39m
[31m+     loading: 
boolean;
[39m
[31m+     signUp: 
(email: string, password: 
string, displayName: 
string, role: string) => 
Promise<{ error: any }>;
[39m
[31m+     signIn: 
(email: string, password: 
string, role?: string) => 
Promise<{ error: any }>;
[39m
[31m+     
signInWithGoogle: () => 
Promise<{ error: any }>;
[39m
[31m+     signOut: () => 
Promise<void>;
[39m
[31m+     refreshUser: 
() => Promise<void>;
[39m
[31m+ }
[39m
[31m+ 
[39m
[31m+ const AuthContext 
= createContext<AuthContex
tType | 
undefined>(undefined);
[39m
[31m+ 
[39m
[31m+ const VITE_API_URL 
= import.meta.env.VITE_API
_URL || '/api';
[39m
[31m+ const API_BASE = VI
TE_API_URL.endsWith('/api'
) ? VITE_API_URL : `${VITE
_API_URL.replace(/\/$/, 
'')}/api`;
[39m
[31m+ const API_URL = 
`${API_BASE}/auth`;
[39m
[31m+ 
[39m
[31m+ export function 
AuthProvider({ children 
}: { children: ReactNode 
}) {
[39m
[31m+     const [user, 
setUser] = useState<User 
| null>(null);
[39m
[31m+     const 
[userProfile, 
setUserProfile] = 
useState<UserProfile | 
null>(null);
[39m
[31m+     const 
[loading, setLoading] = 
useState(true);
[39m
[31m+ 
[39m
[31m+     // Initial 
load: Check if token 
exists
[39m
[31m+     useEffect(() 
=> {
[39m
[31m+         const 
syncAuth = () => {
[39m
[31m+             const 
storedUser = localStorage.
getItem('user');
[39m
[31m+             if 
(storedUser) {
[39m
[31m+                 
try {
[39m
[31m+                    
 const parsedUser = 
JSON.parse(storedUser);
[39m
[31m+                    
 setUser(parsedUser);
[39m
[31m+                    
 setUserProfile({
[39m
[31m+                    
     uid: parsedUser._id,
[39m
[31m+                    
     email: 
parsedUser.email,
[39m
[31m+                    
     displayName: 
parsedUser.displayName,
[39m
[31m+                    
     role: 
parsedUser.role,
[39m
[31m+                    
     streak: 0,
[39m
[31m+                    
     lastActiveDate: new D
ate().toISOString().slice(
0, 10),
[39m
[31m+                    
     createdAt: new 
Date().toISOString()
[39m
[31m+                    
 });
[39m
[31m+                 } 
catch (e) {
[39m
[31m+                    
 localStorage.removeItem('
user');
[39m
[31m+                    
 setUser(null);
[39m
[31m+                    
 setUserProfile(null);
[39m
[31m+                 }
[39m
[31m+             } else 
{
[39m
[31m+                 
setUser(null);
[39m
[31m+                 
setUserProfile(null);
[39m
[31m+             }
[39m
[31m+             
setLoading(false);
[39m
[31m+         };
[39m
[31m+ 
[39m
[31m+         syncAuth();
[39m
[31m+ 
[39m
[31m+         // Listen 
for changes from other 
tabs
[39m
[31m+         window.addE
ventListener('storage', 
(e) => {
[39m
[31m+             if 
(e.key === 'user') {
[39m
[31m+                 
syncAuth();
[39m
[31m+             }
[39m
[31m+         });
[39m
[31m+ 
[39m
[31m+         return () 
=> window.removeEventListe
ner('storage', syncAuth);
[39m
[31m+     }, []);
[39m
[31m+ 
[39m
[31m+     const signUp = 
async (email: string, 
password: string, 
displayName: string, 
role: string) => {
[39m
[31m+         try {
[39m
[31m+             const 
response = await fetch(`${
API_URL}/register`, {
[39m
[31m+                 
method: 'POST',
[39m
[31m+                 
headers: { 
'Content-Type': 
'application/json' },
[39m
[31m+                 
body: JSON.stringify({ 
email, password, 
displayName, role }),
[39m
[31m+             });
[39m
[31m+ 
[39m
[31m+             const 
data = await 
response.json().catch(() 
=> ({ message: 'Invalid 
server response' }));
[39m
[31m+             if 
(!response.ok) throw new 
Error(data.message || 
'Signup failed');
[39m
[31m+ 
[39m
[31m+             localSt
orage.setItem('user', 
JSON.stringify(data));
[39m
[31m+             
setUser(data);
[39m
[31m+             
setUserProfile({
[39m
[31m+                 
uid: data._id,
[39m
[31m+                 
email: data.email,
[39m
[31m+                 
displayName: 
data.displayName,
[39m
[31m+                 
role: data.role,
[39m
[31m+                 
streak: 0,
[39m
[31m+                 
lastActiveDate: new Date()
.toISOString().slice(0, 
10),
[39m
[31m+                 
createdAt: new 
Date().toISOString()
[39m
[31m+             });
[39m
[31m+ 
[39m
[31m+             return 
{ error: null };
[39m
[31m+         } catch 
(error: any) {
[39m
[31m+             
console.error('Signup 
error:', error);
[39m
[31m+             return 
{ error };
[39m
[31m+         }
[39m
[31m+     };
[39m
[31m+ 
[39m
[31m+     const signIn = 
async (email: string, 
password: string, role?: 
string) => {
[39m
[31m+         try {
[39m
[31m+             const 
response = await 
fetch(`${API_URL}/login`, 
{
[39m
[31m+                 
method: 'POST',
[39m
[31m+                 
headers: { 
'Content-Type': 
'application/json' },
[39m
[31m+                 
body: JSON.stringify({ 
email, password, role }),
[39m
[31m+             });
[39m
[31m+ 
[39m
[31m+             const 
data = await 
response.json().catch(() 
=> ({ message: 'Invalid 
server response' }));
[39m
[31m+             if 
(!response.ok) throw new 
Error(data.message || 
'Login failed');
[39m
[31m+ 
[39m
[31m+             localSt
orage.setItem('user', 
JSON.stringify(data));
[39m
[31m+             
setUser(data);
[39m
[31m+             
setUserProfile({
[39m
[31m+                 
uid: data._id,
[39m
[31m+                 
email: data.email,
[39m
[31m+                 
displayName: 
data.displayName,
[39m
[31m+                 
role: data.role,
[39m
[31m+                 
streak: 0,
[39m
[31m+                 
lastActiveDate: new Date()
.toISOString().slice(0, 
10),
[39m
[31m+                 
createdAt: new 
Date().toISOString()
[39m
[31m+             });
[39m
[31m+ 
[39m
[31m+             return 
{ error: null };
[39m
[31m+         } catch 
(error: any) {
[39m
[31m+             
console.error('Signin 
error:', error);
[39m
[31m+             return 
{ error };
[39m
[31m+         }
[39m
[31m+     };
[39m
[31m+ 
[39m
[31m+     const signOut 
= async () => {
[39m
[31m+         localStorag
e.removeItem('user');
[39m
[31m+         
setUser(null);
[39m
[31m+         
setUserProfile(null);
[39m
[31m+     };
[39m
[31m+ 
[39m
[31m+     const 
refreshUser = async () => 
{
[39m
[31m+         if (!user) 
return;
[39m
[31m+         try {
[39m
[31m+             const 
response = await fetch(`${
API_BASE}/user/profile`, {
[39m
[31m+                 
headers: {
[39m
[31m+                    
 'Authorization': `Bearer 
${user.token}`
[39m
[31m+                 }
[39m
[31m+             });
[39m
[31m+             if 
(response.ok) {
[39m
[31m+                 
const data = await 
response.json();
[39m
[31m+                 
const updatedUser = { 
...user, ...data };
[39m
[31m+                 loc
alStorage.setItem('user', 
JSON.stringify(updatedUser
));
[39m
[31m+                 
setUser(updatedUser);
[39m
[31m+             }
[39m
[31m+         } catch 
(error) {
[39m
[31m+             
console.error('Error 
refreshing user:', error);
[39m
[31m+         }
[39m
[31m+     };
[39m
[31m+ 
[39m
[31m+     return (
[39m
[31m+         
<AuthContext.Provider 
value={{ user, 
userProfile, loading, 
signUp, signIn, signOut, 
refreshUser, 
signInWithGoogle: async 
() => ({ error: 'Not 
implemented' }) }}>
[39m
[31m+             
{children}
[39m
[31m+         
</AuthContext.Provider>
[39m
[31m+     );
[39m
[31m+ }
[39m
[31m+ 
[39m
[31m+ export function 
useAuth() {
[39m
[31m+     const context 
= useContext(AuthContext);
[39m
[31m+     if (context 
=== undefined) {
[39m
[31m+         throw new 
Error('useAuth must be 
used within an 
AuthProvider');
[39m
[31m+     }
[39m
[31m+     return context;
[39m
[31m+ }
[39m
[31m+[39m

[36m [2mΓ¥»[22m src/con
texts/AuthContext.test.ts:
[2m41:24[22m[39m
    [90m 39|[39m
    [90m 40|[39m     [3
4mit[39m([32m'signOut 
awaits the Firebase 
sign-out 
call'[39m[33m,[39m () 
[33m=>[39m {
    [90m 41|[39m        
 [34mexpect[39m(source)
[33m.[39m[34mtoContain[
39m([32m'await firebaseSi
gnOut(auth)'[39m)[33m;[
39m
    [90m   |[39m        
                
[31m^[39m
    [90m 42|[39m     
})[33m;[39m
    [90m 43|[39m

[31m[2mΓÄ»ΓÄ»ΓÄ»ΓÄ»ΓÄ»ΓÄ
»ΓÄ»ΓÄ»ΓÄ»ΓÄ»ΓÄ»ΓÄ»ΓÄ»ΓÄ»Γ
Ä»ΓÄ»ΓÄ»ΓÄ»ΓÄ»ΓÄ»ΓÄ»ΓÄ»[59
/75]ΓÄ»[22m[39m

[41m[1m FAIL [22m[49m 
src/contexts/AuthContext.t
est.ts[2m > 
[22mPRESERVATION 5.7 ΓÇö 
signOut clears 
localStorage role and 
sets user to null[2m > 
[22msignOut is exposed 
in the AuthContext value
[31m[1mAssertionError[2
2m: expected 'import { 
createContext, 
useContext, uΓÇª' to 
contain '{ user, 
userProfile, loading, 
signUp,ΓÇª'[39m

[32m- Expected[39m
[31m+ Received[39m

[32m- { user, 
userProfile, loading, 
signUp, signIn, 
signInWithGoogle, signOut 
}[39m
[31m+ import { 
createContext, 
useContext, useEffect, 
useState, type ReactNode 
} from 'react';
[39m
[31m+ import type { 
UserProfile } from 
'../types/student';
[39m
[31m+ 
[39m
[31m+ interface User {
[39m
[31m+     _id: string;
[39m
[31m+     email: string;
[39m
[31m+     displayName: 
string;
[39m
[31m+     role: 
'student' | 'teacher';
[39m
[31m+     token: string;
[39m
[31m+     teacherId?: 
string;
[39m
[31m+     department?: 
string;
[39m
[31m+     subjects?: 
string[];
[39m
[31m+     idCardImage?: 
string;
[39m
[31m+     post?: string;
[39m
[31m+ }
[39m
[31m+ 
[39m
[31m+ interface 
AuthContextType {
[39m
[31m+     user: User | 
null;
[39m
[31m+     userProfile: 
UserProfile | null;
[39m
[31m+     loading: 
boolean;
[39m
[31m+     signUp: 
(email: string, password: 
string, displayName: 
string, role: string) => 
Promise<{ error: any }>;
[39m
[31m+     signIn: 
(email: string, password: 
string, role?: string) => 
Promise<{ error: any }>;
[39m
[31m+     
signInWithGoogle: () => 
Promise<{ error: any }>;
[39m
[31m+     signOut: () => 
Promise<void>;
[39m
[31m+     refreshUser: 
() => Promise<void>;
[39m
[31m+ }
[39m
[31m+ 
[39m
[31m+ const AuthContext 
= createContext<AuthContex
tType | 
undefined>(undefined);
[39m
[31m+ 
[39m
[31m+ const VITE_API_URL 
= import.meta.env.VITE_API
_URL || '/api';
[39m
[31m+ const API_BASE = VI
TE_API_URL.endsWith('/api'
) ? VITE_API_URL : `${VITE
_API_URL.replace(/\/$/, 
'')}/api`;
[39m
[31m+ const API_URL = 
`${API_BASE}/auth`;
[39m
[31m+ 
[39m
[31m+ export function 
AuthProvider({ children 
}: { children: ReactNode 
}) {
[39m
[31m+     const [user, 
setUser] = useState<User 
| null>(null);
[39m
[31m+     const 
[userProfile, 
setUserProfile] = 
useState<UserProfile | 
null>(null);
[39m
[31m+     const 
[loading, setLoading] = 
useState(true);
[39m
[31m+ 
[39m
[31m+     // Initial 
load: Check if token 
exists
[39m
[31m+     useEffect(() 
=> {
[39m
[31m+         const 
syncAuth = () => {
[39m
[31m+             const 
storedUser = localStorage.
getItem('user');
[39m
[31m+             if 
(storedUser) {
[39m
[31m+                 
try {
[39m
[31m+                    
 const parsedUser = 
JSON.parse(storedUser);
[39m
[31m+                    
 setUser(parsedUser);
[39m
[31m+                    
 setUserProfile({
[39m
[31m+                    
     uid: parsedUser._id,
[39m
[31m+                    
     email: 
parsedUser.email,
[39m
[31m+                    
     displayName: 
parsedUser.displayName,
[39m
[31m+                    
     role: 
parsedUser.role,
[39m
[31m+                    
     streak: 0,
[39m
[31m+                    
     lastActiveDate: new D
ate().toISOString().slice(
0, 10),
[39m
[31m+                    
     createdAt: new 
Date().toISOString()
[39m
[31m+                    
 });
[39m
[31m+                 } 
catch (e) {
[39m
[31m+                    
 localStorage.removeItem('
user');
[39m
[31m+                    
 setUser(null);
[39m
[31m+                    
 setUserProfile(null);
[39m
[31m+                 }
[39m
[31m+             } else 
{
[39m
[31m+                 
setUser(null);
[39m
[31m+                 
setUserProfile(null);
[39m
[31m+             }
[39m
[31m+             
setLoading(false);
[39m
[31m+         };
[39m
[31m+ 
[39m
[31m+         syncAuth();
[39m
[31m+ 
[39m
[31m+         // Listen 
for changes from other 
tabs
[39m
[31m+         window.addE
ventListener('storage', 
(e) => {
[39m
[31m+             if 
(e.key === 'user') {
[39m
[31m+                 
syncAuth();
[39m
[31m+             }
[39m
[31m+         });
[39m
[31m+ 
[39m
[31m+         return () 
=> window.removeEventListe
ner('storage', syncAuth);
[39m
[31m+     }, []);
[39m
[31m+ 
[39m
[31m+     const signUp = 
async (email: string, 
password: string, 
displayName: string, 
role: string) => {
[39m
[31m+         try {
[39m
[31m+             const 
response = await fetch(`${
API_URL}/register`, {
[39m
[31m+                 
method: 'POST',
[39m
[31m+                 
headers: { 
'Content-Type': 
'application/json' },
[39m
[31m+                 
body: JSON.stringify({ 
email, password, 
displayName, role }),
[39m
[31m+             });
[39m
[31m+ 
[39m
[31m+             const 
data = await 
response.json().catch(() 
=> ({ message: 'Invalid 
server response' }));
[39m
[31m+             if 
(!response.ok) throw new 
Error(data.message || 
'Signup failed');
[39m
[31m+ 
[39m
[31m+             localSt
orage.setItem('user', 
JSON.stringify(data));
[39m
[31m+             
setUser(data);
[39m
[31m+             
setUserProfile({
[39m
[31m+                 
uid: data._id,
[39m
[31m+                 
email: data.email,
[39m
[31m+                 
displayName: 
data.displayName,
[39m
[31m+                 
role: data.role,
[39m
[31m+                 
streak: 0,
[39m
[31m+                 
lastActiveDate: new Date()
.toISOString().slice(0, 
10),
[39m
[31m+                 
createdAt: new 
Date().toISOString()
[39m
[31m+             });
[39m
[31m+ 
[39m
[31m+             return 
{ error: null };
[39m
[31m+         } catch 
(error: any) {
[39m
[31m+             
console.error('Signup 
error:', error);
[39m
[31m+             return 
{ error };
[39m
[31m+         }
[39m
[31m+     };
[39m
[31m+ 
[39m
[31m+     const signIn = 
async (email: string, 
password: string, role?: 
string) => {
[39m
[31m+         try {
[39m
[31m+             const 
response = await 
fetch(`${API_URL}/login`, 
{
[39m
[31m+                 
method: 'POST',
[39m
[31m+                 
headers: { 
'Content-Type': 
'application/json' },
[39m
[31m+                 
body: JSON.stringify({ 
email, password, role }),
[39m
[31m+             });
[39m
[31m+ 
[39m
[31m+             const 
data = await 
response.json().catch(() 
=> ({ message: 'Invalid 
server response' }));
[39m
[31m+             if 
(!response.ok) throw new 
Error(data.message || 
'Login failed');
[39m
[31m+ 
[39m
[31m+             localSt
orage.setItem('user', 
JSON.stringify(data));
[39m
[31m+             
setUser(data);
[39m
[31m+             
setUserProfile({
[39m
[31m+                 
uid: data._id,
[39m
[31m+                 
email: data.email,
[39m
[31m+                 
displayName: 
data.displayName,
[39m
[31m+                 
role: data.role,
[39m
[31m+                 
streak: 0,
[39m
[31m+                 
lastActiveDate: new Date()
.toISOString().slice(0, 
10),
[39m
[31m+                 
createdAt: new 
Date().toISOString()
[39m
[31m+             });
[39m
[31m+ 
[39m
[31m+             return 
{ error: null };
[39m
[31m+         } catch 
(error: any) {
[39m
[31m+             
console.error('Signin 
error:', error);
[39m
[31m+             return 
{ error };
[39m
[31m+         }
[39m
[31m+     };
[39m
[31m+ 
[39m
[31m+     const signOut 
= async () => {
[39m
[31m+         localStorag
e.removeItem('user');
[39m
[31m+         
setUser(null);
[39m
[31m+         
setUserProfile(null);
[39m
[31m+     };
[39m
[31m+ 
[39m
[31m+     const 
refreshUser = async () => 
{
[39m
[31m+         if (!user) 
return;
[39m
[31m+         try {
[39m
[31m+             const 
response = await fetch(`${
API_BASE}/user/profile`, {
[39m
[31m+                 
headers: {
[39m
[31m+                    
 'Authorization': `Bearer 
${user.token}`
[39m
[31m+                 }
[39m
[31m+             });
[39m
[31m+             if 
(response.ok) {
[39m
[31m+                 
const data = await 
response.json();
[39m
[31m+                 
const updatedUser = { 
...user, ...data };
[39m
[31m+                 loc
alStorage.setItem('user', 
JSON.stringify(updatedUser
));
[39m
[31m+                 
setUser(updatedUser);
[39m
[31m+             }
[39m
[31m+         } catch 
(error) {
[39m
[31m+             
console.error('Error 
refreshing user:', error);
[39m
[31m+         }
[39m
[31m+     };
[39m
[31m+ 
[39m
[31m+     return (
[39m
[31m+         
<AuthContext.Provider 
value={{ user, 
userProfile, loading, 
signUp, signIn, signOut, 
refreshUser, 
signInWithGoogle: async 
() => ({ error: 'Not 
implemented' }) }}>
[39m
[31m+             
{children}
[39m
[31m+         
</AuthContext.Provider>
[39m
[31m+     );
[39m
[31m+ }
[39m
[31m+ 
[39m
[31m+ export function 
useAuth() {
[39m
[31m+     const context 
= useContext(AuthContext);
[39m
[31m+     if (context 
=== undefined) {
[39m
[31m+         throw new 
Error('useAuth must be 
used within an 
AuthProvider');
[39m
[31m+     }
[39m
[31m+     return context;
[39m
[31m+ }
[39m
[31m+[39m

[36m [2mΓ¥»[22m src/con
texts/AuthContext.test.ts:
[2m47:24[22m[39m
    [90m 45|[39m        
 [34mexpect[39m(source)
[33m.[39m[34mtoContain[
39m([32m'signOut'[39m)[
33m;[39m
    [90m 46|[39m        
 [90m// Verify it's in 
the context provider 
value[39m
    [90m 47|[39m        
 expect(source).toContain(
'{ user, userProfile, 
loading, signUpΓÇª
    [90m   |[39m        
                
[31m^[39m
    [90m 48|[39m     
})[33m;[39m
    [90m 49|[39m

[31m[2mΓÄ»ΓÄ»ΓÄ»ΓÄ»ΓÄ»ΓÄ
»ΓÄ»ΓÄ»ΓÄ»ΓÄ»ΓÄ»ΓÄ»ΓÄ»ΓÄ»Γ
Ä»ΓÄ»ΓÄ»ΓÄ»ΓÄ»ΓÄ»ΓÄ»ΓÄ»[60
/75]ΓÄ»[22m[39m

[41m[1m FAIL [22m[49m 
src/contexts/AuthContext.t
est.ts[2m > 
[22mAuthContext ΓÇö 
structure[2m > 
[22mreads userRole from 
localStorage in 
onAuthStateChanged
[31m[1mAssertionError[2
2m: expected 'import { 
createContext, 
useContext, uΓÇª' to 
contain 'localStorage.getI
tem(\'userRole\')'[39m

[32m- Expected[39m
[31m+ Received[39m

[32m- localStorage.getIte
m('userRole')[39m
[31m+ import { 
createContext, 
useContext, useEffect, 
useState, type ReactNode 
} from 'react';
[39m
[31m+ import type { 
UserProfile } from 
'../types/student';
[39m
[31m+ 
[39m
[31m+ interface User {
[39m
[31m+     _id: string;
[39m
[31m+     email: string;
[39m
[31m+     displayName: 
string;
[39m
[31m+     role: 
'student' | 'teacher';
[39m
[31m+     token: string;
[39m
[31m+     teacherId?: 
string;
[39m
[31m+     department?: 
string;
[39m
[31m+     subjects?: 
string[];
[39m
[31m+     idCardImage?: 
string;
[39m
[31m+     post?: string;
[39m
[31m+ }
[39m
[31m+ 
[39m
[31m+ interface 
AuthContextType {
[39m
[31m+     user: User | 
null;
[39m
[31m+     userProfile: 
UserProfile | null;
[39m
[31m+     loading: 
boolean;
[39m
[31m+     signUp: 
(email: string, password: 
string, displayName: 
string, role: string) => 
Promise<{ error: any }>;
[39m
[31m+     signIn: 
(email: string, password: 
string, role?: string) => 
Promise<{ error: any }>;
[39m
[31m+     
signInWithGoogle: () => 
Promise<{ error: any }>;
[39m
[31m+     signOut: () => 
Promise<void>;
[39m
[31m+     refreshUser: 
() => Promise<void>;
[39m
[31m+ }
[39m
[31m+ 
[39m
[31m+ const AuthContext 
= createContext<AuthContex
tType | 
undefined>(undefined);
[39m
[31m+ 
[39m
[31m+ const VITE_API_URL 
= import.meta.env.VITE_API
_URL || '/api';
[39m
[31m+ const API_BASE = VI
TE_API_URL.endsWith('/api'
) ? VITE_API_URL : `${VITE
_API_URL.replace(/\/$/, 
'')}/api`;
[39m
[31m+ const API_URL = 
`${API_BASE}/auth`;
[39m
[31m+ 
[39m
[31m+ export function 
AuthProvider({ children 
}: { children: ReactNode 
}) {
[39m
[31m+     const [user, 
setUser] = useState<User 
| null>(null);
[39m
[31m+     const 
[userProfile, 
setUserProfile] = 
useState<UserProfile | 
null>(null);
[39m
[31m+     const 
[loading, setLoading] = 
useState(true);
[39m
[31m+ 
[39m
[31m+     // Initial 
load: Check if token 
exists
[39m
[31m+     useEffect(() 
=> {
[39m
[31m+         const 
syncAuth = () => {
[39m
[31m+             const 
storedUser = localStorage.
getItem('user');
[39m
[31m+             if 
(storedUser) {
[39m
[31m+                 
try {
[39m
[31m+                    
 const parsedUser = 
JSON.parse(storedUser);
[39m
[31m+                    
 setUser(parsedUser);
[39m
[31m+                    
 setUserProfile({
[39m
[31m+                    
     uid: parsedUser._id,
[39m
[31m+                    
     email: 
parsedUser.email,
[39m
[31m+                    
     displayName: 
parsedUser.displayName,
[39m
[31m+                    
     role: 
parsedUser.role,
[39m
[31m+                    
     streak: 0,
[39m
[31m+                    
     lastActiveDate: new D
ate().toISOString().slice(
0, 10),
[39m
[31m+                    
     createdAt: new 
Date().toISOString()
[39m
[31m+                    
 });
[39m
[31m+                 } 
catch (e) {
[39m
[31m+                    
 localStorage.removeItem('
user');
[39m
[31m+                    
 setUser(null);
[39m
[31m+                    
 setUserProfile(null);
[39m
[31m+                 }
[39m
[31m+             } else 
{
[39m
[31m+                 
setUser(null);
[39m
[31m+                 
setUserProfile(null);
[39m
[31m+             }
[39m
[31m+             
setLoading(false);
[39m
[31m+         };
[39m
[31m+ 
[39m
[31m+         syncAuth();
[39m
[31m+ 
[39m
[31m+         // Listen 
for changes from other 
tabs
[39m
[31m+         window.addE
ventListener('storage', 
(e) => {
[39m
[31m+             if 
(e.key === 'user') {
[39m
[31m+                 
syncAuth();
[39m
[31m+             }
[39m
[31m+         });
[39m
[31m+ 
[39m
[31m+         return () 
=> window.removeEventListe
ner('storage', syncAuth);
[39m
[31m+     }, []);
[39m
[31m+ 
[39m
[31m+     const signUp = 
async (email: string, 
password: string, 
displayName: string, 
role: string) => {
[39m
[31m+         try {
[39m
[31m+             const 
response = await fetch(`${
API_URL}/register`, {
[39m
[31m+                 
method: 'POST',
[39m
[31m+                 
headers: { 
'Content-Type': 
'application/json' },
[39m
[31m+                 
body: JSON.stringify({ 
email, password, 
displayName, role }),
[39m
[31m+             });
[39m
[31m+ 
[39m
[31m+             const 
data = await 
response.json().catch(() 
=> ({ message: 'Invalid 
server response' }));
[39m
[31m+             if 
(!response.ok) throw new 
Error(data.message || 
'Signup failed');
[39m
[31m+ 
[39m
[31m+             localSt
orage.setItem('user', 
JSON.stringify(data));
[39m
[31m+             
setUser(data);
[39m
[31m+             
setUserProfile({
[39m
[31m+                 
uid: data._id,
[39m
[31m+                 
email: data.email,
[39m
[31m+                 
displayName: 
data.displayName,
[39m
[31m+                 
role: data.role,
[39m
[31m+                 
streak: 0,
[39m
[31m+                 
lastActiveDate: new Date()
.toISOString().slice(0, 
10),
[39m
[31m+                 
createdAt: new 
Date().toISOString()
[39m
[31m+             });
[39m
[31m+ 
[39m
[31m+             return 
{ error: null };
[39m
[31m+         } catch 
(error: any) {
[39m
[31m+             
console.error('Signup 
error:', error);
[39m
[31m+             return 
{ error };
[39m
[31m+         }
[39m
[31m+     };
[39m
[31m+ 
[39m
[31m+     const signIn = 
async (email: string, 
password: string, role?: 
string) => {
[39m
[31m+         try {
[39m
[31m+             const 
response = await 
fetch(`${API_URL}/login`, 
{
[39m
[31m+                 
method: 'POST',
[39m
[31m+                 
headers: { 
'Content-Type': 
'application/json' },
[39m
[31m+                 
body: JSON.stringify({ 
email, password, role }),
[39m
[31m+             });
[39m
[31m+ 
[39m
[31m+             const 
data = await 
response.json().catch(() 
=> ({ message: 'Invalid 
server response' }));
[39m
[31m+             if 
(!response.ok) throw new 
Error(data.message || 
'Login failed');
[39m
[31m+ 
[39m
[31m+             localSt
orage.setItem('user', 
JSON.stringify(data));
[39m
[31m+             
setUser(data);
[39m
[31m+             
setUserProfile({
[39m
[31m+                 
uid: data._id,
[39m
[31m+                 
email: data.email,
[39m
[31m+                 
displayName: 
data.displayName,
[39m
[31m+                 
role: data.role,
[39m
[31m+                 
streak: 0,
[39m
[31m+                 
lastActiveDate: new Date()
.toISOString().slice(0, 
10),
[39m
[31m+                 
createdAt: new 
Date().toISOString()
[39m
[31m+             });
[39m
[31m+ 
[39m
[31m+             return 
{ error: null };
[39m
[31m+         } catch 
(error: any) {
[39m
[31m+             
console.error('Signin 
error:', error);
[39m
[31m+             return 
{ error };
[39m
[31m+         }
[39m
[31m+     };
[39m
[31m+ 
[39m
[31m+     const signOut 
= async () => {
[39m
[31m+         localStorag
e.removeItem('user');
[39m
[31m+         
setUser(null);
[39m
[31m+         
setUserProfile(null);
[39m
[31m+     };
[39m
[31m+ 
[39m
[31m+     const 
refreshUser = async () => 
{
[39m
[31m+         if (!user) 
return;
[39m
[31m+         try {
[39m
[31m+             const 
response = await fetch(`${
API_BASE}/user/profile`, {
[39m
[31m+                 
headers: {
[39m
[31m+                    
 'Authorization': `Bearer 
${user.token}`
[39m
[31m+                 }
[39m
[31m+             });
[39m
[31m+             if 
(response.ok) {
[39m
[31m+                 
const data = await 
response.json();
[39m
[31m+                 
const updatedUser = { 
...user, ...data };
[39m
[31m+                 loc
alStorage.setItem('user', 
JSON.stringify(updatedUser
));
[39m
[31m+                 
setUser(updatedUser);
[39m
[31m+             }
[39m
[31m+         } catch 
(error) {
[39m
[31m+             
console.error('Error 
refreshing user:', error);
[39m
[31m+         }
[39m
[31m+     };
[39m
[31m+ 
[39m
[31m+     return (
[39m
[31m+         
<AuthContext.Provider 
value={{ user, 
userProfile, loading, 
signUp, signIn, signOut, 
refreshUser, 
signInWithGoogle: async 
() => ({ error: 'Not 
implemented' }) }}>
[39m
[31m+             
{children}
[39m
[31m+         
</AuthContext.Provider>
[39m
[31m+     );
[39m
[31m+ }
[39m
[31m+ 
[39m
[31m+ export function 
useAuth() {
[39m
[31m+     const context 
= useContext(AuthContext);
[39m
[31m+     if (context 
=== undefined) {
[39m
[31m+         throw new 
Error('useAuth must be 
used within an 
AuthProvider');
[39m
[31m+     }
[39m
[31m+     return context;
[39m
[31m+ }
[39m
[31m+[39m

[36m [2mΓ¥»[22m src/con
texts/AuthContext.test.ts:
[2m111:24[22m[39m
    [90m109|[39m
    [90m110|[39m     
it('reads userRole from 
localStorage in 
onAuthStateChanged', () 
=>ΓÇª
    [90m111|[39m        
 [34mexpect[39m(source)
[33m.[39m[34mtoContain[
39m([32m"localStorage.get
Item('userRole')"[39m)[3
3m;[39m
    [90m   |[39m        
                
[31m^[39m
    [90m112|[39m     
})[33m;[39m
    [90m113|[39m

[31m[2mΓÄ»ΓÄ»ΓÄ»ΓÄ»ΓÄ»ΓÄ
»ΓÄ»ΓÄ»ΓÄ»ΓÄ»ΓÄ»ΓÄ»ΓÄ»ΓÄ»Γ
Ä»ΓÄ»ΓÄ»ΓÄ»ΓÄ»ΓÄ»ΓÄ»ΓÄ»[61
/75]ΓÄ»[22m[39m

[41m[1m FAIL [22m[49m 
src/contexts/AuthContext.t
est.ts[2m > 
[22mAuthContext ΓÇö 
structure[2m > 
[22mpopulates 
userProfile after 
onAuthStateChanged fires
[31m[1mAssertionError[2
2m: expected 'import { 
createContext, 
useContext, uΓÇª' to 
contain 'setUserProfile(bu
ildUserProfile'[39m

[32m- Expected[39m
[31m+ Received[39m

[32m- setUserProfile(buil
dUserProfile[39m
[31m+ import { 
createContext, 
useContext, useEffect, 
useState, type ReactNode 
} from 'react';
[39m
[31m+ import type { 
UserProfile } from 
'../types/student';
[39m
[31m+ 
[39m
[31m+ interface User {
[39m
[31m+     _id: string;
[39m
[31m+     email: string;
[39m
[31m+     displayName: 
string;
[39m
[31m+     role: 
'student' | 'teacher';
[39m
[31m+     token: string;
[39m
[31m+     teacherId?: 
string;
[39m
[31m+     department?: 
string;
[39m
[31m+     subjects?: 
string[];
[39m
[31m+     idCardImage?: 
string;
[39m
[31m+     post?: string;
[39m
[31m+ }
[39m
[31m+ 
[39m
[31m+ interface 
AuthContextType {
[39m
[31m+     user: User | 
null;
[39m
[31m+     userProfile: 
UserProfile | null;
[39m
[31m+     loading: 
boolean;
[39m
[31m+     signUp: 
(email: string, password: 
string, displayName: 
string, role: string) => 
Promise<{ error: any }>;
[39m
[31m+     signIn: 
(email: string, password: 
string, role?: string) => 
Promise<{ error: any }>;
[39m
[31m+     
signInWithGoogle: () => 
Promise<{ error: any }>;
[39m
[31m+     signOut: () => 
Promise<void>;
[39m
[31m+     refreshUser: 
() => Promise<void>;
[39m
[31m+ }
[39m
[31m+ 
[39m
[31m+ const AuthContext 
= createContext<AuthContex
tType | 
undefined>(undefined);
[39m
[31m+ 
[39m
[31m+ const VITE_API_URL 
= import.meta.env.VITE_API
_URL || '/api';
[39m
[31m+ const API_BASE = VI
TE_API_URL.endsWith('/api'
) ? VITE_API_URL : `${VITE
_API_URL.replace(/\/$/, 
'')}/api`;
[39m
[31m+ const API_URL = 
`${API_BASE}/auth`;
[39m
[31m+ 
[39m
[31m+ export function 
AuthProvider({ children 
}: { children: ReactNode 
}) {
[39m
[31m+     const [user, 
setUser] = useState<User 
| null>(null);
[39m
[31m+     const 
[userProfile, 
setUserProfile] = 
useState<UserProfile | 
null>(null);
[39m
[31m+     const 
[loading, setLoading] = 
useState(true);
[39m
[31m+ 
[39m
[31m+     // Initial 
load: Check if token 
exists
[39m
[31m+     useEffect(() 
=> {
[39m
[31m+         const 
syncAuth = () => {
[39m
[31m+             const 
storedUser = localStorage.
getItem('user');
[39m
[31m+             if 
(storedUser) {
[39m
[31m+                 
try {
[39m
[31m+                    
 const parsedUser = 
JSON.parse(storedUser);
[39m
[31m+                    
 setUser(parsedUser);
[39m
[31m+                    
 setUserProfile({
[39m
[31m+                    
     uid: parsedUser._id,
[39m
[31m+                    
     email: 
parsedUser.email,
[39m
[31m+                    
     displayName: 
parsedUser.displayName,
[39m
[31m+                    
     role: 
parsedUser.role,
[39m
[31m+                    
     streak: 0,
[39m
[31m+                    
     lastActiveDate: new D
ate().toISOString().slice(
0, 10),
[39m
[31m+                    
     createdAt: new 
Date().toISOString()
[39m
[31m+                    
 });
[39m
[31m+                 } 
catch (e) {
[39m
[31m+                    
 localStorage.removeItem('
user');
[39m
[31m+                    
 setUser(null);
[39m
[31m+                    
 setUserProfile(null);
[39m
[31m+                 }
[39m
[31m+             } else 
{
[39m
[31m+                 
setUser(null);
[39m
[31m+                 
setUserProfile(null);
[39m
[31m+             }
[39m
[31m+             
setLoading(false);
[39m
[31m+         };
[39m
[31m+ 
[39m
[31m+         syncAuth();
[39m
[31m+ 
[39m
[31m+         // Listen 
for changes from other 
tabs
[39m
[31m+         window.addE
ventListener('storage', 
(e) => {
[39m
[31m+             if 
(e.key === 'user') {
[39m
[31m+                 
syncAuth();
[39m
[31m+             }
[39m
[31m+         });
[39m
[31m+ 
[39m
[31m+         return () 
=> window.removeEventListe
ner('storage', syncAuth);
[39m
[31m+     }, []);
[39m
[31m+ 
[39m
[31m+     const signUp = 
async (email: string, 
password: string, 
displayName: string, 
role: string) => {
[39m
[31m+         try {
[39m
[31m+             const 
response = await fetch(`${
API_URL}/register`, {
[39m
[31m+                 
method: 'POST',
[39m
[31m+                 
headers: { 
'Content-Type': 
'application/json' },
[39m
[31m+                 
body: JSON.stringify({ 
email, password, 
displayName, role }),
[39m
[31m+             });
[39m
[31m+ 
[39m
[31m+             const 
data = await 
response.json().catch(() 
=> ({ message: 'Invalid 
server response' }));
[39m
[31m+             if 
(!response.ok) throw new 
Error(data.message || 
'Signup failed');
[39m
[31m+ 
[39m
[31m+             localSt
orage.setItem('user', 
JSON.stringify(data));
[39m
[31m+             
setUser(data);
[39m
[31m+             
setUserProfile({
[39m
[31m+                 
uid: data._id,
[39m
[31m+                 
email: data.email,
[39m
[31m+                 
displayName: 
data.displayName,
[39m
[31m+                 
role: data.role,
[39m
[31m+                 
streak: 0,
[39m
[31m+                 
lastActiveDate: new Date()
.toISOString().slice(0, 
10),
[39m
[31m+                 
createdAt: new 
Date().toISOString()
[39m
[31m+             });
[39m
[31m+ 
[39m
[31m+             return 
{ error: null };
[39m
[31m+         } catch 
(error: any) {
[39m
[31m+             
console.error('Signup 
error:', error);
[39m
[31m+             return 
{ error };
[39m
[31m+         }
[39m
[31m+     };
[39m
[31m+ 
[39m
[31m+     const signIn = 
async (email: string, 
password: string, role?: 
string) => {
[39m
[31m+         try {
[39m
[31m+             const 
response = await 
fetch(`${API_URL}/login`, 
{
[39m
[31m+                 
method: 'POST',
[39m
[31m+                 
headers: { 
'Content-Type': 
'application/json' },
[39m
[31m+                 
body: JSON.stringify({ 
email, password, role }),
[39m
[31m+             });
[39m
[31m+ 
[39m
[31m+             const 
data = await 
response.json().catch(() 
=> ({ message: 'Invalid 
server response' }));
[39m
[31m+             if 
(!response.ok) throw new 
Error(data.message || 
'Login failed');
[39m
[31m+ 
[39m
[31m+             localSt
orage.setItem('user', 
JSON.stringify(data));
[39m
[31m+             
setUser(data);
[39m
[31m+             
setUserProfile({
[39m
[31m+                 
uid: data._id,
[39m
[31m+                 
email: data.email,
[39m
[31m+                 
displayName: 
data.displayName,
[39m
[31m+                 
role: data.role,
[39m
[31m+                 
streak: 0,
[39m
[31m+                 
lastActiveDate: new Date()
.toISOString().slice(0, 
10),
[39m
[31m+                 
createdAt: new 
Date().toISOString()
[39m
[31m+             });
[39m
[31m+ 
[39m
[31m+             return 
{ error: null };
[39m
[31m+         } catch 
(error: any) {
[39m
[31m+             
console.error('Signin 
error:', error);
[39m
[31m+             return 
{ error };
[39m
[31m+         }
[39m
[31m+     };
[39m
[31m+ 
[39m
[31m+     const signOut 
= async () => {
[39m
[31m+         localStorag
e.removeItem('user');
[39m
[31m+         
setUser(null);
[39m
[31m+         
setUserProfile(null);
[39m
[31m+     };
[39m
[31m+ 
[39m
[31m+     const 
refreshUser = async () => 
{
[39m
[31m+         if (!user) 
return;
[39m
[31m+         try {
[39m
[31m+             const 
response = await fetch(`${
API_BASE}/user/profile`, {
[39m
[31m+                 
headers: {
[39m
[31m+                    
 'Authorization': `Bearer 
${user.token}`
[39m
[31m+                 }
[39m
[31m+             });
[39m
[31m+             if 
(response.ok) {
[39m
[31m+                 
const data = await 
response.json();
[39m
[31m+                 
const updatedUser = { 
...user, ...data };
[39m
[31m+                 loc
alStorage.setItem('user', 
JSON.stringify(updatedUser
));
[39m
[31m+                 
setUser(updatedUser);
[39m
[31m+             }
[39m
[31m+         } catch 
(error) {
[39m
[31m+             
console.error('Error 
refreshing user:', error);
[39m
[31m+         }
[39m
[31m+     };
[39m
[31m+ 
[39m
[31m+     return (
[39m
[31m+         
<AuthContext.Provider 
value={{ user, 
userProfile, loading, 
signUp, signIn, signOut, 
refreshUser, 
signInWithGoogle: async 
() => ({ error: 'Not 
implemented' }) }}>
[39m
[31m+             
{children}
[39m
[31m+         
</AuthContext.Provider>
[39m
[31m+     );
[39m
[31m+ }
[39m
[31m+ 
[39m
[31m+ export function 
useAuth() {
[39m
[31m+     const context 
= useContext(AuthContext);
[39m
[31m+     if (context 
=== undefined) {
[39m
[31m+         throw new 
Error('useAuth must be 
used within an 
AuthProvider');
[39m
[31m+     }
[39m
[31m+     return context;
[39m
[31m+ }
[39m
[31m+[39m

[36m [2mΓ¥»[22m src/con
texts/AuthContext.test.ts:
[2m115:24[22m[39m
    [90m113|[39m
    [90m114|[39m     [3
4mit[39m([32m'populates 
userProfile after 
onAuthStateChanged 
fires'[39m[33m,[39m () 
[33m=>[39m {
    [90m115|[39m        
 [34mexpect[39m(source)
[33m.[39m[34mtoContain[
39m([32m'setUserProfile(b
uildUserProfile'[39m)[33
m;[39m
    [90m   |[39m        
                
[31m^[39m
    [90m116|[39m     
})[33m;[39m
    [90m117|[39m

[31m[2mΓÄ»ΓÄ»ΓÄ»ΓÄ»ΓÄ»ΓÄ
»ΓÄ»ΓÄ»ΓÄ»ΓÄ»ΓÄ»ΓÄ»ΓÄ»ΓÄ»Γ
Ä»ΓÄ»ΓÄ»ΓÄ»ΓÄ»ΓÄ»ΓÄ»ΓÄ»[62
/75]ΓÄ»[22m[39m

[41m[1m FAIL [22m[49m 
src/contexts/AuthContext.t
est.ts[2m > 
[22mAuthContext ΓÇö 
structure[2m > 
[22mpopulates 
userProfile after signIn 
resolves
[31m[1mAssertionError[2
2m: expected 'import { 
createContext, 
useContext, uΓÇª' to 
contain 'setUserProfile(bu
ildUserProfile'[39m

[32m- Expected[39m
[31m+ Received[39m

[32m- setUserProfile(buil
dUserProfile[39m
[31m+ import { 
createContext, 
useContext, useEffect, 
useState, type ReactNode 
} from 'react';
[39m
[31m+ import type { 
UserProfile } from 
'../types/student';
[39m
[31m+ 
[39m
[31m+ interface User {
[39m
[31m+     _id: string;
[39m
[31m+     email: string;
[39m
[31m+     displayName: 
string;
[39m
[31m+     role: 
'student' | 'teacher';
[39m
[31m+     token: string;
[39m
[31m+     teacherId?: 
string;
[39m
[31m+     department?: 
string;
[39m
[31m+     subjects?: 
string[];
[39m
[31m+     idCardImage?: 
string;
[39m
[31m+     post?: string;
[39m
[31m+ }
[39m
[31m+ 
[39m
[31m+ interface 
AuthContextType {
[39m
[31m+     user: User | 
null;
[39m
[31m+     userProfile: 
UserProfile | null;
[39m
[31m+     loading: 
boolean;
[39m
[31m+     signUp: 
(email: string, password: 
string, displayName: 
string, role: string) => 
Promise<{ error: any }>;
[39m
[31m+     signIn: 
(email: string, password: 
string, role?: string) => 
Promise<{ error: any }>;
[39m
[31m+     
signInWithGoogle: () => 
Promise<{ error: any }>;
[39m
[31m+     signOut: () => 
Promise<void>;
[39m
[31m+     refreshUser: 
() => Promise<void>;
[39m
[31m+ }
[39m
[31m+ 
[39m
[31m+ const AuthContext 
= createContext<AuthContex
tType | 
undefined>(undefined);
[39m
[31m+ 
[39m
[31m+ const VITE_API_URL 
= import.meta.env.VITE_API
_URL || '/api';
[39m
[31m+ const API_BASE = VI
TE_API_URL.endsWith('/api'
) ? VITE_API_URL : `${VITE
_API_URL.replace(/\/$/, 
'')}/api`;
[39m
[31m+ const API_URL = 
`${API_BASE}/auth`;
[39m
[31m+ 
[39m
[31m+ export function 
AuthProvider({ children 
}: { children: ReactNode 
}) {
[39m
[31m+     const [user, 
setUser] = useState<User 
| null>(null);
[39m
[31m+     const 
[userProfile, 
setUserProfile] = 
useState<UserProfile | 
null>(null);
[39m
[31m+     const 
[loading, setLoading] = 
useState(true);
[39m
[31m+ 
[39m
[31m+     // Initial 
load: Check if token 
exists
[39m
[31m+     useEffect(() 
=> {
[39m
[31m+         const 
syncAuth = () => {
[39m
[31m+             const 
storedUser = localStorage.
getItem('user');
[39m
[31m+             if 
(storedUser) {
[39m
[31m+                 
try {
[39m
[31m+                    
 const parsedUser = 
JSON.parse(storedUser);
[39m
[31m+                    
 setUser(parsedUser);
[39m
[31m+                    
 setUserProfile({
[39m
[31m+                    
     uid: parsedUser._id,
[39m
[31m+                    
     email: 
parsedUser.email,
[39m
[31m+                    
     displayName: 
parsedUser.displayName,
[39m
[31m+                    
     role: 
parsedUser.role,
[39m
[31m+                    
     streak: 0,
[39m
[31m+                    
     lastActiveDate: new D
ate().toISOString().slice(
0, 10),
[39m
[31m+                    
     createdAt: new 
Date().toISOString()
[39m
[31m+                    
 });
[39m
[31m+                 } 
catch (e) {
[39m
[31m+                    
 localStorage.removeItem('
user');
[39m
[31m+                    
 setUser(null);
[39m
[31m+                    
 setUserProfile(null);
[39m
[31m+                 }
[39m
[31m+             } else 
{
[39m
[31m+                 
setUser(null);
[39m
[31m+                 
setUserProfile(null);
[39m
[31m+             }
[39m
[31m+             
setLoading(false);
[39m
[31m+         };
[39m
[31m+ 
[39m
[31m+         syncAuth();
[39m
[31m+ 
[39m
[31m+         // Listen 
for changes from other 
tabs
[39m
[31m+         window.addE
ventListener('storage', 
(e) => {
[39m
[31m+             if 
(e.key === 'user') {
[39m
[31m+                 
syncAuth();
[39m
[31m+             }
[39m
[31m+         });
[39m
[31m+ 
[39m
[31m+         return () 
=> window.removeEventListe
ner('storage', syncAuth);
[39m
[31m+     }, []);
[39m
[31m+ 
[39m
[31m+     const signUp = 
async (email: string, 
password: string, 
displayName: string, 
role: string) => {
[39m
[31m+         try {
[39m
[31m+             const 
response = await fetch(`${
API_URL}/register`, {
[39m
[31m+                 
method: 'POST',
[39m
[31m+                 
headers: { 
'Content-Type': 
'application/json' },
[39m
[31m+                 
body: JSON.stringify({ 
email, password, 
displayName, role }),
[39m
[31m+             });
[39m
[31m+ 
[39m
[31m+             const 
data = await 
response.json().catch(() 
=> ({ message: 'Invalid 
server response' }));
[39m
[31m+             if 
(!response.ok) throw new 
Error(data.message || 
'Signup failed');
[39m
[31m+ 
[39m
[31m+             localSt
orage.setItem('user', 
JSON.stringify(data));
[39m
[31m+             
setUser(data);
[39m
[31m+             
setUserProfile({
[39m
[31m+                 
uid: data._id,
[39m
[31m+                 
email: data.email,
[39m
[31m+                 
displayName: 
data.displayName,
[39m
[31m+                 
role: data.role,
[39m
[31m+                 
streak: 0,
[39m
[31m+                 
lastActiveDate: new Date()
.toISOString().slice(0, 
10),
[39m
[31m+                 
createdAt: new 
Date().toISOString()
[39m
[31m+             });
[39m
[31m+ 
[39m
[31m+             return 
{ error: null };
[39m
[31m+         } catch 
(error: any) {
[39m
[31m+             
console.error('Signup 
error:', error);
[39m
[31m+             return 
{ error };
[39m
[31m+         }
[39m
[31m+     };
[39m
[31m+ 
[39m
[31m+     const signIn = 
async (email: string, 
password: string, role?: 
string) => {
[39m
[31m+         try {
[39m
[31m+             const 
response = await 
fetch(`${API_URL}/login`, 
{
[39m
[31m+                 
method: 'POST',
[39m
[31m+                 
headers: { 
'Content-Type': 
'application/json' },
[39m
[31m+                 
body: JSON.stringify({ 
email, password, role }),
[39m
[31m+             });
[39m
[31m+ 
[39m
[31m+             const 
data = await 
response.json().catch(() 
=> ({ message: 'Invalid 
server response' }));
[39m
[31m+             if 
(!response.ok) throw new 
Error(data.message || 
'Login failed');
[39m
[31m+ 
[39m
[31m+             localSt
orage.setItem('user', 
JSON.stringify(data));
[39m
[31m+             
setUser(data);
[39m
[31m+             
setUserProfile({
[39m
[31m+                 
uid: data._id,
[39m
[31m+                 
email: data.email,
[39m
[31m+                 
displayName: 
data.displayName,
[39m
[31m+                 
role: data.role,
[39m
[31m+                 
streak: 0,
[39m
[31m+                 
lastActiveDate: new Date()
.toISOString().slice(0, 
10),
[39m
[31m+                 
createdAt: new 
Date().toISOString()
[39m
[31m+             });
[39m
[31m+ 
[39m
[31m+             return 
{ error: null };
[39m
[31m+         } catch 
(error: any) {
[39m
[31m+             
console.error('Signin 
error:', error);
[39m
[31m+             return 
{ error };
[39m
[31m+         }
[39m
[31m+     };
[39m
[31m+ 
[39m
[31m+     const signOut 
= async () => {
[39m
[31m+         localStorag
e.removeItem('user');
[39m
[31m+         
setUser(null);
[39m
[31m+         
setUserProfile(null);
[39m
[31m+     };
[39m
[31m+ 
[39m
[31m+     const 
refreshUser = async () => 
{
[39m
[31m+         if (!user) 
return;
[39m
[31m+         try {
[39m
[31m+             const 
response = await fetch(`${
API_BASE}/user/profile`, {
[39m
[31m+                 
headers: {
[39m
[31m+                    
 'Authorization': `Bearer 
${user.token}`
[39m
[31m+                 }
[39m
[31m+             });
[39m
[31m+             if 
(response.ok) {
[39m
[31m+                 
const data = await 
response.json();
[39m
[31m+                 
const updatedUser = { 
...user, ...data };
[39m
[31m+                 loc
alStorage.setItem('user', 
JSON.stringify(updatedUser
));
[39m
[31m+                 
setUser(updatedUser);
[39m
[31m+             }
[39m
[31m+         } catch 
(error) {
[39m
[31m+             
console.error('Error 
refreshing user:', error);
[39m
[31m+         }
[39m
[31m+     };
[39m
[31m+ 
[39m
[31m+     return (
[39m
[31m+         
<AuthContext.Provider 
value={{ user, 
userProfile, loading, 
signUp, signIn, signOut, 
refreshUser, 
signInWithGoogle: async 
() => ({ error: 'Not 
implemented' }) }}>
[39m
[31m+             
{children}
[39m
[31m+         
</AuthContext.Provider>
[39m
[31m+     );
[39m
[31m+ }
[39m
[31m+ 
[39m
[31m+ export function 
useAuth() {
[39m
[31m+     const context 
= useContext(AuthContext);
[39m
[31m+     if (context 
=== undefined) {
[39m
[31m+         throw new 
Error('useAuth must be 
used within an 
AuthProvider');
[39m
[31m+     }
[39m
[31m+     return context;
[39m
[31m+ }
[39m
[31m+[39m

[36m [2mΓ¥»[22m src/con
texts/AuthContext.test.ts:
[2m120:24[22m[39m
    [90m118|[39m     [3
4mit[39m([32m'populates 
userProfile after signIn 
resolves'[39m[33m,[39m 
() [33m=>[39m {
    [90m119|[39m        
 // AuthContext.signIn 
should set userProfile 
with the actual rΓÇª
    [90m120|[39m        
 [34mexpect[39m(source)
[33m.[39m[34mtoContain[
39m([32m'setUserProfile(b
uildUserProfile'[39m)[33
m;[39m
    [90m   |[39m        
                
[31m^[39m
    [90m121|[39m     
})[33m;[39m
    [90m122|[39m 
})[33m;[39m

[31m[2mΓÄ»ΓÄ»ΓÄ»ΓÄ»ΓÄ»ΓÄ
»ΓÄ»ΓÄ»ΓÄ»ΓÄ»ΓÄ»ΓÄ»ΓÄ»ΓÄ»Γ
Ä»ΓÄ»ΓÄ»ΓÄ»ΓÄ»ΓÄ»ΓÄ»ΓÄ»[63
/75]ΓÄ»[22m[39m

[41m[1m FAIL [22m[49m 
src/utils/firestoreIndexes
.test.ts[2m > [22mfirest
ore.indexes.json[2m > 
[22mcontains exactly 3 
index definitions
[31m[1mAssertionError[2
2m: expected [ { ΓÇª(3) 
}, { ΓÇª(3) }, { ΓÇª(3) 
}, ΓÇª(1) ] to have a 
length of 3 but got 4[39m

[32m- Expected[39m
[31m+ Received[39m

[32m- 3[39m
[31m+ 4[39m

[36m [2mΓ¥»[22m src/uti
ls/firestoreIndexes.test.t
s:[2m12:33[22m[39m
    [90m 10|[39m   [34m
it[39m([32m'contains 
exactly 3 index definition
s'[39m[33m,[39m () 
[33m=>[39m {
    [90m 11|[39m     [3
4mexpect[39m([33mArray[
39m[33m.[39m[34misArray
[39m(indexesJson[33m.[3
9mindexes))[33m.[39m[34
mtoBe[39m([35mtrue[39m)
[33m;[39m
    [90m 12|[39m     [3
4mexpect[39m(indexesJson
[33m.[39mindexes)[33m.[
39m[34mtoHaveLength[39m(
[34m3[39m)[33m;[39m
    [90m   |[39m        
                         
[31m^[39m
    [90m 13|[39m   
})[33m;[39m
    [90m 14|[39m

[31m[2mΓÄ»ΓÄ»ΓÄ»ΓÄ»ΓÄ»ΓÄ
»ΓÄ»ΓÄ»ΓÄ»ΓÄ»ΓÄ»ΓÄ»ΓÄ»ΓÄ»Γ
Ä»ΓÄ»ΓÄ»ΓÄ»ΓÄ»ΓÄ»ΓÄ»ΓÄ»[64
/75]ΓÄ»[22m[39m

[41m[1m FAIL [22m[49m 
src/utils/firestoreIndexes
.test.ts[2m > [22mfirest
ore.indexes.json[2m > 
[22msessions index has 
correct collectionGroup, 
queryScope, and fields
[31m[1mAssertionError[2
2m: expected undefined to 
be defined[39m
[36m [2mΓ¥»[22m src/uti
ls/firestoreIndexes.test.t
s:[2m17:17[22m[39m
    [90m 15|[39m   
it('sessions index has 
correct collectionGroup, 
queryScope, and fielΓÇª
    [90m 16|[39m     
const idx = indexesJson.in
dexes.find((i: { 
collectionGroup: stringΓÇª
    [90m 17|[39m     [3
4mexpect[39m(idx)[33m.[
39m[34mtoBeDefined[39m()
[33m;[39m
    [90m   |[39m        
         [31m^[39m
    [90m 18|[39m     [3
4mexpect[39m(idx[33m.[3
9mqueryScope)[33m.[39m[
34mtoBe[39m([32m'COLLECT
ION'[39m)[33m;[39m
    [90m 19|[39m     [3
4mexpect[39m(idx[33m.[3
9mfields)[33m.[39m[34mt
oEqual[39m([

[31m[2mΓÄ»ΓÄ»ΓÄ»ΓÄ»ΓÄ»ΓÄ
»ΓÄ»ΓÄ»ΓÄ»ΓÄ»ΓÄ»ΓÄ»ΓÄ»ΓÄ»Γ
Ä»ΓÄ»ΓÄ»ΓÄ»ΓÄ»ΓÄ»ΓÄ»ΓÄ»[65
/75]ΓÄ»[22m[39m

[41m[1m FAIL [22m[49m 
src/utils/firestoreIndexes
.test.ts[2m > [22mfirest
ore.indexes.json[2m > 
[22manswers index has 
correct collectionGroup, 
queryScope, and fields
[31m[1mAssertionError[2
2m: expected undefined to 
be defined[39m
[36m [2mΓ¥»[22m src/uti
ls/firestoreIndexes.test.t
s:[2m27:17[22m[39m
    [90m 25|[39m   
it('answers index has 
correct collectionGroup, 
queryScope, and fieldΓÇª
    [90m 26|[39m     
const idx = indexesJson.in
dexes.find((i: { 
collectionGroup: stringΓÇª
    [90m 27|[39m     [3
4mexpect[39m(idx)[33m.[
39m[34mtoBeDefined[39m()
[33m;[39m
    [90m   |[39m        
         [31m^[39m
    [90m 28|[39m     [3
4mexpect[39m(idx[33m.[3
9mqueryScope)[33m.[39m[
34mtoBe[39m([32m'COLLECT
ION'[39m)[33m;[39m
    [90m 29|[39m     [3
4mexpect[39m(idx[33m.[3
9mfields)[33m.[39m[34mt
oEqual[39m([

[31m[2mΓÄ»ΓÄ»ΓÄ»ΓÄ»ΓÄ»ΓÄ
»ΓÄ»ΓÄ»ΓÄ»ΓÄ»ΓÄ»ΓÄ»ΓÄ»ΓÄ»Γ
Ä»ΓÄ»ΓÄ»ΓÄ»ΓÄ»ΓÄ»ΓÄ»ΓÄ»[66
/75]ΓÄ»[22m[39m

[41m[1m FAIL [22m[49m 
src/utils/firestoreIndexes
.test.ts[2m > [22mfirest
ore.indexes.json[2m > 
[22mparticipants index 
has correct 
collectionGroup, 
queryScope, and fields
[31m[1mAssertionError[2
2m: expected undefined to 
be defined[39m
[36m [2mΓ¥»[22m src/uti
ls/firestoreIndexes.test.t
s:[2m37:17[22m[39m
    [90m 35|[39m   
it('participants index 
has correct 
collectionGroup, 
queryScope, and ΓÇª
    [90m 36|[39m     
const idx = indexesJson.in
dexes.find((i: { 
collectionGroup: stringΓÇª
    [90m 37|[39m     [3
4mexpect[39m(idx)[33m.[
39m[34mtoBeDefined[39m()
[33m;[39m
    [90m   |[39m        
         [31m^[39m
    [90m 38|[39m     [3
4mexpect[39m(idx[33m.[3
9mqueryScope)[33m.[39m[
34mtoBe[39m([32m'COLLECT
ION'[39m)[33m;[39m
    [90m 39|[39m     [3
4mexpect[39m(idx[33m.[3
9mfields)[33m.[39m[34mt
oEqual[39m([

[31m[2mΓÄ»ΓÄ»ΓÄ»ΓÄ»ΓÄ»ΓÄ
»ΓÄ»ΓÄ»ΓÄ»ΓÄ»ΓÄ»ΓÄ»ΓÄ»ΓÄ»Γ
Ä»ΓÄ»ΓÄ»ΓÄ»ΓÄ»ΓÄ»ΓÄ»ΓÄ»[67
/75]ΓÄ»[22m[39m

[41m[1m FAIL [22m[49m 
src/utils/firestoreRules.t
est.ts[2m > 
[22mfirestore.rules ΓÇö 
Property 2: Security 
rules allow owner writes 
only[2m > [22mquizzes: 
contains auth.uid == 
resource.data.teacherId
[31m[1mAssertionError[2
2m: expected 
'rules_version = 
\'2\';\r\nservice cloΓÇª' 
to contain 
'request.auth.uid == 
resource.data.teaΓÇª'[39m

[32m- Expected[39m
[31m+ Received[39m

[32m- 
r[7mequest.auth.uid == re
source.data.teacherId[27m
[39m
[31m+ r[7mules_version 
= '2';
[27m[39m
[31m+ service 
cloud.firestore {
[39m
[31m+   match /databases/
{database}/documents {
[39m
[31m+ 
[39m
[31m+     // ΓöÇΓöÇ User 
profiles ΓöÇΓöÇΓöÇΓöÇΓöÇΓö
ÇΓöÇΓöÇΓöÇΓöÇΓöÇΓöÇΓöÇΓöÇΓ
öÇΓöÇΓöÇΓöÇΓöÇΓöÇΓöÇΓöÇΓöÇ
ΓöÇΓöÇΓöÇΓöÇΓöÇΓöÇΓöÇΓöÇΓö
ÇΓöÇΓöÇΓöÇΓöÇΓöÇΓöÇΓöÇΓöÇΓ
öÇΓöÇΓöÇΓöÇΓöÇΓöÇΓöÇΓöÇΓöÇ
ΓöÇΓöÇΓöÇΓöÇΓöÇΓöÇ
[39m
[31m+     match 
/users/{uid} {
[39m
[31m+       // Users can 
only read/write their own 
profile
[39m
[31m+       allow read, 
write: if request.auth != 
null && request.auth.uid 
== uid;
[39m
[31m+ 
[39m
[31m+       // Score 
records sub-collection
[39m
[31m+       match 
/scores/{scoreId} {
[39m
[31m+         // Owner 
can read and write their 
own scores
[39m
[31m+         allow 
read, write: if 
request.auth != null && 
request.auth.uid == uid;
[39m
[31m+         // 
Teachers can read scores 
for reporting (read-only)
[39m
[31m+         allow 
read: if request.auth != 
null &&
[39m
[31m+                    
     get(/databases/$(data
base)/documents/users/$(re
quest.auth.uid)).data.role
 == 'teacher';
[39m
[31m+       }
[39m
[31m+ 
[39m
[31m+       // Badges 
sub-collection ΓÇö only 
the owning user can read 
or write
[39m
[31m+       match 
/badges/{badgeId} {
[39m
[31m+         allow 
read: if request.auth != 
null && request.auth.uid 
== uid;
[39m
[31m+         allow 
write: if request.auth != 
null && request.auth.uid 
== uid;
[39m
[31m+       }
[39m
[31m+     }
[39m
[31m+ 
[39m
[31m+     // ΓöÇΓöÇ Quiz 
documents ΓöÇΓöÇΓöÇΓöÇΓöÇΓ
öÇΓöÇΓöÇΓöÇΓöÇΓöÇΓöÇΓöÇΓöÇ
ΓöÇΓöÇΓöÇΓöÇΓöÇΓöÇΓöÇΓöÇΓö
ÇΓöÇΓöÇΓöÇΓöÇΓöÇΓöÇΓöÇΓöÇΓ
öÇΓöÇΓöÇΓöÇΓöÇΓöÇΓöÇΓöÇΓöÇ
ΓöÇΓöÇΓöÇΓöÇΓöÇΓöÇΓöÇΓöÇΓö
ÇΓöÇΓöÇΓöÇΓöÇΓöÇ
[39m
[31m+     match 
/quizzes/{quizId} {
[39m
[31m+       // Any 
authenticated user can 
read quizzes (for 
StudentBrowse and Library)
[39m
[31m+       allow read: 
if request.auth != null;
[39m
[31m+       // Only the 
creating teacher can write
[39m
[31m+       allow write: 
if request.auth != null 
&& 
resource.data.teacherId 
== request.auth.uid;
[39m
[31m+       allow 
create: if request.auth 
!= null;
[39m
[31m+ 
[39m
[31m+       // Questions 
sub-collection
[39m
[31m+       match 
/questions/{questionId} {
[39m
[31m+         allow 
read: if request.auth != 
null;
[39m
[31m+         allow 
write: if request.auth != 
null;
[39m
[31m+       }
[39m
[31m+     }
[39m
[31m+ 
[39m
[31m+     // ΓöÇΓöÇ 
Notes ΓöÇΓöÇΓöÇΓöÇΓöÇΓöÇΓö
ÇΓöÇΓöÇΓöÇΓöÇΓöÇΓöÇΓöÇΓöÇΓ
öÇΓöÇΓöÇΓöÇΓöÇΓöÇΓöÇΓöÇΓöÇ
ΓöÇΓöÇΓöÇΓöÇΓöÇΓöÇΓöÇΓöÇΓö
ÇΓöÇΓöÇΓöÇΓöÇΓöÇΓöÇΓöÇΓöÇΓ
öÇΓöÇΓöÇΓöÇΓöÇΓöÇΓöÇΓöÇΓöÇ
ΓöÇΓöÇΓöÇΓöÇΓöÇΓöÇΓöÇΓöÇΓö
ÇΓöÇΓöÇΓöÇΓöÇ
[39m
[31m+     match 
/notes/{noteId} {
[39m
[31m+       // Any 
authenticated user can 
read notes
[39m
[31m+       allow read: 
if request.auth != null;
[39m
[31m+       // Only the 
author can create a note 
(authorUid must match the 
requester)
[39m
[31m+       allow 
create: if request.auth 
!= null
[39m
[31m+         && request.
resource.data.authorUid 
== request.auth.uid;
[39m
[31m+       // Only the 
author can update or 
delete their own note
[39m
[31m+       allow 
update, delete: if 
request.auth != null
[39m
[31m+         && 
resource.data.authorUid 
== request.auth.uid;
[39m
[31m+     }
[39m
[31m+ 
[39m
[31m+     // ΓöÇΓöÇ Game 
sessions ΓöÇΓöÇΓöÇΓöÇΓöÇΓö
ÇΓöÇΓöÇΓöÇΓöÇΓöÇΓöÇΓöÇΓöÇΓ
öÇΓöÇΓöÇΓöÇΓöÇΓöÇΓöÇΓöÇΓöÇ
ΓöÇΓöÇΓöÇΓöÇΓöÇΓöÇΓöÇΓöÇΓö
ÇΓöÇΓöÇΓöÇΓöÇΓöÇΓöÇΓöÇΓöÇΓ
öÇΓöÇΓöÇΓöÇΓöÇΓöÇΓöÇΓöÇΓöÇ
ΓöÇΓöÇΓöÇΓöÇΓöÇΓöÇΓöÇ
[39m
[31m+     match 
/gameSessions/{sessionId} 
{
[39m
[31m+       // Any 
authenticated user can 
read (students need to 
join)
[39m
[31m+       allow read: 
if request.auth != null;
[39m
[31m+       // Only the 
teacher who created it 
can modify the session
[39m
[31m+       allow 
create: if request.auth 
!= null;
[39m
[31m+       allow 
update, delete: if 
request.auth != null &&
[39m
[31m+                    
             
resource.data.teacherId 
== request.auth.uid;
[39m
[31m+ 
[39m
[31m+       // 
Participants 
sub-collection
[39m
[31m+       match /partic
ipants/{participantId} {
[39m
[31m+         allow 
read: if request.auth != 
null;
[39m
[31m+         allow 
create: if request.auth 
!= null;
[39m
[31m+         // Only 
the participant 
themselves or the session 
teacher can update
[39m
[31m+         allow 
update: if request.auth 
!= null;
[39m
[31m+       }
[39m
[31m+ 
[39m
[31m+       // Answers 
sub-collection
[39m
[31m+       match 
/answers/{answerId} {
[39m
[31m+         allow 
read: if request.auth != 
null;
[39m
[31m+         allow 
create: if request.auth 
!= null;
[39m
[31m+         // Answers 
are immutable once 
submitted
[39m
[31m+         allow 
update, delete: if false;
[39m
[31m+       }
[39m
[31m+     }
[39m
[31m+   }
[39m
[31m+ }
[39m
[31m+[39m

[36m [2mΓ¥»[22m src/uti
ls/firestoreRules.test.ts:
[2m51:26[22m[39m
    [90m 49|[39m    
*/[39m
    [90m 50|[39m   [34m
it[39m([32m'quizzes: 
contains auth.uid == resou
rce.data.teacherId'[39m[
33m,[39m () [33m=>[39m 
{
    [90m 51|[39m     exp
ect(rulesContent).toContai
n('request.auth.uid == 
resource.data.ΓÇª
    [90m   |[39m        
                  
[31m^[39m
    [90m 52|[39m   
})[33m;[39m
    [90m 53|[39m

[31m[2mΓÄ»ΓÄ»ΓÄ»ΓÄ»ΓÄ»ΓÄ
»ΓÄ»ΓÄ»ΓÄ»ΓÄ»ΓÄ»ΓÄ»ΓÄ»ΓÄ»Γ
Ä»ΓÄ»ΓÄ»ΓÄ»ΓÄ»ΓÄ»ΓÄ»ΓÄ»[68
/75]ΓÄ»[22m[39m

[41m[1m FAIL [22m[49m 
src/utils/firestoreRules.t
est.ts[2m > 
[22mfirestore.rules ΓÇö 
Property 2: Security 
rules allow owner writes 
only[2m > [22msessions: 
contains auth.uid == 
resource.data.hostId
[31m[1mAssertionError[2
2m: expected 
'rules_version = 
\'2\';\r\nservice cloΓÇª' 
to contain 
'request.auth.uid == 
resource.data.hosΓÇª'[39m

[32m- Expected[39m
[31m+ Received[39m

[32m- 
r[7mequest.auth.uid == re
source.data.hostId[27m[3
9m
[31m+ r[7mules_version 
= '2';
[27m[39m
[31m+ service 
cloud.firestore {
[39m
[31m+   match /databases/
{database}/documents {
[39m
[31m+ 
[39m
[31m+     // ΓöÇΓöÇ User 
profiles ΓöÇΓöÇΓöÇΓöÇΓöÇΓö
ÇΓöÇΓöÇΓöÇΓöÇΓöÇΓöÇΓöÇΓöÇΓ
öÇΓöÇΓöÇΓöÇΓöÇΓöÇΓöÇΓöÇΓöÇ
ΓöÇΓöÇΓöÇΓöÇΓöÇΓöÇΓöÇΓöÇΓö
ÇΓöÇΓöÇΓöÇΓöÇΓöÇΓöÇΓöÇΓöÇΓ
öÇΓöÇΓöÇΓöÇΓöÇΓöÇΓöÇΓöÇΓöÇ
ΓöÇΓöÇΓöÇΓöÇΓöÇΓöÇ
[39m
[31m+     match 
/users/{uid} {
[39m
[31m+       // Users can 
only read/write their own 
profile
[39m
[31m+       allow read, 
write: if request.auth != 
null && request.auth.uid 
== uid;
[39m
[31m+ 
[39m
[31m+       // Score 
records sub-collection
[39m
[31m+       match 
/scores/{scoreId} {
[39m
[31m+         // Owner 
can read and write their 
own scores
[39m
[31m+         allow 
read, write: if 
request.auth != null && 
request.auth.uid == uid;
[39m
[31m+         // 
Teachers can read scores 
for reporting (read-only)
[39m
[31m+         allow 
read: if request.auth != 
null &&
[39m
[31m+                    
     get(/databases/$(data
base)/documents/users/$(re
quest.auth.uid)).data.role
 == 'teacher';
[39m
[31m+       }
[39m
[31m+ 
[39m
[31m+       // Badges 
sub-collection ΓÇö only 
the owning user can read 
or write
[39m
[31m+       match 
/badges/{badgeId} {
[39m
[31m+         allow 
read: if request.auth != 
null && request.auth.uid 
== uid;
[39m
[31m+         allow 
write: if request.auth != 
null && request.auth.uid 
== uid;
[39m
[31m+       }
[39m
[31m+     }
[39m
[31m+ 
[39m
[31m+     // ΓöÇΓöÇ Quiz 
documents ΓöÇΓöÇΓöÇΓöÇΓöÇΓ
öÇΓöÇΓöÇΓöÇΓöÇΓöÇΓöÇΓöÇΓöÇ
ΓöÇΓöÇΓöÇΓöÇΓöÇΓöÇΓöÇΓöÇΓö
ÇΓöÇΓöÇΓöÇΓöÇΓöÇΓöÇΓöÇΓöÇΓ
öÇΓöÇΓöÇΓöÇΓöÇΓöÇΓöÇΓöÇΓöÇ
ΓöÇΓöÇΓöÇΓöÇΓöÇΓöÇΓöÇΓöÇΓö
ÇΓöÇΓöÇΓöÇΓöÇΓöÇ
[39m
[31m+     match 
/quizzes/{quizId} {
[39m
[31m+       // Any 
authenticated user can 
read quizzes (for 
StudentBrowse and Library)
[39m
[31m+       allow read: 
if request.auth != null;
[39m
[31m+       // Only the 
creating teacher can write
[39m
[31m+       allow write: 
if request.auth != null 
&& 
resource.data.teacherId 
== request.auth.uid;
[39m
[31m+       allow 
create: if request.auth 
!= null;
[39m
[31m+ 
[39m
[31m+       // Questions 
sub-collection
[39m
[31m+       match 
/questions/{questionId} {
[39m
[31m+         allow 
read: if request.auth != 
null;
[39m
[31m+         allow 
write: if request.auth != 
null;
[39m
[31m+       }
[39m
[31m+     }
[39m
[31m+ 
[39m
[31m+     // ΓöÇΓöÇ 
Notes ΓöÇΓöÇΓöÇΓöÇΓöÇΓöÇΓö
ÇΓöÇΓöÇΓöÇΓöÇΓöÇΓöÇΓöÇΓöÇΓ
öÇΓöÇΓöÇΓöÇΓöÇΓöÇΓöÇΓöÇΓöÇ
ΓöÇΓöÇΓöÇΓöÇΓöÇΓöÇΓöÇΓöÇΓö
ÇΓöÇΓöÇΓöÇΓöÇΓöÇΓöÇΓöÇΓöÇΓ
öÇΓöÇΓöÇΓöÇΓöÇΓöÇΓöÇΓöÇΓöÇ
ΓöÇΓöÇΓöÇΓöÇΓöÇΓöÇΓöÇΓöÇΓö
ÇΓöÇΓöÇΓöÇΓöÇ
[39m
[31m+     match 
/notes/{noteId} {
[39m
[31m+       // Any 
authenticated user can 
read notes
[39m
[31m+       allow read: 
if request.auth != null;
[39m
[31m+       // Only the 
author can create a note 
(authorUid must match the 
requester)
[39m
[31m+       allow 
create: if request.auth 
!= null
[39m
[31m+         && request.
resource.data.authorUid 
== request.auth.uid;
[39m
[31m+       // Only the 
author can update or 
delete their own note
[39m
[31m+       allow 
update, delete: if 
request.auth != null
[39m
[31m+         && 
resource.data.authorUid 
== request.auth.uid;
[39m
[31m+     }
[39m
[31m+ 
[39m
[31m+     // ΓöÇΓöÇ Game 
sessions ΓöÇΓöÇΓöÇΓöÇΓöÇΓö
ÇΓöÇΓöÇΓöÇΓöÇΓöÇΓöÇΓöÇΓöÇΓ
öÇΓöÇΓöÇΓöÇΓöÇΓöÇΓöÇΓöÇΓöÇ
ΓöÇΓöÇΓöÇΓöÇΓöÇΓöÇΓöÇΓöÇΓö
ÇΓöÇΓöÇΓöÇΓöÇΓöÇΓöÇΓöÇΓöÇΓ
öÇΓöÇΓöÇΓöÇΓöÇΓöÇΓöÇΓöÇΓöÇ
ΓöÇΓöÇΓöÇΓöÇΓöÇΓöÇΓöÇ
[39m
[31m+     match 
/gameSessions/{sessionId} 
{
[39m
[31m+       // Any 
authenticated user can 
read (students need to 
join)
[39m
[31m+       allow read: 
if request.auth != null;
[39m
[31m+       // Only the 
teacher who created it 
can modify the session
[39m
[31m+       allow 
create: if request.auth 
!= null;
[39m
[31m+       allow 
update, delete: if 
request.auth != null &&
[39m
[31m+                    
             
resource.data.teacherId 
== request.auth.uid;
[39m
[31m+ 
[39m
[31m+       // 
Participants 
sub-collection
[39m
[31m+       match /partic
ipants/{participantId} {
[39m
[31m+         allow 
read: if request.auth != 
null;
[39m
[31m+         allow 
create: if request.auth 
!= null;
[39m
[31m+         // Only 
the participant 
themselves or the session 
teacher can update
[39m
[31m+         allow 
update: if request.auth 
!= null;
[39m
[31m+       }
[39m
[31m+ 
[39m
[31m+       // Answers 
sub-collection
[39m
[31m+       match 
/answers/{answerId} {
[39m
[31m+         allow 
read: if request.auth != 
null;
[39m
[31m+         allow 
create: if request.auth 
!= null;
[39m
[31m+         // Answers 
are immutable once 
submitted
[39m
[31m+         allow 
update, delete: if false;
[39m
[31m+       }
[39m
[31m+     }
[39m
[31m+   }
[39m
[31m+ }
[39m
[31m+[39m

[36m [2mΓ¥»[22m src/uti
ls/firestoreRules.test.ts:
[2m55:26[22m[39m
    [90m 53|[39m
    [90m 54|[39m   [34m
it[39m([32m'sessions: 
contains auth.uid == resou
rce.data.hostId'[39m[33m
,[39m () [33m=>[39m {
    [90m 55|[39m     exp
ect(rulesContent).toContai
n('request.auth.uid == 
resource.data.ΓÇª
    [90m   |[39m        
                  
[31m^[39m
    [90m 56|[39m   
})[33m;[39m
    [90m 57|[39m

[31m[2mΓÄ»ΓÄ»ΓÄ»ΓÄ»ΓÄ»ΓÄ
»ΓÄ»ΓÄ»ΓÄ»ΓÄ»ΓÄ»ΓÄ»ΓÄ»ΓÄ»Γ
Ä»ΓÄ»ΓÄ»ΓÄ»ΓÄ»ΓÄ»ΓÄ»ΓÄ»[69
/75]ΓÄ»[22m[39m

[41m[1m FAIL [22m[49m 
src/utils/firestoreRules.t
est.ts[2m > 
[22mfirestore.rules ΓÇö 
Property 2: Security 
rules allow owner writes 
only[2m > 
[22mparticipants: 
contains auth.uid == 
resource.data.uid
[31m[1mAssertionError[2
2m: expected 
'rules_version = 
\'2\';\r\nservice cloΓÇª' 
to contain 
'request.auth.uid == 
resource.data.uid'[39m

[32m- Expected[39m
[31m+ Received[39m

[32m- 
r[7mequest.auth.uid == re
source.data.uid[27m[39m
[31m+ r[7mules_version 
= '2';
[27m[39m
[31m+ service 
cloud.firestore {
[39m
[31m+   match /databases/
{database}/documents {
[39m
[31m+ 
[39m
[31m+     // ΓöÇΓöÇ User 
profiles ΓöÇΓöÇΓöÇΓöÇΓöÇΓö
ÇΓöÇΓöÇΓöÇΓöÇΓöÇΓöÇΓöÇΓöÇΓ
öÇΓöÇΓöÇΓöÇΓöÇΓöÇΓöÇΓöÇΓöÇ
ΓöÇΓöÇΓöÇΓöÇΓöÇΓöÇΓöÇΓöÇΓö
ÇΓöÇΓöÇΓöÇΓöÇΓöÇΓöÇΓöÇΓöÇΓ
öÇΓöÇΓöÇΓöÇΓöÇΓöÇΓöÇΓöÇΓöÇ
ΓöÇΓöÇΓöÇΓöÇΓöÇΓöÇ
[39m
[31m+     match 
/users/{uid} {
[39m
[31m+       // Users can 
only read/write their own 
profile
[39m
[31m+       allow read, 
write: if request.auth != 
null && request.auth.uid 
== uid;
[39m
[31m+ 
[39m
[31m+       // Score 
records sub-collection
[39m
[31m+       match 
/scores/{scoreId} {
[39m
[31m+         // Owner 
can read and write their 
own scores
[39m
[31m+         allow 
read, write: if 
request.auth != null && 
request.auth.uid == uid;
[39m
[31m+         // 
Teachers can read scores 
for reporting (read-only)
[39m
[31m+         allow 
read: if request.auth != 
null &&
[39m
[31m+                    
     get(/databases/$(data
base)/documents/users/$(re
quest.auth.uid)).data.role
 == 'teacher';
[39m
[31m+       }
[39m
[31m+ 
[39m
[31m+       // Badges 
sub-collection ΓÇö only 
the owning user can read 
or write
[39m
[31m+       match 
/badges/{badgeId} {
[39m
[31m+         allow 
read: if request.auth != 
null && request.auth.uid 
== uid;
[39m
[31m+         allow 
write: if request.auth != 
null && request.auth.uid 
== uid;
[39m
[31m+       }
[39m
[31m+     }
[39m
[31m+ 
[39m
[31m+     // ΓöÇΓöÇ Quiz 
documents ΓöÇΓöÇΓöÇΓöÇΓöÇΓ
öÇΓöÇΓöÇΓöÇΓöÇΓöÇΓöÇΓöÇΓöÇ
ΓöÇΓöÇΓöÇΓöÇΓöÇΓöÇΓöÇΓöÇΓö
ÇΓöÇΓöÇΓöÇΓöÇΓöÇΓöÇΓöÇΓöÇΓ
öÇΓöÇΓöÇΓöÇΓöÇΓöÇΓöÇΓöÇΓöÇ
ΓöÇΓöÇΓöÇΓöÇΓöÇΓöÇΓöÇΓöÇΓö
ÇΓöÇΓöÇΓöÇΓöÇΓöÇ
[39m
[31m+     match 
/quizzes/{quizId} {
[39m
[31m+       // Any 
authenticated user can 
read quizzes (for 
StudentBrowse and Library)
[39m
[31m+       allow read: 
if request.auth != null;
[39m
[31m+       // Only the 
creating teacher can write
[39m
[31m+       allow write: 
if request.auth != null 
&& 
resource.data.teacherId 
== request.auth.uid;
[39m
[31m+       allow 
create: if request.auth 
!= null;
[39m
[31m+ 
[39m
[31m+       // Questions 
sub-collection
[39m
[31m+       match 
/questions/{questionId} {
[39m
[31m+         allow 
read: if request.auth != 
null;
[39m
[31m+         allow 
write: if request.auth != 
null;
[39m
[31m+       }
[39m
[31m+     }
[39m
[31m+ 
[39m
[31m+     // ΓöÇΓöÇ 
Notes ΓöÇΓöÇΓöÇΓöÇΓöÇΓöÇΓö
ÇΓöÇΓöÇΓöÇΓöÇΓöÇΓöÇΓöÇΓöÇΓ
öÇΓöÇΓöÇΓöÇΓöÇΓöÇΓöÇΓöÇΓöÇ
ΓöÇΓöÇΓöÇΓöÇΓöÇΓöÇΓöÇΓöÇΓö
ÇΓöÇΓöÇΓöÇΓöÇΓöÇΓöÇΓöÇΓöÇΓ
öÇΓöÇΓöÇΓöÇΓöÇΓöÇΓöÇΓöÇΓöÇ
ΓöÇΓöÇΓöÇΓöÇΓöÇΓöÇΓöÇΓöÇΓö
ÇΓöÇΓöÇΓöÇΓöÇ
[39m
[31m+     match 
/notes/{noteId} {
[39m
[31m+       // Any 
authenticated user can 
read notes
[39m
[31m+       allow read: 
if request.auth != null;
[39m
[31m+       // Only the 
author can create a note 
(authorUid must match the 
requester)
[39m
[31m+       allow 
create: if request.auth 
!= null
[39m
[31m+         && request.
resource.data.authorUid 
== request.auth.uid;
[39m
[31m+       // Only the 
author can update or 
delete their own note
[39m
[31m+       allow 
update, delete: if 
request.auth != null
[39m
[31m+         && 
resource.data.authorUid 
== request.auth.uid;
[39m
[31m+     }
[39m
[31m+ 
[39m
[31m+     // ΓöÇΓöÇ Game 
sessions ΓöÇΓöÇΓöÇΓöÇΓöÇΓö
ÇΓöÇΓöÇΓöÇΓöÇΓöÇΓöÇΓöÇΓöÇΓ
öÇΓöÇΓöÇΓöÇΓöÇΓöÇΓöÇΓöÇΓöÇ
ΓöÇΓöÇΓöÇΓöÇΓöÇΓöÇΓöÇΓöÇΓö
ÇΓöÇΓöÇΓöÇΓöÇΓöÇΓöÇΓöÇΓöÇΓ
öÇΓöÇΓöÇΓöÇΓöÇΓöÇΓöÇΓöÇΓöÇ
ΓöÇΓöÇΓöÇΓöÇΓöÇΓöÇΓöÇ
[39m
[31m+     match 
/gameSessions/{sessionId} 
{
[39m
[31m+       // Any 
authenticated user can 
read (students need to 
join)
[39m
[31m+       allow read: 
if request.auth != null;
[39m
[31m+       // Only the 
teacher who created it 
can modify the session
[39m
[31m+       allow 
create: if request.auth 
!= null;
[39m
[31m+       allow 
update, delete: if 
request.auth != null &&
[39m
[31m+                    
             
resource.data.teacherId 
== request.auth.uid;
[39m
[31m+ 
[39m
[31m+       // 
Participants 
sub-collection
[39m
[31m+       match /partic
ipants/{participantId} {
[39m
[31m+         allow 
read: if request.auth != 
null;
[39m
[31m+         allow 
create: if request.auth 
!= null;
[39m
[31m+         // Only 
the participant 
themselves or the session 
teacher can update
[39m
[31m+         allow 
update: if request.auth 
!= null;
[39m
[31m+       }
[39m
[31m+ 
[39m
[31m+       // Answers 
sub-collection
[39m
[31m+       match 
/answers/{answerId} {
[39m
[31m+         allow 
read: if request.auth != 
null;
[39m
[31m+         allow 
create: if request.auth 
!= null;
[39m
[31m+         // Answers 
are immutable once 
submitted
[39m
[31m+         allow 
update, delete: if false;
[39m
[31m+       }
[39m
[31m+     }
[39m
[31m+   }
[39m
[31m+ }
[39m
[31m+[39m

[36m [2mΓ¥»[22m src/uti
ls/firestoreRules.test.ts:
[2m59:26[22m[39m
    [90m 57|[39m
    [90m 58|[39m   [34m
it[39m([32m'participants
: contains auth.uid == res
ource.data.uid'[39m[33m,
[39m () [33m=>[39m {
    [90m 59|[39m     exp
ect(rulesContent).toContai
n('request.auth.uid == 
resource.data.ΓÇª
    [90m   |[39m        
                  
[31m^[39m
    [90m 60|[39m   
})[33m;[39m
    [90m 61|[39m

[31m[2mΓÄ»ΓÄ»ΓÄ»ΓÄ»ΓÄ»ΓÄ
»ΓÄ»ΓÄ»ΓÄ»ΓÄ»ΓÄ»ΓÄ»ΓÄ»ΓÄ»Γ
Ä»ΓÄ»ΓÄ»ΓÄ»ΓÄ»ΓÄ»ΓÄ»ΓÄ»[70
/75]ΓÄ»[22m[39m

[41m[1m FAIL [22m[49m 
src/utils/firestoreRules.t
est.ts[2m > 
[22mfirestore.rules ΓÇö 
Property 2: Security 
rules allow owner writes 
only[2m > [22manswers: 
contains auth.uid == 
resource.data.studentId
[31m[1mAssertionError[2
2m: expected 
'rules_version = 
\'2\';\r\nservice cloΓÇª' 
to contain 
'request.auth.uid == 
resource.data.stuΓÇª'[39m

[32m- Expected[39m
[31m+ Received[39m

[32m- 
r[7mequest.auth.uid == re
source.data.studentId[27m
[39m
[31m+ r[7mules_version 
= '2';
[27m[39m
[31m+ service 
cloud.firestore {
[39m
[31m+   match /databases/
{database}/documents {
[39m
[31m+ 
[39m
[31m+     // ΓöÇΓöÇ User 
profiles ΓöÇΓöÇΓöÇΓöÇΓöÇΓö
ÇΓöÇΓöÇΓöÇΓöÇΓöÇΓöÇΓöÇΓöÇΓ
öÇΓöÇΓöÇΓöÇΓöÇΓöÇΓöÇΓöÇΓöÇ
ΓöÇΓöÇΓöÇΓöÇΓöÇΓöÇΓöÇΓöÇΓö
ÇΓöÇΓöÇΓöÇΓöÇΓöÇΓöÇΓöÇΓöÇΓ
öÇΓöÇΓöÇΓöÇΓöÇΓöÇΓöÇΓöÇΓöÇ
ΓöÇΓöÇΓöÇΓöÇΓöÇΓöÇ
[39m
[31m+     match 
/users/{uid} {
[39m
[31m+       // Users can 
only read/write their own 
profile
[39m
[31m+       allow read, 
write: if request.auth != 
null && request.auth.uid 
== uid;
[39m
[31m+ 
[39m
[31m+       // Score 
records sub-collection
[39m
[31m+       match 
/scores/{scoreId} {
[39m
[31m+         // Owner 
can read and write their 
own scores
[39m
[31m+         allow 
read, write: if 
request.auth != null && 
request.auth.uid == uid;
[39m
[31m+         // 
Teachers can read scores 
for reporting (read-only)
[39m
[31m+         allow 
read: if request.auth != 
null &&
[39m
[31m+                    
     get(/databases/$(data
base)/documents/users/$(re
quest.auth.uid)).data.role
 == 'teacher';
[39m
[31m+       }
[39m
[31m+ 
[39m
[31m+       // Badges 
sub-collection ΓÇö only 
the owning user can read 
or write
[39m
[31m+       match 
/badges/{badgeId} {
[39m
[31m+         allow 
read: if request.auth != 
null && request.auth.uid 
== uid;
[39m
[31m+         allow 
write: if request.auth != 
null && request.auth.uid 
== uid;
[39m
[31m+       }
[39m
[31m+     }
[39m
[31m+ 
[39m
[31m+     // ΓöÇΓöÇ Quiz 
documents ΓöÇΓöÇΓöÇΓöÇΓöÇΓ
öÇΓöÇΓöÇΓöÇΓöÇΓöÇΓöÇΓöÇΓöÇ
ΓöÇΓöÇΓöÇΓöÇΓöÇΓöÇΓöÇΓöÇΓö
ÇΓöÇΓöÇΓöÇΓöÇΓöÇΓöÇΓöÇΓöÇΓ
öÇΓöÇΓöÇΓöÇΓöÇΓöÇΓöÇΓöÇΓöÇ
ΓöÇΓöÇΓöÇΓöÇΓöÇΓöÇΓöÇΓöÇΓö
ÇΓöÇΓöÇΓöÇΓöÇΓöÇ
[39m
[31m+     match 
/quizzes/{quizId} {
[39m
[31m+       // Any 
authenticated user can 
read quizzes (for 
StudentBrowse and Library)
[39m
[31m+       allow read: 
if request.auth != null;
[39m
[31m+       // Only the 
creating teacher can write
[39m
[31m+       allow write: 
if request.auth != null 
&& 
resource.data.teacherId 
== request.auth.uid;
[39m
[31m+       allow 
create: if request.auth 
!= null;
[39m
[31m+ 
[39m
[31m+       // Questions 
sub-collection
[39m
[31m+       match 
/questions/{questionId} {
[39m
[31m+         allow 
read: if request.auth != 
null;
[39m
[31m+         allow 
write: if request.auth != 
null;
[39m
[31m+       }
[39m
[31m+     }
[39m
[31m+ 
[39m
[31m+     // ΓöÇΓöÇ 
Notes ΓöÇΓöÇΓöÇΓöÇΓöÇΓöÇΓö
ÇΓöÇΓöÇΓöÇΓöÇΓöÇΓöÇΓöÇΓöÇΓ
öÇΓöÇΓöÇΓöÇΓöÇΓöÇΓöÇΓöÇΓöÇ
ΓöÇΓöÇΓöÇΓöÇΓöÇΓöÇΓöÇΓöÇΓö
ÇΓöÇΓöÇΓöÇΓöÇΓöÇΓöÇΓöÇΓöÇΓ
öÇΓöÇΓöÇΓöÇΓöÇΓöÇΓöÇΓöÇΓöÇ
ΓöÇΓöÇΓöÇΓöÇΓöÇΓöÇΓöÇΓöÇΓö
ÇΓöÇΓöÇΓöÇΓöÇ
[39m
[31m+     match 
/notes/{noteId} {
[39m
[31m+       // Any 
authenticated user can 
read notes
[39m
[31m+       allow read: 
if request.auth != null;
[39m
[31m+       // Only the 
author can create a note 
(authorUid must match the 
requester)
[39m
[31m+       allow 
create: if request.auth 
!= null
[39m
[31m+         && request.
resource.data.authorUid 
== request.auth.uid;
[39m
[31m+       // Only the 
author can update or 
delete their own note
[39m
[31m+       allow 
update, delete: if 
request.auth != null
[39m
[31m+         && 
resource.data.authorUid 
== request.auth.uid;
[39m
[31m+     }
[39m
[31m+ 
[39m
[31m+     // ΓöÇΓöÇ Game 
sessions ΓöÇΓöÇΓöÇΓöÇΓöÇΓö
ÇΓöÇΓöÇΓöÇΓöÇΓöÇΓöÇΓöÇΓöÇΓ
öÇΓöÇΓöÇΓöÇΓöÇΓöÇΓöÇΓöÇΓöÇ
ΓöÇΓöÇΓöÇΓöÇΓöÇΓöÇΓöÇΓöÇΓö
ÇΓöÇΓöÇΓöÇΓöÇΓöÇΓöÇΓöÇΓöÇΓ
öÇΓöÇΓöÇΓöÇΓöÇΓöÇΓöÇΓöÇΓöÇ
ΓöÇΓöÇΓöÇΓöÇΓöÇΓöÇΓöÇ
[39m
[31m+     match 
/gameSessions/{sessionId} 
{
[39m
[31m+       // Any 
authenticated user can 
read (students need to 
join)
[39m
[31m+       allow read: 
if request.auth != null;
[39m
[31m+       // Only the 
teacher who created it 
can modify the session
[39m
[31m+       allow 
create: if request.auth 
!= null;
[39m
[31m+       allow 
update, delete: if 
request.auth != null &&
[39m
[31m+                    
             
resource.data.teacherId 
== request.auth.uid;
[39m
[31m+ 
[39m
[31m+       // 
Participants 
sub-collection
[39m
[31m+       match /partic
ipants/{participantId} {
[39m
[31m+         allow 
read: if request.auth != 
null;
[39m
[31m+         allow 
create: if request.auth 
!= null;
[39m
[31m+         // Only 
the participant 
themselves or the session 
teacher can update
[39m
[31m+         allow 
update: if request.auth 
!= null;
[39m
[31m+       }
[39m
[31m+ 
[39m
[31m+       // Answers 
sub-collection
[39m
[31m+       match 
/answers/{answerId} {
[39m
[31m+         allow 
read: if request.auth != 
null;
[39m
[31m+         allow 
create: if request.auth 
!= null;
[39m
[31m+         // Answers 
are immutable once 
submitted
[39m
[31m+         allow 
update, delete: if false;
[39m
[31m+       }
[39m
[31m+     }
[39m
[31m+   }
[39m
[31m+ }
[39m
[31m+[39m

[36m [2mΓ¥»[22m src/uti
ls/firestoreRules.test.ts:
[2m63:26[22m[39m
    [90m 61|[39m
    [90m 62|[39m   [34m
it[39m([32m'answers: 
contains auth.uid == resou
rce.data.studentId'[39m[
33m,[39m () [33m=>[39m 
{
    [90m 63|[39m     exp
ect(rulesContent).toContai
n('request.auth.uid == 
resource.data.ΓÇª
    [90m   |[39m        
                  
[31m^[39m
    [90m 64|[39m   
})[33m;[39m
    [90m 65|[39m

[31m[2mΓÄ»ΓÄ»ΓÄ»ΓÄ»ΓÄ»ΓÄ
»ΓÄ»ΓÄ»ΓÄ»ΓÄ»ΓÄ»ΓÄ»ΓÄ»ΓÄ»Γ
Ä»ΓÄ»ΓÄ»ΓÄ»ΓÄ»ΓÄ»ΓÄ»ΓÄ»[71
/75]ΓÄ»[22m[39m

[41m[1m FAIL [22m[49m 
src/utils/firestoreRules.t
est.ts[2m > 
[22mfirestore.rules ΓÇö 
Property 2: Security 
rules allow owner writes 
only[2m > [22mProperty 
2: for any owner-write 
collection, the rules 
file contains the 
owner-check expression
[31m[1mError[22m: 
Property failed after 1 
tests
{ seed: -1808150587, 
path: "0:0", 
endOnFailure: true }
Counterexample: 
["quizzes"]
Shrunk 1 time(s)

Hint: Enable verbose mode 
in order to have the list 
of all failing values 
encountered during the 
run[39m
[90m [2mΓ¥»[22m 
buildError node_modules/fa
st-check/lib/fast-check.js
:[2m2434:16[22m[39m
[90m [2mΓ¥»[22m 
throwIfFailed node_modules
/fast-check/lib/fast-check
.js:[2m2441:8[22m[39m
[90m [2mΓ¥»[22m 
reportRunDetails node_modu
les/fast-check/lib/fast-ch
eck.js:[2m2457:14[22m[3
9m
[90m [2mΓ¥»[22m 
Proxy.assert node_modules/
fast-check/lib/fast-check.
js:[2m2514:7[22m[39m
[36m [2mΓ¥»[22m src/uti
ls/firestoreRules.test.ts:
[2m73:8[22m[39m
    [90m 71|[39m    
*/[39m
    [90m 72|[39m   
it('Property 2: for any 
owner-write collection, 
the rules file contaΓÇª
    [90m 73|[39m     fc
[33m.[39m[34massert[39m
(
    [90m   |[39m        
[31m^[39m
    [90m 74|[39m       f
c[33m.[39m[34mproperty
[39m(
    [90m 75|[39m        
 [90m// Generate a 
collection name from the 
known set[39m

[31m[1mCaused by: 
Error[22m: Property 
failed by returning 
false[39m
[90m [2mΓ¥»[22m 
Property.run node_modules/
fast-check/lib/fast-check.
js:[2m1299:66[22m[39m
[90m [2mΓ¥»[22m runIt n
ode_modules/fast-check/lib
/fast-check.js:[2m2477:24
[22m[39m
[90m [2mΓ¥»[22m check n
ode_modules/fast-check/lib
/fast-check.js:[2m2509:20
4[22m[39m
[90m [2mΓ¥»[22m 
Proxy.assert node_modules/
fast-check/lib/fast-check.
js:[2m2512:14[22m[39m
[36m [2mΓ¥»[22m src/uti
ls/firestoreRules.test.ts:
[2m73:8[22m[39m

[31m[2mΓÄ»ΓÄ»ΓÄ»ΓÄ»ΓÄ»ΓÄ
»ΓÄ»ΓÄ»ΓÄ»ΓÄ»ΓÄ»ΓÄ»ΓÄ»ΓÄ»Γ
Ä»ΓÄ»ΓÄ»ΓÄ»ΓÄ»ΓÄ»ΓÄ»ΓÄ»[72
/75]ΓÄ»[22m[39m

[41m[1m FAIL [22m[49m 
src/utils/firestoreRules.t
est.ts[2m > 
[22mfirestore.rules ΓÇö 
Property 2: Security 
rules allow owner writes 
only[2m > [22mProperty 
2 (extended): for any 
owner-write collection, 
the rules file contains a 
match block for it
[31m[1mError[22m: 
Property failed after 6 
tests
{ seed: -348749365, path: 
"5", endOnFailure: true }
Counterexample: 
["sessions"]
Shrunk 0 time(s)

Hint: Enable verbose mode 
in order to have the list 
of all failing values 
encountered during the 
run[39m
[90m [2mΓ¥»[22m 
buildError node_modules/fa
st-check/lib/fast-check.js
:[2m2434:16[22m[39m
[90m [2mΓ¥»[22m 
throwIfFailed node_modules
/fast-check/lib/fast-check
.js:[2m2441:8[22m[39m
[90m [2mΓ¥»[22m 
reportRunDetails node_modu
les/fast-check/lib/fast-ch
eck.js:[2m2457:14[22m[3
9m
[90m [2mΓ¥»[22m 
Proxy.assert node_modules/
fast-check/lib/fast-check.
js:[2m2514:7[22m[39m
[36m [2mΓ¥»[22m src/uti
ls/firestoreRules.test.ts:
[2m93:8[22m[39m
    [90m 91|[39m    
*/[39m
    [90m 92|[39m   
it('Property 2 
(extended): for any 
owner-write collection, 
the rulesΓÇª
    [90m 93|[39m     fc
[33m.[39m[34massert[39m
(
    [90m   |[39m        
[31m^[39m
    [90m 94|[39m       f
c[33m.[39m[34mproperty
[39m(
    [90m 95|[39m        
 fc[33m.[39m[34mconstan
tFrom[39m([33m...[39mco
llections)[33m,[39m


[2m Test Files [22m [1m[31m23 failed[39m[22m[2m | [22m[1m[32m26 passed[39m[22m[90m (49)[39m
[2m      Tests [22m [1m[31m75 failed[39m[22m[2m | [22m[1m[32m498 passed[39m[22m[90m (573)[39m
[2m   Start at [22m 12:44:55
[2m   Duration [22m 5.09s[2m (transform 7.23s, setup 0ms, import 15.24s, tests 6.28s, environment 9ms)[22m

[31m[1mCaused by: 
Error[22m: Property 
failed by returning 
false[39m
[90m [2mΓ¥»[22m 
Property.run node_modules/
fast-check/lib/fast-check.
js:[2m1299:66[22m[39m
[90m [2mΓ¥»[22m runIt n
ode_modules/fast-check/lib
/fast-check.js:[2m2477:24
[22m[39m
[90m [2mΓ¥»[22m check n
ode_modules/fast-check/lib
/fast-check.js:[2m2509:20
4[22m[39m
[90m [2mΓ¥»[22m 
Proxy.assert node_modules/
fast-check/lib/fast-check.
js:[2m2512:14[22m[39m
[36m [2mΓ¥»[22m src/uti
ls/firestoreRules.test.ts:
[2m93:8[22m[39m

[31m[2mΓÄ»ΓÄ»ΓÄ»ΓÄ»ΓÄ»ΓÄ
»ΓÄ»ΓÄ»ΓÄ»ΓÄ»ΓÄ»ΓÄ»ΓÄ»ΓÄ»Γ
Ä»ΓÄ»ΓÄ»ΓÄ»ΓÄ»ΓÄ»ΓÄ»ΓÄ»[73
/75]ΓÄ»[22m[39m

[41m[1m FAIL [22m[49m 
src/utils/firestoreRules.t
est.ts[2m > 
[22mfirestore.rules ΓÇö 
Property 2: Security 
rules allow owner writes 
only[2m > [22mProperty 
2 (scoped): owner-check 
expression appears within 
the correct collection 
block
[31m[1mError[22m: 
Property failed after 1 
tests
{ seed: -1840540014, 
path: "0:0", 
endOnFailure: true }
Counterexample: 
["quizzes"]
Shrunk 1 time(s)

Hint: Enable verbose mode 
in order to have the list 
of all failing values 
encountered during the 
run[39m
[90m [2mΓ¥»[22m 
buildError node_modules/fa
st-check/lib/fast-check.js
:[2m2434:16[22m[39m
[90m [2mΓ¥»[22m 
throwIfFailed node_modules
/fast-check/lib/fast-check
.js:[2m2441:8[22m[39m
[90m [2mΓ¥»[22m 
reportRunDetails node_modu
les/fast-check/lib/fast-ch
eck.js:[2m2457:14[22m[3
9m
[90m [2mΓ¥»[22m 
Proxy.assert node_modules/
fast-check/lib/fast-check.
js:[2m2514:7[22m[39m
[36m [2mΓ¥»[22m src/uti
ls/firestoreRules.test.ts:
[2m113:8[22m[39m
    [90m111|[39m    
*/[39m
    [90m112|[39m   
it('Property 2 (scoped): 
owner-check expression 
appears within the cΓÇª
    [90m113|[39m     fc
[33m.[39m[34massert[39m
(
    [90m   |[39m        
[31m^[39m
    [90m114|[39m       f
c[33m.[39m[34mproperty
[39m(
    [90m115|[39m        
 fc[33m.[39m[34mconstan
tFrom[39m([33m...[39mco
llections)[33m,[39m

[31m[1mCaused by: 
Error[22m: Property 
failed by returning 
false[39m
[90m [2mΓ¥»[22m 
Property.run node_modules/
fast-check/lib/fast-check.
js:[2m1299:66[22m[39m
[90m [2mΓ¥»[22m runIt n
ode_modules/fast-check/lib
/fast-check.js:[2m2477:24
[22m[39m
[90m [2mΓ¥»[22m check n
ode_modules/fast-check/lib
/fast-check.js:[2m2509:20
4[22m[39m
[90m [2mΓ¥»[22m 
Proxy.assert node_modules/
fast-check/lib/fast-check.
js:[2m2512:14[22m[39m
[36m [2mΓ¥»[22m src/uti
ls/firestoreRules.test.ts:
[2m113:8[22m[39m

[31m[2mΓÄ»ΓÄ»ΓÄ»ΓÄ»ΓÄ»ΓÄ
»ΓÄ»ΓÄ»ΓÄ»ΓÄ»ΓÄ»ΓÄ»ΓÄ»ΓÄ»Γ
Ä»ΓÄ»ΓÄ»ΓÄ»ΓÄ»ΓÄ»ΓÄ»ΓÄ»[74
/75]ΓÄ»[22m[39m

[41m[1m FAIL [22m[49m 
src/utils/scoring.property
.test.ts[2m > 
[22mscoring property 
tests ΓÇö Property 7[2m 
> [22mProperty 7: score 
record round-trip ΓÇö 
saved ScoreRecord fields 
match what is read back 
from Firestore
[31m[1mError[22m: 
Property failed after 1 
tests
{ seed: -359438703, path: 
"0:0:0:0:0:0:0:0:0:0:0:0:0
:0:0:0:0:0", 
endOnFailure: true }
Counterexample: ["    
",{"quizId":"    
","quizTitle":" ","score":
0,"total":1,"percentage":0
,"completedAt":"2020-01-01
T00:00:00.000Z"}]
Shrunk 17 time(s)

Hint: Enable verbose mode 
in order to have the list 
of all failing values 
encountered during the 
run[39m
[90m [2mΓ¥»[22m 
buildError node_modules/fa
st-check/lib/fast-check.js
:[2m2434:16[22m[39m
[90m [2mΓ¥»[22m 
asyncThrowIfFailed node_mo
dules/fast-check/lib/fast-
check.js:[2m2446:8[22m[
39m

[31m[1mCaused by: 
ReferenceError[22m: 
localStorage is not 
defined[39m
[36m [2mΓ¥»[22m 
getAuthToken src/utils/api
.ts:[2m2:22[22m[39m
[90m [2mΓ¥»[22m 
apiFetch src/utils/api.ts:
[2m13:19[22m[39m
[90m [2mΓ¥»[22m 
Module.saveScoreRecord src
/utils/scoring.ts:[2m187:
11[22m[39m
[90m [2mΓ¥»[22m src/uti
ls/scoring.property.test.t
s:[2m97:17[22m[39m
[90m [2mΓ¥»[22m 
AsyncProperty.predicate no
de_modules/fast-check/lib/
fast-check.js:[2m1257:104
[22m[39m
[90m [2mΓ¥»[22m 
AsyncProperty.run node_mod
ules/fast-check/lib/fast-c
heck.js:[2m1193:30[22m[
39m
[90m [2mΓ¥»[22m 
asyncRunIt node_modules/fa
st-check/lib/fast-check.js
:[2m2488:30[22m[39m
[90m [2mΓ¥»[22m src/uti
ls/scoring.property.test.t
s:[2m90:7[22m[39m

[31m[2mΓÄ»ΓÄ»ΓÄ»ΓÄ»ΓÄ»ΓÄ
»ΓÄ»ΓÄ»ΓÄ»ΓÄ»ΓÄ»ΓÄ»ΓÄ»ΓÄ»Γ
Ä»ΓÄ»ΓÄ»ΓÄ»ΓÄ»ΓÄ»ΓÄ»ΓÄ»[75
/75]ΓÄ»[22m[39m

